{
  "accepted": true,
  "changed_register_count": 7,
  "fps": 30.0,
  "frame_length": 3554,
  "geometry": "3840x2160",
  "init_records": 364,
  "line_length": 6752,
  "mode0_mode2_address_order_identical": true,
  "mode0_mode2_value_differences": [
    {
      "address": "0x0347",
      "index": 12,
      "mode0": "0x00",
      "mode2": "0xf0"
    },
    {
      "address": "0x034a",
      "index": 15,
      "mode0": "0x0b",
      "mode2": "0x0a"
    },
    {
      "address": "0x034b",
      "index": 16,
      "mode0": "0x4f",
      "mode2": "0x5f"
    },
    {
      "address": "0x040e",
      "index": 31,
      "mode0": "0x0a",
      "mode2": "0x08"
    },
    {
      "address": "0x040f",
      "index": 32,
      "mode0": "0x50",
      "mode2": "0x70"
    },
    {
      "address": "0x034e",
      "index": 35,
      "mode0": "0x0a",
      "mode2": "0x08"
    },
    {
      "address": "0x034f",
      "index": 36,
      "mode0": "0x50",
      "mode2": "0x70"
    }
  ],
  "mode2_records": 68,
  "mode2_regsetting_id": 502,
  "mode_select_writes": 0,
  "pixel_rate_hz": 548570000,
  "runtime_authorized": false,
  "schema": "sp11-e003h-imx681-mode2-static-extraction-v1",
  "selected_resolution_index": 2,
  "sensor_blob_sha256": "f7dd81be64153fd3f0da8e6288ee1b9906b7bf51b773a98496934d76dc96a45c",
  "windows_mode_selection_oracle_sha256": "4520699c754e131af6126587da87086c973201a9c273df252c279b93ad5916c4"
}
