openjdk version "21.0.12" 2026-07-21
OpenJDK Runtime Environment (build 21.0.12+8-1-26.04-Ubuntu)
OpenJDK 64-Bit Server VM (build 21.0.12+8-1-26.04-Ubuntu, mixed mode)
Module manifest file error on line 2 of file: /home/geoca/.config/ghidra/ghidra_12.0.4_PUBLIC/Extensions/GhidraMCP/Module.manifest
	-> Invalid line encountered: GHIDRA_MODULE_NAME=GhidraMCP
Module manifest file error on line 3 of file: /home/geoca/.config/ghidra/ghidra_12.0.4_PUBLIC/Extensions/GhidraMCP/Module.manifest
	-> Invalid line encountered: GHIDRA_MODULE_DESC=An HTTP server plugin for Ghidra
Module manifest file error on line 2 of file: /home/geoca/.config/ghidra/ghidra_12.0.4_PUBLIC/Extensions/GhidraMCP/Module.manifest
	-> Invalid line encountered: GHIDRA_MODULE_NAME=GhidraMCP
Module manifest file error on line 3 of file: /home/geoca/.config/ghidra/ghidra_12.0.4_PUBLIC/Extensions/GhidraMCP/Module.manifest
	-> Invalid line encountered: GHIDRA_MODULE_DESC=An HTTP server plugin for Ghidra
INFO  Using log config file: jar:file:/home/geoca/Desktop/Ghidra/Ghidra/Framework/Generic/lib/Generic.jar!/generic.log4j.xml (LoggingInitialization)  
INFO  Using log file: /home/geoca/.config/ghidra/ghidra_12.0.4_PUBLIC/application.log (LoggingInitialization)  
INFO  Loading user preferences: /home/geoca/.config/ghidra/ghidra_12.0.4_PUBLIC/preferences (Preferences)  
INFO  Loading previous preferences: /home/geoca/.config/ghidra/ghidra_12.1.2_PUBLIC/preferences (Preferences)  
INFO  Searching for classes... (ClassSearcher)  
INFO  Class search complete (799 ms) (ClassSearcher)  
INFO  Initializing SSL Context (DefaultSSLContextInitializer)  
INFO  Initializing Random Number Generator... (SecureRandomFactory)  
INFO  Random Number Generator initialization complete: NativePRNGNonBlocking (SecureRandomFactory)  
INFO  Trust manager disabled, cacerts have not been set (DefaultTrustManagerFactory)  
INFO  Headless startup complete (1700 ms) (AnalyzeHeadless)  
INFO  Class searcher loaded 59 extension points (18 false positives) (ClassSearcher)  
INFO  HEADLESS Script Paths:
    /home/geoca/Desktop/Ghidra/Ghidra/Features/MicrosoftCodeAnalyzer/ghidra_scripts
    /home/geoca/Desktop/Ghidra/Ghidra/Features/VersionTracking/ghidra_scripts
    /home/geoca/Desktop/Ghidra/Ghidra/Features/PyGhidra/ghidra_scripts
    /home/geoca/Desktop/Ghidra/Ghidra/Processors/Atmel/ghidra_scripts
    /home/geoca/Desktop/Ghidra/Ghidra/Features/BSim/ghidra_scripts
    /home/geoca/Desktop/Ghidra/Ghidra/Processors/PIC/ghidra_scripts
    /home/geoca/Desktop/Ghidra/Ghidra/Debug/Debugger/ghidra_scripts
    /home/geoca/Desktop/Ghidra/Ghidra/Features/Jython/ghidra_scripts
    /home/geoca/Desktop/Ghidra/Ghidra/Features/DecompilerDependent/ghidra_scripts
    /home/geoca/Desktop/Ghidra/Ghidra/Features/GnuDemangler/ghidra_scripts
    /home/geoca/Desktop/Ghidra/Ghidra/Features/SwiftDemangler/ghidra_scripts
    /home/geoca/Desktop/Ghidra/Ghidra/Features/WildcardAssembler/ghidra_scripts
    /home/geoca/Desktop/Ghidra/Ghidra/Features/SystemEmulation/ghidra_scripts
    /home/geoca/Desktop/Ghidra/Ghidra/Processors/JVM/ghidra_scripts
    /home/geoca/Desktop/Ghidra/Ghidra/Processors/8051/ghidra_scripts
    /home/geoca/Desktop/Ghidra/Ghidra/Features/PDB/ghidra_scripts
    /home/geoca/Desktop/Ghidra/Ghidra/Processors/DATA/ghidra_scripts
    /home/geoca/Desktop/Ghidra/Ghidra/Features/Base/ghidra_scripts
    /home/geoca/Desktop/Ghidra/Ghidra/Features/BytePatterns/ghidra_scripts
    /home/geoca/Desktop/Ghidra/Ghidra/Debug/Debugger-rmi-trace/ghidra_scripts
    /home/geoca/Documents/SP11-PROJECT/06-camera/SP11X1ECamera/experiments/E004-front-ir-vd55g0/e004ap-devicemft-trusted-trigger-static/ghidra
    /home/geoca/Desktop/Ghidra/Ghidra/Features/Decompiler/ghidra_scripts
    /home/geoca/Desktop/Ghidra/Ghidra/Features/FunctionID/ghidra_scripts
    /home/geoca/Desktop/Ghidra/Ghidra/Features/FileFormats/ghidra_scripts (HeadlessAnalyzer)  
INFO  HEADLESS: execution starts (HeadlessAnalyzer)  
INFO  Creating project: /home/geoca/.cache/e004ap-faceprocessor/FaceProcessor (HeadlessAnalyzer)  
INFO  Creating project: /home/geoca/.cache/e004ap-faceprocessor/FaceProcessor (DefaultProject)  
INFO  REPORT: Processing input files:  (HeadlessAnalyzer)  
INFO       project: /home/geoca/.cache/e004ap-faceprocessor/FaceProcessor (HeadlessAnalyzer)  
INFO  IMPORTING: file:///mnt/sp11-windows/Windows/System32/DriverStore/FileRepository/helloface.inf_arm64_21367d9825bad2fc/FaceProcessor.dll (HeadlessAnalyzer)  
INFO  Using Loader: Portable Executable (PE) (ProgramLoader)  
INFO  Using Language/Compiler: AARCH64:LE:64:v8A:windows (ProgramLoader)  
INFO  Using Library Search Path: [., /bin, /lib, /lib64, /lib/x86_64-linux-gnu, /lib/aarch64-linux-gnu, /usr/bin, /usr/lib, /usr/X11R6/bin, /usr/X11R6/lib, /usr/java/packages/lib, /usr/lib/aarch64-linux-gnu/jni, /usr/lib/aarch64-linux-gnu, /usr/lib/jni] (ProgramLoader)  
INFO  TLS callbacks at 1800ccca0 (TLSDirectory)  
INFO  TLS callbacks at 1800486f8 (TLSDirectory)  
INFO  TLS callbacks at 1800b4578 (TLSDirectory)  
INFO  Additional info:
Loading file:///mnt/sp11-windows/Windows/System32/DriverStore/FileRepository/helloface.inf_arm64_21367d9825bad2fc/FaceProcessor.dll?MD5=0b1b405fc6a16ca03a5c6a7b3e9a4c73...
------------------------------------------------

Searching 8 paths for library API-MS-WIN-CORE-COM-L1-1-0.DLL...
Library not found.
------------------------------------------------

Searching 8 paths for library API-MS-WIN-CORE-DEBUG-L1-1-0.DLL...
Library not found.
------------------------------------------------

Searching 8 paths for library API-MS-WIN-CORE-ERRORHANDLING-L1-1-0.DLL...
Library not found.
------------------------------------------------

Searching 8 paths for library API-MS-WIN-CORE-ERRORHANDLING-L1-1-2.DLL...
Library not found.
------------------------------------------------

Searching 8 paths for library API-MS-WIN-CORE-FILE-L1-1-0.DLL...
Library not found.
------------------------------------------------

Searching 8 paths for library API-MS-WIN-CORE-HANDLE-L1-1-0.DLL...
Library not found.
------------------------------------------------

Searching 8 paths for library API-MS-WIN-CORE-HEAP-L1-1-0.DLL...
Library not found.
------------------------------------------------

Searching 8 paths for library API-MS-WIN-CORE-INTERLOCKED-L1-1-0.DLL...
Library not found.
------------------------------------------------

Searching 8 paths for library API-MS-WIN-CORE-LIBRARYLOADER-L1-2-0.DLL...
Library not found.
------------------------------------------------

Searching 8 paths for library API-MS-WIN-CORE-LOCALIZATION-L1-2-0.DLL...
Library not found.
------------------------------------------------

Searching 8 paths for library API-MS-WIN-CORE-MEMORY-L1-1-0.DLL...
Library not found.
------------------------------------------------

Searching 8 paths for library API-MS-WIN-CORE-PATH-L1-1-0.DLL...
Library not found.
------------------------------------------------

Searching 8 paths for library API-MS-WIN-CORE-PROCESSTHREADS-L1-1-0.DLL...
Library not found.
------------------------------------------------

Searching 8 paths for library API-MS-WIN-CORE-PROCESSTHREADS-L1-1-1.DLL...
Library not found.
------------------------------------------------

Searching 8 paths for library API-MS-WIN-CORE-PROFILE-L1-1-0.DLL...
Library not found.
------------------------------------------------

Searching 8 paths for library API-MS-WIN-CORE-REGISTRY-L1-1-0.DLL...
Library not found.
------------------------------------------------

Searching 8 paths for library API-MS-WIN-CORE-REGISTRY-L1-1-1.DLL...
Library not found.
------------------------------------------------

Searching 8 paths for library API-MS-WIN-CORE-SHLWAPI-LEGACY-L1-1-0.DLL...
Library not found.
------------------------------------------------

Searching 8 paths for library API-MS-WIN-CORE-STRING-L1-1-0.DLL...
Library not found.
------------------------------------------------

Searching 8 paths for library API-MS-WIN-CORE-SYNCH-L1-1-0.DLL...
Library not found.
------------------------------------------------

Searching 8 paths for library API-MS-WIN-CORE-SYNCH-L1-2-0.DLL...
Library not found.
------------------------------------------------

Searching 8 paths for library API-MS-WIN-CORE-SYNCH-L1-2-1.DLL...
Library not found.
------------------------------------------------

Searching 8 paths for library API-MS-WIN-CORE-SYSINFO-L1-1-0.DLL...
Library not found.
------------------------------------------------

Searching 8 paths for library API-MS-WIN-CORE-SYSINFO-L1-2-0.DLL...
Library not found.
------------------------------------------------

Searching 8 paths for library API-MS-WIN-CORE-THREADPOOL-L1-2-0.DLL...
Library not found.
------------------------------------------------

Searching 8 paths for library API-MS-WIN-CORE-UTIL-L1-1-0.DLL...
Library not found.
------------------------------------------------

Searching 8 paths for library API-MS-WIN-CORE-WINRT-ERROR-L1-1-0.DLL...
Library not found.
------------------------------------------------

Searching 8 paths for library API-MS-WIN-CORE-WINRT-ERROR-L1-1-1.DLL...
Library not found.
------------------------------------------------

Searching 8 paths for library API-MS-WIN-CORE-WINRT-L1-1-0.DLL...
Library not found.
------------------------------------------------

Searching 8 paths for library API-MS-WIN-CORE-WINRT-STRING-L1-1-0.DLL...
Library not found.
------------------------------------------------

Searching 8 paths for library API-MS-WIN-CRT-LOCALE-L1-1-0.DLL...
Library not found.
------------------------------------------------

Searching 8 paths for library API-MS-WIN-CRT-PRIVATE-L1-1-0.DLL...
Library not found.
------------------------------------------------

Searching 8 paths for library API-MS-WIN-CRT-RUNTIME-L1-1-0.DLL...
Library not found.
------------------------------------------------

Searching 8 paths for library API-MS-WIN-CRT-STRING-L1-1-0.DLL...
Library not found.
------------------------------------------------

Searching 8 paths for library API-MS-WIN-DEVICES-CONFIG-L1-1-1.DLL...
Library not found.
------------------------------------------------

Searching 8 paths for library API-MS-WIN-EVENTING-PROVIDER-L1-1-0.DLL...
Library not found.
------------------------------------------------

Searching 8 paths for library API-MS-WIN-RTCORE-NTUSER-SYNCH-L1-1-0.DLL...
Library not found.
------------------------------------------------

Searching 8 paths for library API-MS-WIN-RTCORE-NTUSER-WINDOW-L1-1-0.DLL...
Library not found.
------------------------------------------------

Searching 8 paths for library API-MS-WIN-STATESEPARATION-HELPERS-L1-1-0.DLL...
Library not found.
------------------------------------------------

Searching 8 paths for library CFGMGR32.DLL...
Library not found.
------------------------------------------------

Searching 8 paths for library D2D1.DLL...
Library not found.
------------------------------------------------

Searching 8 paths for library DSREG.DLL...
Library not found.
------------------------------------------------

Searching 8 paths for library EXT-MS-WIN-RTCORE-NTUSER-CURSOR-L1-1-0.DLL...
Library not found.
------------------------------------------------

Searching 8 paths for library EXT-MS-WIN-SESSION-WTSAPI32-L1-1-0.DLL...
Library not found.
------------------------------------------------

Searching 8 paths for library FACEPROCESSORCORE.DLL...
Loading file:///mnt/sp11-windows/Windows/System32/DriverStore/FileRepository/helloface.inf_arm64_21367d9825bad2fc/FaceProcessorCore.dll?MD5=5f1087df7dfa71b60952fb53069fa8cd...
Using existing exports file: /home/geoca/.config/ghidra/ghidra_12.0.4_PUBLIC/symbols/win64/faceprocessorcore.exports
Library not saved to project.
------------------------------------------------

Searching 8 paths for library FACETRACKERINTERNAL.DLL...
Loading file:///mnt/sp11-windows/Windows/System32/DriverStore/FileRepository/helloface.inf_arm64_21367d9825bad2fc/FaceTrackerInternal.dll?MD5=56314474bc60703816eb935ca4316bba...
Using existing exports file: /home/geoca/.config/ghidra/ghidra_12.0.4_PUBLIC/symbols/win64/facetrackerinternal.exports
Library not saved to project.
------------------------------------------------

Searching 8 paths for library NTDLL.DLL...
Library not found.
------------------------------------------------

Searching 8 paths for library WER.DLL...
Library not found.
------------------------------------------------

Applying /home/geoca/.config/ghidra/ghidra_12.0.4_PUBLIC/symbols/win64/faceprocessorcore.exports
Applying /home/geoca/.config/ghidra/ghidra_12.0.4_PUBLIC/symbols/win64/ntdll.exports
Applying /home/geoca/.config/ghidra/ghidra_12.0.4_PUBLIC/symbols/win64/facetrackerinternal.exports
Linking the External Programs of 'FaceProcessor.dll' to imported libraries...
  [API-MS-WIN-CRT-LOCALE-L1-1-0.DLL] -> not found in project
  [API-MS-WIN-CRT-RUNTIME-L1-1-0.DLL] -> not found in project
  [API-MS-WIN-CRT-PRIVATE-L1-1-0.DLL] -> not found in project
  [FACEPROCESSORCORE.DLL] -> not found in project
  [EXT-MS-WIN-SESSION-WTSAPI32-L1-1-0.DLL] -> not found in project
  [API-MS-WIN-CORE-LIBRARYLOADER-L1-2-0.DLL] -> not found in project
  [API-MS-WIN-CORE-SYNCH-L1-1-0.DLL] -> not found in project
  [API-MS-WIN-CORE-HEAP-L1-1-0.DLL] -> not found in project
  [API-MS-WIN-CORE-ERRORHANDLING-L1-1-0.DLL] -> not found in project
  [API-MS-WIN-CORE-THREADPOOL-L1-2-0.DLL] -> not found in project
  [API-MS-WIN-CORE-PROCESSTHREADS-L1-1-0.DLL] -> not found in project
  [API-MS-WIN-CORE-LOCALIZATION-L1-2-0.DLL] -> not found in project
  [API-MS-WIN-CORE-DEBUG-L1-1-0.DLL] -> not found in project
  [API-MS-WIN-CORE-HANDLE-L1-1-0.DLL] -> not found in project
  [API-MS-WIN-CORE-STRING-L1-1-0.DLL] -> not found in project
  [API-MS-WIN-EVENTING-PROVIDER-L1-1-0.DLL] -> not found in project
  [API-MS-WIN-CORE-COM-L1-1-0.DLL] -> not found in project
  [API-MS-WIN-CORE-SYSINFO-L1-1-0.DLL] -> not found in project
  [API-MS-WIN-STATESEPARATION-HELPERS-L1-1-0.DLL] -> not found in project
  [API-MS-WIN-CORE-SYNCH-L1-2-0.DLL] -> not found in project
  [API-MS-WIN-CORE-REGISTRY-L1-1-0.DLL] -> not found in project
  [API-MS-WIN-CORE-REGISTRY-L1-1-1.DLL] -> not found in project
  [API-MS-WIN-CORE-WINRT-L1-1-0.DLL] -> not found in project
  [API-MS-WIN-CORE-SYSINFO-L1-2-0.DLL] -> not found in project
  [API-MS-WIN-CORE-PROFILE-L1-1-0.DLL] -> not found in project
  [API-MS-WIN-CORE-INTERLOCKED-L1-1-0.DLL] -> not found in project
  [API-MS-WIN-CORE-PROCESSTHREADS-L1-1-1.DLL] -> not found in project
  [API-MS-WIN-CORE-PATH-L1-1-0.DLL] -> not found in project
  [API-MS-WIN-CORE-SHLWAPI-LEGACY-L1-1-0.DLL] -> not found in project
  [API-MS-WIN-CORE-WINRT-STRING-L1-1-0.DLL] -> not found in project
  [API-MS-WIN-CORE-SYNCH-L1-2-1.DLL] -> not found in project
  [API-MS-WIN-CORE-WINRT-ERROR-L1-1-0.DLL] -> not found in project
  [API-MS-WIN-CORE-ERRORHANDLING-L1-1-2.DLL] -> not found in project
  [API-MS-WIN-CORE-WINRT-ERROR-L1-1-1.DLL] -> not found in project
  [API-MS-WIN-DEVICES-CONFIG-L1-1-1.DLL] -> not found in project
  [API-MS-WIN-CORE-FILE-L1-1-0.DLL] -> not found in project
  [CFGMGR32.DLL] -> not found in project
  [NTDLL.DLL] -> not found in project
  [DSREG.DLL] -> not found in project
  [EXT-MS-WIN-RTCORE-NTUSER-CURSOR-L1-1-0.DLL] -> not found in project
  [API-MS-WIN-RTCORE-NTUSER-WINDOW-L1-1-0.DLL] -> not found in project
  [API-MS-WIN-RTCORE-NTUSER-SYNCH-L1-1-0.DLL] -> not found in project
  [D2D1.DLL] -> not found in project
  [API-MS-WIN-CRT-STRING-L1-1-0.DLL] -> not found in project
  [FACETRACKERINTERNAL.DLL] -> not found in project
  [API-MS-WIN-CORE-UTIL-L1-1-0.DLL] -> not found in project
  [API-MS-WIN-CORE-MEMORY-L1-1-0.DLL] -> not found in project
  [WER.DLL] -> not found in project
------------------------------------------------

 (ProgramLoader)  
INFO  IMPORTING: Loaded 0 additional files (HeadlessAnalyzer)  
INFO  ANALYZING all memory and code: file:///mnt/sp11-windows/Windows/System32/DriverStore/FileRepository/helloface.inf_arm64_21367d9825bad2fc/FaceProcessor.dll (HeadlessAnalyzer)  
WARN  Ignoring leading '_' chars on no-return name '___raise_securityfailure' specified in file: /home/geoca/Desktop/Ghidra/Ghidra/Features/Base/data/PEFunctionsThatDoNotReturn (NoReturnFunctionAnalyzer)  
WARN  Ignoring leading '_' chars on no-return name '___report_rangecheckfailure' specified in file: /home/geoca/Desktop/Ghidra/Ghidra/Features/Base/data/PEFunctionsThatDoNotReturn (NoReturnFunctionAnalyzer)  
INFO  Skipping PDB processing: failed to locate PDB file in configured locations (PdbUniversalAnalyzer)  
INFO  Use a script to set the PDB file location. I.e.,
    PdbAnalyzer.setPdbFileOption(currentProgram, new File("/path/to/pdb/file.pdb")); or
    PdbUniversalAnalyzer.setPdbFileOption(currentProgram, new File("/path/to/pdb/file.pdb"));
Or set the symbol server search configuration using:    PdbPlugin.saveSymbolServerServiceConfig(...);
 This must be done using a pre-script (prior to analysis). (PdbUniversalAnalyzer)  
INFO  Packed database cache: /var/tmp/geoca-ghidra/packed-db-caINFO  ----------------------INFO  Applied data type archive: windows_vs12_64 (ApplyDataArchiveAnalyzer)  
INFO  -----------------------------------------------------
    AARCH64 ELF PLT Thunks                     0.000 secs
    ASCII Strings                              0.395 secs
    Apply Data Archives                        0.101 secs
    Basic Constant Reference Analyzer          3.638 secs
    Call Convention ID                         0.071 secs
    Call-Fixup Installer                       0.022 secs
    Create Address Tables                      0.134 secs
    Create Address Tables - One Time           0.150 secs
    Create Function                            0.335 secs
    Data Reference                             0.392 secs
    Decompiler Parameter ID                   38.511 secs
    Decompiler Switch Analysis                18.215 secs
    Demangler Microsoft                        0.069 secs
    Disassemble                                0.007 secs
    Disassemble Entry Points                   2.587 secs
    Embedded Media                             0.018 secs
    External Entry References                  0.000 secs
    Function ID                                0.015 secs
    Function Start Pre Search                  0.009 secs
    Function Start Search                      0.135 secs
    Function Start Search After Code           0.169 secs
    Function Start Search After Data           0.109 secs
    Function Start Search delayed - One Time   0.006 secs
    Non-Returning Functions - Discovered       0.611 secs
    Non-Returning Functions - Known            0.005 secs
    PDB Universal                              0.009 secs
    Reference                                  0.346 secs
    Shared Return Calls                        0.352 secs
    Stack                                      5.296 secs
    Subroutine References                      0.184 secs
    Subroutine References - One Time           0.010 secs
    Windows x86 PE Exception Handling          2.530 secs
    Windows x86 PE RTTI Analyzer               0.145 secs
    WindowsResourceReference                   0.424 secs
-----------------------------------------------------
     Total Time   75 secs
-----------------------------------------------------
 (AutoAnalysisManager)  
INFO  REPORT: Analysis succeeded for file: file:///mnt/sp11-windows/Windows/System32/DriverStore/FileRepository/helloface.inf_arm64_21367d9825bad2fc/FaceProcessor.dll (HeadlessAnalyzer)  
INFO  REPORT: Execute script: ExtractFaceProcessorSecureControls.java '/home/geoca/Documents/SP11-PROJECT/06-camera/SP11X1ECamera/experiments/E004-front-ir-vd55g0/e004ap-devicemft-trusted-trigger-static/ghidra/FACEPROCESSOR-SECURE-CONTROLS.txt'  (HeadlessAnalyzer)  
INFO  SCRIPT: /home/geoca/Documents/SP11-PROJECT/06-camera/SP11X1ECamera/experiments/E004-front-ir-vd55g0/e004ap-devicemft-trusted-trigger-static/ghidra/ExtractFaceProcessorSecureControls.java (HeadlessAnalyzer)  
INFO  ExtractFaceProcessorSecureControls.java> wrote /home/geoca/Documents/SP11-PROJECT/06-camera/SP11X1ECamera/experiments/E004-front-ir-vd55g0/e004ap-devicemft-trusted-trigger-static/ghidra/FACEPROCESSOR-SECURE-CONTROLS.txt funcs=10 (GhidraScript)  
INFO  ANALYZING changes made by post scripts: file:///mnt/sp11-windows/Windows/System32/DriverStore/FileRepository/helloface.inf_arm64_21367d9825bad2fc/FaceProcessor.dll (HeadlessAnalyzer)  
INFO  REPORT: Post-analysis succeeded for file: file:///mnt/sp11-windows/Windows/System32/DriverStore/FileRepository/helloface.inf_arm64_21367d9825bad2fc/FaceProcessor.dll (HeadlessAnalyzer)  
INFO  /FaceProcessor.dll.0: file created (geoca) (LocalFileSystem)  
INFO  REPORT: Save succeeded for: /FaceProcessor.dll (FaceProcessor:/FaceProcessor.dll.0) (HeadlessAnalyzer)  
INFO  REPORT: Import succeeded (HeadlessAnalyzer)  
