openjdk version "21.0.12" 2026-07-21
OpenJDK Runtime Environment (build 21.0.12+8-1-26.04-Ubuntu)
OpenJDK 64-Bit Server VM (build 21.0.12+8-1-26.04-Ubuntu, mixed mode)
Module manifest file error on line 2 of file: /home/geoca/.config/ghidra/ghidra_12.0.4_PUBLIC/Extensions/GhidraMCP/Module.manifest
	-> Invalid line encountered: GHIDRA_MODULE_NAME=GhidraMCP
Module manifest file error on line 3 of file: /home/geoca/.config/ghidra/ghidra_12.0.4_PUBLIC/Extensions/GhidraMCP/Module.manifest
	-> Invalid line encountered: GHIDRA_MODULE_DESC=An HTTP server plugin for Ghidra
Module manifest file error on line 2 of file: /home/geoca/.config/ghidra/ghidra_12.0.4_PUBLIC/Extensions/GhidraMCP/Module.manifest
	-> Invalid line encountered: GHIDRA_MODULE_NAME=GhidraMCP
Module manifest file error on line 3 of file: /home/geoca/.config/ghidra/ghidra_12.0.4_PUBLIC/Extensions/GhidraMCP/Module.manifest
	-> Invalid line encountered: GHIDRA_MODULE_DESC=An HTTP server plugin for Ghidra
INFO  Using log config file: jar:file:/home/geoca/Desktop/Ghidra/Ghidra/Framework/Generic/lib/Generic.jar!/generic.log4j.xml (LoggingInitialization)  
INFO  Using log file: /home/geoca/.config/ghidra/ghidra_12.0.4_PUBLIC/application.log (LoggingInitialization)  
INFO  Loading user preferences: /home/geoca/.config/ghidra/ghidra_12.0.4_PUBLIC/preferences (Preferences)  
INFO  Loading previous preferences: /home/geoca/.config/ghidra/ghidra_12.1.2_PUBLIC/preferences (Preferences)  
INFO  Searching for classes... (ClassSearcher)  
INFO  Class search complete (728 ms) (ClassSearcher)  
INFO  Initializing SSL Context (DefaultSSLContextInitializer)  
INFO  Initializing Random Number Generator... (SecureRandomFactory)  
INFO  Random Number Generator initialization complete: NativePRNGNonBlocking (SecureRandomFactory)  
INFO  Trust manager disabled, cacerts have not been set (DefaultTrustManagerFactory)  
INFO  Headless startup complete (1468 ms) (AnalyzeHeadless)  
INFO  Class searcher loaded 59 extension points (18 false positives) (ClassSearcher)  
INFO  HEADLESS Script Paths:
    /home/geoca/Desktop/Ghidra/Ghidra/Features/MicrosoftCodeAnalyzer/ghidra_scripts
    /home/geoca/Desktop/Ghidra/Ghidra/Features/VersionTracking/ghidra_scripts
    /home/geoca/Desktop/Ghidra/Ghidra/Features/PyGhidra/ghidra_scripts
    /home/geoca/Desktop/Ghidra/Ghidra/Processors/Atmel/ghidra_scripts
    /home/geoca/Desktop/Ghidra/Ghidra/Features/BSim/ghidra_scripts
    /home/geoca/Desktop/Ghidra/Ghidra/Processors/PIC/ghidra_scripts
    /home/geoca/Desktop/Ghidra/Ghidra/Debug/Debugger/ghidra_scripts
    /home/geoca/Documents/SP11-PROJECT/06-camera/SP11X1ECamera/experiments/E004-front-ir-vd55g0/e004cc-ium-secure-section-backing-provider/ghidra
    /home/geoca/Desktop/Ghidra/Ghidra/Features/Jython/ghidra_scripts
    /home/geoca/Desktop/Ghidra/Ghidra/Features/DecompilerDependent/ghidra_scripts
    /home/geoca/Desktop/Ghidra/Ghidra/Features/GnuDemangler/ghidra_scripts
    /home/geoca/Desktop/Ghidra/Ghidra/Features/SwiftDemangler/ghidra_scripts
    /home/geoca/Desktop/Ghidra/Ghidra/Features/WildcardAssembler/ghidra_scripts
    /home/geoca/Desktop/Ghidra/Ghidra/Features/SystemEmulation/ghidra_scripts
    /home/geoca/Desktop/Ghidra/Ghidra/Processors/JVM/ghidra_scripts
    /home/geoca/Desktop/Ghidra/Ghidra/Processors/8051/ghidra_scripts
    /home/geoca/Desktop/Ghidra/Ghidra/Features/PDB/ghidra_scripts
    /home/geoca/Desktop/Ghidra/Ghidra/Processors/DATA/ghidra_scripts
    /home/geoca/Desktop/Ghidra/Ghidra/Features/Base/ghidra_scripts
    /home/geoca/Desktop/Ghidra/Ghidra/Features/BytePatterns/ghidra_scripts
    /home/geoca/Desktop/Ghidra/Ghidra/Debug/Debugger-rmi-trace/ghidra_scripts
    /home/geoca/Desktop/Ghidra/Ghidra/Features/Decompiler/ghidra_scripts
    /home/geoca/Desktop/Ghidra/Ghidra/Features/FunctionID/ghidra_scripts
    /home/geoca/Desktop/Ghidra/Ghidra/Features/FileFormats/ghidra_scripts (HeadlessAnalyzer)  
INFO  HEADLESS: execution starts (HeadlessAnalyzer)  
INFO  Opening existing project: /home/geoca/.cache/e004cc-skproj (HeadlessAnalyzer)  
INFO  Opening project: /home/geoca/.cache/e004cc-skproj (HeadlessProject)  
INFO  REPORT: Processing project file: /securekernel.exe (HeadlessAnalyzer)  
INFO  ANALYZING all memory and code: /securekernel.exe (HeadlessAnalyzer)  
WARN  Ignoring leading '_' chars on no-return name '___raise_securityfailure' specified in file: /home/geoca/Desktop/Ghidra/Ghidra/Features/Base/data/PEFunctionsThatDoNotReturn (NoReturnFunctionAnalyzer)  
WARN  Ignoring leading '_' chars on no-return name '___report_rangecheckfailure' specified in file: /home/geoca/Desktop/Ghidra/Ghidra/Features/Base/data/PEFunctionsThatDoNotReturn (NoReturnFunctionAnalyzer)  
INFO  Skipping PDB analysis since it has previously run. (PdbUniversalAnalyzer)  
INFO  >> Clear 'PDB Loaded' program property or use Load PDB action if additional PDB processing required. (PdbUniversalAnalyzer)  
WARN  Decompiling 14006eb68, pcode error at 14006ef70: Unable to resolve constructor at 14006ef70 (DecompileCallback)  
INFO  Packed database cache: /var/tmp/geoca-ghidra/packed-db-cache (PackedDatabaseCache)  
INFO  Applied data type archive: windows_vs12_64 (ApplyDataArchiveAnalyzer)  
WARN  Decompiling 14006eb68, pcode error at 14006ef70: Unable to resolve constructor at 14006ef70 (DecompileCallback)  
INFO  -----------------------------------------------------
    AARCH64 ELF PLT Thunks                     0.000 secs
    ASCII Strings                              0.314 secs
    Apply Data Archives                        0.657 secs
    Basic Constant Reference Analyzer          5.967 secs
    Call Convention ID                         0.017 secs
    Call-Fixup Installer                       0.024 secs
    Create Address Tables                      0.298 secs
    Create Function                            0.000 secs
    Data Reference                             0.277 secs
    Decompiler Parameter ID                   23.365 secs
    Decompiler Switch Analysis                 6.214 secs
    Demangler Microsoft                        0.329 secs
    Disassemble Entry Points                   0.322 secs
    Embedded Media                             0.016 secs
    External Entry References                  0.003 secs
    Function ID                                0.027 secs
    Function Start Pre Search                  0.030 secs
    Function Start Search                      0.344 secs
    Function Start Search After Code           0.240 secs
    Function Start Search After Data           0.215 secs
    Non-Returning Functions - Discovered       0.765 secs
    Non-Returning Functions - Known            0.050 secs
    PDB Universal                              0.002 secs
    Reference                                  0.409 secs
    Shared Return Calls                        0.554 secs
    Stack                                      1.356 secs
    Subroutine References                      0.531 secs
    Windows x86 PE Exception Handling          0.010 secs
    Windows x86 PE RTTI Analyzer               0.000 secs
    WindowsResourceReference                   0.286 secs
-----------------------------------------------------
     Total Time   42 secs
-----------------------------------------------------
 (AutoAnalysisManager)  
INFO  REPORT: Analysis succeeded for file: /securekernel.exe (HeadlessAnalyzer)  
INFO  REPORT: Execute script: DecompileSecurePageHostAccess.java '/home/geoca/Documents/SP11-PROJECT/06-camera/SP11X1ECamera/experiments/E004-front-ir-vd55g0/e004cc-ium-secure-section-backing-provider/ghidra/SECUREKERNEL-HOST-ACCESS.txt'  (HeadlessAnalyzer)  
INFO  SCRIPT: /home/geoca/Documents/SP11-PROJECT/06-camera/SP11X1ECamera/experiments/E004-front-ir-vd55g0/e004cc-ium-secure-section-backing-provider/ghidra/DecompileSecurePageHostAccess.java (HeadlessAnalyzer)  
ERROR REPORT SCRIPT ERROR:  (HeadlessAnalyzer) java.lang.NullPointerException: Cannot invoke "ghidra.program.model.address.Address.getAddressSpace()" because "addr" is null
	at ghidra.program.database.map.AddressMapDB.encodeRelative(AddressMapDB.java:612)
	at ghidra.program.database.map.AddressMapDB.getKey(AddressMapDB.java:268)
	at ghidra.program.database.symbol.SymbolDatabaseAdapterV4.getSymbolRecord(SymbolDatabaseAdapterV4.java:300)
	at ghidra.program.database.symbol.SymbolManager.getSymbol(SymbolManager.java:919)
	at ghidra.program.database.symbol.SymbolManager.getGlobalSymbol(SymbolManager.java:967)
	at DecompileSecurePageHostAccess.run(DecompileSecurePageHostAccess.java:6)
	at ghidra.app.script.GhidraScript.executeNormal(GhidraScript.java:460)
	at ghidra.app.script.GhidraScript.doExecute(GhidraScript.java:314)
	at ghidra.app.script.GhidraScript.execute(GhidraScript.java:290)
	at ghidra.app.util.headless.HeadlessAnalyzer.runScript(HeadlessAnalyzer.java:595)
	at ghidra.app.util.headless.HeadlessAnalyzer.runScriptsList(HeadlessAnalyzer.java:938)
	at ghidra.app.util.headless.HeadlessAnalyzer.analyzeProgram(HeadlessAnalyzer.java:1086)
	at ghidra.app.util.headless.HeadlessAnalyzer.processFileNoImport(HeadlessAnalyzer.java:1184)
	at ghidra.app.util.headless.HeadlessAnalyzer.processFolderNoImport(HeadlessAnalyzer.java:1356)
	at ghidra.app.util.headless.HeadlessAnalyzer.processNoImport(HeadlessAnalyzer.java:1385)
	at ghidra.app.util.headless.HeadlessAnalyzer.processLocal(HeadlessAnalyzer.java:459)
	at ghidra.app.util.headless.AnalyzeHeadless.launch(AnalyzeHeadless.java:199)
	at ghidra.GhidraLauncher.launch(GhidraLauncher.java:81)
	at ghidra.Ghidra.main(Ghidra.java:54)
 
INFO  ANALYZING changes made by post scripts: /securekernel.exe (HeadlessAnalyzer)  
INFO  REPORT: Post-analysis succeeded for file: /securekernel.exe (HeadlessAnalyzer)  
INFO  REPORT: Save succeeded for processed file: /securekernel.exe (HeadlessAnalyzer)  
