openjdk version "21.0.12" 2026-07-21
OpenJDK Runtime Environment (build 21.0.12+8-1-26.04-Ubuntu)
OpenJDK 64-Bit Server VM (build 21.0.12+8-1-26.04-Ubuntu, mixed mode)
Module manifest file error on line 2 of file: /home/geoca/.config/ghidra/ghidra_12.0.4_PUBLIC/Extensions/GhidraMCP/Module.manifest
	-> Invalid line encountered: GHIDRA_MODULE_NAME=GhidraMCP
Module manifest file error on line 3 of file: /home/geoca/.config/ghidra/ghidra_12.0.4_PUBLIC/Extensions/GhidraMCP/Module.manifest
	-> Invalid line encountered: GHIDRA_MODULE_DESC=An HTTP server plugin for Ghidra
Module manifest file error on line 2 of file: /home/geoca/.config/ghidra/ghidra_12.0.4_PUBLIC/Extensions/GhidraMCP/Module.manifest
	-> Invalid line encountered: GHIDRA_MODULE_NAME=GhidraMCP
Module manifest file error on line 3 of file: /home/geoca/.config/ghidra/ghidra_12.0.4_PUBLIC/Extensions/GhidraMCP/Module.manifest
	-> Invalid line encountered: GHIDRA_MODULE_DESC=An HTTP server plugin for Ghidra
INFO  Using log config file: jar:file:/home/geoca/Desktop/Ghidra/Ghidra/Framework/Generic/lib/Generic.jar!/generic.log4j.xml (LoggingInitialization)  
INFO  Using log file: /home/geoca/.config/ghidra/ghidra_12.0.4_PUBLIC/application.log (LoggingInitialization)  
INFO  Loading user preferences: /home/geoca/.config/ghidra/ghidra_12.0.4_PUBLIC/preferences (Preferences)  
INFO  Loading previous preferences: /home/geoca/.config/ghidra/ghidra_12.1.2_PUBLIC/preferences (Preferences)  
INFO  Searching for classes... (ClassSearcher)  
INFO  Class search complete (759 ms) (ClassSearcher)  
INFO  Initializing SSL Context (DefaultSSLContextInitializer)  
INFO  Initializing Random Number Generator... (SecureRandomFactory)  
INFO  Random Number Generator initialization complete: NativePRNGNonBlocking (SecureRandomFactory)  
INFO  Trust manager disabled, cacerts have not been set (DefaultTrustManagerFactory)  
INFO  Headless startup complete (1488 ms) (AnalyzeHeadless)  
INFO  Class searcher loaded 59 extension points (18 false positives) (ClassSearcher)  
INFO  HEADLESS Script Paths:
    /home/geoca/Desktop/Ghidra/Ghidra/Features/MicrosoftCodeAnalyzer/ghidra_scripts
    /home/geoca/Desktop/Ghidra/Ghidra/Features/VersionTracking/ghidra_scripts
    /home/geoca/Desktop/Ghidra/Ghidra/Features/PyGhidra/ghidra_scripts
    /home/geoca/Desktop/Ghidra/Ghidra/Processors/Atmel/ghidra_scripts
    /home/geoca/Desktop/Ghidra/Ghidra/Features/BSim/ghidra_scripts
    /home/geoca/Desktop/Ghidra/Ghidra/Processors/PIC/ghidra_scripts
    /home/geoca/Desktop/Ghidra/Ghidra/Debug/Debugger/ghidra_scripts
    /home/geoca/Documents/SP11-PROJECT/06-camera/SP11X1ECamera/experiments/E004-front-ir-vd55g0/e004cc-ium-secure-section-backing-provider/ghidra
    /home/geoca/Desktop/Ghidra/Ghidra/Features/Jython/ghidra_scripts
    /home/geoca/Desktop/Ghidra/Ghidra/Features/DecompilerDependent/ghidra_scripts
    /home/geoca/Desktop/Ghidra/Ghidra/Features/GnuDemangler/ghidra_scripts
    /home/geoca/Desktop/Ghidra/Ghidra/Features/SwiftDemangler/ghidra_scripts
    /home/geoca/Desktop/Ghidra/Ghidra/Features/WildcardAssembler/ghidra_scripts
    /home/geoca/Desktop/Ghidra/Ghidra/Features/SystemEmulation/ghidra_scripts
    /home/geoca/Desktop/Ghidra/Ghidra/Processors/JVM/ghidra_scripts
    /home/geoca/Desktop/Ghidra/Ghidra/Processors/8051/ghidra_scripts
    /home/geoca/Desktop/Ghidra/Ghidra/Features/PDB/ghidra_scripts
    /home/geoca/Desktop/Ghidra/Ghidra/Processors/DATA/ghidra_scripts
    /home/geoca/Desktop/Ghidra/Ghidra/Features/Base/ghidra_scripts
    /home/geoca/Desktop/Ghidra/Ghidra/Features/BytePatterns/ghidra_scripts
    /home/geoca/Desktop/Ghidra/Ghidra/Debug/Debugger-rmi-trace/ghidra_scripts
    /home/geoca/Desktop/Ghidra/Ghidra/Features/Decompiler/ghidra_scripts
    /home/geoca/Desktop/Ghidra/Ghidra/Features/FunctionID/ghidra_scripts
    /home/geoca/Desktop/Ghidra/Ghidra/Features/FileFormats/ghidra_scripts (HeadlessAnalyzer)  
INFO  HEADLESS: execution starts (HeadlessAnalyzer)  
INFO  Creating project: /home/geoca/.cache/e004cc-skproj (HeadlessAnalyzer)  
INFO  Creating project: /home/geoca/.cache/e004cc-skproj (DefaultProject)  
INFO  REPORT: Processing input files:  (HeadlessAnalyzer)  
INFO       project: /home/geoca/.cache/e004cc-skproj (HeadlessAnalyzer)  
INFO  IMPORTING: file:///home/geoca/.cache/e004cc-securekernel-input/securekernel.exe (HeadlessAnalyzer)  
INFO  Using Loader: Portable Executable (PE) (ProgramLoader)  
INFO  Using Language/Compiler: AARCH64:LE:64:v8A:windows (ProgramLoader)  
INFO  Using Library Search Path: [., /bin, /lib, /lib64, /lib/x86_64-linux-gnu, /lib/aarch64-linux-gnu, /usr/bin, /usr/lib, /usr/X11R6/bin, /usr/X11R6/lib, /usr/java/packages/lib, /usr/lib/aarch64-linux-gnu/jni, /usr/lib/aarch64-linux-gnu, /usr/lib/jni] (ProgramLoader)  
INFO  Additional info:
Loading file:///home/geoca/.cache/e004cc-securekernel-input/securekernel.exe?MD5=8b1a699de6ad00004eb10237e3e180e0...
------------------------------------------------

Searching 8 paths for library CNG.SYS...
Library not found.
------------------------------------------------

Searching 8 paths for library EXT-MS-WIN-NTOS-KSR-L1-1-0.DLL...
Library not found.
------------------------------------------------

Searching 8 paths for library EXT-MS-WIN-NTOS-TRACE-L1-1-0.DLL...
Library not found.
------------------------------------------------

Searching 8 paths for library SKCI.DLL...
Library not found.
------------------------------------------------

Linking the External Programs of 'securekernel.exe' to imported libraries...
  [SKCI.DLL] -> not found in project
  [CNG.SYS] -> not found in project
  [EXT-MS-WIN-NTOS-KSR-L1-1-0.DLL] -> not found in project
  [EXT-MS-WIN-NTOS-TRACE-L1-1-0.DLL] -> not found in project
------------------------------------------------

 (ProgramLoader)  
INFO  IMPORTING: Loaded 0 additional files (HeadlessAnalyzer)  
INFO  ANALYZING all memory and code: file:///home/geoca/.cache/e004cc-securekernel-input/securekernel.exe (HeadlessAnalyzer)  
WARN  Ignoring leading '_' chars on no-return name '___raise_securityfailure' specified in file: /home/geoca/Desktop/Ghidra/Ghidra/Features/Base/data/PEFunctionsThatDoNotReturn (NoReturnFunctionAnalyzer)  
WARN  Ignoring leading '_' chars on no-return name '___report_rangecheckfailure' specified in file: /home/geoca/Desktop/Ghidra/Ghidra/Features/Base/data/PEFunctionsThatDoNotReturn (NoReturnFunctionAnalyzer)  
INFO  PDB analyzer parsing file: /home/geoca/.cache/e004cc-securekernel-input/securekernel.pdb (PdbUniversalAnalyzer)  
INFO  resolveCount: 0 (DefaultPdbApplicator)  
INFO  conflictCount: 0 (DefaultPdbApplicator)  
INFO  PDB Types and Main Symbols Processing Terminated Normally (DefaultPdbApplicator)  
INFO  PDB Universal: scheduling PDB Function Internals Analysis (PdbUniversalAnalyzer)  
WARN  Decompiling 14006eb68, pcode error at 14006ef70: Unable to resolve constructor at 14006ef70 (DecompileCallback)  
INFO  Packed database cache: /var/tmp/geoca-ghidra/packed-db-cache (PackedDatabaseCache)  
INFO  Applied data type archive: windows_vs12_64 (ApplyDataArchiveAnalyzer)  
INFO  Applied data type archive: windows_vs12_64 (ApplyDataArchiveAnalyzer)  
WARN  Decompiling 14006eb68, pcode error at 14006ef70: Unable to resolve constructor at 14006ef70 (DecompileCallback)  
INFO  PDB Function Internals Processing Terminated Normally (DefaultPdbApplicator)  
INFO  PDB Applicator Reporting (DefaultPdbApplicator)  
INFO  PDB Applicator Reporting Terminated Normally (DefaultPdbApplicator)  
INFO  -----------------------------------------------------
    AARCH64 ELF PLT Thunks                     0.000 secs
    ASCII Strings                              0.271 secs
    Apply Data Archives                        0.651 secs
    Basic Constant Reference Analyzer          5.095 secs
    Call Convention ID                         0.350 secs
    Call-Fixup Installer                       0.043 secs
    Create Address Tables                      0.124 secs
    Create Address Tables - One Time           0.070 secs
    Create Function                            0.423 secs
    Data Reference                             0.170 secs
    Decompiler Parameter ID                   12.393 secs
    Decompiler Switch Analysis                13.634 secs
    Demangler Microsoft                        0.311 secs
    Disassemble                                0.517 secs
    Disassemble Entry Points                   2.961 secs
    Disassemble Entry Points - One Time        0.145 secs
    Embedded Media                             0.016 secs
    External Entry References                  0.002 secs
    Function ID                                0.017 secs
    Function Start Pre Search                  0.018 secs
    Function Start Search                      0.216 secs
    Function Start Search After Code           0.179 secs
    Function Start Search After Data           0.211 secs
    Function Start Search delayed - One Time   0.104 secs
    Non-Returning Functions - Discovered       0.250 secs
    Non-Returning Functions - Known            0.005 secs
    PDB Universal                              0.247 secs
    PDB Universal Function Internals           0.043 secs
    PDB Universal Reporting                    0.001 secs
    Reference                                  0.445 secs
    Shared Return Calls                        0.329 secs
    Stack                                      5.846 secs
    Subroutine References                      0.159 secs
    Subroutine References - One Time           0.002 secs
    Windows x86 PE Exception Handling          0.009 secs
    Windows x86 PE RTTI Analyzer               0.062 secs
    WindowsResourceReference                   0.297 secs
-----------------------------------------------------
     Total Time   45 secs
-----------------------------------------------------
 (AutoAnalysisManager)  
INFO  REPORT: Analysis succeeded for file: file:///home/geoca/.cache/e004cc-securekernel-input/securekernel.exe (HeadlessAnalyzer)  
INFO  REPORT: Execute script: DecompileSecureSectionNamed.java '/home/geoca/Documents/SP11-PROJECT/06-camera/SP11X1ECamera/experiments/E004-front-ir-vd55g0/e004cc-ium-secure-section-backing-provider/ghidra/SECUREKERNEL-SECURE-SECTIONS.txt'  (HeadlessAnalyzer)  
INFO  SCRIPT: /home/geoca/Documents/SP11-PROJECT/06-camera/SP11X1ECamera/experiments/E004-front-ir-vd55g0/e004cc-ium-secure-section-backing-provider/ghidra/DecompileSecureSectionNamed.java (HeadlessAnalyzer)  
INFO  ANALYZING changes made by post scripts: file:///home/geoca/.cache/e004cc-securekernel-input/securekernel.exe (HeadlessAnalyzer)  
INFO  REPORT: Post-analysis succeeded for file: file:///home/geoca/.cache/e004cc-securekernel-input/securekernel.exe (HeadlessAnalyzer)  
INFO  /securekernel.exe: file created (geoca) (LocalFileSystem)  
INFO  REPORT: Save succeeded for: /securekernel.exe (e004cc-skproj:/securekernel.exe) (HeadlessAnalyzer)  
INFO  REPORT: Import succeeded (HeadlessAnalyzer)  
