openjdk version "21.0.12" 2026-07-21
OpenJDK Runtime Environment (build 21.0.12+8-1-26.04-Ubuntu)
OpenJDK 64-Bit Server VM (build 21.0.12+8-1-26.04-Ubuntu, mixed mode)
Module manifest file error on line 2 of file: /home/geoca/.config/ghidra/ghidra_12.0.4_PUBLIC/Extensions/GhidraMCP/Module.manifest
	-> Invalid line encountered: GHIDRA_MODULE_NAME=GhidraMCP
Module manifest file error on line 3 of file: /home/geoca/.config/ghidra/ghidra_12.0.4_PUBLIC/Extensions/GhidraMCP/Module.manifest
	-> Invalid line encountered: GHIDRA_MODULE_DESC=An HTTP server plugin for Ghidra
Module manifest file error on line 2 of file: /home/geoca/.config/ghidra/ghidra_12.0.4_PUBLIC/Extensions/GhidraMCP/Module.manifest
	-> Invalid line encountered: GHIDRA_MODULE_NAME=GhidraMCP
Module manifest file error on line 3 of file: /home/geoca/.config/ghidra/ghidra_12.0.4_PUBLIC/Extensions/GhidraMCP/Module.manifest
	-> Invalid line encountered: GHIDRA_MODULE_DESC=An HTTP server plugin for Ghidra
INFO  Using log config file: jar:file:/home/geoca/Desktop/Ghidra/Ghidra/Framework/Generic/lib/Generic.jar!/generic.log4j.xml (LoggingInitialization)  
INFO  Using log file: /home/geoca/.config/ghidra/ghidra_12.0.4_PUBLIC/application.log (LoggingInitialization)  
INFO  Loading user preferences: /home/geoca/.config/ghidra/ghidra_12.0.4_PUBLIC/preferences (Preferences)  
INFO  Loading previous preferences: /home/geoca/.config/ghidra/ghidra_12.1.2_PUBLIC/preferences (Preferences)  
INFO  Searching for classes... (ClassSearcher)  
INFO  Class search complete (750 ms) (ClassSearcher)  
INFO  Initializing SSL Context (DefaultSSLContextInitializer)  
INFO  Initializing Random Number Generator... (SecureRandomFactory)  
INFO  Random Number Generator initialization complete: NativePRNGNonBlocking (SecureRandomFactory)  
INFO  Trust manager disabled, cacerts have not been set (DefaultTrustManagerFactory)  
INFO  Headless startup complete (1374 ms) (AnalyzeHeadless)  
INFO  Class searcher loaded 59 extension points (18 false positives) (ClassSearcher)  
INFO  HEADLESS Script Paths:
    /home/geoca/Desktop/Ghidra/Ghidra/Features/MicrosoftCodeAnalyzer/ghidra_scripts
    /home/geoca/Desktop/Ghidra/Ghidra/Features/VersionTracking/ghidra_scripts
    /home/geoca/Desktop/Ghidra/Ghidra/Features/PyGhidra/ghidra_scripts
    /home/geoca/Desktop/Ghidra/Ghidra/Processors/Atmel/ghidra_scripts
    /home/geoca/Desktop/Ghidra/Ghidra/Features/BSim/ghidra_scripts
    /home/geoca/Desktop/Ghidra/Ghidra/Processors/PIC/ghidra_scripts
    /home/geoca/Desktop/Ghidra/Ghidra/Debug/Debugger/ghidra_scripts
    /home/geoca/Desktop/Ghidra/Ghidra/Features/Jython/ghidra_scripts
    /home/geoca/Desktop/Ghidra/Ghidra/Features/DecompilerDependent/ghidra_scripts
    /home/geoca/Desktop/Ghidra/Ghidra/Features/GnuDemangler/ghidra_scripts
    /home/geoca/Desktop/Ghidra/Ghidra/Features/SwiftDemangler/ghidra_scripts
    /home/geoca/Desktop/Ghidra/Ghidra/Features/WildcardAssembler/ghidra_scripts
    /home/geoca/Desktop/Ghidra/Ghidra/Features/SystemEmulation/ghidra_scripts
    /home/geoca/Desktop/Ghidra/Ghidra/Processors/JVM/ghidra_scripts
    /home/geoca/Desktop/Ghidra/Ghidra/Processors/8051/ghidra_scripts
    /home/geoca/Desktop/Ghidra/Ghidra/Features/PDB/ghidra_scripts
    /home/geoca/Desktop/Ghidra/Ghidra/Processors/DATA/ghidra_scripts
    /home/geoca/Desktop/Ghidra/Ghidra/Features/Base/ghidra_scripts
    /home/geoca/Desktop/Ghidra/Ghidra/Features/BytePatterns/ghidra_scripts
    /home/geoca/Desktop/Ghidra/Ghidra/Debug/Debugger-rmi-trace/ghidra_scripts
    /home/geoca/Documents/SP11-PROJECT/06-camera/SP11X1ECamera/experiments/E004-front-ir-vd55g0/e004ba-lite-selector-semantic-static/ghidra
    /home/geoca/Desktop/Ghidra/Ghidra/Features/Decompiler/ghidra_scripts
    /home/geoca/Desktop/Ghidra/Ghidra/Features/FunctionID/ghidra_scripts
    /home/geoca/Desktop/Ghidra/Ghidra/Features/FileFormats/ghidra_scripts (HeadlessAnalyzer)  
INFO  HEADLESS: execution starts (HeadlessAnalyzer)  
INFO  Creating project: /home/geoca/.cache/e004ba-surfaceavs/E004BA (HeadlessAnalyzer)  
INFO  Creating project: /home/geoca/.cache/e004ba-surfaceavs/E004BA (DefaultProject)  
INFO  REPORT: Processing input files:  (HeadlessAnalyzer)  
INFO       project: /home/geoca/.cache/e004ba-surfaceavs/E004BA (HeadlessAnalyzer)  
INFO  IMPORTING: file:///home/geoca/Documents/SP11-PROJECT/00-RE-archive/sp11-driverdump/surfacecamavs8380.inf_arm64_2b9eaefcbe9d3342/surfacecamavs8380.sys (HeadlessAnalyzer)  
INFO  Using Loader: Portable Executable (PE) (ProgramLoader)  
INFO  Using Language/Compiler: AARCH64:LE:64:v8A:windows (ProgramLoader)  
INFO  Using Library Search Path: [., /bin, /lib, /lib64, /lib/x86_64-linux-gnu, /lib/aarch64-linux-gnu, /usr/bin, /usr/lib, /usr/X11R6/bin, /usr/X11R6/lib, /usr/java/packages/lib, /usr/lib/aarch64-linux-gnu/jni, /usr/lib/aarch64-linux-gnu, /usr/lib/jni] (ProgramLoader)  
INFO  Additional info:
Loading file:///home/geoca/Documents/SP11-PROJECT/00-RE-archive/sp11-driverdump/surfacecamavs8380.inf_arm64_2b9eaefcbe9d3342/surfacecamavs8380.sys?MD5=f63651373bcd35544d021d5130908465...
------------------------------------------------

Searching 8 paths for library HAL.DLL...
Library not found.
------------------------------------------------

Searching 8 paths for library KS.SYS...
Library not found.
------------------------------------------------

Searching 8 paths for library NTOSKRNL.EXE...
Library not found.
------------------------------------------------

Linking the External Programs of 'surfacecamavs8380.sys' to imported libraries...
  [NTOSKRNL.EXE] -> not found in project
  [HAL.DLL] -> not found in project
  [KS.SYS] -> not found in project
------------------------------------------------

 (ProgramLoader)  
INFO  IMPORTING: Loaded 0 additional files (HeadlessAnalyzer)  
INFO  ANALYZING all memory and code: file:///home/geoca/Documents/SP11-PROJECT/00-RE-archive/sp11-driverdump/surfacecamavs8380.inf_arm64_2b9eaefcbe9d3342/surfacecamavs8380.sys (HeadlessAnalyzer)  
WARN  Ignoring leading '_' chars on no-return name '___raise_securityfailure' specified in file: /home/geoca/Desktop/Ghidra/Ghidra/Features/Base/data/PEFunctionsThatDoNotReturn (NoReturnFunctionAnalyzer)  
WARN  Ignoring leading '_' chars on no-return name '___report_rangecheckfailure' specified in file: /home/geoca/Desktop/Ghidra/Ghidra/Features/Base/data/PEFunctionsThatDoNotReturn (NoReturnFunctionAnalyzer)  
INFO  Skipping PDB processing: failed to locate PDB file in configured locations (PdbUniversalAnalyzer)  
INFO  Use a script to set the PDB file location. I.e.,
    PdbAnalyzer.setPdbFileOption(currentProgram, new File("/path/to/pdb/file.pdb")); or
    PdbUniversalAnalyzer.setPdbFileOption(currentProgram, new File("/path/to/pdb/file.pdb"));
Or set the symbol server search configuration using:    PdbPlugin.saveSymbolServerServiceConfig(...);
 This must be done using a pre-script (prior to analysis). (PdbUniversalAnalyzer)  
INFO  Packed database cache: /var/tmp/geoca-ghidra/packed-db-cache (PackedDatabaseCache)  
INFO  Applied data type archive: windows_vs12_64 (ApplyDataArchiveAnalyzer)  
INFO  -----------------------------------------------------
    AARCH64 ELF PLT Thunks                     0.000 secs
    ASCII Strings                              0.251 secs
    Apply Data Archives                        0.648 secs
    Basic Constant Reference Analyzer          2.112 secs
    Call Convention ID                         0.010 secs
    Call-Fixup Installer                       0.010 secs
    Create Address Tables                      0.086 secs
    Create Address Tables - One Time           0.113 secs
    Create Function                            0.181 secs
    Data Reference                             0.214 secs
    Decompiler Parameter ID                   62.999 secs
    Decompiler Switch Analysis                 5.545 secs
    Demangler Microsoft                        0.107 secs
    Disassemble                                0.030 secs
    Disassemble Entry Points                   1.339 secs
    Embedded Media                             0.012 secs
    External Entry References                  0.000 secs
    Function ID                                0.026 secs
    Function Start Pre Search                  0.009 secs
    Function Start Search                      0.082 secs
    Function Start Search After Code           0.072 secs
    Function Start Search After Data           0.054 secs
    Function Start Search delayed - One Time   0.003 secs
    Non-Returning Functions - Discovered       0.047 secs
    Non-Returning Functions - Known            0.005 secs
    PDB Universal                              0.010 secs
    Reference                                  0.280 secs
    Shared Return Calls                        0.113 secs
    Stack                                      1.825 secs
    Subroutine References                      0.064 secs
    Subroutine References - One Time           0.012 secs
    Windows x86 PE Exception Handling          0.006 secs
    Windows x86 PE RTTI Analyzer               0.032 secs
    WindowsResourceReference                   0.281 secs
-----------------------------------------------------
     Total Time   76 secs
-----------------------------------------------------
 (AutoAnalysisManager)  
INFO  REPORT: Analysis succeeded for file: file:///home/geoca/Documents/SP11-PROJECT/00-RE-archive/sp11-driverdump/surfacecamavs8380.inf_arm64_2b9eaefcbe9d3342/surfacecamavs8380.sys (HeadlessAnalyzer)  
INFO  REPORT: Execute script: ExtractSurfaceAvsLiteConfig.java '/home/geoca/Documents/SP11-PROJECT/06-camera/SP11X1ECamera/experiments/E004-front-ir-vd55g0/e004ba-lite-selector-semantic-static/ghidra/SURFACECAMAVS-LITE-CONFIG.txt'  (HeadlessAnalyzer)  
INFO  SCRIPT: /home/geoca/Documents/SP11-PROJECT/06-camera/SP11X1ECamera/experiments/E004-front-ir-vd55g0/e004ba-lite-selector-semantic-static/ghidra/ExtractSurfaceAvsLiteConfig.java (HeadlessAnalyzer)  
INFO  ANALYZING changes made by post scripts: file:///home/geoca/Documents/SP11-PROJECT/00-RE-archive/sp11-driverdump/surfacecamavs8380.inf_arm64_2b9eaefcbe9d3342/surfacecamavs8380.sys (HeadlessAnalyzer)  
INFO  REPORT: Post-analysis succeeded for file: file:///home/geoca/Documents/SP11-PROJECT/00-RE-archive/sp11-driverdump/surfacecamavs8380.inf_arm64_2b9eaefcbe9d3342/surfacecamavs8380.sys (HeadlessAnalyzer)  
INFO  /surfacecamavs8380.sys.0: file created (geoca) (LocalFileSystem)  
INFO  REPORT: Save succeeded for: /surfacecamavs8380.sys (E004BA:/surfacecamavs8380.sys.0) (HeadlessAnalyzer)  
INFO  REPORT: Import succeeded (HeadlessAnalyzer)  
