Opened log file 'C:\Users\Geoca\Documents\E004EM-oracle.log'
E004EM_ARMED
[mep::vcam::AugmentedMediaSource::KsProperty(1558)] [enter: Set={1cb79112-c0d2-4213-9ca6-cd4fdb927972} | id=4 | flags=0x00000001] 
[mep::vcam::AugmentedMediaSource::KsProperty(1563)] Extended Control 4 Passed  
[mep::vcam::AugmentedMediaSource::KsEvent(3562)] [enter] 
[mep::vcam::AugmentedMediaSource::KsEvent(3607)] Handling profile set KsEvent, created profile KsEvent handle for driver: 0000000000000848 
[mep::vcam::AugmentedMediaSource::KsProperty(1558)] [enter: Set={1cb79112-c0d2-4213-9ca6-cd4fdb927972} | id=34 | flags=0x00000002] 
[mep::vcam::AugmentedMediaSource::KsProperty(1563)] Extended Control 34 Passed  
[mep::vcam::AugmentedMediaSource::KsProperty(1569)] Profile DDI queried 
[mep::vcam::ProfileAwareAugmentedMediaSource::ProfilePropertyHandler(4448)] Profile DDI Set, profile type={b4894d81-62b7-4eec-8740-80658c4a9d3e} 
[mep::vcam::ProfileAwareAugmentedMediaSource::ProfilePropertyHandler(4511)] Profile DDI Set, profile type={b4894d81-62b7-4eec-8740-80658c4a9d3e}, EnableAiEffects=1 
[mep::vcam::ProfileAwareAugmentedMediaSource::ProfilePropertyHandler(4618)] Waiting for driver profile KsEvent handle: 0000000000000848 
[mep::vcam::ProfileAwareAugmentedMediaSource::ProfilePropertyHandler(4633)] [Completed SET] 
[mep::vcam::AugmentedMediaSource::Start(750)] [enter] 
[mep::vcam::AugmentedMediaSource::_Start(762)] [enter] 
[mep::vcam::AugmentedMediaSource::LazyInitPerceptionCore(528)] [enter: scenariosToInitialize=0x00004060, waitAsyncInitCompletion=-1] 
[mep::vcam::AugmentedMediaSource::_LoadPerceptionCore(333)] [enter] 
[mep::vcam::AugmentedMediaSource::_LoadPerceptionCore(350)] Loading PerceptionCore DLL from path=C:\WINDOWS\System32\DriverStore\FileRepository\microsofteffectpack_extension.inf_arm64_8881111f8f333d4e\PerceptionCore.dll 
ModLoad: 00007ffd`ae000000 00007ffd`ae68c000   C:\WINDOWS\System32\DriverStore\FileRepository\microsofteffectpack_extension.inf_arm64_8881111f8f333d4e\PerceptionCore.dll
ModLoad: 00007ffd`ad8f0000 00007ffd`ae000000   C:\WINDOWS\System32\DriverStore\FileRepository\microsofteffectpack_extension.inf_arm64_8881111f8f333d4e\SNPE.dll
ModLoad: 00007ffe`57950000 00007ffe`58824000   C:\WINDOWS\System32\SHELL32.dll
[mep::vcam::AugmentedMediaSource::_LoadPerceptionCore(356)] Loaded PerceptionCore DLL 
[mep::vcam::AugmentedMediaSource::_LoadPerceptionCore(367)] Obtained proc address for PerceptionCore factory 
ModLoad: 00007ffe`2d430000 00007ffe`2d502000   C:\Windows\System32\Windows.Energy.dll
[mep::vcam::AugmentedMediaSource::_LoadPerceptionCore(375)] Created PerceptionCore instance 
[mep::vcam::AugmentedMediaSource::_LoadPerceptionCore(385)] Obtained proc address for GetAllPerceptionScenarios 
[mep::vcam::AugmentedMediaSource::_LoadPerceptionCore(407)] Supported Perception scenarios=3883895 
[mep::vcam::AugmentedMediaSource::_LoadPerceptionCore(423)] PERCEPTIONCOREPROPKEY_CREATIVEFILTER_SUPPORTED: ILLUSTRATED,WATERCOLOR,ANIMATED 
[mep::vcam::AugmentedMediaSource::_SetPerceptionCoreWorkQueue(1491)] SetPropertyInteger PERCEPTIONCOREPROPVAL_WORKQUEUEID with queue ID=327681 
[mep::vcam::AugmentedMediaSource::LazyInitPerceptionCore(577)] GetInitializedScenarios succeeded, Perception scenarios=0x00000000 
[mep::vcam::AugmentedMediaSource::LazyInitPerceptionCore(632)] Not waiting to validate when AsyncInit completes 
[mep::vcam::AugmentedMediaSource::LazyInitPerceptionCore(685)] [exit: hr=0x00000000, result=0, Perception scenarios=0x00000000] 
[mep::vcam::AugmentedMediaSource::_Start(870)] Selected base camera stream Id=2, vcam stream Id: 2 
Selected MediaType on vcam streamIndex=2: inW=1920 | inH=1080 | outW=1920 | outH=1080 | framerate: fps=30 num=30 den=1 | subtype=NV12 | preproc:0 | postproc:0 | isCompliant:0 | index=4294967295
[mep::vcam::AugmentedMediaSource::_ConfigureAiStreamPipeline(1002)] [enter] 
[mep::vcam::AugmentedMediaStream::GetMatchingMediaType(1654)] [enter] 
[mep::vcam::AugmentedMediaStream::_GetMatchingMediaType(1666)] [enter] 
New MediaType to set on the stream: inW=2560 | inH=1440 | outW=1920 | outH=1080 | framerate: fps=30 num=30 den=1 | subtype=NV12 | preproc:0 | postproc:1 | isCompliant:1 | index=0
[mep::vcam::AugmentedMediaStream::ConfigurePreprocessingXVP(1547)] [enter pinputMediaType:0000000000000000] 
[mep::vcam::AugmentedMediaStream::ConfigurePreprocessingXVP(1555)] [stream:2] Skipping preprocessing xvp configuration, not required 
[mep::vcam::HighResBackedAugmentedMediaStream::ConfigurePostprocessingXVP(1858)] [enter, stream:2 | pinputMediaType:00000248EEF7BA10 | pOutputMediaType:00000248EEF7B380] 
[mep::vcam::HighResBackedAugmentedMediaStream::_ConfigurePostprocessingXVP(1870)] [enter pinputMediaType:00000248EEF7BA10 | pOutputMediaType:00000248EEF7B380] 
ModLoad: 00007ffd`d2730000 00007ffd`d2b48000   C:\WINDOWS\System32\msvproc.dll
ModLoad: 00007ffe`2a230000 00007ffe`2a308000   C:\WINDOWS\System32\SensorsApi.dll
ModLoad: 00007ffe`2a1c0000 00007ffe`2a21b000   C:\Windows\System32\PortableDeviceTypes.dll
ModLoad: 00007ffe`28b00000 00007ffe`28b80000   C:\Windows\System32\deviceaccess.dll
Configuring XVP with input Mediatype: inW=2560 | inH=1440 | outW=2560 | outH=1440 | framerate: fps=30 num=30 den=1 | subtype=NV12 | preproc:0 | postproc:0 | isCompliant:0 | index=4294967295
Configuring XVP with output Mediatype: inW=1920 | inH=1080 | outW=1920 | outH=1080 | framerate: fps=30 num=30 den=1 | subtype=NV12 | preproc:0 | postproc:0 | isCompliant:0 | index=4294967295
ModLoad: 00007ffe`4d700000 00007ffe`4dbc2000   C:\WINDOWS\System32\d3d11.dll
ModLoad: 00007ffe`4fab0000 00007ffe`4fceb000   C:\WINDOWS\System32\dxgi.dll
onecoreuap\drivers\mobilepc\sensors\convergence\api\native\v2\simpledeviceorientationsensor.cpp(650)\SensorsNativeApi.V2.dll!00007FFE296D45F0: (caller: 00007FFE296D2E48) Exception(1) tid(3af8) 80070057 The parameter is incorrect.
(1f24.3af8): C++ EH exception - code e06d7363 (first chance)
(1f24.3af8): C++ EH exception - code e06d7363 (first chance)
onecoreuap\drivers\mobilepc\sensors\convergence\api\native\v2\simpledeviceorientationsensor.cpp(650)\SensorsNativeApi.V2.dll!00007FFE296D45F0: (caller: 00007FFE296D2E48) Exception(2) tid(2300) 80070057 The parameter is incorrect.
(1f24.2300): C++ EH exception - code e06d7363 (first chance)
ModLoad: 00007ffd`acd90000 00007ffd`ad8e5000   C:\WINDOWS\System32\D3D10Warp.dll
(1f24.2300): C++ EH exception - code e06d7363 (first chance)
ModLoad: 00007ffe`4fe80000 00007ffe`4ff0b000   C:\WINDOWS\SYSTEM32\dxcore.dll
ModLoad: 00007ffe`4ae60000 00007ffe`4af19000   C:\WINDOWS\SYSTEM32\directxdatabasehelper.dll
onecore\windows\directx\database\helperlibrary\lib\perappusersettingsqueryimpl.cpp(135)\directxdatabasehelper.dll!00007FFE4AE67BF4: (caller: 00007FFE4AE867F0) ReturnHr(1) tid(1528) 80070002 The system cannot find the file specified.
onecore\windows\directx\database\helperlibrary\lib\perappusersettingsqueryimpl.cpp(135)\directxdatabasehelper.dll!00007FFE4AE67BF4: (caller: 00007FFE4AE67AA0) ReturnHr(2) tid(1528) 80070002 The system cannot find the file specified.
onecore\windows\directx\database\helperlibrary\lib\perappusersettingsqueryimpl.cpp(135)\directxdatabasehelper.dll!00007FFE4AE67BF4: (caller: 00007FFE4AE867F0) ReturnHr(3) tid(1528) 80070002 The system cannot find the file specified.
onecore\windows\directx\database\helperlibrary\lib\directxdatabasehelper.cpp(2290)\directxdatabasehelper.dll!00007FFE4AE856A0: (caller: 00007FFE4FAC444C) ReturnHr(4) tid(1528) 80070002 The system cannot find the file specified.
onecore\windows\directx\database\helperlibrary\lib\perappusersettingsqueryimpl.cpp(135)\directxdatabasehelper.dll!00007FFE4AE67BF4: (caller: 00007FFE4AE67AA0) ReturnHr(5) tid(1528) 80070002 The system cannot find the file specified.
onecore\windows\directx\database\helperlibrary\lib\perappusersettingsqueryimpl.cpp(135)\directxdatabasehelper.dll!00007FFE4AE67BF4: (caller: 00007FFE4AE867F0) ReturnHr(6) tid(1528) 80070002 The system cannot find the file specified.
onecore\windows\directx\database\helperlibrary\lib\perappusersettingsqueryimpl.cpp(135)\directxdatabasehelper.dll!00007FFE4AE67BF4: (caller: 00007FFE4AE867F0) ReturnHr(7) tid(1528) 80070002 The system cannot find the file specified.
onecore\windows\directx\database\helperlibrary\lib\perappusersettingsqueryimpl.cpp(135)\directxdatabasehelper.dll!00007FFE4AE67BF4: (caller: 00007FFE4AE67AA0) ReturnHr(8) tid(1528) 80070002 The system cannot find the file specified.
onecore\windows\directx\database\helperlibrary\lib\perappusersettingsqueryimpl.cpp(135)\directxdatabasehelper.dll!00007FFE4AE67BF4: (caller: 00007FFE4AE67AA0) ReturnHr(9) tid(1528) 80070002 The system cannot find the file specified.
[mep::vcam::AugmentedMediaSource::_Start(911)] Setting MediaType on base camera streamId=2: inW=2560 | inH=1440 | outW=1920 | outH=1080 | framerate: fps=30 num=30 den=1 | subtype=NV12 | preproc:0 | postproc:1 | isCompliant:1 | index=0
ModLoad: 00007ffe`01ba0000 00007ffe`01bb2000   C:\WINDOWS\System32\QcSoCServiceUtils.dll
ModLoad: 00007ffd`d2690000 00007ffd`d2727000   C:\WINDOWS\System32\DriverStore\FileRepository\qcnspmcdm8380.inf_arm64_553f7b0d71497f2c\libcdsprpc.dll
ModLoad: 00007ffe`49cd0000 00007ffe`49dba000   C:\WINDOWS\SYSTEM32\WINTRUST.dll
ModLoad: 00007ffe`53d50000 00007ffe`53d76000   C:\WINDOWS\SYSTEM32\MSASN1.dll
ModLoad: 00007ffe`01ba0000 00007ffe`01bbc000   C:\WINDOWS\System32\DriverStore\FileRepository\microsofteffectpack_extension.inf_arm64_8881111f8f333d4e\SnpeHtpV73Stub.dll
EM_PRE n=0 conv=00000248f21e6a20 out=00000248fef24cf8 bounds=00000248f81fb658 pred=3f800000 flag=00000000
EM_COMPACT_PRE
00000248`fef24cf8  00000000`01fc4ec4 00000000`01fc4ec4
00000248`fef24d08  00000000`01fc4ec4 00000000`01fc4ec4
00000248`fef24d18  00000000`01fc4ec4 00000000`01fc4ec4
00000248`fef24d28  00000000`01fc4ec4
EM_BOUNDS_238
00000248`f81fb658  00000000`3f800000 00000000`0000928c
00000248`f81fb668  3f800000`00000000 00000000`0000928c
00000248`f81fb678  00000000`00000000 00000000`42b80000
00000248`f81fb688  00000000`03f940a8 3f800000`43cb0fac
00000248`f81fb698  00000001`6d933c60 00000000`00000000
00000248`f81fb6a8  00000000`3f800000 00000000`0000928c
00000248`f81fb6b8  3f800000`00000000 00000000`0000928c
00000248`f81fb6c8  00000000`00000000 00000000`42b80000
00000248`f81fb6d8  00000000`03f940a8 3f800000`43cb0fac
00000248`f81fb6e8  00000001`6d933c60 00000000`00000000
00000248`f81fb6f8  00000000`3f800000 00000000`0000928c
00000248`f81fb708  3f800000`00000000 00000000`0000928c
00000248`f81fb718  00000000`00000000 00000000`42b80000
00000248`f81fb728  00000000`03f940a8 3f800000`43cb0fac
00000248`f81fb738  00000001`6d933c60 00000000`00000000
00000248`f81fb748  00000000`3f800000 00000000`0000928c
00000248`f81fb758  3f800000`00000000 00000000`0000928c
00000248`f81fb768  00000000`00000000 00000000`42b80000
00000248`f81fb778  00000000`03f940a8 3f800000`43cb0fac
00000248`f81fb788  00000001`6d933c60 00000000`00000000
00000248`f81fb798  00000000`3f800000 00000000`0000928c
00000248`f81fb7a8  3f800000`00000000 00000000`0000928c
00000248`f81fb7b8  00000000`00000000 00000000`42b80000
00000248`f81fb7c8  00000000`03f940a8 3f800000`43cb0fac
00000248`f81fb7d8  00000001`6d933c60 00000000`00000000
00000248`f81fb7e8  00000000`3f800000 00000000`0000928c
00000248`f81fb7f8  3f800000`00000000 00000000`0000928c
00000248`f81fb808  00000000`00000000 00000000`42b80000
00000248`f81fb818  00000000`03f940a8 3f800000`43cb0fac
00000248`f81fb828  00000001`6d933c60 00000000`00000000
00000248`f81fb838  00000000`3f800000 00000000`0000928c
00000248`f81fb848  3f800000`00000000 00000000`0000928c
00000248`f81fb858  00000000`00000000 00000000`42b80000
00000248`f81fb868  00000000`03f940a8 3f800000`43cb0fac
00000248`f81fb878  00000001`6d933c60 00000000`00000000
00000248`f81fb888  00000000`0000928c
EM_POST n=0 conv=00000248f21e6a20 out=00000248fef24cf8 pred=3f800000
EM_COMPACT_POST
00000248`fef24cf8  00000000`01fc4ec4 00000000`01fc4ec4
00000248`fef24d08  00000000`01fc4ec4 00000000`01fc4ec4
00000248`fef24d18  00000000`01fc4ec4 00000000`01fc4ec4
00000248`fef24d28  00000000`01fc4ec4
EM_REQUEST n=1 frame=1 out=00000248fef24cf8 capflag=0
EM_PRE n=1 conv=00000248f21e6a20 out=00000248fef24cf8 bounds=00000248f81fb658 pred=3f800000 flag=00000000
EM_COMPACT_PRE
00000248`fef24cf8  00000000`01fc4ec4 00000000`01fc4ec4
00000248`fef24d08  00000000`01fc4ec4 00000000`01fc4ec4
00000248`fef24d18  00000000`01fc4ec4 00000000`01fc4ec4
00000248`fef24d28  00000000`01fc4ec4
EM_BOUNDS_238
00000248`f81fb658  00000000`3f800000 00000000`0000928c
00000248`f81fb668  3f800000`00000000 00000000`0000928c
00000248`f81fb678  00000000`00000000 00000000`42b80000
00000248`f81fb688  00000000`03f940a8 3f800000`43cb0fac
00000248`f81fb698  00000001`6d933c60 00000000`00000000
00000248`f81fb6a8  00000000`3f800000 00000000`0000928c
00000248`f81fb6b8  3f800000`00000000 00000000`0000928c
00000248`f81fb6c8  00000000`00000000 00000000`42b80000
00000248`f81fb6d8  00000000`03f940a8 3f800000`43cb0fac
00000248`f81fb6e8  00000001`6d933c60 00000000`00000000
00000248`f81fb6f8  00000000`3f800000 00000000`0000928c
00000248`f81fb708  3f800000`00000000 00000000`0000928c
00000248`f81fb718  00000000`00000000 00000000`42b80000
00000248`f81fb728  00000000`03f940a8 3f800000`43cb0fac
00000248`f81fb738  00000001`6d933c60 00000000`00000000
00000248`f81fb748  00000000`3f800000 00000000`0000928c
00000248`f81fb758  3f800000`00000000 00000000`0000928c
00000248`f81fb768  00000000`00000000 00000000`42b80000
00000248`f81fb778  00000000`03f940a8 3f800000`43cb0fac
00000248`f81fb788  00000001`6d933c60 00000000`00000000
00000248`f81fb798  00000000`3f800000 00000000`0000928c
00000248`f81fb7a8  3f800000`00000000 00000000`0000928c
00000248`f81fb7b8  00000000`00000000 00000000`42b80000
00000248`f81fb7c8  00000000`03f940a8 3f800000`43cb0fac
00000248`f81fb7d8  00000001`6d933c60 00000000`00000000
00000248`f81fb7e8  00000000`3f800000 00000000`0000928c
00000248`f81fb7f8  3f800000`00000000 00000000`0000928c
00000248`f81fb808  00000000`00000000 00000000`42b80000
00000248`f81fb818  00000000`03f940a8 3f800000`43cb0fac
00000248`f81fb828  00000001`6d933c60 00000000`00000000
00000248`f81fb838  00000000`3f800000 00000000`0000928c
00000248`f81fb848  3f800000`00000000 00000000`0000928c
00000248`f81fb858  00000000`00000000 00000000`42b80000
00000248`f81fb868  00000000`03f940a8 3f800000`43cb0fac
00000248`f81fb878  00000001`6d933c60 00000000`00000000
00000248`f81fb888  00000000`0000928c
EM_POST n=1 conv=00000248f21e6a20 out=00000248fef24cf8 pred=3f800000
EM_COMPACT_POST
00000248`fef24cf8  00000000`01fc4ec4 00000000`01fc4ec4
00000248`fef24d08  00000000`01fc4ec4 00000000`01fc4ec4
00000248`fef24d18  00000000`01fc4ec4 00000000`01fc4ec4
00000248`fef24d28  00000000`01fc4ec4
EM_REQUEST n=2 frame=2 out=00000248fef24cf8 capflag=0
EM_PRE n=2 conv=00000248f21e6a20 out=00000248fef24cf8 bounds=00000248f81fb658 pred=3f800000 flag=00000000
EM_COMPACT_PRE
00000248`fef24cf8  00000000`01fc4ec4 00000000`01fc4ec4
00000248`fef24d08  00000000`01fc4ec4 00000000`01fc4ec4
00000248`fef24d18  00000000`01fc4ec4 00000000`01fc4ec4
00000248`fef24d28  00000000`01fc4ec4
EM_BOUNDS_238
00000248`f81fb658  00000000`3f800000 00000000`0000928c
00000248`f81fb668  3f800000`00000000 00000000`0000928c
00000248`f81fb678  00000000`00000000 00000000`42b80000
00000248`f81fb688  00000000`03f940a8 3f800000`43cb0fac
00000248`f81fb698  00000001`6d933c60 00000000`00000000
00000248`f81fb6a8  00000000`3f800000 00000000`0000928c
00000248`f81fb6b8  3f800000`00000000 00000000`0000928c
00000248`f81fb6c8  00000000`00000000 00000000`42b80000
00000248`f81fb6d8  00000000`03f940a8 3f800000`43cb0fac
00000248`f81fb6e8  00000001`6d933c60 00000000`00000000
00000248`f81fb6f8  00000000`3f800000 00000000`0000928c
00000248`f81fb708  3f800000`00000000 00000000`0000928c
00000248`f81fb718  00000000`00000000 00000000`42b80000
00000248`f81fb728  00000000`03f940a8 3f800000`43cb0fac
00000248`f81fb738  00000001`6d933c60 00000000`00000000
00000248`f81fb748  00000000`3f800000 00000000`0000928c
00000248`f81fb758  3f800000`00000000 00000000`0000928c
00000248`f81fb768  00000000`00000000 00000000`42b80000
00000248`f81fb778  00000000`03f940a8 3f800000`43cb0fac
00000248`f81fb788  00000001`6d933c60 00000000`00000000
00000248`f81fb798  00000000`3f800000 00000000`0000928c
00000248`f81fb7a8  3f800000`00000000 00000000`0000928c
00000248`f81fb7b8  00000000`00000000 00000000`42b80000
00000248`f81fb7c8  00000000`03f940a8 3f800000`43cb0fac
00000248`f81fb7d8  00000001`6d933c60 00000000`00000000
00000248`f81fb7e8  00000000`3f800000 00000000`0000928c
00000248`f81fb7f8  3f800000`00000000 00000000`0000928c
00000248`f81fb808  00000000`00000000 00000000`42b80000
00000248`f81fb818  00000000`03f940a8 3f800000`43cb0fac
00000248`f81fb828  00000001`6d933c60 00000000`00000000
00000248`f81fb838  00000000`3f800000 00000000`0000928c
00000248`f81fb848  3f800000`00000000 00000000`0000928c
00000248`f81fb858  00000000`00000000 00000000`42b80000
00000248`f81fb868  00000000`03f940a8 3f800000`43cb0fac
00000248`f81fb878  00000001`6d933c60 00000000`00000000
00000248`f81fb888  00000000`0000928c
EM_POST n=2 conv=00000248f21e6a20 out=00000248fef24cf8 pred=3f800000
EM_COMPACT_POST
00000248`fef24cf8  00000000`01fc4ec4 00000000`01fc4ec4
00000248`fef24d08  00000000`01fc4ec4 00000000`01fc4ec4
00000248`fef24d18  00000000`01fc4ec4 00000000`01fc4ec4
00000248`fef24d28  00000000`01fc4ec4
EM_REQUEST n=3 frame=3 out=00000248fef24cf8 capflag=0
ModLoad: 00007ffe`53c80000 00007ffe`53cb0000   C:\WINDOWS\System32\CRYPTSP.dll
ModLoad: 00007ffe`52de0000 00007ffe`52e47000   C:\WINDOWS\system32\rsaenh.dll
onecoreuap\drivers\mobilepc\sensors\convergence\api\native\v2\simpledeviceorientationsensor.cpp(650)\SensorsNativeApi.V2.dll!00007FFE296D45F0: (caller: 00007FFE296D2E48) Exception(3) tid(2300) 80070057 The parameter is incorrect.
(1f24.2300): C++ EH exception - code e06d7363 (first chance)
(1f24.2300): C++ EH exception - code e06d7363 (first chance)
ModLoad: 00007ffd`acb00000 00007ffd`acd88000   C:\Windows\System32\MSPhotography.dll
ModLoad: 00007ffe`53870000 00007ffe`538ad000   C:\WINDOWS\SYSTEM32\gpapi.dll
ModLoad: 00007ffd`ac860000 00007ffd`acaf1000   C:\Windows\System32\Windows.Media.FaceAnalysis.dll
ModLoad: 00007ffe`3af30000 00007ffe`3afad000   c:\windows\system32\CompPkgSup.DLL
ModLoad: 00007ffe`2e370000 00007ffe`2f016000   C:\Windows\System32\Windows.Media.dll
[mep::vcam::AugmentedMediaSource::_Start(931)] [exit] 
[mep::vcam::AugmentedMediaSource::OnMediaSourceEvent(3720)] Processing source event: met=205 
[mep::vcam::AugmentedMediaSource::OnNewStream(3796)] [enter] 
[mep::vcam::AugmentedMediaSource::OnNewStream(3815)] new stream Id: 2 
[mep::vcam::MediaStreamBase::SetMediaStream(471)] [enter, streamId=2, stream=00000248F21F68B0, m_spDevStream=0000000000000000] 
[mep::vcam::MediaStreamBase::SetMediaStream(483)] [exit, m_spDevStream=00000248F21F68B0] 
[mep::vcam::AugmentedMediaSource::OnNewStream(3827)] queuing stream pointer=00000248EE676990 
[mep::vcam::AugmentedMediaStream::OnMediaStreamEvent(1263)] [stream:2] MEStreamStarted 
[mep::vcam::MediaStreamBase::_SetStreamState(436)] [2 enter, new value: 2 | old value: 0] 
[mep::vcam::AugmentedMediaSource::OnNewStream(3837)] [exit] 
[mep::vcam::AugmentedMediaStream::_Start(1344)] [enter] 
[mep::vcam::AugmentedMediaStream::_Start(1384) stream:2] with mediatype, perfMitigationCheck=1: inW=2560 | inH=1440 | outW=1920 | outH=1080 | framerate: fps=30 num=30 den=1 | subtype=NV12 | preproc:0 | postproc:1 | isCompliant:1 | index=0
[mep::vcam::AugmentedMediaSource::OnMediaSourceEvent(3720)] Processing source event: met=201 
[mep::vcam::AugmentedMediaSource::OnSourceStarted(3844)] [enter] 
[mep::vcam::AugmentedMediaSource::OnSourceStarted(3851)] [exit] 
ModLoad: 00007ffe`237c0000 00007ffe`23998000   C:\Windows\System32\Windows.ApplicationModel.dll
ModLoad: 00007ffe`3fe20000 00007ffe`400de000   C:\Windows\System32\AppXDeploymentClient.dll
ModLoad: 00007ffe`577a0000 00007ffe`577dd000   C:\WINDOWS\System32\imagehlp.dll
EM_PRE n=3 conv=00000248f21e6a20 out=00000248fef24cf8 bounds=00000248f81fb658 pred=3f800000 flag=00000000
EM_COMPACT_PRE
00000248`fef24cf8  00000000`07bbe0cd 00000000`07bbe0cd
00000248`fef24d08  00000000`07bbe0cd 00000000`07bbe0cd
00000248`fef24d18  00000000`07bbe0cd 00000000`07bbe0cd
00000248`fef24d28  00000000`07bbe0cd
EM_BOUNDS_238
00000248`f81fb658  00000000`3f800000 00000000`0000928c
00000248`f81fb668  3f800000`00000000 00000000`0000928c
00000248`f81fb678  00000000`00000000 00000000`42b80000
00000248`f81fb688  00000000`03f940a8 3f800000`43cb0fac
00000248`f81fb698  00000001`6d933c60 00000000`00000000
00000248`f81fb6a8  00000000`3f800000 00000000`0000928c
00000248`f81fb6b8  3f800000`00000000 00000000`0000928c
00000248`f81fb6c8  00000000`00000000 00000000`42b80000
00000248`f81fb6d8  00000000`03f940a8 3f800000`43cb0fac
00000248`f81fb6e8  00000001`6d933c60 00000000`00000000
00000248`f81fb6f8  00000000`3f800000 00000000`0000928c
00000248`f81fb708  3f800000`00000000 00000000`0000928c
00000248`f81fb718  00000000`00000000 00000000`42b80000
00000248`f81fb728  00000000`03f940a8 3f800000`43cb0fac
00000248`f81fb738  00000001`6d933c60 00000000`00000000
00000248`f81fb748  00000000`3f800000 00000000`0000928c
00000248`f81fb758  3f800000`00000000 00000000`0000928c
00000248`f81fb768  00000000`00000000 00000000`42b80000
00000248`f81fb778  00000000`03f940a8 3f800000`43cb0fac
00000248`f81fb788  00000001`6d933c60 00000000`00000000
00000248`f81fb798  00000000`3f800000 00000000`0000928c
00000248`f81fb7a8  3f800000`00000000 00000000`0000928c
00000248`f81fb7b8  00000000`00000000 00000000`42b80000
00000248`f81fb7c8  00000000`03f940a8 3f800000`43cb0fac
00000248`f81fb7d8  00000001`6d933c60 00000000`00000000
00000248`f81fb7e8  00000000`3f800000 00000000`0000928c
00000248`f81fb7f8  3f800000`00000000 00000000`0000928c
00000248`f81fb808  00000000`00000000 00000000`42b80000
00000248`f81fb818  00000000`03f940a8 3f800000`43cb0fac
00000248`f81fb828  00000001`6d933c60 00000000`00000000
00000248`f81fb838  00000000`3f800000 00000000`0000928c
00000248`f81fb848  3f800000`00000000 00000000`0000928c
00000248`f81fb858  00000000`00000000 00000000`42b80000
00000248`f81fb868  00000000`03f940a8 3f800000`43cb0fac
00000248`f81fb878  00000001`6d933c60 00000000`00000000
00000248`f81fb888  00000000`0000928c
EM_POST n=3 conv=00000248f21e6a20 out=00000248fef24cf8 pred=3f800000
EM_COMPACT_POST
00000248`fef24cf8  00000000`07bbe0cd 00000000`07bbe0cd
00000248`fef24d08  00000000`07bbe0cd 00000000`07bbe0cd
00000248`fef24d18  00000000`07bbe0cd 00000000`07bbe0cd
00000248`fef24d28  00000000`07bbe0cd
EM_REQUEST n=4 frame=4 out=00000248fef24cf8 capflag=0
EM_PRE n=4 conv=00000248f21e6a20 out=00000248fef24cf8 bounds=00000248f81fb658 pred=3f800000 flag=00000000
EM_COMPACT_PRE
00000248`fef24cf8  00000000`1e1fb3b8 00000000`1e1fb3b8
00000248`fef24d08  00000000`1e1fb3b8 00000000`1e1fb3b8
00000248`fef24d18  00000000`1e1fb3b8 00000000`1e1fb3b8
00000248`fef24d28  00000000`1e1fb3b8
EM_BOUNDS_238
00000248`f81fb658  00000000`3f800000 00000000`0000928c
00000248`f81fb668  3f800000`00000000 00000000`0000928c
00000248`f81fb678  00000000`00000000 00000000`42b80000
00000248`f81fb688  00000000`03f940a8 3f800000`43cb0fac
00000248`f81fb698  00000001`6d933c60 00000000`00000000
00000248`f81fb6a8  00000000`3f800000 00000000`0000928c
00000248`f81fb6b8  3f800000`00000000 00000000`0000928c
00000248`f81fb6c8  00000000`00000000 00000000`42b80000
00000248`f81fb6d8  00000000`03f940a8 3f800000`43cb0fac
00000248`f81fb6e8  00000001`6d933c60 00000000`00000000
00000248`f81fb6f8  00000000`3f800000 00000000`0000928c
00000248`f81fb708  3f800000`00000000 00000000`0000928c
00000248`f81fb718  00000000`00000000 00000000`42b80000
00000248`f81fb728  00000000`03f940a8 3f800000`43cb0fac
00000248`f81fb738  00000001`6d933c60 00000000`00000000
00000248`f81fb748  00000000`3f800000 00000000`0000928c
00000248`f81fb758  3f800000`00000000 00000000`0000928c
00000248`f81fb768  00000000`00000000 00000000`42b80000
00000248`f81fb778  00000000`03f940a8 3f800000`43cb0fac
00000248`f81fb788  00000001`6d933c60 00000000`00000000
00000248`f81fb798  00000000`3f800000 00000000`0000928c
00000248`f81fb7a8  3f800000`00000000 00000000`0000928c
00000248`f81fb7b8  00000000`00000000 00000000`42b80000
00000248`f81fb7c8  00000000`03f940a8 3f800000`43cb0fac
00000248`f81fb7d8  00000001`6d933c60 00000000`00000000
00000248`f81fb7e8  00000000`3f800000 00000000`0000928c
00000248`f81fb7f8  3f800000`00000000 00000000`0000928c
00000248`f81fb808  00000000`00000000 00000000`42b80000
00000248`f81fb818  00000000`03f940a8 3f800000`43cb0fac
00000248`f81fb828  00000001`6d933c60 00000000`00000000
00000248`f81fb838  00000000`3f800000 00000000`0000928c
00000248`f81fb848  3f800000`00000000 00000000`0000928c
00000248`f81fb858  00000000`00000000 00000000`42b80000
00000248`f81fb868  00000000`03f940a8 3f800000`43cb0fac
00000248`f81fb878  00000001`6d933c60 00000000`00000000
00000248`f81fb888  00000000`0000928c
EM_POST n=4 conv=00000248f21e6a20 out=00000248fef24cf8 pred=3f800000
EM_COMPACT_POST
00000248`fef24cf8  00000000`1e1fb3b8 00000000`1e1fb3b8
00000248`fef24d08  00000000`1e1fb3b8 00000000`1e1fb3b8
00000248`fef24d18  00000000`1e1fb3b8 00000000`1e1fb3b8
00000248`fef24d28  00000000`1e1fb3b8
EM_REQUEST n=5 frame=5 out=00000248fef24cf8 capflag=0
EM_PRE n=5 conv=00000248f21e6a20 out=00000248fef24cf8 bounds=00000248f81fb658 pred=3f800000 flag=00000000
EM_COMPACT_PRE
00000248`fef24cf8  00000000`574ea2f2 00000000`574ea2f2
00000248`fef24d08  00000000`574ea2f2 00000000`574ea2f2
00000248`fef24d18  00000000`574ea2f2 00000000`574ea2f2
00000248`fef24d28  00000000`574ea2f2
EM_BOUNDS_238
00000248`f81fb658  00000000`3f800000 00000000`0000928c
00000248`f81fb668  3f800000`00000000 00000000`0000928c
00000248`f81fb678  00000000`00000000 00000000`42b80000
00000248`f81fb688  00000000`03f940a8 3f800000`43cb0fac
00000248`f81fb698  00000001`6d933c60 00000000`00000000
00000248`f81fb6a8  00000000`3f800000 00000000`0000928c
00000248`f81fb6b8  3f800000`00000000 00000000`0000928c
00000248`f81fb6c8  00000000`00000000 00000000`42b80000
00000248`f81fb6d8  00000000`03f940a8 3f800000`43cb0fac
00000248`f81fb6e8  00000001`6d933c60 00000000`00000000
00000248`f81fb6f8  00000000`3f800000 00000000`0000928c
00000248`f81fb708  3f800000`00000000 00000000`0000928c
00000248`f81fb718  00000000`00000000 00000000`42b80000
00000248`f81fb728  00000000`03f940a8 3f800000`43cb0fac
00000248`f81fb738  00000001`6d933c60 00000000`00000000
00000248`f81fb748  00000000`3f800000 00000000`0000928c
00000248`f81fb758  3f800000`00000000 00000000`0000928c
00000248`f81fb768  00000000`00000000 00000000`42b80000
00000248`f81fb778  00000000`03f940a8 3f800000`43cb0fac
00000248`f81fb788  00000001`6d933c60 00000000`00000000
00000248`f81fb798  00000000`3f800000 00000000`0000928c
00000248`f81fb7a8  3f800000`00000000 00000000`0000928c
00000248`f81fb7b8  00000000`00000000 00000000`42b80000
00000248`f81fb7c8  00000000`03f940a8 3f800000`43cb0fac
00000248`f81fb7d8  00000001`6d933c60 00000000`00000000
00000248`f81fb7e8  00000000`3f800000 00000000`0000928c
00000248`f81fb7f8  3f800000`00000000 00000000`0000928c
00000248`f81fb808  00000000`00000000 00000000`42b80000
00000248`f81fb818  00000000`03f940a8 3f800000`43cb0fac
00000248`f81fb828  00000001`6d933c60 00000000`00000000
00000248`f81fb838  00000000`3f800000 00000000`0000928c
00000248`f81fb848  3f800000`00000000 00000000`0000928c
00000248`f81fb858  00000000`00000000 00000000`42b80000
00000248`f81fb868  00000000`03f940a8 3f800000`43cb0fac
00000248`f81fb878  00000001`6d933c60 00000000`00000000
00000248`f81fb888  00000000`0000928c
EM_POST n=5 conv=00000248f21e6a20 out=00000248fef24cf8 pred=3f800000
EM_COMPACT_POST
00000248`fef24cf8  00000000`574ea2f2 00000000`574ea2f2
00000248`fef24d08  00000000`574ea2f2 00000000`574ea2f2
00000248`fef24d18  00000000`574ea2f2 00000000`574ea2f2
00000248`fef24d28  00000000`574ea2f2
EM_REQUEST n=6 frame=6 out=00000248fef24cf8 capflag=0
ModLoad: 00007ffe`50d80000 00007ffe`51ffb000   C:\WINDOWS\system32\windows.storage.dll
ModLoad: 00007ffe`31a30000 00007ffe`31a3a000   C:\Windows\System32\Windows.AI.MachineLearning.dll
ModLoad: 00007ffd`ac6f0000 00007ffd`ac859000   C:\Windows\System32\windows_ai_machinelearning_arm64.DLL
onecore\windows\directx\database\helperlibrary\lib\perappusersettingsqueryimpl.cpp(135)\directxdatabasehelper.dll!00007FFE4AE67BF4: (caller: 00007FFE4AE867F0) ReturnHr(10) tid(2808) 80070002 The system cannot find the file specified.
[mep::vcam::AugmentedMediaStream::_ProcessSample(465)] [stream:2, inputSample:0000024900783D80, sampleTime:1205499037] PC scenario: 0 | EnableAiEffects=1 | IsOccluded=0 | isAwaitingPreBake=1 | isPerfMitigated=0 
[mep::vcam::AugmentedMediaStream::_ProcessSample(521)] [stream:2] GetInitializedScenarios succeeded, Perception scenarios=0x00000000, state of latent init for: EGC=0, DW=0, SL=0, CC=0, PreBake=1 
[mep::vcam::AugmentedMediaStream::_ProcessSample(603)] [stream:2] skipping processing 
[mep::vcam::AugmentedMediaStream::_ProcessSample(465)] [stream:2, inputSample:0000024900783490, sampleTime:1205832885] PC scenario: 0 | EnableAiEffects=1 | IsOccluded=0 | isAwaitingPreBake=1 | isPerfMitigated=0 
[mep::vcam::AugmentedMediaStream::_ProcessSample(521)] [stream:2] GetInitializedScenarios succeeded, Perception scenarios=0x00000000, state of latent init for: EGC=0, DW=0, SL=0, CC=0, PreBake=1 
[mep::vcam::AugmentedMediaStream::_ProcessSample(603)] [stream:2] skipping processing 
ModLoad: 00007ffe`36dc0000 00007ffe`36dca000   C:\Windows\System32\onnxruntime.dll
ModLoad: 00007ffe`1c1b0000 00007ffe`1cc3d000   C:\WINDOWS\System32\onnxruntime_arm64.DLL
ModLoad: 00007ffe`4d2b0000 00007ffe`4d674000   C:\Windows\System32\windowscodecs.dll
[mep::vcam::HighResBackedAugmentedMediaStream::_PostprocessSample::<lambda_d3c53fdc90ecdbc251416b59c76eccd6>::operator ()(1951)] [Offloaded _PostprocessSample() outputSample:00000248F22F1530] 
[mep::vcam::AugmentedMediaStream::_ProcessSample(465)] [stream:2, inputSample:0000024900783D80, sampleTime:1206166736] PC scenario: 0 | EnableAiEffects=1 | IsOccluded=0 | isAwaitingPreBake=1 | isPerfMitigated=0 
[mep::vcam::AugmentedMediaStream::_ProcessSample(521)] [stream:2] GetInitializedScenarios succeeded, Perception scenarios=0x00000000, state of latent init for: EGC=0, DW=0, SL=0, CC=0, PreBake=1 
[mep::vcam::AugmentedMediaStream::_ProcessSample(603)] [stream:2] skipping processing 
[mep::vcam::HighResBackedAugmentedMediaStream::_PostprocessSample::<lambda_d3c53fdc90ecdbc251416b59c76eccd6>::operator ()(1951)] [Offloaded _PostprocessSample() outputSample:0000024900786480] 
[mep::vcam::HighResBackedAugmentedMediaStream::_PostprocessSample::<lambda_d3c53fdc90ecdbc251416b59c76eccd6>::operator ()(1951)] [Offloaded _PostprocessSample() outputSample:0000024900D10B50] 
EM_PRE n=6 conv=00000248f21e6a20 out=00000248fef24cf8 bounds=00000248f81fb658 pred=3f800000 flag=00000000
EM_COMPACT_PRE
00000248`fef24cf8  00000001`0c734b9a 00000001`0c734b9a
00000248`fef24d08  00000001`0c734b9a 00000001`0c734b9a
00000248`fef24d18  00000001`0c734b9a 00000001`0c734b9a
00000248`fef24d28  00000001`0c734b9a
EM_BOUNDS_238
00000248`f81fb658  00000000`3f800000 00000000`0000928c
00000248`f81fb668  3f800000`00000000 00000000`0000928c
00000248`f81fb678  00000000`00000000 00000000`42b80000
00000248`f81fb688  00000000`03f940a8 3f800000`43cb0fac
00000248`f81fb698  00000001`6d933c60 00000000`00000000
00000248`f81fb6a8  00000000`3f800000 00000000`0000928c
00000248`f81fb6b8  3f800000`00000000 00000000`0000928c
00000248`f81fb6c8  00000000`00000000 00000000`42b80000
00000248`f81fb6d8  00000000`03f940a8 3f800000`43cb0fac
00000248`f81fb6e8  00000001`6d933c60 00000000`00000000
00000248`f81fb6f8  00000000`3f800000 00000000`0000928c
00000248`f81fb708  3f800000`00000000 00000000`0000928c
00000248`f81fb718  00000000`00000000 00000000`42b80000
00000248`f81fb728  00000000`03f940a8 3f800000`43cb0fac
00000248`f81fb738  00000001`6d933c60 00000000`00000000
00000248`f81fb748  00000000`3f800000 00000000`0000928c
00000248`f81fb758  3f800000`00000000 00000000`0000928c
00000248`f81fb768  00000000`00000000 00000000`42b80000
00000248`f81fb778  00000000`03f940a8 3f800000`43cb0fac
00000248`f81fb788  00000001`6d933c60 00000000`00000000
00000248`f81fb798  00000000`3f800000 00000000`0000928c
00000248`f81fb7a8  3f800000`00000000 00000000`0000928c
00000248`f81fb7b8  00000000`00000000 00000000`42b80000
00000248`f81fb7c8  00000000`03f940a8 3f800000`43cb0fac
00000248`f81fb7d8  00000001`6d933c60 00000000`00000000
00000248`f81fb7e8  00000000`3f800000 00000000`0000928c
00000248`f81fb7f8  3f800000`00000000 00000000`0000928c
00000248`f81fb808  00000000`00000000 00000000`42b80000
00000248`f81fb818  00000000`03f940a8 3f800000`43cb0fac
00000248`f81fb828  00000001`6d933c60 00000000`00000000
00000248`f81fb838  00000000`3f800000 00000000`0000928c
00000248`f81fb848  3f800000`00000000 00000000`0000928c
00000248`f81fb858  00000000`00000000 00000000`42b80000
00000248`f81fb868  00000000`03f940a8 3f800000`43cb0fac
00000248`f81fb878  00000001`6d933c60 00000000`00000000
00000248`f81fb888  00000000`0000928c
EM_POST n=6 conv=00000248f21e6a20 out=00000248fef24cf8 pred=3f800000
EM_COMPACT_POST
00000248`fef24cf8  00000001`0c734b9a 00000001`0c734b9a
00000248`fef24d08  00000001`0c734b9a 00000001`0c734b9a
00000248`fef24d18  00000001`0c734b9a 00000001`0c734b9a
00000248`fef24d28  00000001`0c734b9a
EM_REQUEST n=7 frame=7 out=00000248fef24cf8 capflag=0
[mep::vcam::AugmentedMediaStream::_ProcessSample(465)] [stream:2, inputSample:0000024900783490, sampleTime:1206834621] PC scenario: 0 | EnableAiEffects=1 | IsOccluded=0 | isAwaitingPreBake=1 | isPerfMitigated=0 
[mep::vcam::AugmentedMediaStream::_ProcessSample(521)] [stream:2] GetInitializedScenarios succeeded, Perception scenarios=0x00000000, state of latent init for: EGC=0, DW=0, SL=0, CC=0, PreBake=1 
[mep::vcam::AugmentedMediaStream::_ProcessSample(603)] [stream:2] skipping processing 
EM_PRE n=7 conv=00000248f21e6a20 out=00000248fef24cf8 bounds=00000248f81fb658 pred=3f800000 flag=00000000
EM_COMPACT_PRE
00000248`fef24cf8  00000002`1dc3b217 00000002`6833b0fa
00000248`fef24d08  00000002`6833b0fa 00000002`1dc3b217
00000248`fef24d18  00000002`1dc3b217 00000002`1dc3b217
00000248`fef24d28  00000002`1dc3b217
EM_BOUNDS_238
00000248`f81fb658  00000000`3f800000 00000000`0000928c
00000248`f81fb668  3f800000`00000000 00000000`0000928c
00000248`f81fb678  00000000`00000000 00000000`42b80000
00000248`f81fb688  00000000`03f940a8 3f800000`43cb0fac
00000248`f81fb698  00000001`6d933c60 00000000`00000000
00000248`f81fb6a8  00000000`3f800000 00000000`0000928c
00000248`f81fb6b8  3f800000`00000000 00000000`0000928c
00000248`f81fb6c8  00000000`00000000 00000000`42b80000
00000248`f81fb6d8  00000000`03f940a8 3f800000`43cb0fac
00000248`f81fb6e8  00000001`6d933c60 00000000`00000000
00000248`f81fb6f8  00000000`3f800000 00000000`0000928c
00000248`f81fb708  3f800000`00000000 00000000`0000928c
00000248`f81fb718  00000000`00000000 00000000`42b80000
00000248`f81fb728  00000000`03f940a8 3f800000`43cb0fac
00000248`f81fb738  00000001`6d933c60 00000000`00000000
00000248`f81fb748  00000000`3f800000 00000000`0000928c
00000248`f81fb758  3f800000`00000000 00000000`0000928c
00000248`f81fb768  00000000`00000000 00000000`42b80000
00000248`f81fb778  00000000`03f940a8 3f800000`43cb0fac
00000248`f81fb788  00000001`6d933c60 00000000`00000000
00000248`f81fb798  00000000`3f800000 00000000`0000928c
00000248`f81fb7a8  3f800000`00000000 00000000`0000928c
00000248`f81fb7b8  00000000`00000000 00000000`42b80000
00000248`f81fb7c8  00000000`03f940a8 3f800000`43cb0fac
00000248`f81fb7d8  00000001`6d933c60 00000000`00000000
00000248`f81fb7e8  00000000`3f800000 00000000`0000928c
00000248`f81fb7f8  3f800000`00000000 00000000`0000928c
00000248`f81fb808  00000000`00000000 00000000`42b80000
00000248`f81fb818  00000000`03f940a8 3f800000`43cb0fac
00000248`f81fb828  00000001`6d933c60 00000000`00000000
00000248`f81fb838  00000000`3f800000 00000000`0000928c
00000248`f81fb848  3f800000`00000000 00000000`0000928c
00000248`f81fb858  00000000`00000000 00000000`42b80000
00000248`f81fb868  00000000`03f940a8 3f800000`43cb0fac
00000248`f81fb878  00000001`6d933c60 00000000`00000000
00000248`f81fb888  00000000`0000928c
EM_POST n=7 conv=00000248f21e6a20 out=00000248fef24cf8 pred=3f800000
EM_COMPACT_POST
00000248`fef24cf8  00000001`6d933c60 00000001`6d933c60
00000248`fef24d08  00000001`6d933c60 00000001`6d933c60
00000248`fef24d18  00000001`6d933c60 00000001`6d933c60
00000248`fef24d28  00000001`6d933c60
EM_REQUEST n=8 frame=8 out=00000248fef24cf8 capflag=0
[mep::vcam::HighResBackedAugmentedMediaStream::_PostprocessSample::<lambda_d3c53fdc90ecdbc251416b59c76eccd6>::operator ()(1951)] [Offloaded _PostprocessSample() outputSample:00000248F22F1530] 
EM_PRE n=8 conv=00000248f21e6a20 out=00000248fef24cf8 bounds=00000248f81fb658 pred=3f800000 flag=00000000
EM_COMPACT_PRE
00000248`fef24cf8  00000002`796347c8 00000002`e6bc1e66
00000248`fef24d08  00000002`e6bc1e66 00000002`796347c8
00000248`fef24d18  00000002`796347c8 00000002`796347c8
00000248`fef24d28  00000002`796347c8
EM_BOUNDS_238
00000248`f81fb658  00000000`3f800000 00000000`0000928c
00000248`f81fb668  3f800000`00000000 00000000`0000928c
00000248`f81fb678  00000000`00000000 00000000`42b80000
00000248`f81fb688  00000000`03f940a8 3f800000`43cb0fac
00000248`f81fb698  00000001`6d933c60 00000000`00000000
00000248`f81fb6a8  00000000`3f800000 00000000`0000928c
00000248`f81fb6b8  3f800000`00000000 00000000`0000928c
00000248`f81fb6c8  00000000`00000000 00000000`42b80000
00000248`f81fb6d8  00000000`03f940a8 3f800000`43cb0fac
00000248`f81fb6e8  00000001`6d933c60 00000000`00000000
00000248`f81fb6f8  00000000`3f800000 00000000`0000928c
00000248`f81fb708  3f800000`00000000 00000000`0000928c
00000248`f81fb718  00000000`00000000 00000000`42b80000
00000248`f81fb728  00000000`03f940a8 3f800000`43cb0fac
00000248`f81fb738  00000001`6d933c60 00000000`00000000
00000248`f81fb748  00000000`3f800000 00000000`0000928c
00000248`f81fb758  3f800000`00000000 00000000`0000928c
00000248`f81fb768  00000000`00000000 00000000`42b80000
00000248`f81fb778  00000000`03f940a8 3f800000`43cb0fac
00000248`f81fb788  00000001`6d933c60 00000000`00000000
00000248`f81fb798  00000000`3f800000 00000000`0000928c
00000248`f81fb7a8  3f800000`00000000 00000000`0000928c
00000248`f81fb7b8  00000000`00000000 00000000`42b80000
00000248`f81fb7c8  00000000`03f940a8 3f800000`43cb0fac
00000248`f81fb7d8  00000001`6d933c60 00000000`00000000
00000248`f81fb7e8  00000000`3f800000 00000000`0000928c
00000248`f81fb7f8  3f800000`00000000 00000000`0000928c
00000248`f81fb808  00000000`00000000 00000000`42b80000
00000248`f81fb818  00000000`03f940a8 3f800000`43cb0fac
00000248`f81fb828  00000001`6d933c60 00000000`00000000
00000248`f81fb838  00000000`3f800000 00000000`0000928c
00000248`f81fb848  3f800000`00000000 00000000`0000928c
00000248`f81fb858  00000000`00000000 00000000`42b80000
00000248`f81fb868  00000000`03f940a8 3f800000`43cb0fac
00000248`f81fb878  00000001`6d933c60 00000000`00000000
00000248`f81fb888  00000000`0000928c
EM_POST n=8 conv=00000248f21e6a20 out=00000248fef24cf8 pred=3f800000
EM_COMPACT_POST
00000248`fef24cf8  00000001`6d933c60 00000001`6d933c60
00000248`fef24d08  00000001`6d933c60 00000001`6d933c60
00000248`fef24d18  00000001`6d933c60 00000001`6d933c60
00000248`fef24d28  00000001`6d933c60
EM_REQUEST n=9 frame=9 out=00000248fef24cf8 capflag=0
[mep::vcam::AugmentedMediaStream::_ProcessSample(465)] [stream:2, inputSample:0000024900783D80, sampleTime:1207168658] PC scenario: 0 | EnableAiEffects=1 | IsOccluded=0 | isAwaitingPreBake=1 | isPerfMitigated=0 
[mep::vcam::AugmentedMediaStream::_ProcessSample(521)] [stream:2] GetInitializedScenarios succeeded, Perception scenarios=0x00000000, state of latent init for: EGC=0, DW=0, SL=0, CC=0, PreBake=1 
[mep::vcam::AugmentedMediaStream::_ProcessSample(603)] [stream:2] skipping processing 
[mep::vcam::HighResBackedAugmentedMediaStream::_PostprocessSample::<lambda_d3c53fdc90ecdbc251416b59c76eccd6>::operator ()(1951)] [Offloaded _PostprocessSample() outputSample:0000024900786480] 
[mep::vcam::AugmentedMediaSource::GetService(1416)] [enter: guidService={00000000-0000-0000-0000-000000000000} | riid={b91ebfee-ca03-4af4-8a82-a31752f4a0fc}] 
[mep::vcam::AugmentedMediaSource::KsProperty(1558)] [enter: Set={1cb79112-c0d2-4213-9ca6-cd4fdb927972} | id=43 | flags=0x00000001] 
[mep::vcam::AugmentedMediaSource::KsProperty(1563)] Extended Control 43 Passed  
[mep::vcam::AugmentedMediaSource::KsProperty(1648)] DIGITALWINDOW DDI queried 
[mep::vcam::AugmentedMediaSource::LazyInitPerceptionCore(528)] [enter: scenariosToInitialize=0x00000000, waitAsyncInitCompletion=-1] 
[mep::vcam::AugmentedMediaSource::LazyInitPerceptionCore(557)] [exit: skip] 
[?????????????????????y(1668)] hr=0x800700EA 
 
[mep::vcam::AugmentedMediaSource::KsProperty(1558)] [enter: Set={1cb79112-c0d2-4213-9ca6-cd4fdb927972} | id=43 | flags=0x00000001] 
[mep::vcam::AugmentedMediaSource::KsProperty(1563)] Extended Control 43 Passed  
[mep::vcam::AugmentedMediaSource::KsProperty(1648)] DIGITALWINDOW DDI queried 
[mep::vcam::AugmentedMediaSource::LazyInitPerceptionCore(528)] [enter: scenariosToInitialize=0x00000000, waitAsyncInitCompletion=-1] 
[mep::vcam::AugmentedMediaSource::LazyInitPerceptionCore(557)] [exit: skip] 
[mep::vcam::AugmentedMediaSource::KsProperty(1558)] [enter: Set={1cb79112-c0d2-4213-9ca6-cd4fdb927972} | id=43 | flags=0x00000002] 
[mep::vcam::AugmentedMediaSource::KsProperty(1563)] Extended Control 43 Passed  
[mep::vcam::AugmentedMediaSource::KsProperty(1648)] DIGITALWINDOW DDI queried 
[mep::vcam::AugmentedMediaSource::LazyInitPerceptionCore(528)] [enter: scenariosToInitialize=0x00000000, waitAsyncInitCompletion=-1] 
[mep::vcam::AugmentedMediaSource::LazyInitPerceptionCore(557)] [exit: skip] 
[mep::vcam::AugmentedMediaSource::DigitalWindowPropertyHandler(2947)] Queried KSPROPERTY_CAMERACONTROL_EXTENDED_FIELDOFVIEW2_CONFIGCAPS with hr=0x00000000 
[mep::vcam::AugmentedMediaSource::DigitalWindowPropertyHandler(2956)] Queried KSPROPERTY_CAMERACONTROL_EXTENDED_FIELDOFVIEW2_CONFIGCAPS, max FoV value=114l, default FoV value=100l 
[mep::vcam::AugmentedMediaSource::DigitalWindowPropertyHandler(3011)] Set KSPROPERTY_CAMERACONTROL_EXTENDED_FIELDOFVIEW2 current FoV value=114l 
[mep::vcam::AugmentedMediaSource::LazyInitPerceptionCore(528)] [enter: scenariosToInitialize=0x00010000, waitAsyncInitCompletion=-1] 
[mep::vcam::AugmentedMediaSource::LazyInitPerceptionCore(577)] GetInitializedScenarios succeeded, Perception scenarios=0x00000000 
[mep::vcam::AugmentedMediaSource::LazyInitPerceptionCore(632)] Not waiting to validate when AsyncInit completes 
[mep::vcam::AugmentedMediaSource::LazyInitPerceptionCore(685)] [exit: hr=0x00000000, result=0, Perception scenarios=0x00000000] 
[mep::vcam::AugmentedMediaSource::DigitalWindowPropertyHandler(3051)] KSCAMERA_EXTENDEDPROP_DIGITALWINDOW_SETTING set to: 1 
[mep::vcam::AugmentedMediaSource::AttemptToNotifyOfControlChange(3937)] [enter, effectkind:2] 
[mep::vcam::AugmentedMediaSource::AttemptToNotifyOfControlChange(3985)] Queried KSPROPERTY_CAMERACONTROL_WINDOWSTUDIO_SETNOTIFICATION with hr=0x00000000 
[mep::vcam::AugmentedMediaSource::AttemptToNotifyOfControlChange(4016)] Should notify upon SET of bs:0, ec:0, dw:1, sl:0, cf:1 
[mep::vcam::AugmentedMediaSource::AttemptToNotifyOfControlChange(4022)] Set KSPROPERTY_CAMERACONTROL_WINDOWSTUDIO_SETNOTIFICATION with flags=1l 
[mep::vcam::AugmentedMediaSource::GetService(1416)] [enter: guidService={00000000-0000-0000-0000-000000000000} | riid={b91ebfee-ca03-4af4-8a82-a31752f4a0fc}] 
[mep::vcam::AugmentedMediaSource::KsProperty(1558)] [enter: Set={1cb79112-c0d2-4213-9ca6-cd4fdb927972} | id=46 | flags=0x00000001] 
[mep::vcam::AugmentedMediaSource::KsProperty(1563)] Extended Control 46 Passed  
[mep::vcam::AugmentedMediaSource::KsProperty(1846)] KSPROPERTY_CAMERACONTROL_EXTENDED_FIELDOFVIEW2 DDI queried 
[mep::vcam::AugmentedMediaSource::KsProperty(1856)] KSPROPERTY_CAMERACONTROL_EXTENDED_FIELDOFVIEW2 DDI queried 
[????????????????????????????????????s(510)] hr=0x800700EA 
 
[?????????????????????y(2118)] hr=0x800700EA 
 
[mep::vcam::AugmentedMediaSource::GetService(1416)] [enter: guidService={00000000-0000-0000-0000-000000000000} | riid={b91ebfee-ca03-4af4-8a82-a31752f4a0fc}] 
[mep::vcam::AugmentedMediaSource::KsProperty(1558)] [enter: Set={1cb79112-c0d2-4213-9ca6-cd4fdb927972} | id=21 | flags=0x00000001] 
[mep::vcam::AugmentedMediaSource::KsProperty(1563)] Extended Control 21 Passed  
[????????????????????????????????????s(510)] hr=0x800700EA 
 
[?????????????????????y(2118)] hr=0x800700EA 
 
[mep::vcam::AugmentedMediaSource::GetService(1416)] [enter: guidService={00000000-0000-0000-0000-000000000000} | riid={b91ebfee-ca03-4af4-8a82-a31752f4a0fc}] 
[mep::vcam::AugmentedMediaSource::KsProperty(1558)] [enter: Set={1cb79112-c0d2-4213-9ca6-cd4fdb927972} | id=22 | flags=0x00000001] 
[mep::vcam::AugmentedMediaSource::KsProperty(1563)] Extended Control 22 Passed  
[mep::vcam::AugmentedMediaSource::KsProperty(1737)] ROI ISPCONTROL DDI queried while ActiveDirector is engaged.. 
[????????????????????????????????(3425)] hr=0x800700EA 
 
[?????????????????????y(1755)] hr=0x800700EA 
 
[mep::vcam::AugmentedMediaSource::GetService(1416)] [enter: guidService={00000000-0000-0000-0000-000000000000} | riid={b91ebfee-ca03-4af4-8a82-a31752f4a0fc}] 
[mep::vcam::AugmentedMediaSource::KsProperty(1558)] [enter: Set={1cb79112-c0d2-4213-9ca6-cd4fdb927972} | id=24 | flags=0x00000001] 
[mep::vcam::AugmentedMediaSource::KsProperty(1563)] Extended Control 24 Passed  
[????????????????????????????????????s(510)] hr=0x800700EA 
 
[?????????????????????y(2118)] hr=0x800700EA 
 
[mep::vcam::AugmentedMediaSource::GetService(1416)] [enter: guidService={00000000-0000-0000-0000-000000000000} | riid={b91ebfee-ca03-4af4-8a82-a31752f4a0fc}] 
[mep::vcam::AugmentedMediaSource::KsProperty(1558)] [enter: Set={1cb79112-c0d2-4213-9ca6-cd4fdb927972} | id=15 | flags=0x00000001] 
[mep::vcam::AugmentedMediaSource::KsProperty(1563)] Extended Control 15 Passed  
[????????????????????????????????????s(510)] hr=0x80070490 
 
[?????????????????????y(2118)] hr=0x80070490 
 
[mep::vcam::AugmentedMediaStream::_ProcessSample(465)] [stream:2, inputSample:0000024900783490, sampleTime:1207502693] PC scenario: 65536 | EnableAiEffects=1 | IsOccluded=0 | isAwaitingPreBake=1 | isPerfMitigated=0 
[mep::vcam::AugmentedMediaStream::_ProcessSample(521)] [stream:2] GetInitializedScenarios succeeded, Perception scenarios=0x00000000, state of latent init for: EGC=0, DW=1, SL=0, CC=0, PreBake=1 
[mep::vcam::AugmentedMediaStream::_ProcessSample(603)] [stream:2] skipping processing 
[mep::vcam::HighResBackedAugmentedMediaStream::_PostprocessSample::<lambda_d3c53fdc90ecdbc251416b59c76eccd6>::operator ()(1951)] [Offloaded _PostprocessSample() outputSample:0000024900D10B50] 
EM_PRE n=9 conv=00000248f21e6a20 out=00000248fef24cf8 bounds=00000248f81fb658 pred=3f800000 flag=00000000
EM_COMPACT_PRE
00000248`fef24cf8  00000002`1835d704 00000002`33f7c001
00000248`fef24d08  00000002`33f7c001 00000002`1835d704
00000248`fef24d18  00000002`1835d704 00000002`1835d704
00000248`fef24d28  00000002`1835d704
EM_BOUNDS_238
00000248`f81fb658  00000000`3f800000 00000000`0000928c
00000248`f81fb668  3f800000`00000000 00000000`0000928c
00000248`f81fb678  00000000`00000000 00000000`42b80000
00000248`f81fb688  00000000`03f940a8 3f800000`43cb0fac
00000248`f81fb698  00000001`6d933c60 00000000`00000000
00000248`f81fb6a8  00000000`3f800000 00000000`0000928c
00000248`f81fb6b8  3f800000`00000000 00000000`0000928c
00000248`f81fb6c8  00000000`00000000 00000000`42b80000
00000248`f81fb6d8  00000000`03f940a8 3f800000`43cb0fac
00000248`f81fb6e8  00000001`6d933c60 00000000`00000000
00000248`f81fb6f8  00000000`3f800000 00000000`0000928c
00000248`f81fb708  3f800000`00000000 00000000`0000928c
00000248`f81fb718  00000000`00000000 00000000`42b80000
00000248`f81fb728  00000000`03f940a8 3f800000`43cb0fac
00000248`f81fb738  00000001`6d933c60 00000000`00000000
00000248`f81fb748  00000000`3f800000 00000000`0000928c
00000248`f81fb758  3f800000`00000000 00000000`0000928c
00000248`f81fb768  00000000`00000000 00000000`42b80000
00000248`f81fb778  00000000`03f940a8 3f800000`43cb0fac
00000248`f81fb788  00000001`6d933c60 00000000`00000000
00000248`f81fb798  00000000`3f800000 00000000`0000928c
00000248`f81fb7a8  3f800000`00000000 00000000`0000928c
00000248`f81fb7b8  00000000`00000000 00000000`42b80000
00000248`f81fb7c8  00000000`03f940a8 3f800000`43cb0fac
00000248`f81fb7d8  00000001`6d933c60 00000000`00000000
00000248`f81fb7e8  00000000`3f800000 00000000`0000928c
00000248`f81fb7f8  3f800000`00000000 00000000`0000928c
00000248`f81fb808  00000000`00000000 00000000`42b80000
00000248`f81fb818  00000000`03f940a8 3f800000`43cb0fac
00000248`f81fb828  00000001`6d933c60 00000000`00000000
00000248`f81fb838  00000000`3f800000 00000000`0000928c
00000248`f81fb848  3f800000`00000000 00000000`0000928c
00000248`f81fb858  00000000`00000000 00000000`42b80000
00000248`f81fb868  00000000`03f940a8 3f800000`43cb0fac
00000248`f81fb878  00000001`6d933c60 00000000`00000000
00000248`f81fb888  00000000`0000928c
EM_POST n=9 conv=00000248f21e6a20 out=00000248fef24cf8 pred=3f800000
EM_COMPACT_POST
00000248`fef24cf8  00000001`6d933c60 00000001`6d933c60
00000248`fef24d08  00000001`6d933c60 00000001`6d933c60
00000248`fef24d18  00000001`6d933c60 00000001`6d933c60
00000248`fef24d28  00000001`6d933c60
EM_REQUEST n=10 frame=10 out=00000248fef24cf8 capflag=0
[mep::vcam::AugmentedMediaStream::_ProcessSample(465)] [stream:2, inputSample:0000024900783D80, sampleTime:1208170017] PC scenario: 65536 | EnableAiEffects=1 | IsOccluded=0 | isAwaitingPreBake=1 | isPerfMitigated=0 
[mep::vcam::AugmentedMediaStream::_ProcessSample(521)] [stream:2] GetInitializedScenarios succeeded, Perception scenarios=0x00100000, state of latent init for: EGC=0, DW=1, SL=0, CC=0, PreBake=1 
[mep::vcam::AugmentedMediaStream::_ProcessSample(603)] [stream:2] skipping processing 
[mep::vcam::HighResBackedAugmentedMediaStream::_PostprocessSample::<lambda_d3c53fdc90ecdbc251416b59c76eccd6>::operator ()(1951)] [Offloaded _PostprocessSample() outputSample:00000248F22F1530] 
EM_PRE n=10 conv=00000248f21e6a20 out=00000248fef24cf8 bounds=00000248f81fb658 pred=3f800000 flag=00000000
EM_COMPACT_PRE
00000248`fef24cf8  00000001`ead64f2b 00000002`043f005a
00000248`fef24d08  00000002`043f005a 00000001`ead64f2b
00000248`fef24d18  00000001`ead64f2b 00000001`ead64f2b
00000248`fef24d28  00000001`ead64f2b
EM_BOUNDS_238
00000248`f81fb658  00000000`3f800000 00000000`0000928c
00000248`f81fb668  3f800000`00000000 00000000`0000928c
00000248`f81fb678  00000000`00000000 00000000`42b80000
00000248`f81fb688  00000000`03f940a8 3f800000`43cb0fac
00000248`f81fb698  00000001`6d933c60 00000000`00000000
00000248`f81fb6a8  00000000`3f800000 00000000`0000928c
00000248`f81fb6b8  3f800000`00000000 00000000`0000928c
00000248`f81fb6c8  00000000`00000000 00000000`42b80000
00000248`f81fb6d8  00000000`03f940a8 3f800000`43cb0fac
00000248`f81fb6e8  00000001`6d933c60 00000000`00000000
00000248`f81fb6f8  00000000`3f800000 00000000`0000928c
00000248`f81fb708  3f800000`00000000 00000000`0000928c
00000248`f81fb718  00000000`00000000 00000000`42b80000
00000248`f81fb728  00000000`03f940a8 3f800000`43cb0fac
00000248`f81fb738  00000001`6d933c60 00000000`00000000
00000248`f81fb748  00000000`3f800000 00000000`0000928c
00000248`f81fb758  3f800000`00000000 00000000`0000928c
00000248`f81fb768  00000000`00000000 00000000`42b80000
00000248`f81fb778  00000000`03f940a8 3f800000`43cb0fac
00000248`f81fb788  00000001`6d933c60 00000000`00000000
00000248`f81fb798  00000000`3f800000 00000000`0000928c
00000248`f81fb7a8  3f800000`00000000 00000000`0000928c
00000248`f81fb7b8  00000000`00000000 00000000`42b80000
00000248`f81fb7c8  00000000`03f940a8 3f800000`43cb0fac
00000248`f81fb7d8  00000001`6d933c60 00000000`00000000
00000248`f81fb7e8  00000000`3f800000 00000000`0000928c
00000248`f81fb7f8  3f800000`00000000 00000000`0000928c
00000248`f81fb808  00000000`00000000 00000000`42b80000
00000248`f81fb818  00000000`03f940a8 3f800000`43cb0fac
00000248`f81fb828  00000001`6d933c60 00000000`00000000
00000248`f81fb838  00000000`3f800000 00000000`0000928c
00000248`f81fb848  3f800000`00000000 00000000`0000928c
00000248`f81fb858  00000000`00000000 00000000`42b80000
00000248`f81fb868  00000000`03f940a8 3f800000`43cb0fac
00000248`f81fb878  00000001`6d933c60 00000000`00000000
00000248`f81fb888  00000000`0000928c
EM_POST n=10 conv=00000248f21e6a20 out=00000248fef24cf8 pred=3f800000
EM_COMPACT_POST
00000248`fef24cf8  00000001`6d933c60 00000001`6d933c60
00000248`fef24d08  00000001`6d933c60 00000001`6d933c60
00000248`fef24d18  00000001`6d933c60 00000001`6d933c60
00000248`fef24d28  00000001`6d933c60
EM_REQUEST n=11 frame=11 out=00000248fef24cf8 capflag=0
[mep::vcam::AugmentedMediaStream::_ProcessSample(465)] [stream:2, inputSample:0000024900783490, sampleTime:1208837337] PC scenario: 65536 | EnableAiEffects=1 | IsOccluded=0 | isAwaitingPreBake=1 | isPerfMitigated=0 
[mep::vcam::AugmentedMediaStream::_ProcessSample(521)] [stream:2] GetInitializedScenarios succeeded, Perception scenarios=0x00100001, state of latent init for: EGC=0, DW=1, SL=0, CC=0, PreBake=1 
[mep::vcam::AugmentedMediaStream::_ProcessSample(603)] [stream:2] skipping processing 
[mep::vcam::HighResBackedAugmentedMediaStream::_PostprocessSample::<lambda_d3c53fdc90ecdbc251416b59c76eccd6>::operator ()(1951)] [Offloaded _PostprocessSample() outputSample:0000024900786480] 
EM_PRE n=11 conv=00000248f21e6a20 out=00000248fef24cf8 bounds=00000248f81fb658 pred=3f800000 flag=00000000
EM_COMPACT_PRE
00000248`fef24cf8  00000001`f05bac30 00000002`0a0d7e58
00000248`fef24d08  00000002`0a0d7e58 00000001`f05bac30
00000248`fef24d18  00000001`f05bac30 00000001`f05bac30
00000248`fef24d28  00000001`f05bac30
EM_BOUNDS_238
00000248`f81fb658  00000000`3f800000 00000000`0000928c
00000248`f81fb668  3f800000`00000000 00000000`0000928c
00000248`f81fb678  00000000`00000000 00000000`42b80000
00000248`f81fb688  00000000`03f940a8 3f800000`43cb0fac
00000248`f81fb698  00000001`6d933c60 00000000`00000000
00000248`f81fb6a8  00000000`3f800000 00000000`0000928c
00000248`f81fb6b8  3f800000`00000000 00000000`0000928c
00000248`f81fb6c8  00000000`00000000 00000000`42b80000
00000248`f81fb6d8  00000000`03f940a8 3f800000`43cb0fac
00000248`f81fb6e8  00000001`6d933c60 00000000`00000000
00000248`f81fb6f8  00000000`3f800000 00000000`0000928c
00000248`f81fb708  3f800000`00000000 00000000`0000928c
00000248`f81fb718  00000000`00000000 00000000`42b80000
00000248`f81fb728  00000000`03f940a8 3f800000`43cb0fac
00000248`f81fb738  00000001`6d933c60 00000000`00000000
00000248`f81fb748  00000000`3f800000 00000000`0000928c
00000248`f81fb758  3f800000`00000000 00000000`0000928c
00000248`f81fb768  00000000`00000000 00000000`42b80000
00000248`f81fb778  00000000`03f940a8 3f800000`43cb0fac
00000248`f81fb788  00000001`6d933c60 00000000`00000000
00000248`f81fb798  00000000`3f800000 00000000`0000928c
00000248`f81fb7a8  3f800000`00000000 00000000`0000928c
00000248`f81fb7b8  00000000`00000000 00000000`42b80000
00000248`f81fb7c8  00000000`03f940a8 3f800000`43cb0fac
00000248`f81fb7d8  00000001`6d933c60 00000000`00000000
00000248`f81fb7e8  00000000`3f800000 00000000`0000928c
00000248`f81fb7f8  3f800000`00000000 00000000`0000928c
00000248`f81fb808  00000000`00000000 00000000`42b80000
00000248`f81fb818  00000000`03f940a8 3f800000`43cb0fac
00000248`f81fb828  00000001`6d933c60 00000000`00000000
00000248`f81fb838  00000000`3f800000 00000000`0000928c
00000248`f81fb848  3f800000`00000000 00000000`0000928c
00000248`f81fb858  00000000`00000000 00000000`42b80000
00000248`f81fb868  00000000`03f940a8 3f800000`43cb0fac
00000248`f81fb878  00000001`6d933c60 00000000`00000000
00000248`f81fb888  00000000`0000928c
EM_POST n=11 conv=00000248f21e6a20 out=00000248fef24cf8 pred=3f800000
EM_COMPACT_POST
00000248`fef24cf8  00000001`6d933c60 00000001`6d933c60
00000248`fef24d08  00000001`6d933c60 00000001`6d933c60
00000248`fef24d18  00000001`6d933c60 00000001`6d933c60
00000248`fef24d28  00000001`6d933c60
EM_REQUEST n=12 frame=12 out=00000248fef24cf8 capflag=0
E004EM_COMPLETE caps=12 requests=12
Closing open log file C:\Users\Geoca\Documents\E004EM-oracle.log
