### upstream v9 0001.patch
patching file drivers/media/platform/qcom/camss/camss-csiphy-3ph-1-0.c
Hunk #1 succeeded at 994 (offset -120 lines).
### upstream v9 0002.patch
patching file drivers/media/platform/qcom/camss/camss-csiphy.h
Hunk #1 succeeded at 23 (offset -2 lines).
patching file drivers/media/platform/qcom/camss/camss.c
Hunk #1 succeeded at 4418 (offset -343 lines).
### upstream v9 0003.patch
patching file drivers/media/platform/qcom/camss/camss-csiphy-3ph-1-0.c
Hunk #2 succeeded at 989 (offset -120 lines).
Hunk #3 succeeded at 1044 (offset -121 lines).
### upstream v9 0004 semantic Golden adaptation
manual: phy_sel enum/field + gen2 RX PHY_TYPE bit + link_setup CPHY select; retained Golden one-arg csid_get_lane_assign()
### upstream v9 0008.patch
patching file drivers/media/platform/qcom/camss/camss-csid.c
Hunk #1 succeeded at 533 (offset -2 lines).
patching file drivers/media/platform/qcom/camss/camss-csiphy.c
patching file drivers/media/platform/qcom/camss/camss.c
Hunk #2 succeeded at 4284 (offset -343 lines).
patching file drivers/media/platform/qcom/camss/camss.h
Hunk #1 succeeded at 158 (offset -6 lines).
### upstream v9 0009.patch
patching file drivers/media/platform/qcom/camss/camss.c
Hunk #1 succeeded at 4417 (offset -343 lines).
patch unexpectedly ends in middle of line
