{
  "accepted": true,
  "authorization_review_sha256": "732a650147499b3d04b6a9792d40de5068346f19ac1d65432e5f90960c629993",
  "authorization_sha256": "c6cd7e067fefeeaac332cb6a2af2ab7a4e41df424eaf24a0a3806a66276357b1",
  "candidate_boot_armed": false,
  "checks": {
    "contract": true,
    "hashes": true,
    "policy": true,
    "public_package": true,
    "readonly": true,
    "review_bound": true,
    "safe": true
  },
  "package_commit": "d97d3aa97cee2f470f948dc4781b4ef4afe4d190",
  "package_inspection_sha256": "cf4c752bc1b4638b3f6e2db7e29eca388b10f29b2f4236965c11313cfde4ca4c",
  "runtime_authorized": true,
  "schema": "sp11-e003h-vfelowtop-0059-authorization-inspection-v1"
}
INSPECTION_SHA=71edebd0456caa6fc0ed0521c5153eff347655476da5535f614aaef6d23aaf15
