{
  "accepted": true,
  "asset_manifest_sha256": "a6afc15da74f1c60f82d612bf50c5063c90c0eeffae1efba797ff71596dd10df",
  "authorization_present": false,
  "boot_id": "sp11-camera-e003h-vfelowtop-0059-one-shot",
  "camera_modules_loaded": false,
  "camera_programming_changed": false,
  "candidate_boot_armed": false,
  "candidate_boot_installed": true,
  "cmdline_marker": "sp11_camera_e003h_vfelowtop_0059=1",
  "consumed_0058_analysis_sha256": "422f84e06a3ac2156a147bbe3518e61cbf4f0de0202cb0c5e899f7c98ad62fa5",
  "golden_saved_default": true,
  "mandatory_golden_reboot": true,
  "new_direct_mmio_reads": 13,
  "new_mmio_writes": 0,
  "persistent_rtcdm_observer_required": true,
  "prior_run_present": false,
  "runtime_authorized": false,
  "runtime_preflight_before_module_load": true,
  "same_boot_retry_refused": true,
  "schema": "sp11-e003h-vfe1-lowtop-0059-package-inspection-v1",
  "single_helper_invocation_enforced": true,
  "static_commit": "9d93a5e1362e2bce9f0a85b7f0977e1821c2f9b0",
  "static_inspection_sha256": "54929b52fcab03084ba1b849ee809a310c71f10bb8a2006f35e6d5474e174e94"
}
PASS: 0059 installed, Golden-safe, unarmed, read-only telemetry
