{
  "accepted": true,
  "authorization_review_sha256": "be6d6b873930836e68456e49fe7ec9e72e944b275b0967a58a3401c3f6c5ffde",
  "authorization_sha256": "ac7053fa086df9faf595b66b8bd91624010c503ae0c22783031b7807034efaec",
  "candidate_boot_armed": false,
  "checks": {
    "contract": true,
    "delta": true,
    "forbidden": true,
    "hashes": true,
    "policy": true,
    "public_package": true,
    "review_bound": true,
    "safe": true
  },
  "package_commit": "5d5a7e4573c27103c69b766f27e0961296ff3f75",
  "package_inspection_sha256": "fdab62cdb548ff8540e2ad9c6b55185a216e935307b98c314b174c446fba98ce",
  "runtime_authorized": true,
  "schema": "sp11-e003h-vfecgc-0062r1-authorization-inspection-v1"
}
INSPECTION_SHA=8bda7d1d0fe50f45a1209c0c66dc865f7336f4b99be9e7cb36ecbaa4d4febdfe
