{
  "accepted": true,
  "asset_manifest_sha256": "07b7c5cc803ef09e9e5d51bf2488743b87fdaa6adbd5aeecd07f3fa39fd973f8",
  "assets": {
    "e003h-pix-one-shot": "d13ab2d324516c28507ee41aa468b2b98bdfc5402a93c00cc3cea2172036ac09",
    "firmware/sp11/e003h/E003H_PIX_ORACLE_CAPSULE.bin": "6aed028d1caaf0366b004038aee3e954ca95a95c117e2619555bdd9605746a20",
    "imx681.ko": "a12693a18bf2e4108dd309af68da189a2ea394a734a0c6a3c1d624ac44dea3dc",
    "install-candidate.sh": "3f0075c7151a34afccc330149ab224be51bcc9dd6582ad485dad21f98342fff1",
    "load-candidate.sh": "7fb8fe9935a937b39385701ccad049341aedcced8a5d5a83f1005707c618dfc6",
    "preflight.sh": "41ea436ea59da42a4f38c6d15b9f3d3c612c692b43fb504efcb34ad50e57b984",
    "qcom-camss.ko": "3fd0ebdc8a3f17fdc49e117d77fa10e03711dfbd27bc552e79230540f1cef80c",
    "run-once.sh": "9556345c658150af73d4ff67da74a6ad39a8868e8084d79fb13270fd26968d0a",
    "runtime-preflight.sh": "cbe307e36df11c1634b3ebcc6e6b07bcb6f2c5178094ef54a1dc51b9739a3a9f",
    "setup-pix-media.sh": "0a5f5f643e414d5d32278c3b6befab520a655514c2081de99856a75398690ad3",
    "start-observer.sh": "b98fc175c50e9f68cc5e402929fbb1e941ccf06ba761971217e91b0ea6b95092",
    "watch-rtcdm-stage.py": "8698afdc615ee1d544d0068441241625487cc8459ca97a758b62d3b863743d84",
    "x1e80100-microsoft-denali-sp11-e003h-pix-frontonly.dtb": "019c062a718e58d0e303afbb7d454ed6674cf39a287ed453fb2cd4dd0dfdf77f"
  },
  "authorization_present": false,
  "boot_id": "sp11-camera-e003h-vfeactive-0057-one-shot",
  "bounded_provenance_green": true,
  "camera_modules_loaded": false,
  "camnoc_300mhz_baseline_retained": true,
  "candidate_boot_armed": false,
  "candidate_boot_installed": true,
  "changed_existing_write_values": {
    "0x24": [
      "0",
      "7"
    ],
    "0xc18": [
      "0xd0000000",
      "0xdc000000"
    ]
  },
  "cmdline_marker": "sp11_camera_e003h_vfeactive_0057=1",
  "consumed_0056_analysis_sha256": "6a1d58bb38a6855c06b8d6d06f7ba3fc9acc89790914f75ec5159dd8a507848d",
  "golden_saved_default": true,
  "mandatory_golden_reboot_after_run": true,
  "new_direct_mmio_reads": 0,
  "new_direct_mmio_write_calls": 2,
  "new_write_offsets": [
    "0x28",
    "0xc08"
  ],
  "next": "commit/push unarmed package; fresh authorization review required",
  "persistent_rtcdm_observer_required": true,
  "prior_run_present": false,
  "runner_order_unchanged": true,
  "runtime_authorized": false,
  "runtime_preflight_before_module_load": true,
  "runtime_scripts": {
    "install-candidate.sh": "3f0075c7151a34afccc330149ab224be51bcc9dd6582ad485dad21f98342fff1",
    "load-candidate.sh": "7fb8fe9935a937b39385701ccad049341aedcced8a5d5a83f1005707c618dfc6",
    "preflight.sh": "41ea436ea59da42a4f38c6d15b9f3d3c612c692b43fb504efcb34ad50e57b984",
    "run-once.sh": "9556345c658150af73d4ff67da74a6ad39a8868e8084d79fb13270fd26968d0a",
    "runtime-preflight.sh": "cbe307e36df11c1634b3ebcc6e6b07bcb6f2c5178094ef54a1dc51b9739a3a9f",
    "setup-pix-media.sh": "0a5f5f643e414d5d32278c3b6befab520a655514c2081de99856a75398690ad3",
    "start-observer.sh": "b98fc175c50e9f68cc5e402929fbb1e941ccf06ba761971217e91b0ea6b95092"
  },
  "same_boot_retry_refused_by_runlog": true,
  "schema": "sp11-e003h-vfe1-active-start-prefix-0057-package-v1",
  "sensor_mode2_frozen": true,
  "single_helper_invocation_enforced": true,
  "static_commit": "139aeb16e4296041234ae97da91cfef105ee7d46",
  "static_inspection_sha256": "182cde00494066c19f9343e6ad83719ab65c8609f8b8ea6b209552f8377e0f51"
}
PASS: 0057 package installed, Golden-safe, inspected and unarmed
