		VIDIOC_REQBUFS returned 0 (Success)
		VIDIOC_CREATE_BUFS returned 0 (Success)
		VIDIOC_QUERYBUF returned 0 (Success)
		VIDIOC_QUERYBUF returned 0 (Success)
		VIDIOC_QUERYBUF returned 0 (Success)
		VIDIOC_QUERYBUF returned 0 (Success)
		VIDIOC_G_FMT returned 0 (Success)
		VIDIOC_QBUF returned 0 (Success)
		VIDIOC_QBUF returned 0 (Success)
		VIDIOC_QBUF returned 0 (Success)
		VIDIOC_QBUF returned 0 (Success)
		VIDIOC_STREAMON returned 0 (Success)
cap dqbuf: 0 seq:      0 bytesused: 14321824 ts: 61.001274 field: None (ts-monotonic, ts-src-eof)
cap dqbuf: 1 seq:      1 bytesused: 14321824 ts: 61.036554 delta: 35.280 ms field: None (ts-monotonic, ts-src-eof)
cap dqbuf: 2 seq:      2 bytesused: 14321824 ts: 61.069950 delta: 33.396 ms field: None (ts-monotonic, ts-src-eof)
cap dqbuf: 3 seq:      3 bytesused: 14321824 ts: 61.103324 delta: 33.374 ms field: None (ts-monotonic, ts-src-eof)
cap dqbuf: 0 seq:      4 bytesused: 14321824 ts: 61.135457 delta: 32.133 ms fps: 29.81 field: None (ts-monotonic, ts-src-eof)
cap dqbuf: 1 seq:      5 bytesused: 14321824 ts: 61.170035 delta: 34.578 ms fps: 29.63 field: None (ts-monotonic, ts-src-eof)
cap dqbuf: 2 seq:      6 bytesused: 14321824 ts: 61.202291 delta: 32.256 ms fps: 29.85 field: None (ts-monotonic, ts-src-eof)
cap dqbuf: 3 seq:      7 bytesused: 14321824 ts: 61.234959 delta: 32.668 ms fps: 29.95 field: None (ts-monotonic, ts-src-eof)
cap dqbuf: 0 seq:      8 bytesused: 14321824 ts: 61.268960 delta: 34.001 ms fps: 29.89 field: None (ts-monotonic, ts-src-eof)
cap dqbuf: 1 seq:      9 bytesused: 14321824 ts: 61.303581 delta: 34.621 ms fps: 29.77 field: None (ts-monotonic, ts-src-eof)
cap dqbuf: 2 seq:     10 bytesused: 14321824 ts: 61.335135 delta: 31.554 ms fps: 29.95 field: None (ts-monotonic, ts-src-eof)
cap dqbuf: 3 seq:     11 bytesused: 14321824 ts: 61.370368 delta: 35.233 ms fps: 29.80 field: None (ts-monotonic, ts-src-eof)
cap dqbuf: 0 seq:     12 bytesused: 14321824 ts: 61.403762 delta: 33.394 ms fps: 29.81 field: None (ts-monotonic, ts-src-eof)
cap dqbuf: 1 seq:     13 bytesused: 14321824 ts: 61.436500 delta: 32.738 ms fps: 29.87 field: None (ts-monotonic, ts-src-eof)
cap dqbuf: 2 seq:     14 bytesused: 14321824 ts: 61.468629 delta: 32.129 ms fps: 29.96 field: None (ts-monotonic, ts-src-eof)
cap dqbuf: 3 seq:     15 bytesused: 14321824 ts: 61.502053 delta: 33.424 ms fps: 29.95 field: None (ts-monotonic, ts-src-eof)

VIDIOC_QUERYCAP: ok
STREAM_RC=0
