[?9001h[?1004h[?25l[2J[m[H]0;Administrator: C:\WINDOWS\System32\WindowsPowerShell\v1.0\powershell.exe[?25hE004AN_FACEAUTH_BEGIN
E004AN_FACEAUTH_PROFILE id={81361B22-700B-4546-A2D4-C52E907BFC27},0 subtype=NV12 dims=644x604 fps=60
E004AN_FACEAUTH_INIT_BEGIN
E004AN_FACEAUTH_INIT_PASS
E004AN_FACEAUTH_POSTINIT_GATE
GO
E004AN_FACEAUTH_GATE_RELEASE=GO
E004AN_FACEAUTH_SM tag=after-init status=NotSupported len=0
E004AN_FACEAUTH_SOURCE profile={81361B22-700B-4546-A2D4-C52E907BFC27},0 kind=Infrared stream=VideoPreview subtype=NV12 dims=644x604 fps=60/1
E004AN_FACEAUTH_START=Success
E004AN_FACEAUTH_SM tag=after-start status=NotSupported len=0
E004AN_FACEAUTH_FRAME n=1 time=00:06:01.3243192
E004AN_FACEAUTH_FRAME n=2 time=00:06:01.4095664
E004AN_FACEAUTH_FRAME n=3 time=00:06:01.4266160
E004AN_FACEAUTH_FRAME n=4 time=00:06:01.4607147
E004AN_FACEAUTH_FRAME n=5 time=00:06:01.4948135
E004AN_FACEAUTH_FRAME n=6 time=00:06:01.5289124
E004AN_FACEAUTH_FRAME n=7 time=00:06:01.5637960
E004AN_FACEAUTH_FRAME n=8 time=00:06:01.5986798
E004AN_FACEAUTH_FRAME n=9 time=00:06:01.6335635
E004AN_FACEAUTH_FRAME n=10 time=00:06:01.6684473
E004AN_FACEAUTH_FRAME n=11 time=00:06:01.7033310
E004AN_FACEAUTH_FRAME n=12 time=00:06:01.7382147
E004AN_FACEAUTH_ACQUIRED=12
E004AN_FACEAUTH_SM tag=during-stream status=NotSupported len=0
E004AN_FACEAUTH_STOP_PASS
E004AN_FACEAUTH_SM tag=after-stop status=NotSupported len=0
E004AN_FACEAUTH_END
