{
  "accepted": true,
  "asset_manifest_sha256": "1ee59fd1c189f6cebe9210c5f15bac496e700ef5e35c68872d074b6045830133",
  "base_0064_analysis_sha256": "ce8f5f30cb0af6304352004c8a1c5f162289f1348b0556cd48c547c01f26b4ba",
  "camera_modules_loaded": false,
  "candidate_boot_armed": false,
  "candidate_boot_installed": true,
  "delta": {
    "buffer_state_required": "VB2_BUF_STATE_ACTIVE",
    "completed_buffer": "slot0 via vb2_buffer_done(DONE)",
    "diagnostic_arm_required": true,
    "generic_x1e_pix_one_wm_guard_retained": true,
    "hardware_delta": "NONE",
    "ioctl_path": "QBUF -> STREAMON -> DQBUF -> STREAMOFF",
    "new_csid_programming": false,
    "new_irq_programming": false,
    "new_mmio_reads": 0,
    "new_mmio_writes": 0,
    "new_register_values": 0,
    "new_rtcdm_payload": false,
    "new_sensor_programming": false,
    "new_vfe_bus_programming": false,
    "normal_success_hardware_already_stopped_before_vb2_done": true,
    "qbuf_count_exact": 2,
    "runner": "unchanged proven 0064 first-frame runner",
    "slot1": "returned to pending queue for STREAMOFF flush",
    "unsafe_teardown": "DMA/buffer/power ownership pinned until mandatory reboot"
  },
  "dtb_unchanged_from_0064": true,
  "firmware_unchanged_from_0064": true,
  "golden_saved_default": true,
  "head": "d1db2a3df371bccb57c7e378a4e5c22f97e4cd23",
  "mandatory_golden_reboot": true,
  "module_sha256": "503e2eff54e70c4c8147ecaad2a7d1cfa1c2130b61bfb4eea317293a9e98f343",
  "one_v4l2_helper_invocation_enforced": true,
  "package_commit": "d1db2a3df371bccb57c7e378a4e5c22f97e4cd23",
  "prior_run_present": false,
  "runtime_authorized": false,
  "same_boot_retry_refused": true,
  "schema": "sp11-e003h-v4l2-one-frame-0065-package-inspection-v1",
  "sensor_unchanged_from_0064": true,
  "static_inspection_sha256": "f405aaebc0e4ed09e338e58803eae90c6400e671641cc62027560b1c7a2b0b3b",
  "sysfs_trigger_invocations": 0,
  "unsafe_dma_pin_preserved_until_reboot": true,
  "v4l2_helper_sha256": "8afee5d4bc8cd15416f5e2962c9d4d7d6cbbbb9391394fed075f1a5467c49184"
}
