{
  "accepted": true,
  "authorization_sha256": "75870317b1bae8fe5ac74b0e766bdf86628ea9732d78ffe98048771ff8d68e29",
  "camss_post_runtime_status": "suspended",
  "comparison": {
    "0044_buf_done_mask": "0x00000001",
    "0045_buf_done_mask": "0x0001ffff",
    "readback_0x398_0x39c_excluded_as_configuration": true,
    "readback_reason": "same-machine Windows static oracle classifies +0x398/+0x39c as timestamp/readback state; +0x398 varies between live passes",
    "stable_0042_0044_0045_fields_identical": true,
    "stable_fields_compared": [
      "route",
      "regupd",
      "top",
      "rx",
      "cfg_rx",
      "pkts",
      "ecc",
      "crc",
      "ipp",
      "ctrl",
      "cfg_ipp",
      "z324",
      "z330",
      "epoch",
      "crop",
      "drop",
      "measure"
    ],
    "startup_wrapper_repairs_buf_done_clobber": true,
    "windows_and_0042_buf_done_mask": "0x0001ffff"
  },
  "conclusions": [
    "The four Linux-owned 0x0800f000 startup wrappers execute successfully and increase the completed RT-CDM FIFO count from 13 to 17 without a fault.",
    "The wrapper restores CSID1 BUF_DONE_IRQ_MASK from the malformed 0043/0044 value 0x00000001 to the Windows/0042 value 0x0001ffff, proving the missing startup CHANGE_BASE caused that clobber.",
    "Despite corrected startup base context, CSID1 still receives 37,016 clean packets and remains at IPP_IRQ_STATUS 0x00011e00 with no CAMIF/RUP/Epoch progression; VFE1 raw Epoch0 still never arrives.",
    "Do not add a late CSID BUF_DONE repair write. The remaining blocker is distinct from the base-wrapper bug and should be localized with read-only VFE1 state at the timeout boundary."
  ],
  "csid1_timeout": {
    "buf_done_mask": "0x0001ffff",
    "cfg0": "0x802b2000",
    "cfg1": "0x00007241",
    "crc_errors": 0,
    "ctrl": "0x1",
    "ecc_errors": 0,
    "ipp_irq_mask": "0x3cbc601c",
    "ipp_irq_status": "0x00011e00",
    "packets": 37016
  },
  "date": "2026-08-30",
  "evidence_sha256": {
    "dmesg": "69f50865fa51bd996956ad93c294c947cee453409add6f1b3d66b31cbb3d9ee6",
    "golden": "d416e8b727128a213df28a59658430e47349b94e24e532c87e2d9fa8e8d0cb32",
    "load": "667728d5d4ab48d62f1928e920265a5e3025749d4c287581983c557fb801adde",
    "post": "635ce37d3d582f15d143cc6eaf3ca53d2a8346fc655a93f0de68ca2c5dc7893b",
    "pre": "8faa7bd2569d9ad8372be47e95b9caf50bb75c9e3e8d760dfe55b9ec9f47e88f",
    "run": "aef7acf30e924b880b03403e266db9aee002c7bb522f78277c0921e3541b4626",
    "stages": "a515ed7828833f35cdf20261af85cd6f6627b4338e8eab3d856bfb52fce82882"
  },
  "golden_return_verified": true,
  "helper_invocations": 1,
  "next_gate": "Build read-only VFE1 timeout telemetry for exact Windows-owned IRQ masks/status and selected startup/bus configuration registers; no behavior change and no new runtime until statically inspected and separately authorized.",
  "qc10c_output": false,
  "rtcdm": {
    "added_startup_wrapper_bls_completed": 4,
    "baseline_0044_fifo_bl_completed": 13,
    "faulted": false,
    "fifo_bl_completed": 17,
    "final_stage": "stopped"
  },
  "run_result": "ETIMEDOUT waiting VFE1 raw Epoch0; no QC10C output",
  "runtime_authorized": false,
  "same_boot_retry": false,
  "schema": "sp11-e003h-ife-startup-base-0045-runtime-result-v1",
  "sensor": {
    "post_runtime_status": "suspended",
    "stream_off_seen": true,
    "stream_on_seen": true
  }
}
