{
  "accepted": true,
  "authorization_review_sha256": "a0d35dbd92be98a26cbfafd05260db33c976f35f78fe4d9575d636ce7955148b",
  "authorization_sha256": "5bf4122dffb20e378d2a0c1a243509e8f1ece71c5a53fa1ae5a80a14bca8093d",
  "candidate_boot_armed": false,
  "checks": {
    "contract": true,
    "delta": true,
    "forbidden": true,
    "hashes": true,
    "policy": true,
    "public_package": true,
    "review_bound": true,
    "safe": true
  },
  "package_commit": "ae29aa203f80d7544ae186fd6286df05b6eb3253",
  "package_inspection_sha256": "49eb305a989694f175676ce523a42a3deab08f8760af5c8ca9f31ed5d91391db",
  "runtime_authorized": true,
  "schema": "sp11-e003h-vfeubwc-0061-authorization-inspection-v1"
}
INSPECTION_SHA=dda75aa193737314e0b926e0d273dc2357bbef85ad730aabedac8d8a5aedde37
