{
  "accepted": true,
  "asset_manifest_sha256": "9d59b44bd1c95834c1632706aba93f391eaa1f29149a932a51380c4f0fa609ab",
  "authorization_present": false,
  "boot_id": "sp11-camera-e003h-vfeubwc-0061-one-shot",
  "camera_modules_loaded": false,
  "camera_programming_delta_only_ubwc_static": true,
  "candidate_boot_armed": false,
  "candidate_boot_installed": true,
  "cmdline_marker": "sp11_camera_e003h_vfeubwc_0061=1",
  "consumed_0060_analysis_sha256": "ff128b88779294b33a1ab2de79b7805d71173bb5c1880cdfc3440e7c0fc0c871",
  "golden_saved_default": true,
  "mandatory_golden_reboot": true,
  "new_direct_mmio_reads": 0,
  "new_mmio_writes": 1,
  "persistent_rtcdm_observer_required": true,
  "prior_run_present": false,
  "retains_0060_readonly_telemetry": true,
  "runtime_authorized": false,
  "runtime_preflight_before_module_load": true,
  "same_boot_retry_refused": true,
  "schema": "sp11-e003h-vfe1-ubwc-static-0061-package-inspection-v1",
  "single_helper_invocation_enforced": true,
  "static_commit": "9e83a71c20df81ea5672f065e348dfacf68c8bfc",
  "static_inspection_sha256": "cbdb91c8f788ba6e9b32af7de4de1f9207eb88d384ee0ffcbde768e373da51b3",
  "write_offset": "0x0c58",
  "write_value": "0x00001046"
}
PASS: 0061 installed, Golden-safe, unarmed, UBWC-static-only delta
