Opened log file 'C:\Users\Geoca\Documents\E004DH-CACHED-TUNING.log'
0:024> .echo ===E004DH_CACHED_ARM===
===E004DH_CACHED_ARM===
0:024> bp /1 QcDeviceMFT8380+0xa63d70 ".printf \"E004DH_SWABF_CACHE obj=%p enable=%x\\n\",@x0,dwo(@x0+0x18); dd @x0+0xc8 L10; dd @x0+0x110 L1; gc"
0:024> bp /1 QcDeviceMFT8380+0xa6a020 ".printf \"E004DH_SWASF_CACHE obj=%p enable=%x final=%x\\n\",@x0,dwo(@x0+0x18),dwo(@x0+0x2c8); dd @x0+0xc8 L40; dd @x0+0x1c8 L40; gc"
0:024> bl
 0 e 00007ff8`1a953d70     /1 0001 (0001)  0:**** QcDeviceMFT8380!gettimeofday+0x3394e0 ".printf \"E004DH_SWABF_CACHE obj=%p enable=%x\\n\",@x0,dwo(@x0+0x18); dd @x0+0xc8 L10; dd @x0+0x110 L1; gc"
 1 e 00007ff8`1a95a020     /1 0001 (0001)  0:**** QcDeviceMFT8380!gettimeofday+0x33f790 ".printf \"E004DH_SWASF_CACHE obj=%p enable=%x final=%x\\n\",@x0,dwo(@x0+0x18),dwo(@x0+0x2c8); dd @x0+0xc8 L40; dd @x0+0x1c8 L40; gc"
0:024> g
E004DH_SWABF_CACHE obj=000002da64ae0980 enable=1
000002da`64ae0a48  44fa0000 44f8c000 44f50000 44eee000
000002da`64ae0a58  44e6c000 44d0c000 44b58000 4497a000
000002da`64ae0a68  44734000 443b8000 440b0000 43c58000
000002da`64ae0a78  43870000 43310000 430e0000 42e00000
000002da`64ae0a90  43000000
E004DH_SWASF_CACHE obj=000002da68a41cf0 enable=1 final=437d0000
000002da`68a41db8  3f400000 3f400000 3f400000 3f400000
000002da`68a41dc8  3f400000 3f400000 3f400000 3f400000
000002da`68a41dd8  3f400000 3f400000 3f400000 3f400000
000002da`68a41de8  3f400000 3f400000 3f400000 3f400000
000002da`68a41df8  3f400000 3f400000 3f400000 3f400000
000002da`68a41e08  3f400000 3f400000 3f400000 3f400000
000002da`68a41e18  3f400000 3f400000 3f400000 3f400000
000002da`68a41e28  3f400000 3f400000 3f400000 3f400000
000002da`68a41e38  3f400000 3f400000 3f400000 3f400000
000002da`68a41e48  3f400000 3f400000 3f400000 3f400000
000002da`68a41e58  3f400000 3f400000 3f400000 3f400000
000002da`68a41e68  3f400000 3f400000 3f400000 3f400000
000002da`68a41e78  3f400000 3f400000 3f400000 3f400000
000002da`68a41e88  3f400000 3f400000 3f400000 3f400000
000002da`68a41e98  3f400000 3f400000 3f400000 3f400000
000002da`68a41ea8  3f400000 3f400000 3f400000 3f400000
000002da`68a41eb8  3f000000 3f0ab9f5 3f25c28f 3f459b3d
000002da`68a41ec8  3f600d1b 3f70ff97 3f79ad43 3f7d4952
000002da`68a41ed8  3f7e8a72 3f7edfa4 3f7ef34d 3f7ef9db
000002da`68a41ee8  3f7ef9db 3f7ef9db 3f7ef9db 3f7ef9db
000002da`68a41ef8  3f7ef9db 3f7ef9db 3f7ef9db 3f7ef9db
000002da`68a41f08  3f7ef9db 3f7ef9db 3f7ef9db 3f7ef9db
000002da`68a41f18  3f7ef9db 3f7ef9db 3f7ef9db 3f7ef9db
000002da`68a41f28  3f7ef9db 3f7ef9db 3f7ef9db 3f7ef9db
000002da`68a41f38  3f7ef9db 3f7ef9db 3f7ef9db 3f7ef9db
000002da`68a41f48  3f7ef9db 3f7ef9db 3f7ef9db 3f7ef9db
000002da`68a41f58  3f7ef9db 3f7ef9db 3f7ef9db 3f7ef9db
000002da`68a41f68  3f7ef9db 3f7ef9db 3f7ef9db 3f7ef9db
000002da`68a41f78  3f7ef9db 3f7ef9db 3f7ef9db 3f7ef9db
000002da`68a41f88  3f7ef9db 3f7ef9db 3f7ef9db 3f7ef9db
000002da`68a41f98  3f7ef9db 3f7ef9db 3f7ef9db 3f7ef9db
000002da`68a41fa8  3f7ef9db 3f7ef9db 3f7ef9db 3f7ef9db
(dfc.11e0): Break instruction exception - code 80000003 (first chance)
ntdll!DbgBreakPoint:
00007ff8`a2bc6e60 d43e0000 brk         #0xF000
0:024> .echo ===E004DH_SWASF_EXACT_HIT_SURROUND===
===E004DH_SWASF_EXACT_HIT_SURROUND===
0:024> db 000002da`66a1a080 L60
000002da`66a1a080  00 00 0b 44 00 80 c5 43-00 00 87 43 00 00 31 43  ...D...C...C..1C
000002da`66a1a090  00 00 0e 43 00 00 e0 42-01 00 00 00 01 00 00 00  ...C...B........
000002da`66a1a0a0  00 00 01 00 18 00 00 00-18 00 00 00 18 00 00 00  ................
000002da`66a1a0b0  18 00 00 00 18 00 00 00-18 00 00 00 18 00 00 00  ................
000002da`66a1a0c0  18 00 00 00 18 00 00 00-18 00 00 00 18 00 00 00  ................
000002da`66a1a0d0  18 00 00 00 18 00 00 00-18 00 00 00 18 00 00 00  ................
0:024> dd 000002da`66a1a0a4 L10
000002da`66a1a0a4  00000018 00000018 00000018 00000018
000002da`66a1a0b4  00000018 00000018 00000018 00000018
000002da`66a1a0c4  00000018 00000018 00000018 00000018
000002da`66a1a0d4  00000018 00000018 00000018 00000018
0:024> dd 000002da`66a1a8a4 L8
000002da`66a1a8a4  437d0000 00000001 00000000 00000001
000002da`66a1a8b4  00000000 00000000 00000000 803b0000
0:024> .echo ===E004DH_PINPUTDATA_EXACT===
===E004DH_PINPUTDATA_EXACT===
0:024> dd 000002da`66a1a04c L16
000002da`66a1a04c  43000000 42800000 42000000 44fa0000
000002da`66a1a05c  44f8c000 44f50000 44eee000 44e6c000
000002da`66a1a06c  44d0c000 44b58000 4497a000 44734000
000002da`66a1a07c  443b8000 440b0000 43c58000 43870000
000002da`66a1a08c  43310000 430e0000 42e00000 00000001
000002da`66a1a09c  00000001 00010000
0:024> .logclose
Closing open log file C:\Users\Geoca\Documents\E004DH-CACHED-TUNING.log
