{
  "status": "PASS",
  "schema": "sp11-e003h-linux-csid1-prepare-rup-enable-inspection-v1",
  "windows_oracle_sha256": "d433307f97f97d2a1bdcf27b47fd9010e78b7fbb3ab75dfe78aad78c886cd19d",
  "patch_sha256": "ea0ecd2d3036a1fb735d1f95790518587d4ab8e808d6b989a4ae4ef3248284b9",
  "module": {
    "sha256": "23cc63f742f70ca3f70e25d89b34c9e8cef531ed6f3c9562f2f7b0d3a7ac05a9",
    "vermagic": "7.1.5-sp11-render-parity-v4+ SMP preempt mod_unload modversions aarch64"
  },
  "proved": {
    "front_mode0_only": true,
    "prepare_ctrl_remains_zero": true,
    "pre_rup_ipp_irq_mask": "0x3c1c7004",
    "pre_rup_top_irq_mask": "0x00000001",
    "existing_prime1_rup_aup": "offset 0x18 = 0x01f501f5",
    "duplicate_rup_aup_added": false,
    "enable_order": [
      "CTRL=1",
      "IPP_IRQ_MASK=0x3cbc601c",
      "TOP_IRQ_MASK=0x1"
    ],
    "runner_order": [
      "prepare",
      "prime1 RUP/AUP",
      "startup2",
      "startup3",
      "enable",
      "CSIPHY",
      "sensor"
    ],
    "rollback_covers_prepared_state": true,
    "patch_roundtrip_byte_identical": true
  },
  "runtime_authorized": false,
  "next_gate": "Update durable state, commit/push static 0043 checkpoint, then package and separately authorize one bounded diagnostic only if all package/provenance gates remain green."
}
