{
  "accepted": true,
  "base_0052_camss_sha256": "5a920032e138eee1154c4b9ae1846a445e02fbac3e7626a4245797502e73b793",
  "build_log_sha256": "b60f8dccadc64ca83283b878633d1d88eb1f2c95956691b750bc214f335c2565",
  "classification": {
    "active_shadow_latch_causality_proven": false,
    "crop_failure_causality_proven": false,
    "transport_ownership_delta_executed_in_module": true,
    "windows_transport_parity_improved": true
  },
  "module_sha256": "f04189d766f478083e09fd38b26e73c99c03306ce1f2fb81d68b2ebd0d2be876",
  "module_vermagic": "7.1.5-sp11-render-parity-v4+ SMP preempt mod_unload modversions aarch64",
  "next_gate": "record/publish static 0053 checkpoint, then build and inspect a distinct unarmed one-shot package; a separate fresh authorization is required before any hardware execution",
  "oracle_extractor_sha256": "3dfe96a9b900e98e4ee93168df65eb2db0fbea1d180a85ddc7239a85f6d76d68",
  "oracle_sha256": "4b70a61a2e226b37d9310b4b4dee4d77c7516f975498973ee89dc29d772e2e5c",
  "patch_sha256": "dba1d21fdc01f4091af89ce051283464661952ce2d1acd1f59afb75c8b52cfd6",
  "proved": {
    "cpu_startup_companion_calls_removed": 4,
    "crop_coordinates_changed": false,
    "csid1_change_base": "0x08057000",
    "csiphy_programming_changed": false,
    "module_build_clean": true,
    "new_direct_mmio_reads": 0,
    "new_direct_mmio_writes": 0,
    "new_register_values": 0,
    "packet0_companion_bytes": 60,
    "packet0_companion_sha256": "1872731eaa3eb2233436029c2658682097c61ebf97e3facf46e31224ee25e2a2",
    "packet1_3_companion_bytes": 16,
    "packet1_3_companion_sha256": "45d059ec64587ea4f55eb8df64704520782801418c4a754f512831c7473fb5c7",
    "patch_roundtrip_byte_identical": true,
    "rup_aup_changed": false,
    "sensor_programming_changed": false,
    "startup_packet_count": 4,
    "startup_rtcdm_commits_per_packet": 4,
    "startup_rtcdm_order": [
      "CHANGE_BASE(VFE1)",
      "IFE startup main",
      "CHANGE_BASE(CSID1)",
      "exact CSID descriptor-1 companion"
    ],
    "strict_checkpatch_clean": true,
    "vfe_programming_changed": false
  },
  "runtime_authorized": false,
  "schema": "sp11-e003h-linux-0053-startup-csid-companion-rtcdm-transport-v1",
  "source_sha256": {
    "camss-csid-680.c": "683c0d5c042d3a8f24be211cda7dc02d06befe31e42aeb29fcd14f117397c81c",
    "camss-csid.c": "fc316d35114a23e29333b22a6fb10f9af2f5dfb15ae829a963ecd05c53d6b229",
    "camss-csid.h": "5869c6721ebec550d5d3e21e6503fd1f580ebb1aa0991ea25532cfb12156b46d",
    "camss-vfe-680.c": "0dc6269d8b7c0e57e1442dfea374f0e90bdf14b8e8ef58117a505cda6d643036",
    "camss.c": "b8cb256514337f1767ba5dab002cc59ff4f0c8f73f9be03f83de77ab8b3507c9"
  },
  "strict_checkpatch_sha256": "93f527d4a6aada3d9b1abce993a88e82e044e2ae1b12add309de2efb260ec289",
  "touched_files": [
    "drivers/media/platform/qcom/camss/camss.c"
  ]
}
