date=2026-08-30
source=/home/geoca/Documents/SP11-PROJECT/02-kernel/sp11-camera-e002k-d-src
build_anchor=/home/geoca/Documents/SP11-PROJECT/02-kernel/build-runtime-v4-headers-20260826
build_command=make O=<Golden build anchor> ARCH=arm64 M=drivers/media/platform/qcom/camss -j4 modules
make[1]: Entering directory '/home/geoca/Documents/SP11-PROJECT/02-kernel/sp11-camera-e002k-d-src/drivers/media/platform/qcom/camss'
  CC [M]  camss.o
  CC [M]  camss-csid.o
  CC [M]  camss-csid-4-1.o
  CC [M]  camss-csid-4-7.o
  CC [M]  camss-csid-340.o
  CC [M]  camss-csid-680.o
  CC [M]  camss-csid-gen2.o
  CC [M]  camss-csid-gen3.o
  CC [M]  camss-csiphy-3ph-1-0.o
  CC [M]  camss-csiphy.o
  CC [M]  camss-ispif.o
  CC [M]  camss-vfe-4-1.o
  CC [M]  camss-vfe-4-7.o
  CC [M]  camss-vfe-4-8.o
  CC [M]  camss-vfe-17x.o
  CC [M]  camss-vfe-340.o
  CC [M]  camss-vfe-480.o
  CC [M]  camss-vfe-680.o
  CC [M]  camss-vfe-gen3.o
  CC [M]  camss-vfe-gen1.o
  CC [M]  camss-vfe-vbif.o
  CC [M]  camss-vfe.o
  CC [M]  camss-video.o
  LD [M]  qcom-camss.o
  MODPOST Module.symvers
  CC [M]  qcom-camss.mod.o
  LD [M]  qcom-camss.ko
make[1]: Leaving directory '/home/geoca/Documents/SP11-PROJECT/02-kernel/sp11-camera-e002k-d-src/drivers/media/platform/qcom/camss'
BUILD_RC=0
--- modinfo ---
filename:       /home/geoca/Documents/SP11-PROJECT/02-kernel/sp11-camera-e002k-d-src/drivers/media/platform/qcom/camss/qcom-camss.ko
depends:        videobuf2-v4l2,videobuf2-dma-sg,videodev,mc,v4l2-async,videobuf2-common,v4l2-fwnode
vermagic:       7.1.5-sp11-render-parity-v4+ SMP preempt mod_unload modversions aarch64
--- sha256 ---
c67ce602f88be5db2ffecd816879081d74f996f7884e8661bea252d924f7098e  /home/geoca/Documents/SP11-PROJECT/02-kernel/sp11-camera-e002k-d-src/drivers/media/platform/qcom/camss/qcom-camss.ko
