make[1]: Entering directory '/home/geoca/Documents/SP11-PROJECT/02-kernel/sp11-camera-e002k-d-src/drivers/media/platform/qcom/camss'
  CC [M]  camss.o
  CC [M]  camss-csid.o
  CC [M]  camss-csid-4-1.o
  CC [M]  camss-csid-4-7.o
  CC [M]  camss-csid-340.o
  CC [M]  camss-csid-680.o
  CC [M]  camss-csid-gen2.o
  CC [M]  camss-csid-gen3.o
  CC [M]  camss-csiphy-2ph-1-0.o
  CC [M]  camss-csiphy-3ph-1-0.o
  CC [M]  camss-csiphy.o
  CC [M]  camss-ispif.o
  CC [M]  camss-vfe-4-1.o
  CC [M]  camss-vfe-4-7.o
  CC [M]  camss-vfe-4-8.o
  CC [M]  camss-vfe-17x.o
  CC [M]  camss-vfe-340.o
  CC [M]  camss-vfe-480.o
  CC [M]  camss-vfe-680.o
  CC [M]  camss-vfe-gen3.o
  CC [M]  camss-vfe-gen1.o
  CC [M]  camss-vfe-vbif.o
  CC [M]  camss-vfe.o
  CC [M]  camss-video.o
  CC [M]  camss-format.o
  LD [M]  qcom-camss.o
  MODPOST Module.symvers
  CC [M]  qcom-camss.mod.o
  CC [M]  .module-common.o
  LD [M]  qcom-camss.ko
make[1]: Leaving directory '/home/geoca/Documents/SP11-PROJECT/02-kernel/sp11-camera-e002k-d-src/drivers/media/platform/qcom/camss'
