{
  "accepted": true,
  "call_site": "existing Epoch0 timeout branch only; VFE snapshot then existing CSID snapshot",
  "files_changed": [
    "drivers/media/platform/qcom/camss/camss-vfe-680.c",
    "drivers/media/platform/qcom/camss/camss-vfe.h",
    "drivers/media/platform/qcom/camss/camss.c"
  ],
  "mmio_writes_added": 0,
  "module_sha256": "f1b5ce5dc973a140b29257927c02b2749f96f379fc01b78a10841443a15ab4be",
  "module_vermagic": "7.1.5-sp11-render-parity-v4+ SMP preempt mod_unload modversions aarch64",
  "oracle_sha256": "403f762c4d161823ca10deec27df733a50ca7d9d0d4aec4fb2cac05863ca6705",
  "patch_roundtrip_byte_identical": true,
  "patch_sha256": "6ce9d732d73e6a09d73b756b1726b6f0e13702bede1d9ba0b61f9a5805d3b709",
  "polling_primitives_added": 0,
  "runtime_authorized": false,
  "schema": "sp11-e003h-linux-0046-vfe1-timeout-readonly-inspection-v1",
  "source_sha256": {
    "camss-csid-680.c": "59e07a1b8322c7279a051bc1255f8912452300aadbf9bf8086312aec4daca1d0",
    "camss-vfe-680.c": "45a13941e7a711c2bb80a85ac9dbad13ae3e618e685de58704366d381cd1ce90",
    "camss-vfe.h": "a975e832104bd053fd906b21fca1316347709c16c68e5e029df8cff61bdadf5f",
    "camss.c": "fbc7c278b5249ed0d7d80a54be8d2ca30ed927914a2f64fcedb5b6a36296bd28"
  },
  "start_stop_irq_clear_buffer_programming_changed": false,
  "telemetry": {
    "bus_violation_overflow_image_violation": true,
    "full_client0_client1_static_config": true,
    "irq_top_bus_status_masks": true,
    "linux_slot0_dynamic_address_readback_comparison": true,
    "startup_markers_0x90_0x94_0x98": true
  },
  "telemetry_read_count": 30
}
