make[1]: Entering directory '/home/geoca/Documents/SP11-PROJECT/02-kernel/sp11-camera-e002k-d-src/drivers/media/platform/qcom/camss'
  CC [M]  camss.o
  CC [M]  camss-csid.o
  CC [M]  camss-csid-4-1.o
  CC [M]  camss-csid-4-7.o
  CC [M]  camss-csid-340.o
  CC [M]  camss-csid-680.o
  CC [M]  camss-csid-gen2.o
  CC [M]  camss-csid-gen3.o
  CC [M]  camss-csiphy-3ph-1-0.o
  CC [M]  camss-csiphy.o
  CC [M]  camss-ispif.o
  CC [M]  camss-vfe-4-1.o
  CC [M]  camss-vfe-4-7.o
  CC [M]  camss-vfe-4-8.o
  CC [M]  camss-vfe-17x.o
  CC [M]  camss-vfe-340.o
  CC [M]  camss-vfe-480.o
  CC [M]  camss-vfe-680.o
  CC [M]  camss-vfe-gen3.o
  CC [M]  camss-vfe-gen1.o
  CC [M]  camss-vfe-vbif.o
  CC [M]  camss-vfe.o
  CC [M]  camss-video.o
  LD [M]  qcom-camss.o
  MODPOST Module.symvers
  CC [M]  qcom-camss.mod.o
  LD [M]  qcom-camss.ko
make[1]: Leaving directory '/home/geoca/Documents/SP11-PROJECT/02-kernel/sp11-camera-e002k-d-src/drivers/media/platform/qcom/camss'
BUILD_RC=0
filename:       /home/geoca/Documents/SP11-PROJECT/02-kernel/sp11-camera-e002k-d-src/drivers/media/platform/qcom/camss/qcom-camss.ko
depends:        videobuf2-v4l2,videobuf2-dma-sg,videodev,mc,v4l2-async,videobuf2-common,v4l2-fwnode
vermagic:       7.1.5-sp11-render-parity-v4+ SMP preempt mod_unload modversions aarch64
23cc63f742f70ca3f70e25d89b34c9e8cef531ed6f3c9562f2f7b0d3a7ac05a9  drivers/media/platform/qcom/camss/qcom-camss.ko
1908ae6f07eebfd18623cc5b0ba7c2fd95273b663edcca098f865dd1240b71d2  drivers/media/platform/qcom/camss/camss-csid-680.c
d42cfeaeceb917f2cc045c1d4aa99818c5fb0ab69b785a955317772363014240  drivers/media/platform/qcom/camss/camss-csid.h
de8d78ad95d538550511be4a5194cff9a5ca7eba438753afaf4ccf1957649112  drivers/media/platform/qcom/camss/camss.c
