Opened log file 'C:\Users\Geoca\Documents\E003I-CR63-bank9-cdb_1e5c_2026-09-09_08-15-00-316.log'
0:020> .echo CR63_BANK9_ATTACHED
CR63_BANK9_ATTACHED
0:020> bp 0x7FF9507C5F84 ".if (dwo(@x20+4) == 0x3f) { .echo CR63_BANK9_READ; .printf \"BANK9_BASE=%p SLOT63=%p LUX8=%p\\n\", @x0, @x0+0x3fc, @x0+0x8c; .echo SLOT63_BITS; dd @x0+0x3fc L1; .echo LUX8_BITS; dd @x0+0x8c L1; .echo GETTER_DESCRIPTOR; dd @x20 L4; .echo READ_STACK; kP 20; ba w4 @x0+0x3fc \".echo CR63_BANK9_WRITE; .echo WRITE_PC; r pc; .echo WRITE_REGS; r; .echo WRITE_STACK; kP 28; .echo WRITE_NEAR_PC; ub @pc L10; u @pc L10; bc *; .detach; q\"; bc 0; gc } .else { gc }"
0:020> g
[mep::vcam::AugmentedMediaSource::KsProperty(1558)] [enter: Set={1cb79112-c0d2-4213-9ca6-cd4fdb927972} | id=4 | flags=0x00000001] 
[mep::vcam::AugmentedMediaSource::KsProperty(1563)] Extended Control 4 Passed  
[mep::vcam::AugmentedMediaSource::KsEvent(3562)] [enter] 
[mep::vcam::AugmentedMediaSource::KsEvent(3607)] Handling profile set KsEvent, created profile KsEvent handle for driver: 0000000000000544 
[mep::vcam::AugmentedMediaSource::KsProperty(1558)] [enter: Set={1cb79112-c0d2-4213-9ca6-cd4fdb927972} | id=34 | flags=0x00000002] 
[mep::vcam::AugmentedMediaSource::KsProperty(1563)] Extended Control 34 Passed  
[mep::vcam::AugmentedMediaSource::KsProperty(1569)] Profile DDI queried 
[mep::vcam::ProfileAwareAugmentedMediaSource::ProfilePropertyHandler(4448)] Profile DDI Set, profile type={b4894d81-62b7-4eec-8740-80658c4a9d3e} 
[mep::vcam::ProfileAwareAugmentedMediaSource::ProfilePropertyHandler(4511)] Profile DDI Set, profile type={b4894d81-62b7-4eec-8740-80658c4a9d3e}, EnableAiEffects=1 
[mep::vcam::ProfileAwareAugmentedMediaSource::ProfilePropertyHandler(4618)] Waiting for driver profile KsEvent handle: 0000000000000544 
[mep::vcam::ProfileAwareAugmentedMediaSource::ProfilePropertyHandler(4633)] [Completed SET] 
[mep::vcam::AugmentedMediaSource::Start(750)] [enter] 
[mep::vcam::AugmentedMediaSource::_Start(762)] [enter] 
[mep::vcam::AugmentedMediaSource::LazyInitPerceptionCore(528)] [enter: scenariosToInitialize=0x00004060, waitAsyncInitCompletion=-1] 
[mep::vcam::AugmentedMediaSource::_LoadPerceptionCore(333)] [enter] 
[mep::vcam::AugmentedMediaSource::_LoadPerceptionCore(350)] Loading PerceptionCore DLL from path=C:\WINDOWS\System32\DriverStore\FileRepository\microsofteffectpack_extension.inf_arm64_8881111f8f333d4e\PerceptionCore.dll 
ModLoad: 00007ff9`4c9e0000 00007ff9`4d06c000   C:\WINDOWS\System32\DriverStore\FileRepository\microsofteffectpack_extension.inf_arm64_8881111f8f333d4e\PerceptionCore.dll
ModLoad: 00007ff9`4c2d0000 00007ff9`4c9e0000   C:\WINDOWS\System32\DriverStore\FileRepository\microsofteffectpack_extension.inf_arm64_8881111f8f333d4e\SNPE.dll
ModLoad: 00007ff9`cbe00000 00007ff9`cccd4000   C:\WINDOWS\System32\SHELL32.dll
[mep::vcam::AugmentedMediaSource::_LoadPerceptionCore(356)] Loaded PerceptionCore DLL 
[mep::vcam::AugmentedMediaSource::_LoadPerceptionCore(367)] Obtained proc address for PerceptionCore factory 
ModLoad: 00007ff9`78b00000 00007ff9`78bd2000   C:\Windows\System32\Windows.Energy.dll
[mep::vcam::AugmentedMediaSource::_LoadPerceptionCore(375)] Created PerceptionCore instance 
[mep::vcam::AugmentedMediaSource::_LoadPerceptionCore(385)] Obtained proc address for GetAllPerceptionScenarios 
[mep::vcam::AugmentedMediaSource::_LoadPerceptionCore(407)] Supported Perception scenarios=3883895 
[mep::vcam::AugmentedMediaSource::_LoadPerceptionCore(423)] PERCEPTIONCOREPROPKEY_CREATIVEFILTER_SUPPORTED: ILLUSTRATED,WATERCOLOR,ANIMATED 
[mep::vcam::AugmentedMediaSource::_SetPerceptionCoreWorkQueue(1491)] SetPropertyInteger PERCEPTIONCOREPROPVAL_WORKQUEUEID with queue ID=327681 
[mep::vcam::AugmentedMediaSource::LazyInitPerceptionCore(577)] GetInitializedScenarios succeeded, Perception scenarios=0x00000000 
[mep::vcam::AugmentedMediaSource::LazyInitPerceptionCore(632)] Not waiting to validate when AsyncInit completes 
[mep::vcam::AugmentedMediaSource::LazyInitPerceptionCore(685)] [exit: hr=0x00000000, result=0, Perception scenarios=0x00000000] 
[mep::vcam::AugmentedMediaSource::_Start(870)] Selected base camera stream Id=2, vcam stream Id: 2 
Selected MediaType on vcam streamIndex=2: inW=1920 | inH=1080 | outW=1920 | outH=1080 | framerate: fps=30 num=30 den=1 | subtype=NV12 | preproc:0 | postproc:0 | isCompliant:0 | index=4294967295
[mep::vcam::AugmentedMediaSource::_ConfigureAiStreamPipeline(1002)] [enter] 
[mep::vcam::AugmentedMediaStream::GetMatchingMediaType(1654)] [enter] 
[mep::vcam::AugmentedMediaStream::_GetMatchingMediaType(1666)] [enter] 
New MediaType to set on the stream: inW=2560 | inH=1440 | outW=1920 | outH=1080 | framerate: fps=30 num=30 den=1 | subtype=NV12 | preproc:0 | postproc:1 | isCompliant:1 | index=0
[mep::vcam::AugmentedMediaStream::ConfigurePreprocessingXVP(1547)] [enter pinputMediaType:0000000000000000] 
[mep::vcam::AugmentedMediaStream::ConfigurePreprocessingXVP(1555)] [stream:2] Skipping preprocessing xvp configuration, not required 
[mep::vcam::HighResBackedAugmentedMediaStream::ConfigurePostprocessingXVP(1858)] [enter, stream:2 | pinputMediaType:0000023E021ED580 | pOutputMediaType:0000023E021EE0E0] 
[mep::vcam::HighResBackedAugmentedMediaStream::_ConfigurePostprocessingXVP(1870)] [enter pinputMediaType:0000023E021ED580 | pOutputMediaType:0000023E021EE0E0] 
ModLoad: 00007ff9`46910000 00007ff9`46d28000   C:\WINDOWS\System32\msvproc.dll
ModLoad: 00007ff9`9ec00000 00007ff9`9ecd8000   C:\WINDOWS\System32\SensorsApi.dll
Configuring XVP with input Mediatype: inW=2560 | inH=1440 | outW=2560 | outH=1440 | framerate: fps=30 num=30 den=1 | subtype=NV12 | preproc:0 | postproc:0 | isCompliant:0 | index=4294967295
Configuring XVP with output Mediatype: inW=1920 | inH=1080 | outW=1920 | outH=1080 | framerate: fps=30 num=30 den=1 | subtype=NV12 | preproc:0 | postproc:0 | isCompliant:0 | index=4294967295
ModLoad: 00007ff9`c0eb0000 00007ff9`c1372000   C:\WINDOWS\System32\d3d11.dll
ModLoad: 00007ff9`c2c40000 00007ff9`c2e7b000   C:\WINDOWS\System32\dxgi.dll
ModLoad: 00007ff9`9e9e0000 00007ff9`9ea3b000   C:\Windows\System32\PortableDeviceTypes.dll
ModLoad: 00007ff9`4d2a0000 00007ff9`4ddf5000   C:\WINDOWS\System32\D3D10Warp.dll
ModLoad: 00007ff9`9e950000 00007ff9`9e9d0000   C:\Windows\System32\deviceaccess.dll
ModLoad: 00007ff9`c2f60000 00007ff9`c2feb000   C:\WINDOWS\SYSTEM32\dxcore.dll
ModLoad: 00007ff9`be5b0000 00007ff9`be669000   C:\WINDOWS\SYSTEM32\directxdatabasehelper.dll
onecore\windows\directx\database\helperlibrary\lib\perappusersettingsqueryimpl.cpp(135)\directxdatabasehelper.dll!00007FF9BE5B7BF4: (caller: 00007FF9BE5D67F0) ReturnHr(1) tid(834) 80070002 The system cannot find the file specified.
onecore\windows\directx\database\helperlibrary\lib\perappusersettingsqueryimpl.cpp(135)\directxdatabasehelper.dll!00007FF9BE5B7BF4: (caller: 00007FF9BE5B7AA0) ReturnHr(2) tid(834) 80070002 The system cannot find the file specified.
onecoreuap\drivers\mobilepc\sensors\convergence\api\native\v2\simpledeviceorientationsensor.cpp(650)\SensorsNativeApi.V2.dll!00007FF99EB745F0: (caller: 00007FF99EB72E48) Exception(1) tid(1df8) 80070057 The parameter is incorrect.
(3050.1df8): C++ EH exception - code e06d7363 (first chance)
(3050.1df8): C++ EH exception - code e06d7363 (first chance)
onecoreuap\drivers\mobilepc\sensors\convergence\api\native\v2\simpledeviceorientationsensor.cpp(650)\SensorsNativeApi.V2.dll!00007FF99EB745F0: (caller: 00007FF99EB72E48) Exception(2) tid(326c) 80070057 The parameter is incorrect.
(3050.326c): C++ EH exception - code e06d7363 (first chance)
(3050.326c): C++ EH exception - code e06d7363 (first chance)
onecore\windows\directx\database\helperlibrary\lib\perappusersettingsqueryimpl.cpp(135)\directxdatabasehelper.dll!00007FF9BE5B7BF4: (caller: 00007FF9BE5D67F0) ReturnHr(3) tid(834) 80070002 The system cannot find the file specified.
onecore\windows\directx\database\helperlibrary\lib\directxdatabasehelper.cpp(2290)\directxdatabasehelper.dll!00007FF9BE5D56A0: (caller: 00007FF9C2C5444C) ReturnHr(4) tid(834) 80070002 The system cannot find the file specified.
onecore\windows\directx\database\helperlibrary\lib\perappusersettingsqueryimpl.cpp(135)\directxdatabasehelper.dll!00007FF9BE5B7BF4: (caller: 00007FF9BE5B7AA0) ReturnHr(5) tid(834) 80070002 The system cannot find the file specified.
onecore\windows\directx\database\helperlibrary\lib\perappusersettingsqueryimpl.cpp(135)\directxdatabasehelper.dll!00007FF9BE5B7BF4: (caller: 00007FF9BE5D67F0) ReturnHr(6) tid(834) 80070002 The system cannot find the file specified.
onecore\windows\directx\database\helperlibrary\lib\perappusersettingsqueryimpl.cpp(135)\directxdatabasehelper.dll!00007FF9BE5B7BF4: (caller: 00007FF9BE5D67F0) ReturnHr(7) tid(834) 80070002 The system cannot find the file specified.
onecore\windows\directx\database\helperlibrary\lib\perappusersettingsqueryimpl.cpp(135)\directxdatabasehelper.dll!00007FF9BE5B7BF4: (caller: 00007FF9BE5B7AA0) ReturnHr(8) tid(834) 80070002 The system cannot find the file specified.
onecore\windows\directx\database\helperlibrary\lib\perappusersettingsqueryimpl.cpp(135)\directxdatabasehelper.dll!00007FF9BE5B7BF4: (caller: 00007FF9BE5B7AA0) ReturnHr(9) tid(834) 80070002 The system cannot find the file specified.
[mep::vcam::AugmentedMediaSource::_Start(911)] Setting MediaType on base camera streamId=2: inW=2560 | inH=1440 | outW=1920 | outH=1080 | framerate: fps=30 num=30 den=1 | subtype=NV12 | preproc:0 | postproc:1 | isCompliant:1 | index=0
ModLoad: 00007ff9`a4750000 00007ff9`a4762000   C:\WINDOWS\System32\QcSoCServiceUtils.dll
ModLoad: 00007ff9`92e50000 00007ff9`92ee7000   C:\WINDOWS\System32\DriverStore\FileRepository\qcnspmcdm8380.inf_arm64_553f7b0d71497f2c\libcdsprpc.dll
ModLoad: 00007ff9`bdc30000 00007ff9`bdd1a000   C:\WINDOWS\SYSTEM32\WINTRUST.dll
ModLoad: 00007ff9`c6e30000 00007ff9`c6e56000   C:\WINDOWS\SYSTEM32\MSASN1.dll
ModLoad: 00007ff9`a4750000 00007ff9`a476c000   C:\WINDOWS\System32\DriverStore\FileRepository\microsofteffectpack_extension.inf_arm64_8881111f8f333d4e\SnpeHtpV73Stub.dll
ModLoad: 00007ff9`c6d80000 00007ff9`c6db0000   C:\WINDOWS\System32\CRYPTSP.dll
ModLoad: 00007ff9`c5ec0000 00007ff9`c5f27000   C:\WINDOWS\system32\rsaenh.dll
ModLoad: 00007ff9`c6950000 00007ff9`c698d000   C:\WINDOWS\SYSTEM32\gpapi.dll
ModLoad: 00007ff9`527a0000 00007ff9`52a28000   C:\Windows\System32\MSPhotography.dll
ModLoad: 00007ff9`4c030000 00007ff9`4c2c1000   C:\Windows\System32\Windows.Media.FaceAnalysis.dll
[mep::vcam::AugmentedMediaSource::_Start(931)] [exit] 
[mep::vcam::AugmentedMediaSource::OnMediaSourceEvent(3720)] Processing source event: met=205 
[mep::vcam::AugmentedMediaSource::OnNewStream(3796)] [enter] 
[mep::vcam::AugmentedMediaSource::OnNewStream(3815)] new stream Id: 2 
[mep::vcam::MediaStreamBase::SetMediaStream(471)] [enter, streamId=2, stream=0000023E021FE410, m_spDevStream=0000000000000000] 
[mep::vcam::MediaStreamBase::SetMediaStream(483)] [exit, m_spDevStream=0000023E021FE410] 
[mep::vcam::AugmentedMediaSource::OnNewStream(3827)] queuing stream pointer=0000023DFEFA4CD0 
[mep::vcam::AugmentedMediaSource::OnNewStream(3837)] [exit] 
[mep::vcam::AugmentedMediaSource::OnMediaSourceEvent(3720)] Processing source event: met=201 
[mep::vcam::AugmentedMediaSource::OnSourceStarted(3844)] [enter] 
[mep::vcam::AugmentedMediaSource::OnSourceStarted(3851)] [exit] 
[mep::vcam::AugmentedMediaStream::OnMediaStreamEvent(1263)] [stream:2] MEStreamStarted 
[mep::vcam::MediaStreamBase::_SetStreamState(436)] [2 enter, new value: 2 | old value: 0] 
[mep::vcam::AugmentedMediaStream::_Start(1344)] [enter] 
[mep::vcam::AugmentedMediaStream::_Start(1384) stream:2] with mediatype, perfMitigationCheck=1: inW=2560 | inH=1440 | outW=1920 | outH=1080 | framerate: fps=30 num=30 den=1 | subtype=NV12 | preproc:0 | postproc:1 | isCompliant:1 | index=0
ModLoad: 00007ff9`aea40000 00007ff9`aeabd000   c:\windows\system32\CompPkgSup.DLL
ModLoad: 00007ff9`a2d60000 00007ff9`a3a06000   C:\Windows\System32\Windows.Media.dll
ModLoad: 00007ff9`a7b50000 00007ff9`a7d28000   C:\Windows\System32\Windows.ApplicationModel.dll
ModLoad: 00007ff9`bc780000 00007ff9`bca3e000   C:\Windows\System32\AppXDeploymentClient.dll
ModLoad: 00007ff9`c9f00000 00007ff9`c9f3d000   C:\WINDOWS\System32\imagehlp.dll
CR63_BANK9_READ
BANK9_BASE=0000023e19cde040 SLOT63=0000023e19cde43c LUX8=0000023e19cde0cc
SLOT63_BITS
0000023e`19cde43c  00000000
LUX8_BITS
0000023e`19cde0cc  43b31228
GETTER_DESCRIPTOR
0000023d`fe6b2b40  00000009 0000003f 00000001 0000194d
READ_STACK
Child-SP          RetAddr               Call Site
000000cc`426fc900 00007ff9`507ba0b0     QcDeviceMFT8380!ROIChangeChecker::ROIChangeCheck+0x29484
000000cc`426fc990 00007ff9`507b8e94     QcDeviceMFT8380!ROIChangeChecker::ROIChangeCheck+0x1d5b0
000000cc`426fcae0 00007ff9`507e0d94     QcDeviceMFT8380!ROIChangeChecker::ROIChangeCheck+0x1c394
000000cc`426fcc20 00007ff9`507e100c     QcDeviceMFT8380!ROIChangeChecker::ROIChangeCheck+0x44294
000000cc`426fcc60 00007ff9`507a266c     QcDeviceMFT8380!ROIChangeChecker::ROIChangeCheck+0x4450c
000000cc`426fcdd0 00007ff9`50797d48     QcDeviceMFT8380!ROIChangeChecker::ROIChangeCheck+0x5b6c
000000cc`426fce80 00007ff9`507646f4     QcDeviceMFT8380!ROIPriority::operator=+0x3b518
000000cc`426fce90 00007ff9`5076222c     QcDeviceMFT8380!ROIPriority::operator=+0x7ec4
000000cc`426fd010 00007ff9`5075e42c     QcDeviceMFT8380!ROIPriority::operator=+0x59fc
000000cc`426fd930 00007ff9`50c40670     QcDeviceMFT8380!ROIPriority::operator=+0x1bfc
000000cc`426fd960 00007ff9`50c3fda0     QcDeviceMFT8380!gettimeofday+0x125de0
000000cc`426fdd30 00007ff9`50c3df60     QcDeviceMFT8380!gettimeofday+0x125510
000000cc`426fddd0 00007ff9`50c261f0     QcDeviceMFT8380!gettimeofday+0x1236d0
000000cc`426fded0 00007ff9`50bfc224     QcDeviceMFT8380!gettimeofday+0x10b960
000000cc`426fe580 00007ff9`509c4654     QcDeviceMFT8380!gettimeofday+0xe1994
000000cc`426fec20 00007ff9`506c13c4     QcDeviceMFT8380!ChiPDLibraryExit+0x1cf334
000000cc`426fec40 00007ff9`506b3c48     QcDeviceMFT8380!ROIData::ROIData+0x338d4
000000cc`426fec80 00007ff9`5068a238     QcDeviceMFT8380!ROIData::ROIData+0x26158
000000cc`426fef90 00007ff9`50687e28     QcDeviceMFT8380!ChiNodeUtils::GetImageStabilizationModeRT+0x1d5c48
000000cc`426fefe0 00007ff9`50428c84     QcDeviceMFT8380!ChiNodeUtils::GetImageStabilizationModeRT+0x1d3838
000000cc`426ff080 00007ff9`50417680     QcDeviceMFT8380!ROIChangeChecker::~ROIChangeChecker+0x1e3c4
000000cc`426ff100 00007ff9`504466d8     QcDeviceMFT8380!ROIChangeChecker::~ROIChangeChecker+0xcdc0
000000cc`426ff1f0 00007ff9`504473e4     QcDeviceMFT8380!ROIChangeChecker::~ROIChangeChecker+0x3be18
000000cc`426ff290 00007ff9`5044c7d4     QcDeviceMFT8380!ROIChangeChecker::~ROIChangeChecker+0x3cb24
000000cc`426ff330 00007ff9`b9ba3a58     QcDeviceMFT8380!ROIChangeChecker::~ROIChangeChecker+0x41f14
000000cc`426ff3d0 00007ff9`cd01dac4     RTWorkQ!ThreadPoolWorkCallback+0xf8
000000cc`426ff460 00007ff9`cd021d74     ntdll!TppWorkpExecuteCallback+0x1e4
000000cc`426ff580 00007ff9`c9178740     ntdll!TppWorkerThread+0x1b4
000000cc`426ff860 00007ff9`cd045084     KERNEL32!BaseThreadInitThunk+0x40
000000cc`426ff870 00000000`00000000     ntdll!RtlUserThreadStart+0x44
ModLoad: 00007ff9`c3e60000 00007ff9`c50db000   C:\WINDOWS\system32\windows.storage.dll
ModLoad: 00007ff9`bf630000 00007ff9`bf63a000   C:\Windows\System32\Windows.AI.MachineLearning.dll
ModLoad: 00007ff9`55120000 00007ff9`55289000   C:\Windows\System32\windows_ai_machinelearning_arm64.DLL
onecore\windows\directx\database\helperlibrary\lib\perappusersettingsqueryimpl.cpp(135)\directxdatabasehelper.dll!00007FF9BE5B7BF4: (caller: 00007FF9BE5D67F0) ReturnHr(10) tid(13a8) 80070002 The system cannot find the file specified.
[mep::vcam::AugmentedMediaStream::_ProcessSample(465)] [stream:2, inputSample:0000023E192FBD50, sampleTime:8277963515] PC scenario: 0 | EnableAiEffects=1 | IsOccluded=0 | isAwaitingPreBake=1 | isPerfMitigated=0 
[mep::vcam::AugmentedMediaStream::_ProcessSample(521)] [stream:2] GetInitializedScenarios succeeded, Perception scenarios=0x00100000, state of latent init for: EGC=0, DW=0, SL=0, CC=0, PreBake=1 
[mep::vcam::AugmentedMediaStream::_ProcessSample(603)] [stream:2] skipping processing 
ModLoad: 00007ff9`bf520000 00007ff9`bf52a000   C:\Windows\System32\onnxruntime.dll
onecoreuap\drivers\mobilepc\sensors\convergence\api\native\v2\simpledeviceorientationsensor.cpp(650)\SensorsNativeApi.V2.dll!00007FF99EB745F0: (caller: 00007FF99EB72E48) Exception(3) tid(326c) 80070057 The parameter is incorrect.
(3050.326c): C++ EH exception - code e06d7363 (first chance)
[mep::vcam::HighResBackedAugmentedMediaStream::_PostprocessSample::<lambda_d3c53fdc90ecdbc251416b59c76eccd6>::operator ()(1951)] [Offloaded _PostprocessSample() outputSample:0000023E02446390] 
(3050.326c): C++ EH exception - code e06d7363 (first chance)
ModLoad: 00007ff9`45e70000 00007ff9`468fd000   C:\WINDOWS\System32\onnxruntime_arm64.DLL
ModLoad: 00007ff9`c01b0000 00007ff9`c0574000   C:\Windows\System32\windowscodecs.dll
onecoreuap\drivers\mobilepc\sensors\convergence\api\native\v2\simpledeviceorientationsensor.cpp(650)\SensorsNativeApi.V2.dll!00007FF99EB745F0: (caller: 00007FF99EB72E48) Exception(4) tid(322c) 80070057 The parameter is incorrect.
(3050.322c): C++ EH exception - code e06d7363 (first chance)
(3050.322c): C++ EH exception - code e06d7363 (first chance)
[mep::vcam::AugmentedMediaStream::_ProcessSample(465)] [stream:2, inputSample:0000023E1BC49930, sampleTime:8306866648] PC scenario: 0 | EnableAiEffects=1 | IsOccluded=0 | isAwaitingPreBake=1 | isPerfMitigated=0 
[mep::vcam::AugmentedMediaStream::_ProcessSample(521)] [stream:2] GetInitializedScenarios succeeded, Perception scenarios=0x00100107, state of latent init for: EGC=0, DW=0, SL=0, CC=0, PreBake=1 
[mep::vcam::AugmentedMediaStream::_ProcessSample(603)] [stream:2] skipping processing 
[mep::vcam::HighResBackedAugmentedMediaStream::_PostprocessSample::<lambda_d3c53fdc90ecdbc251416b59c76eccd6>::operator ()(1951)] [Offloaded _PostprocessSample() outputSample:0000023E1BC489C0] 
[mep::vcam::AugmentedMediaStream::_ProcessSample(465)] [stream:2, inputSample:0000023E192FBD50, sampleTime:8307199933] PC scenario: 0 | EnableAiEffects=1 | IsOccluded=0 | isAwaitingPreBake=1 | isPerfMitigated=0 
[mep::vcam::AugmentedMediaStream::_ProcessSample(521)] [stream:2] GetInitializedScenarios succeeded, Perception scenarios=0x00104167, state of latent init for: EGC=0, DW=0, SL=0, CC=0, PreBake=1 
[mep::vcam::AugmentedMediaStream::_ProcessSample(529)] [stream:2] Latent initialization of PreBake completed, scenarios=0x00004060 
[mep::vcam::AugmentedMediaStream::_ProcessSample(603)] [stream:2] skipping processing 
[mep::vcam::HighResBackedAugmentedMediaStream::_PostprocessSample::<lambda_d3c53fdc90ecdbc251416b59c76eccd6>::operator ()(1951)] [Offloaded _PostprocessSample() outputSample:0000023E02446390] 
[mep::vcam::AugmentedMediaStream::_ProcessSample(465)] [stream:2, inputSample:0000023E1BC49930, sampleTime:8307533221] PC scenario: 0 | EnableAiEffects=1 | IsOccluded=0 | isAwaitingPreBake=0 | isPerfMitigated=0 
[mep::vcam::HighResBackedAugmentedMediaStream::_PostprocessSample::<lambda_d3c53fdc90ecdbc251416b59c76eccd6>::operator ()(1951)] [Offloaded _PostprocessSample() outputSample:0000023E1BC489C0] 
[mep::vcam::AugmentedMediaStream::_ProcessSample(465)] [stream:2, inputSample:0000023E192FBD50, sampleTime:8307867256] PC scenario: 0 | EnableAiEffects=1 | IsOccluded=0 | isAwaitingPreBake=0 | isPerfMitigated=0 
[mep::vcam::HighResBackedAugmentedMediaStream::_PostprocessSample::<lambda_d3c53fdc90ecdbc251416b59c76eccd6>::operator ()(1951)] [Offloaded _PostprocessSample() outputSample:0000023E02446390] 
[mep::vcam::AugmentedMediaSource::GetService(1416)] [enter: guidService={00000000-0000-0000-0000-000000000000} | riid={b91ebfee-ca03-4af4-8a82-a31752f4a0fc}] 
[mep::vcam::AugmentedMediaSource::KsProperty(1558)] [enter: Set={1cb79112-c0d2-4213-9ca6-cd4fdb927972} | id=43 | flags=0x00000001] 
[mep::vcam::AugmentedMediaSource::KsProperty(1563)] Extended Control 43 Passed  
[mep::vcam::AugmentedMediaSource::KsProperty(1648)] DIGITALWINDOW DDI queried 
[mep::vcam::AugmentedMediaSource::LazyInitPerceptionCore(528)] [enter: scenariosToInitialize=0x00000000, waitAsyncInitCompletion=-1] 
[mep::vcam::AugmentedMediaSource::LazyInitPerceptionCore(557)] [exit: skip] 
[?????????????????????y(1668)] hr=0x800700EA 
 
[mep::vcam::AugmentedMediaSource::KsProperty(1558)] [enter: Set={1cb79112-c0d2-4213-9ca6-cd4fdb927972} | id=43 | flags=0x00000001] 
[mep::vcam::AugmentedMediaSource::KsProperty(1563)] Extended Control 43 Passed  
[mep::vcam::AugmentedMediaSource::KsProperty(1648)] DIGITALWINDOW DDI queried 
[mep::vcam::AugmentedMediaSource::LazyInitPerceptionCore(528)] [enter: scenariosToInitialize=0x00000000, waitAsyncInitCompletion=-1] 
[mep::vcam::AugmentedMediaSource::LazyInitPerceptionCore(557)] [exit: skip] 
[mep::vcam::AugmentedMediaSource::KsProperty(1558)] [enter: Set={1cb79112-c0d2-4213-9ca6-cd4fdb927972} | id=43 | flags=0x00000002] 
[mep::vcam::AugmentedMediaSource::KsProperty(1563)] Extended Control 43 Passed  
[mep::vcam::AugmentedMediaSource::KsProperty(1648)] DIGITALWINDOW DDI queried 
[mep::vcam::AugmentedMediaSource::LazyInitPerceptionCore(528)] [enter: scenariosToInitialize=0x00000000, waitAsyncInitCompletion=-1] 
[mep::vcam::AugmentedMediaSource::LazyInitPerceptionCore(557)] [exit: skip] 
[mep::vcam::AugmentedMediaSource::DigitalWindowPropertyHandler(2947)] Queried KSPROPERTY_CAMERACONTROL_EXTENDED_FIELDOFVIEW2_CONFIGCAPS with hr=0x00000000 
[mep::vcam::AugmentedMediaSource::DigitalWindowPropertyHandler(2956)] Queried KSPROPERTY_CAMERACONTROL_EXTENDED_FIELDOFVIEW2_CONFIGCAPS, max FoV value=114l, default FoV value=100l 
[mep::vcam::AugmentedMediaSource::DigitalWindowPropertyHandler(3011)] Set KSPROPERTY_CAMERACONTROL_EXTENDED_FIELDOFVIEW2 current FoV value=114l 
[mep::vcam::AugmentedMediaSource::LazyInitPerceptionCore(528)] [enter: scenariosToInitialize=0x00010000, waitAsyncInitCompletion=-1] 
[mep::vcam::AugmentedMediaSource::LazyInitPerceptionCore(577)] GetInitializedScenarios succeeded, Perception scenarios=0x00104167 
[mep::vcam::AugmentedMediaSource::LazyInitPerceptionCore(632)] Not waiting to validate when AsyncInit completes 
[mep::vcam::AugmentedMediaSource::LazyInitPerceptionCore(685)] [exit: hr=0x00000000, result=0, Perception scenarios=0x00104167] 
[mep::vcam::AugmentedMediaSource::DigitalWindowPropertyHandler(3051)] KSCAMERA_EXTENDEDPROP_DIGITALWINDOW_SETTING set to: 1 
[mep::vcam::AugmentedMediaSource::AttemptToNotifyOfControlChange(3937)] [enter, effectkind:2] 
[mep::vcam::AugmentedMediaSource::AttemptToNotifyOfControlChange(3985)] Queried KSPROPERTY_CAMERACONTROL_WINDOWSTUDIO_SETNOTIFICATION with hr=0x00000000 
[mep::vcam::AugmentedMediaSource::AttemptToNotifyOfControlChange(4016)] Should notify upon SET of bs:0, ec:0, dw:1, sl:0, cf:1 
[mep::vcam::AugmentedMediaSource::AttemptToNotifyOfControlChange(4022)] Set KSPROPERTY_CAMERACONTROL_WINDOWSTUDIO_SETNOTIFICATION with flags=1l 
[mep::vcam::AugmentedMediaSource::GetService(1416)] [enter: guidService={00000000-0000-0000-0000-000000000000} | riid={b91ebfee-ca03-4af4-8a82-a31752f4a0fc}] 
[mep::vcam::AugmentedMediaSource::KsProperty(1558)] [enter: Set={1cb79112-c0d2-4213-9ca6-cd4fdb927972} | id=46 | flags=0x00000001] 
[mep::vcam::AugmentedMediaSource::KsProperty(1563)] Extended Control 46 Passed  
[mep::vcam::AugmentedMediaSource::KsProperty(1846)] KSPROPERTY_CAMERACONTROL_EXTENDED_FIELDOFVIEW2 DDI queried 
[mep::vcam::AugmentedMediaSource::KsProperty(1856)] KSPROPERTY_CAMERACONTROL_EXTENDED_FIELDOFVIEW2 DDI queried 
[????????????????????????????????????s(510)] hr=0x800700EA 
 
[?????????????????????y(2118)] hr=0x800700EA 
 
[mep::vcam::AugmentedMediaSource::GetService(1416)] [enter: guidService={00000000-0000-0000-0000-000000000000} | riid={b91ebfee-ca03-4af4-8a82-a31752f4a0fc}] 
[mep::vcam::AugmentedMediaSource::KsProperty(1558)] [enter: Set={1cb79112-c0d2-4213-9ca6-cd4fdb927972} | id=21 | flags=0x00000001] 
[mep::vcam::AugmentedMediaSource::KsProperty(1563)] Extended Control 21 Passed  
[????????????????????????????????????s(510)] hr=0x800700EA 
 
[?????????????????????y(2118)] hr=0x800700EA 
 
[mep::vcam::AugmentedMediaSource::GetService(1416)] [enter: guidService={00000000-0000-0000-0000-000000000000} | riid={b91ebfee-ca03-4af4-8a82-a31752f4a0fc}] 
[mep::vcam::AugmentedMediaSource::KsProperty(1558)] [enter: Set={1cb79112-c0d2-4213-9ca6-cd4fdb927972} | id=22 | flags=0x00000001] 
[mep::vcam::AugmentedMediaSource::KsProperty(1563)] Extended Control 22 Passed  
[mep::vcam::AugmentedMediaSource::KsProperty(1737)] ROI ISPCONTROL DDI queried while ActiveDirector is engaged.. 
[????????????????????????????????(3425)] hr=0x800700EA 
 
[?????????????????????y(1755)] hr=0x800700EA 
 
[mep::vcam::AugmentedMediaSource::GetService(1416)] [enter: guidService={00000000-0000-0000-0000-000000000000} | riid={b91ebfee-ca03-4af4-8a82-a31752f4a0fc}] 
[mep::vcam::AugmentedMediaSource::KsProperty(1558)] [enter: Set={1cb79112-c0d2-4213-9ca6-cd4fdb927972} | id=24 | flags=0x00000001] 
[mep::vcam::AugmentedMediaSource::KsProperty(1563)] Extended Control 24 Passed  
[????????????????????????????????????s(510)] hr=0x800700EA 
 
[?????????????????????y(2118)] hr=0x800700EA 
 
[mep::vcam::AugmentedMediaSource::GetService(1416)] [enter: guidService={00000000-0000-0000-0000-000000000000} | riid={b91ebfee-ca03-4af4-8a82-a31752f4a0fc}] 
[mep::vcam::AugmentedMediaSource::KsProperty(1558)] [enter: Set={1cb79112-c0d2-4213-9ca6-cd4fdb927972} | id=15 | flags=0x00000001] 
[mep::vcam::AugmentedMediaSource::KsProperty(1563)] Extended Control 15 Passed  
[????????????????????????????????????s(510)] hr=0x80070490 
 
[?????????????????????y(2118)] hr=0x80070490 
 
[mep::vcam::AugmentedMediaStream::_ProcessSample(465)] [stream:2, inputSample:0000023E1BC49930, sampleTime:8308201292] PC scenario: 65536 | EnableAiEffects=1 | IsOccluded=0 | isAwaitingPreBake=0 | isPerfMitigated=0 
[mep::vcam::AugmentedMediaStream::_ProcessSample(521)] [stream:2] GetInitializedScenarios succeeded, Perception scenarios=0x00104167, state of latent init for: EGC=0, DW=1, SL=0, CC=0, PreBake=0 
[mep::vcam::AugmentedMediaStream::_ProcessSample(603)] [stream:2] skipping processing 
[mep::vcam::HighResBackedAugmentedMediaStream::_PostprocessSample::<lambda_d3c53fdc90ecdbc251416b59c76eccd6>::operator ()(1951)] [Offloaded _PostprocessSample() outputSample:0000023E1BC489C0] 
[mep::vcam::AugmentedMediaStream::_ProcessSample(465)] [stream:2, inputSample:0000023E192FBD50, sampleTime:8308535329] PC scenario: 65536 | EnableAiEffects=1 | IsOccluded=0 | isAwaitingPreBake=0 | isPerfMitigated=0 
[mep::vcam::AugmentedMediaStream::_ProcessSample(521)] [stream:2] GetInitializedScenarios succeeded, Perception scenarios=0x00104167, state of latent init for: EGC=0, DW=1, SL=0, CC=0, PreBake=0 
[mep::vcam::AugmentedMediaStream::_ProcessSample(603)] [stream:2] skipping processing 
[mep::vcam::HighResBackedAugmentedMediaStream::_PostprocessSample::<lambda_d3c53fdc90ecdbc251416b59c76eccd6>::operator ()(1951)] [Offloaded _PostprocessSample() outputSample:0000023E02446390] 
[mep::vcam::AugmentedMediaStream::_ProcessSample(465)] [stream:2, inputSample:0000023E1BC49930, sampleTime:8308869364] PC scenario: 65536 | EnableAiEffects=1 | IsOccluded=0 | isAwaitingPreBake=0 | isPerfMitigated=0 
[mep::vcam::AugmentedMediaStream::_ProcessSample(521)] [stream:2] GetInitializedScenarios succeeded, Perception scenarios=0x00114167, state of latent init for: EGC=0, DW=1, SL=0, CC=0, PreBake=0 
[mep::vcam::AugmentedMediaStream::_ProcessSample(560)] [stream:2] Latent initialization of AutoFaceFraming completed 
[mep::vcam::AugmentedMediaStream::_ProcessSample(607)] [stream:2] Will process with scenario: 65536 
[mep::vcam::AugmentedMediaStream::_ExtractAndAttachMetadata(921)] PC ActiveDirector Metadata: L=0.000000 | top=0.000000 | width=2560.000000 | height=1440.000000 
[mep::vcam::AugmentedMediaStream::_ExtractAndAttachMetadata(935)] Adjusting face detection ROIs in metadata while active director is engaged 
[mep::vcam::HighResBackedAugmentedMediaStream::_PostprocessSample::<lambda_d3c53fdc90ecdbc251416b59c76eccd6>::operator ()(1951)] [Offloaded _PostprocessSample() outputSample:0000023E1BC489C0] 
[mep::vcam::AugmentedMediaStream::_ProcessSample(465)] [stream:2, inputSample:0000023E192FBD50, sampleTime:8309203401] PC scenario: 65536 | EnableAiEffects=1 | IsOccluded=0 | isAwaitingPreBake=0 | isPerfMitigated=0 
[mep::vcam::AugmentedMediaStream::_ExtractAndAttachMetadata(921)] PC ActiveDirector Metadata: L=0.000000 | top=0.000000 | width=2560.000000 | height=1440.000000 
[mep::vcam::AugmentedMediaStream::_ExtractAndAttachMetadata(935)] Adjusting face detection ROIs in metadata while active director is engaged 
[mep::vcam::HighResBackedAugmentedMediaStream::_PostprocessSample::<lambda_d3c53fdc90ecdbc251416b59c76eccd6>::operator ()(1951)] [Offloaded _PostprocessSample() outputSample:0000023E02446390] 
[mep::vcam::AugmentedMediaStream::_ProcessSample(465)] [stream:2, inputSample:0000023E1BC49930, sampleTime:8309620713] PC scenario: 65536 | EnableAiEffects=1 | IsOccluded=0 | isAwaitingPreBake=0 | isPerfMitigated=0 
[mep::vcam::AugmentedMediaStream::_ExtractAndAttachMetadata(921)] PC ActiveDirector Metadata: L=0.000000 | top=0.000000 | width=2560.000000 | height=1440.000000 
[mep::vcam::AugmentedMediaStream::_ExtractAndAttachMetadata(935)] Adjusting face detection ROIs in metadata while active director is engaged 
[mep::vcam::HighResBackedAugmentedMediaStream::_PostprocessSample::<lambda_d3c53fdc90ecdbc251416b59c76eccd6>::operator ()(1951)] [Offloaded _PostprocessSample() outputSample:0000023E1BC489C0] 
[mep::vcam::AugmentedMediaStream::_ProcessSample(465)] [stream:2, inputSample:0000023E192FBD50, sampleTime:8310038118] PC scenario: 65536 | EnableAiEffects=1 | IsOccluded=0 | isAwaitingPreBake=0 | isPerfMitigated=0 
[mep::vcam::AugmentedMediaStream::_ExtractAndAttachMetadata(921)] PC ActiveDirector Metadata: L=0.000000 | top=0.000000 | width=2560.000000 | height=1440.000000 
[mep::vcam::AugmentedMediaStream::_ExtractAndAttachMetadata(935)] Adjusting face detection ROIs in metadata while active director is engaged 
[mep::vcam::HighResBackedAugmentedMediaStream::_PostprocessSample::<lambda_d3c53fdc90ecdbc251416b59c76eccd6>::operator ()(1951)] [Offloaded _PostprocessSample() outputSample:0000023E02446390] 
[mep::vcam::AugmentedMediaStream::_ProcessSample(465)] [stream:2, inputSample:0000023E1BC49930, sampleTime:8310455524] PC scenario: 65536 | EnableAiEffects=1 | IsOccluded=0 | isAwaitingPreBake=0 | isPerfMitigated=0 
[mep::vcam::AugmentedMediaStream::_ExtractAndAttachMetadata(921)] PC ActiveDirector Metadata: L=0.000000 | top=0.000000 | width=2560.000000 | height=1440.000000 
[mep::vcam::AugmentedMediaStream::_ExtractAndAttachMetadata(935)] Adjusting face detection ROIs in metadata while active director is engaged 
[mep::vcam::HighResBackedAugmentedMediaStream::_PostprocessSample::<lambda_d3c53fdc90ecdbc251416b59c76eccd6>::operator ()(1951)] [Offloaded _PostprocessSample() outputSample:0000023E1BC489C0] 
[mep::vcam::AugmentedMediaStream::_ProcessSample(465)] [stream:2, inputSample:0000023E192FBD50, sampleTime:8310872928] PC scenario: 65536 | EnableAiEffects=1 | IsOccluded=0 | isAwaitingPreBake=0 | isPerfMitigated=0 
[mep::vcam::AugmentedMediaStream::_ExtractAndAttachMetadata(921)] PC ActiveDirector Metadata: L=0.000000 | top=0.000000 | width=2560.000000 | height=1440.000000 
[mep::vcam::AugmentedMediaStream::_ExtractAndAttachMetadata(935)] Adjusting face detection ROIs in metadata while active director is engaged 
[mep::vcam::HighResBackedAugmentedMediaStream::_PostprocessSample::<lambda_d3c53fdc90ecdbc251416b59c76eccd6>::operator ()(1951)] [Offloaded _PostprocessSample() outputSample:0000023E02446390] 
[mep::vcam::AugmentedMediaStream::_ProcessSample(465)] [stream:2, inputSample:0000023E1BC49930, sampleTime:8311290334] PC scenario: 65536 | EnableAiEffects=1 | IsOccluded=0 | isAwaitingPreBake=0 | isPerfMitigated=0 
[mep::vcam::AugmentedMediaStream::_ExtractAndAttachMetadata(921)] PC ActiveDirector Metadata: L=0.000000 | top=0.000000 | width=2560.000000 | height=1440.000000 
[mep::vcam::AugmentedMediaStream::_ExtractAndAttachMetadata(935)] Adjusting face detection ROIs in metadata while active director is engaged 
[mep::vcam::HighResBackedAugmentedMediaStream::_PostprocessSample::<lambda_d3c53fdc90ecdbc251416b59c76eccd6>::operator ()(1951)] [Offloaded _PostprocessSample() outputSample:0000023E1BC489C0] 
[mep::vcam::AugmentedMediaStream::_ProcessSample(465)] [stream:2, inputSample:0000023E192FBD50, sampleTime:8311707736] PC scenario: 65536 | EnableAiEffects=1 | IsOccluded=0 | isAwaitingPreBake=0 | isPerfMitigated=0 
[mep::vcam::AugmentedMediaStream::_ExtractAndAttachMetadata(921)] PC ActiveDirector Metadata: L=0.000000 | top=0.000000 | width=2560.000000 | height=1440.000000 
[mep::vcam::AugmentedMediaStream::_ExtractAndAttachMetadata(935)] Adjusting face detection ROIs in metadata while active director is engaged 
[mep::vcam::AugmentedMediaSource::KsProperty(1558)] [enter: Set={1cb79112-c0d2-4213-9ca6-cd4fdb927972} | id=4 | flags=0x00000001] 
[mep::vcam::AugmentedMediaSource::KsProperty(1563)] Extended Control 4 Passed  
[mep::vcam::MediaStreamBase::SetStreamState(429)] [enter] 
[mep::vcam::MediaStreamBase::_SetStreamState(436)] [2 enter, new value: 0 | old value: 2] 
[mep::vcam::HighResBackedAugmentedMediaStream::_PostprocessSample::<lambda_d3c53fdc90ecdbc251416b59c76eccd6>::operator ()(1951)] [Offloaded _PostprocessSample() outputSample:0000023E02446390] 
[mep::vcam::AugmentedMediaSource::Shutdown(1117)] [enter] 
[mep::vcam::AugmentedMediaSource::_Stop(1077)] [enter] 
[mep::vcam::MediaStreamBase::GetStreamState(453)] [enter] 
[mep::vcam::MediaStreamBase::GetStreamState(465)] [2 exit, state=0] 
[mep::vcam::MediaStreamBase::GetStreamState(453)] [enter] 
[mep::vcam::MediaStreamBase::GetStreamState(465)] [0 exit, state=0] 
[mep::vcam::MediaStreamBase::GetStreamState(453)] [enter] 
[mep::vcam::MediaStreamBase::GetStreamState(465)] [1 exit, state=0] 
[mep::vcam::AugmentedMediaSource::_Stop(1110)] [exit] 
[mep::vcam::HighResBackedAugmentedMediaStream::Shutdown(2009)] [enter] 
[mep::vcam::AugmentedMediaStream::Shutdown(1614)] [stream:2] enter [processedFrameCount=8 | skippedFrameCount=0] 
[mep::vcam::PassthroughMediaStream::Shutdown(220)] [stream:0] enter [skippedFrameCount=0] 
[mep::vcam::PassthroughMediaStream::Shutdown(220)] [stream:1] enter [skippedFrameCount=0] 
[mep::vcam::AugmentedMediaStream::~AugmentedMediaStream(20)] [enter] 
[mep::vcam::AugmentedMediaStream::Shutdown(1614)] [stream:2] enter [processedFrameCount=8 | skippedFrameCount=0] 
[mep::vcam::PassthroughMediaStream::~PassthroughMediaStream(16)] [enter] 
[mep::vcam::PassthroughMediaStream::Shutdown(220)] [stream:0] enter [skippedFrameCount=0] 
[mep::vcam::PassthroughMediaStream::~PassthroughMediaStream(16)] [enter] 
[mep::vcam::PassthroughMediaStream::Shutdown(220)] [stream:1] enter [skippedFrameCount=0] 
[mep::vcam::AugmentedMediaSource::DestroyPerceptionCore(1197)] [enter] 
[mep::vcam::AugmentedMediaSource::_DestroyPerceptionCore(1208)] [enter] 
[mep::vcam::AugmentedMediaSource::_DestroyPerceptionCore(1233)] DestroyWithStatus PreceptionCore, status=0 
ERROR SensorStopV2_Internal: Invalid parameter!:0x00000057
onecoreuap\drivers\mobilepc\sensors\convergence\api\native\simpledeviceorientationrpcclient\simpledeviceorientationrpcclient.cpp(289)\SensorsNativeApi.V2.dll!00007FF99EB772AC: (caller: 00007FF99EB75F9C) Exception(5) tid(1df8) 8007139F The group or resource is not in the correct state to perform the requested operation.
(3050.1df8): C++ EH exception - code e06d7363 (first chance)
(3050.1df8): C++ EH exception - code e06d7363 (first chance)
[mep::vcam::AugmentedMediaSource::_DestroyPerceptionCore(1241)] Freed PerceptionCore.dll hr=0x00000000 
[mep::vcam::AugmentedMediaSource::DestroyPerceptionCore(1203)] [exit] 
[mep::vcam::AugmentedMediaSource::_Shutdown(1191)] [exit] 
[mep::vcam::AugmentedMediaSource::Shutdown(1138)] [Disposing of occlusion monitor] 
[mep::vcam::AugmentedMediaSource::Shutdown(1141)] [exit, hr=0x00000000] 
[mep::vcam::AugmentedMediaSource::~AugmentedMediaSource(124)] [enter] 
[mep::vcam::AugmentedMediaSource::Shutdown(1117)] [enter] 
[mep::vcam::AugmentedMediaSource::DestroyPerceptionCore(1197)] [enter] 
[mep::vcam::AugmentedMediaSource::_DestroyPerceptionCore(1208)] [enter] 
[mep::vcam::AugmentedMediaSource::DestroyPerceptionCore(1203)] [exit] 
[mep::vcam::AugmentedMediaSource::_Shutdown(1191)] [exit] 
[mep::vcam::AugmentedMediaSource::Shutdown(1141)] [exit, hr=0x00000000] 
ntdll!NtTerminateProcess+0x4:
00007ff9`ccf71304 d65f03c0 ret
NatVis script unloaded from 'C:\Program Files\WindowsApps\Microsoft.WinDbg_1.2606.22001.0_arm64__8wekyb3d8bbwe\arm64\Visualizers\atlmfc.natvis'
NatVis script unloaded from 'C:\Program Files\WindowsApps\Microsoft.WinDbg_1.2606.22001.0_arm64__8wekyb3d8bbwe\arm64\Visualizers\concurrency.natvis'
NatVis script unloaded from 'C:\Program Files\WindowsApps\Microsoft.WinDbg_1.2606.22001.0_arm64__8wekyb3d8bbwe\arm64\Visualizers\cpp_rest.natvis'
NatVis script unloaded from 'C:\Program Files\WindowsApps\Microsoft.WinDbg_1.2606.22001.0_arm64__8wekyb3d8bbwe\arm64\Visualizers\ObjectiveC.natvis'
NatVis script unloaded from 'C:\Program Files\WindowsApps\Microsoft.WinDbg_1.2606.22001.0_arm64__8wekyb3d8bbwe\arm64\Visualizers\stl.natvis'
NatVis script unloaded from 'C:\Program Files\WindowsApps\Microsoft.WinDbg_1.2606.22001.0_arm64__8wekyb3d8bbwe\arm64\Visualizers\Windows.Data.Json.natvis'
NatVis script unloaded from 'C:\Program Files\WindowsApps\Microsoft.WinDbg_1.2606.22001.0_arm64__8wekyb3d8bbwe\arm64\Visualizers\Windows.Devices.Geolocation.natvis'
NatVis script unloaded from 'C:\Program Files\WindowsApps\Microsoft.WinDbg_1.2606.22001.0_arm64__8wekyb3d8bbwe\arm64\Visualizers\Windows.Devices.Sensors.natvis'
NatVis script unloaded from 'C:\Program Files\WindowsApps\Microsoft.WinDbg_1.2606.22001.0_arm64__8wekyb3d8bbwe\arm64\Visualizers\Windows.Media.natvis'
NatVis script unloaded from 'C:\Program Files\WindowsApps\Microsoft.WinDbg_1.2606.22001.0_arm64__8wekyb3d8bbwe\arm64\Visualizers\windows.natvis'
NatVis script unloaded from 'C:\Program Files\WindowsApps\Microsoft.WinDbg_1.2606.22001.0_arm64__8wekyb3d8bbwe\arm64\Visualizers\winrt.natvis'
