openjdk version "21.0.12" 2026-07-21
OpenJDK Runtime Environment (build 21.0.12+8-1-26.04-Ubuntu)
OpenJDK 64-Bit Server VM (build 21.0.12+8-1-26.04-Ubuntu, mixed mode)
Module manifest file error on line 2 of file: /home/geoca/.config/ghidra/ghidra_12.0.4_PUBLIC/Extensions/GhidraMCP/Module.manifest
	-> Invalid line encountered: GHIDRA_MODULE_NAME=GhidraMCP
Module manifest file error on line 3 of file: /home/geoca/.config/ghidra/ghidra_12.0.4_PUBLIC/Extensions/GhidraMCP/Module.manifest
	-> Invalid line encountered: GHIDRA_MODULE_DESC=An HTTP server plugin for Ghidra
Module manifest file error on line 2 of file: /home/geoca/.config/ghidra/ghidra_12.0.4_PUBLIC/Extensions/GhidraMCP/Module.manifest
	-> Invalid line encountered: GHIDRA_MODULE_NAME=GhidraMCP
Module manifest file error on line 3 of file: /home/geoca/.config/ghidra/ghidra_12.0.4_PUBLIC/Extensions/GhidraMCP/Module.manifest
	-> Invalid line encountered: GHIDRA_MODULE_DESC=An HTTP server plugin for Ghidra
INFO  Using log config file: jar:file:/home/geoca/Desktop/Ghidra/Ghidra/Framework/Generic/lib/Generic.jar!/generic.log4j.xml (LoggingInitialization)  
INFO  Using log file: /home/geoca/.config/ghidra/ghidra_12.0.4_PUBLIC/application.log (LoggingInitialization)  
INFO  Loading user preferences: /home/geoca/.config/ghidra/ghidra_12.0.4_PUBLIC/preferences (Preferences)  
INFO  Loading previous preferences: /home/geoca/.config/ghidra/ghidra_12.1.2_PUBLIC/preferences (Preferences)  
INFO  Searching for classes... (ClassSearcher)  
INFO  Class search complete (454 ms) (ClassSearcher)  
INFO  Initializing SSL Context (DefaultSSLContextInitializer)  
INFO  Initializing Random Number Generator... (SecureRandomFactory)  
INFO  Random Number Generator initialization complete: NativePRNGNonBlocking (SecureRandomFactory)  
INFO  Trust manager disabled, cacerts have not been set (DefaultTrustManagerFactory)  
INFO  Headless startup complete (1237 ms) (AnalyzeHeadless)  
INFO  Class searcher loaded 59 extension points (18 false positives) (ClassSearcher)  
INFO  HEADLESS Script Paths:
    /home/geoca/Desktop/Ghidra/Ghidra/Features/MicrosoftCodeAnalyzer/ghidra_scripts
    /home/geoca/Desktop/Ghidra/Ghidra/Features/VersionTracking/ghidra_scripts
    /home/geoca/Desktop/Ghidra/Ghidra/Features/PyGhidra/ghidra_scripts
    /home/geoca/Desktop/Ghidra/Ghidra/Processors/Atmel/ghidra_scripts
    /home/geoca/Documents/SP11-PROJECT/06-camera/SP11X1ECamera/experiments/E004-front-ir-vd55g0/e004cf-trusted-worker-execution-contract/ghidra
    /home/geoca/Desktop/Ghidra/Ghidra/Features/BSim/ghidra_scripts
    /home/geoca/Desktop/Ghidra/Ghidra/Processors/PIC/ghidra_scripts
    /home/geoca/Desktop/Ghidra/Ghidra/Debug/Debugger/ghidra_scripts
    /home/geoca/Desktop/Ghidra/Ghidra/Features/Jython/ghidra_scripts
    /home/geoca/Desktop/Ghidra/Ghidra/Features/DecompilerDependent/ghidra_scripts
    /home/geoca/Desktop/Ghidra/Ghidra/Features/GnuDemangler/ghidra_scripts
    /home/geoca/Desktop/Ghidra/Ghidra/Features/SwiftDemangler/ghidra_scripts
    /home/geoca/Desktop/Ghidra/Ghidra/Features/WildcardAssembler/ghidra_scripts
    /home/geoca/Desktop/Ghidra/Ghidra/Features/SystemEmulation/ghidra_scripts
    /home/geoca/Desktop/Ghidra/Ghidra/Processors/JVM/ghidra_scripts
    /home/geoca/Desktop/Ghidra/Ghidra/Processors/8051/ghidra_scripts
    /home/geoca/Desktop/Ghidra/Ghidra/Features/PDB/ghidra_scripts
    /home/geoca/Desktop/Ghidra/Ghidra/Processors/DATA/ghidra_scripts
    /home/geoca/Desktop/Ghidra/Ghidra/Features/Base/ghidra_scripts
    /home/geoca/Desktop/Ghidra/Ghidra/Features/BytePatterns/ghidra_scripts
    /home/geoca/Desktop/Ghidra/Ghidra/Debug/Debugger-rmi-trace/ghidra_scripts
    /home/geoca/Desktop/Ghidra/Ghidra/Features/Decompiler/ghidra_scripts
    /home/geoca/Desktop/Ghidra/Ghidra/Features/FunctionID/ghidra_scripts
    /home/geoca/Desktop/Ghidra/Ghidra/Features/FileFormats/ghidra_scripts (HeadlessAnalyzer)  
INFO  HEADLESS: execution starts (HeadlessAnalyzer)  
INFO  Opening existing project: /home/geoca/.cache/e004aw-trustlet/E004AW (HeadlessAnalyzer)  
INFO  Opening project: /home/geoca/.cache/e004aw-trustlet/E004AW (HeadlessProject)  
INFO  REPORT: Processing project file: /QcISPTrustlet8380.dll (HeadlessAnalyzer)  
INFO  ANALYZING all memory and code: /QcISPTrustlet8380.dll (HeadlessAnalyzer)  
WARN  Ignoring leading '_' chars on no-return name '___raise_securityfailure' specified in file: /home/geoca/Desktop/Ghidra/Ghidra/Features/Base/data/PEFunctionsThatDoNotReturn (NoReturnFunctionAnalyzer)  
WARN  Ignoring leading '_' chars on no-return name '___report_rangecheckfailure' specified in file: /home/geoca/Desktop/Ghidra/Ghidra/Features/Base/data/PEFunctionsThatDoNotReturn (NoReturnFunctionAnalyzer)  
INFO  Skipping PDB processing: failed to locate PDB file in configured locations (PdbUniversalAnalyzer)  
INFO  Use a script to set the PDB file location. I.e.,
    PdbAnalyzer.setPdbFileOption(currentProgram, new File("/path/to/pdb/file.pdb")); or
    PdbUniversalAnalyzer.setPdbFileOption(currentProgram, new File("/path/to/pdb/file.pdb"));
Or set the symbol server search configuration using:    PdbPlugin.saveSymbolServerServiceConfig(...);
 This must be done using a pre-script (prior to analysis). (PdbUniversalAnalyzer)  
INFO  Packed database cache: /var/tmp/geoca-ghidra/packed-db-cache (PackedDatabaseCache)  
INFO  Applied data type archive: windows_vs12_64 (ApplyDataArchiveAnalyzer)  
INFO  -----------------------------------------------------
    AARCH64 ELF PLT Thunks                     0.000 secs
    ASCII Strings                              0.215 secs
    Apply Data Archives                        0.561 secs
    Basic Constant Reference Analyzer          1.132 secs
    Call Convention ID                         0.003 secs
    Call-Fixup Installer                       0.017 secs
    Create Address Tables                      0.060 secs
    Create Function                            0.000 secs
    Data Reference                             0.059 secs
    Decompiler Parameter ID                    5.930 secs
    Decompiler Switch Analysis                 4.154 secs
    Demangler Microsoft                        0.011 secs
    Disassemble Entry Points                   0.067 secs
    Embedded Media                             0.010 secs
    External Entry References                  0.000 secs
    Function ID                                0.018 secs
    Function Start Pre Search                  0.017 secs
    Function Start Search                      0.102 secs
    Function Start Search After Code           0.125 secs
    Function Start Search After Data           0.030 secs
    Non-Returning Functions - Discovered       0.068 secs
    Non-Returning Functions - Known            0.015 secs
    PDB Universal                              0.023 secs
    Reference                                  0.138 secs
    Shared Return Calls                        0.124 secs
    Stack                                      0.225 secs
    Subroutine References                      0.129 secs
    Windows x86 PE Exception Handling          0.048 secs
    Windows x86 PE RTTI Analyzer               0.000 secs
    WindowsResourceReference                   0.331 secs
-----------------------------------------------------
     Total Time   13 secs
-----------------------------------------------------
 (AutoAnalysisManager)  
INFO  REPORT: Analysis succeeded for file: /QcISPTrustlet8380.dll (HeadlessAnalyzer)  
INFO  REPORT: Execute script: ExtractWorkerContract.java '/home/geoca/Documents/SP11-PROJECT/06-camera/SP11X1ECamera/experiments/E004-front-ir-vd55g0/e004cf-trusted-worker-execution-contract/ghidra/TRUSTED-WORKER-CONTRACT.txt'  (HeadlessAnalyzer)  
INFO  SCRIPT: /home/geoca/Documents/SP11-PROJECT/06-camera/SP11X1ECamera/experiments/E004-front-ir-vd55g0/e004cf-trusted-worker-execution-contract/ghidra/ExtractWorkerContract.java (HeadlessAnalyzer)  
INFO  ExtractWorkerContract.java> wrote /home/geoca/Documents/SP11-PROJECT/06-camera/SP11X1ECamera/experiments/E004-front-ir-vd55g0/e004cf-trusted-worker-execution-contract/ghidra/TRUSTED-WORKER-CONTRACT.txt roots=9 reachable=20 (GhidraScript)  
INFO  ANALYZING changes made by post scripts: /QcISPTrustlet8380.dll (HeadlessAnalyzer)  
INFO  REPORT: Post-analysis succeeded for file: /QcISPTrustlet8380.dll (HeadlessAnalyzer)  
INFO  REPORT: Save succeeded for processed file: /QcISPTrustlet8380.dll (HeadlessAnalyzer)  
