openjdk version "21.0.12" 2026-07-21
OpenJDK Runtime Environment (build 21.0.12+8-1-26.04-Ubuntu)
OpenJDK 64-Bit Server VM (build 21.0.12+8-1-26.04-Ubuntu, mixed mode)
Module manifest file error on line 2 of file: /home/geoca/.config/ghidra/ghidra_12.0.4_PUBLIC/Extensions/GhidraMCP/Module.manifest
	-> Invalid line encountered: GHIDRA_MODULE_NAME=GhidraMCP
Module manifest file error on line 3 of file: /home/geoca/.config/ghidra/ghidra_12.0.4_PUBLIC/Extensions/GhidraMCP/Module.manifest
	-> Invalid line encountered: GHIDRA_MODULE_DESC=An HTTP server plugin for Ghidra
Module manifest file error on line 2 of file: /home/geoca/.config/ghidra/ghidra_12.0.4_PUBLIC/Extensions/GhidraMCP/Module.manifest
	-> Invalid line encountered: GHIDRA_MODULE_NAME=GhidraMCP
Module manifest file error on line 3 of file: /home/geoca/.config/ghidra/ghidra_12.0.4_PUBLIC/Extensions/GhidraMCP/Module.manifest
	-> Invalid line encountered: GHIDRA_MODULE_DESC=An HTTP server plugin for Ghidra
INFO  Using log config file: jar:file:/home/geoca/Desktop/Ghidra/Ghidra/Framework/Generic/lib/Generic.jar!/generic.log4j.xml (LoggingInitialization)  
INFO  Using log file: /home/geoca/.config/ghidra/ghidra_12.0.4_PUBLIC/application.log (LoggingInitialization)  
INFO  Loading user preferences: /home/geoca/.config/ghidra/ghidra_12.0.4_PUBLIC/preferences (Preferences)  
INFO  Loading previous preferences: /home/geoca/.config/ghidra/ghidra_12.1.2_PUBLIC/preferences (Preferences)  
INFO  Searching for classes... (ClassSearcher)  
INFO  Class search complete (460 ms) (ClassSearcher)  
INFO  Initializing SSL Context (DefaultSSLContextInitializer)  
INFO  Initializing Random Number Generator... (SecureRandomFactory)  
INFO  Random Number Generator initialization complete: NativePRNGNonBlocking (SecureRandomFactory)  
INFO  Trust manager disabled, cacerts have not been set (DefaultTrustManagerFactory)  
INFO  Headless startup complete (1175 ms) (AnalyzeHeadless)  
INFO  Class searcher loaded 59 extension points (18 false positives) (ClassSearcher)  
INFO  HEADLESS Script Paths:
    /home/geoca/Desktop/Ghidra/Ghidra/Features/MicrosoftCodeAnalyzer/ghidra_scripts
    /home/geoca/Desktop/Ghidra/Ghidra/Features/VersionTracking/ghidra_scripts
    /home/geoca/Desktop/Ghidra/Ghidra/Features/PyGhidra/ghidra_scripts
    /home/geoca/Desktop/Ghidra/Ghidra/Processors/Atmel/ghidra_scripts
    /home/geoca/Desktop/Ghidra/Ghidra/Features/BSim/ghidra_scripts
    /home/geoca/Desktop/Ghidra/Ghidra/Processors/PIC/ghidra_scripts
    /home/geoca/Desktop/Ghidra/Ghidra/Debug/Debugger/ghidra_scripts
    /home/geoca/Documents/SP11-PROJECT/06-camera/SP11X1ECamera/experiments/E004-front-ir-vd55g0/e004co-cdsp-cpz-protected-process-authority/ghidra
    /home/geoca/Desktop/Ghidra/Ghidra/Features/Jython/ghidra_scripts
    /home/geoca/Desktop/Ghidra/Ghidra/Features/DecompilerDependent/ghidra_scripts
    /home/geoca/Desktop/Ghidra/Ghidra/Features/GnuDemangler/ghidra_scripts
    /home/geoca/Desktop/Ghidra/Ghidra/Features/SwiftDemangler/ghidra_scripts
    /home/geoca/Desktop/Ghidra/Ghidra/Features/WildcardAssembler/ghidra_scripts
    /home/geoca/Desktop/Ghidra/Ghidra/Features/SystemEmulation/ghidra_scripts
    /home/geoca/Desktop/Ghidra/Ghidra/Processors/JVM/ghidra_scripts
    /home/geoca/.config/ghidra/ghidra_12.0.4_PUBLIC/Extensions/Hexagon/ghidra_scripts
    /home/geoca/Desktop/Ghidra/Ghidra/Processors/8051/ghidra_scripts
    /home/geoca/Desktop/Ghidra/Ghidra/Features/PDB/ghidra_scripts
    /home/geoca/Desktop/Ghidra/Ghidra/Processors/DATA/ghidra_scripts
    /home/geoca/Desktop/Ghidra/Ghidra/Features/Base/ghidra_scripts
    /home/geoca/Desktop/Ghidra/Ghidra/Features/BytePatterns/ghidra_scripts
    /home/geoca/Desktop/Ghidra/Ghidra/Debug/Debugger-rmi-trace/ghidra_scripts
    /home/geoca/Desktop/Ghidra/Ghidra/Features/Decompiler/ghidra_scripts
    /home/geoca/Desktop/Ghidra/Ghidra/Features/FunctionID/ghidra_scripts
    /home/geoca/Desktop/Ghidra/Ghidra/Features/FileFormats/ghidra_scripts (HeadlessAnalyzer)  
INFO  HEADLESS: execution starts (HeadlessAnalyzer)  
INFO  Creating project: /home/geoca/.cache/e004co-libcdsp/E004CO-LIBCDSP (HeadlessAnalyzer)  
INFO  Creating project: /home/geoca/.cache/e004co-libcdsp/E004CO-LIBCDSP (DefaultProject)  
INFO  REPORT: Processing input files:  (HeadlessAnalyzer)  
INFO       project: /home/geoca/.cache/e004co-libcdsp/E004CO-LIBCDSP (HeadlessAnalyzer)  
INFO  IMPORTING: file:///mnt/windows/Windows/System32/DriverStore/FileRepository/qcadsprpc8380.inf_arm64_c177c9ef6a2f6580/libcdsprpc.dll (HeadlessAnalyzer)  
INFO  Using Loader: Portable Executable (PE) (ProgramLoader)  
INFO  Using Language/Compiler: AARCH64:LE:64:v8A:windows (ProgramLoader)  
INFO  Using Library Search Path: [., /bin, /lib, /lib64, /lib/x86_64-linux-gnu, /lib/aarch64-linux-gnu, /usr/bin, /usr/lib, /usr/X11R6/bin, /usr/X11R6/lib, /usr/java/packages/lib, /usr/lib/aarch64-linux-gnu/jni, /usr/lib/aarch64-linux-gnu, /usr/lib/jni] (ProgramLoader)  
INFO  Additional info:
Loading file:///mnt/windows/Windows/System32/DriverStore/FileRepository/qcadsprpc8380.inf_arm64_c177c9ef6a2f6580/libcdsprpc.dll?MD5=437cb13a5ee12e39cb225c0f893ddd43...
------------------------------------------------

Searching 8 paths for library ADVAPI32.DLL...
Library not found.
------------------------------------------------

Searching 8 paths for library API-MS-WIN-CRT-ENVIRONMENT-L1-1-0.DLL...
Library not found.
------------------------------------------------

Searching 8 paths for library API-MS-WIN-CRT-FILESYSTEM-L1-1-0.DLL...
Library not found.
------------------------------------------------

Searching 8 paths for library API-MS-WIN-CRT-HEAP-L1-1-0.DLL...
Library not found.
------------------------------------------------

Searching 8 paths for library API-MS-WIN-CRT-MATH-L1-1-0.DLL...
Library not found.
------------------------------------------------

Searching 8 paths for library API-MS-WIN-CRT-RUNTIME-L1-1-0.DLL...
Library not found.
------------------------------------------------

Searching 8 paths for library API-MS-WIN-CRT-STDIO-L1-1-0.DLL...
Library not found.
------------------------------------------------

Searching 8 paths for library API-MS-WIN-CRT-STRING-L1-1-0.DLL...
Library not found.
------------------------------------------------

Searching 8 paths for library KERNEL32.DLL...
Library not found.
------------------------------------------------

Applying /home/geoca/.config/ghidra/ghidra_12.0.4_PUBLIC/symbols/win64/advapi32.exports
Applying /home/geoca/.config/ghidra/ghidra_12.0.4_PUBLIC/symbols/win64/kernel32.exports
Linking the External Programs of 'libcdsprpc.dll' to imported libraries...
  [ADVAPI32.DLL] -> not found in project
  [KERNEL32.DLL] -> not found in project
  [API-MS-WIN-CRT-HEAP-L1-1-0.DLL] -> not found in project
  [API-MS-WIN-CRT-RUNTIME-L1-1-0.DLL] -> not found in project
  [API-MS-WIN-CRT-STRING-L1-1-0.DLL] -> not found in project
  [API-MS-WIN-CRT-MATH-L1-1-0.DLL] -> not found in project
  [API-MS-WIN-CRT-FILESYSTEM-L1-1-0.DLL] -> not found in project
  [API-MS-WIN-CRT-ENVIRONMENT-L1-1-0.DLL] -> not found in project
  [API-MS-WIN-CRT-STDIO-L1-1-0.DLL] -> not found in project
------------------------------------------------

 (ProgramLoader)  
INFO  IMPORTING: Loaded 0 additional files (HeadlessAnalyzer)  
INFO  ANALYZING all memory and code: file:///mnt/windows/Windows/System32/DriverStore/FileRepository/qcadsprpc8380.inf_arm64_c177c9ef6a2f6580/libcdsprpc.dll (HeadlessAnalyzer)  
WARN  Ignoring leading '_' chars on no-return name '___raise_securityfailure' specified in file: /home/geoca/Desktop/Ghidra/Ghidra/Features/Base/data/PEFunctionsThatDoNotReturn (NoReturnFunctionAnalyzer)  
WARN  Ignoring leading '_' chars on no-return name '___report_rangecheckfailure' specified in file: /home/geoca/Desktop/Ghidra/Ghidra/Features/Base/data/PEFunctionsThatDoNotReturn (NoReturnFunctionAnalyzer)  
INFO  Skipping PDB processing: failed to locate PDB file in configured locations (PdbUniversalAnalyzer)  
INFO  Use a script to set the PDB file location. I.e.,
    PdbAnalyzer.setPdbFileOption(currentProgram, new File("/path/to/pdb/file.pdb")); or
    PdbUniversalAnalyzer.setPdbFileOption(currentProgram, new File("/path/to/pdb/file.pdb"));
Or set the symbol server search configuration using:    PdbPlugin.saveSymbolServerServiceConfig(...);
 This must be done using a pre-script (prior to analysis). (PdbUniversalAnalyzer)  
WARN  Decompiling 18002da90, pcode error at 18002e8d4: Unable to resolve constructor at 18002e8d4 (DecompileCallback)  
WARN  Decompiling 180008e88, pcode error at 180009cac: Unable to resolve constructor at 180009cac (DecompileCallback)  
INFO  Packed database cache: /var/tmp/geoca-ghidra/packed-db-cache (PackedDatabaseCache)  
INFO  Applied data type archive: windows_vs12_64 (ApplyDataArchiveAnalyzer)  
WARN  Decompiling 18004b010, pcode error at 18004b010: Unable to resolve constructor at 18004b010 (DecompileCallback)  
WARN  Decompiling 18004b200, pcode error at 18004b200: Unable to resolve constructor at 18004b200 (DecompileCallback)  
WARN  Decompiling 18004b000, pcode error at 18004b000: Unable to resolve constructor at 18004b000 (DecompileCallback)  
WARN  Decompiling 18004b210, pcode error at 18004b210: Unable to resolve constructor at 18004b210 (DecompileCallback)  
WARN  Decompiling 18004b250, pcode error at 18004b250: Unable to resolve constructor at 18004b250 (DecompileCallback)  
WARN  Decompiling 18004b050, pcode error at 18004b050: Unable to resolve constructor at 18004b050 (DecompileCallback)  
WARN  Decompiling 18004b220, pcode error at 18004b220: Unable to resolve constructor at 18004b220 (DecompileCallback)  
WARN  Decompiling 18004b020, pcode error at 18004b020: Unable to resolve constructor at 18004b020 (DecompileCallback)  
WARN  Decompiling 18004b030, pcode error at 18004b030: Unable to resolve constructor at 18004b030 (DecompileCallback)  
WARN  Decompiling 18004b230, pcode error at 18004b230: Unable to resolve constructor at 18004b230 (DecompileCallback)  
WARN  Decompiling 18004b040, pcode error at 18004b040: Unable to resolve constructor at 18004b040 (DecompileCallback)  
WARN  Decompiling 18004b240, pcode error at 18004b240: Unable to resolve constructor at 18004b240 (DecompileCallback)  
WARN  Decompiling 18004b270, pcode error at 18004b270: Unable to resolve constructor at 18004b270 (DecompileCallback)  
WARN  Decompiling 18004b070, pcode error at 18004b070: Unable to resolve constructor at 18004b070 (DecompileCallback)  
WARN  Decompiling 18004b060, pcode error at 18004b060: Unable to resolve constructor at 18004b060 (DecompileCallback)  
WARN  Decompiling 18004b090, pcode error at 18004b090: Unable to resolve constructor at 18004b090 (DecompileCallback)  
WARN  Decompiling 18004b080, pcode error at 18004b080: Unable to resolve constructor at 18004b080 (DecompileCallback)  
WARN  Decompiling 18004b260, pcode error at 18004b260: Unable to resolve constructor at 18004b260 (DecompileCallback)  
WARN  Decompiling 18004b0b0, pcode error at 18004b0b0: Unable to resolve constructor at 18004b0b0 (DecompileCallback)  
WARN  Decompiling 18004b0a0, pcode error at 18004b0a0: Unable to resolve constructor at 18004b0a0 (DecompileCallback)  
WARN  Decompiling 18004b0d0, pcode error at 18004b0d0: Unable to resolve constructor at 18004b0d0 (DecompileCallback)  
WARN  Decompiling 18004b0c0, pcode error at 18004b0c0: Unable to resolve constructor at 18004b0c0 (DecompileCallback)  
WARN  Decompiling 18004b0f0, pcode error at 18004b0f0: Unable to resolve constructor at 18004b0f0 (DecompileCallback)  
WARN  Decompiling 18004b0e0, pcode error at 18004b0e0: Unable to resolve constructor at 18004b0e0 (DecompileCallback)  
WARN  Decompiling 18004b110, pcode error at 18004b110: Unable to resolve constructor at 18004b110 (DecompileCallback)  
WARN  Decompiling 18004b100, pcode error at 18004b100: Unable to resolve constructor at 18004b100 (DecompileCallback)  
WARN  Decompiling 18004b130, pcode error at 18004b130: Unable to resolve constructor at 18004b130 (DecompileCallback)  
WARN  Decompiling 18004b120, pcode error at 18004b120: Unable to resolve constructor at 18004b120 (DecompileCallback)  
WARN  Decompiling 18004b150, pcode error at 18004b150: Unable to resolve constructor at 18004b150 (DecompileCallback)  
WARN  Decompiling 18004b140, pcode error at 18004b140: Unable to resolve constructor at 18004b140 (DecompileCallback)  
WARN  Decompiling 18004b160, pcode error at 18004b160: Unable to resolve constructor at 18004b160 (DecompileCallback)  
WARN  Decompiling 18004b170, pcode error at 18004b170: Unable to resolve constructor at 18004b170 (DecompileCallback)  
WARN  Decompiling 18004b190, pcode error at 18004b190: Unable to resolve constructor at 18004b190 (DecompileCallback)  
WARN  Decompiling 18004b180, pcode error at 18004b180: Unable to resolve constructor at 18004b180 (DecompileCallback)  
WARN  Decompiling 18004b1a0, pcode error at 18004b1a0: Unable to resolve constructor at 18004b1a0 (DecompileCallback)  
WARN  Decompiling 18004b1b0, pcode error at 18004b1b0: Unable to resolve constructor at 18004b1b0 (DecompileCallback)  
WARN  Decompiling 18004b1d0, pcode error at 18004b1d0: Unable to resolve constructor at 18004b1d0 (DecompileCallback)  
WARN  Decompiling 18004b1c0, pcode error at 18004b1c0: Unable to resolve constructor at 18004b1c0 (DecompileCallback)  
WARN  Decompiling 18004b1f0, pcode error at 18004b1f0: Unable to resolve constructor at 18004b1f0 (DecompileCallback)  
WARN  Decompiling 18004b1e0, pcode error at 18004b1e0: Unable to resolve constructor at 18004b1e0 (DecompileCallback)  
WARN  Decompiling 180008e88, pcode error at 180009cac: Unable to resolve constructor at 180009cac (DecompileCallback)  
WARN  Decompiling 180008e88, pcode error at 180009cac: Unable to resolve constructor at 180009cac (DecompileCallback)  
WARN  Decompiling 18002da90, pcode error at 18002e8d4: Unable to resolve constructor at 18002e8d4 (DecompileCallback)  
INFO  -----------------------------------------------------
    AARCH64 ELF PLT Thunks                     0.000 secs
    ASCII Strings                              0.269 secs
    Apply Data Archives                        1.004 secs
    Basic Constant Reference Analyzer          1.869 secs
    Call Convention ID                         0.016 secs
    Call-Fixup Installer                       0.025 secs
    Create Address Tables                      0.054 secs
    Create Address Tables - One Time           0.110 secs
    Create Function                            0.186 secs
    Data Reference                             0.121 secs
    Decompiler Parameter ID                    5.131 secs
    Decompiler Switch Analysis                 9.974 secs
    Demangler Microsoft                        0.018 secs
    Disassemble                                0.155 secs
    Disassemble Entry Points                   1.452 secs
    Embedded Media                             0.012 secs
    External Entry References                  0.000 secs
    Function ID                                0.030 secs
    Function Start Pre Search                  0.036 secs
    Function Start Search                      0.091 secs
    Function Start Search After Code           0.083 secs
    Function Start Search After Data           0.029 secs
    Function Start Search delayed - One Time   0.035 secs
    Non-Returning Functions - Discovered       0.110 secs
    Non-Returning Functions - Known            0.015 secs
    PDB Universal                              0.011 secs
    Reference                                  0.095 secs
    Shared Return Calls                        0.170 secs
    Stack                                      1.659 secs
    Subroutine References                      0.089 secs
    Subroutine References - One Time           0.010 secs
    Windows x86 PE Exception Handling          0.006 secs
    Windows x86 PE RTTI Analyzer               0.014 secs
    WindowsResourceReference                   0.350 secs
-----------------------------------------------------
     Total Time   23 secs
-----------------------------------------------------
 (AutoAnalysisManager)  
INFO  REPORT: Analysis succeeded for file: file:///mnt/windows/Windows/System32/DriverStore/FileRepository/qcadsprpc8380.inf_arm64_c177c9ef6a2f6580/libcdsprpc.dll (HeadlessAnalyzer)  
INFO  REPORT: Execute script: DecompileRemoteSessionControl.java '/home/geoca/Documents/SP11-PROJECT/06-camera/SP11X1ECamera/experiments/E004-front-ir-vd55g0/e004co-cdsp-cpz-protected-process-authority/ghidra/WINDOWS-REMOTE-SESSION-CONTROL.txt'  (HeadlessAnalyzer)  
INFO  SCRIPT: /home/geoca/Documents/SP11-PROJECT/06-camera/SP11X1ECamera/experiments/E004-front-ir-vd55g0/e004co-cdsp-cpz-protected-process-authority/ghidra/DecompileRemoteSessionControl.java (HeadlessAnalyzer)  
INFO  DecompileRemoteSessionControl.java> wrote /home/geoca/Documents/SP11-PROJECT/06-camera/SP11X1ECamera/experiments/E004-front-ir-vd55g0/e004co-cdsp-cpz-protected-process-authority/ghidra/WINDOWS-REMOTE-SESSION-CONTROL.txt (GhidraScript)  
INFO  ANALYZING changes made by post scripts: file:///mnt/windows/Windows/System32/DriverStore/FileRepository/qcadsprpc8380.inf_arm64_c177c9ef6a2f6580/libcdsprpc.dll (HeadlessAnalyzer)  
INFO  REPORT: Post-analysis succeeded for file: file:///mnt/windows/Windows/System32/DriverStore/FileRepository/qcadsprpc8380.inf_arm64_c177c9ef6a2f6580/libcdsprpc.dll (HeadlessAnalyzer)  
INFO  /libcdsprpc.dll: file created (geoca) (LocalFileSystem)  
INFO  REPORT: Save succeeded for: /libcdsprpc.dll (E004CO-LIBCDSP:/libcdsprpc.dll) (HeadlessAnalyzer)  
INFO  REPORT: Import succeeded (HeadlessAnalyzer)  
