openjdk version "21.0.12" 2026-07-21
OpenJDK Runtime Environment (build 21.0.12+8-1-26.04-Ubuntu)
OpenJDK 64-Bit Server VM (build 21.0.12+8-1-26.04-Ubuntu, mixed mode)
Module manifest file error on line 2 of file: /home/geoca/.config/ghidra/ghidra_12.0.4_PUBLIC/Extensions/GhidraMCP/Module.manifest
	-> Invalid line encountered: GHIDRA_MODULE_NAME=GhidraMCP
Module manifest file error on line 3 of file: /home/geoca/.config/ghidra/ghidra_12.0.4_PUBLIC/Extensions/GhidraMCP/Module.manifest
	-> Invalid line encountered: GHIDRA_MODULE_DESC=An HTTP server plugin for Ghidra
Module manifest file error on line 2 of file: /home/geoca/.config/ghidra/ghidra_12.0.4_PUBLIC/Extensions/GhidraMCP/Module.manifest
	-> Invalid line encountered: GHIDRA_MODULE_NAME=GhidraMCP
Module manifest file error on line 3 of file: /home/geoca/.config/ghidra/ghidra_12.0.4_PUBLIC/Extensions/GhidraMCP/Module.manifest
	-> Invalid line encountered: GHIDRA_MODULE_DESC=An HTTP server plugin for Ghidra
INFO  Using log config file: jar:file:/home/geoca/Desktop/Ghidra/Ghidra/Framework/Generic/lib/Generic.jar!/generic.log4j.xml (LoggingInitialization)  
INFO  Using log file: /home/geoca/.config/ghidra/ghidra_12.0.4_PUBLIC/application.log (LoggingInitialization)  
INFO  Loading user preferences: /home/geoca/.config/ghidra/ghidra_12.0.4_PUBLIC/preferences (Preferences)  
INFO  Loading previous preferences: /home/geoca/.config/ghidra/ghidra_12.1.2_PUBLIC/preferences (Preferences)  
INFO  Searching for classes... (ClassSearcher)  
INFO  Class search complete (736 ms) (ClassSearcher)  
INFO  Initializing SSL Context (DefaultSSLContextInitializer)  
INFO  Initializing Random Number Generator... (SecureRandomFactory)  
INFO  Random Number Generator initialization complete: NativePRNGNonBlocking (SecureRandomFactory)  
INFO  Trust manager disabled, cacerts have not been set (DefaultTrustManagerFactory)  
INFO  Headless startup complete (1303 ms) (AnalyzeHeadless)  
INFO  Class searcher loaded 59 extension points (18 false positives) (ClassSearcher)  
INFO  HEADLESS Script Paths:
    /home/geoca/Desktop/Ghidra/Ghidra/Features/MicrosoftCodeAnalyzer/ghidra_scripts
    /home/geoca/Desktop/Ghidra/Ghidra/Features/VersionTracking/ghidra_scripts
    /home/geoca/Desktop/Ghidra/Ghidra/Features/PyGhidra/ghidra_scripts
    /home/geoca/Desktop/Ghidra/Ghidra/Processors/Atmel/ghidra_scripts
    /home/geoca/Desktop/Ghidra/Ghidra/Features/BSim/ghidra_scripts
    /home/geoca/Desktop/Ghidra/Ghidra/Processors/PIC/ghidra_scripts
    /home/geoca/Desktop/Ghidra/Ghidra/Debug/Debugger/ghidra_scripts
    /home/geoca/Documents/SP11-PROJECT/06-camera/SP11X1ECamera/experiments/E004-front-ir-vd55g0/e004co-cdsp-cpz-protected-process-authority/ghidra
    /home/geoca/Desktop/Ghidra/Ghidra/Features/Jython/ghidra_scripts
    /home/geoca/Desktop/Ghidra/Ghidra/Features/DecompilerDependent/ghidra_scripts
    /home/geoca/Desktop/Ghidra/Ghidra/Features/GnuDemangler/ghidra_scripts
    /home/geoca/Desktop/Ghidra/Ghidra/Features/SwiftDemangler/ghidra_scripts
    /home/geoca/Desktop/Ghidra/Ghidra/Features/WildcardAssembler/ghidra_scripts
    /home/geoca/Desktop/Ghidra/Ghidra/Features/SystemEmulation/ghidra_scripts
    /home/geoca/Desktop/Ghidra/Ghidra/Processors/JVM/ghidra_scripts
    /home/geoca/.config/ghidra/ghidra_12.0.4_PUBLIC/Extensions/Hexagon/ghidra_scripts
    /home/geoca/Desktop/Ghidra/Ghidra/Processors/8051/ghidra_scripts
    /home/geoca/Desktop/Ghidra/Ghidra/Features/PDB/ghidra_scripts
    /home/geoca/Desktop/Ghidra/Ghidra/Processors/DATA/ghidra_scripts
    /home/geoca/Desktop/Ghidra/Ghidra/Features/Base/ghidra_scripts
    /home/geoca/Desktop/Ghidra/Ghidra/Features/BytePatterns/ghidra_scripts
    /home/geoca/Desktop/Ghidra/Ghidra/Debug/Debugger-rmi-trace/ghidra_scripts
    /home/geoca/Desktop/Ghidra/Ghidra/Features/Decompiler/ghidra_scripts
    /home/geoca/Desktop/Ghidra/Ghidra/Features/FunctionID/ghidra_scripts
    /home/geoca/Desktop/Ghidra/Ghidra/Features/FileFormats/ghidra_scripts (HeadlessAnalyzer)  
INFO  HEADLESS: execution starts (HeadlessAnalyzer)  
INFO  Opening existing project: /home/geoca/.cache/e004co-cdsp/E004CO (HeadlessAnalyzer)  
INFO  Opening project: /home/geoca/.cache/e004co-cdsp/E004CO (HeadlessProject)  
INFO  REPORT: Processing project file: /qccdsp8380.mbn (HeadlessAnalyzer)  
INFO  ANALYZING all memory and code: /qccdsp8380.mbn (HeadlessAnalyzer)  
WARN  Decompiling fe1ca660, pcode error at fe1ca684: Unable to resolve constructor at fe1ca684 (DecompileCallback)  
WARN  Decompiling fe1ca660, pcode error at fe1ca714: Unable to resolve constructor at fe1ca714 (DecompileCallback)  
WARN  Decompiling fe1ca660, pcode error at fe1ca684: Unable to resolve constructor at fe1ca684 (DecompileCallback)  
WARN  Decompiling fe1ca660, pcode error at fe1ca714: Unable to resolve constructor at fe1ca714 (DecompileCallback)  
WARN  Decompiling fe1c67ac, pcode error at fe1c67bc: Unable to resolve constructor at fe1c67bc (DecompileCallback)  
WARN  Decompiling fe1c67ac, pcode error at fe1c6898: Unable to resolve constructor at fe1c6898 (DecompileCallback)  
WARN  Decompiling fe1c67ac, pcode error at fe1c67bc: Unable to resolve constructor at fe1c67bc (DecompileCallback)  
WARN  Decompiling fe1c67ac, pcode error at fe1c6898: Unable to resolve constructor at fe1c6898 (DecompileCallback)  
WARN  First use is null, possible spacebase/global range issue.There will be variable rename issues (MappedVarKey)  
WARN  First use is null, possible spacebase/global range issue.There will be variable rename issues (MappedVarKey)  
WARN  First use is null, possible spacebase/global range issue.There will be variable rename issues (MappedVarKey)  
INFO  Packed database cache: /var/tmp/geoca-ghidra/packed-db-cache (PackedDatabaseCache)  
INFO  Applied data type archive: generic_clib (ApplyDataArchiveAnalyzer)  
INFO  -----------------------------------------------------
    ASCII Strings                              1.198 secs
    Apply Data Archives                        0.450 secs
    Basic Constant Reference Analyzer         17.001 secs
    Call Convention ID                         0.052 secs
    Call-Fixup Installer                       0.067 secs
    Create Address Tables                      0.187 secs
    Create Address Tables - One Time           1.130 secs
    Create Function                            0.036 secs
    Data Reference                             1.585 secs
    Decompiler Switch Analysis                 9.710 secs
    Demangler GNU                              0.028 secs
    Disassemble                                0.001 secs
    Disassemble Entry Points                   0.363 secs
    Embedded Media                             0.135 secs
    External Entry References                  0.001 secs
    External Symbol Resolver                   0.014 secs
    Function ID                                0.018 secs
    Function Start Search                      0.500 secs
    Function Start Search delayed - One Time   0.000 secs
    Non-Returning Functions - Known            0.059 secs
    Reference                                  1.163 secs
    Shared Return Calls                        0.956 secs
    Stack                                      5.012 secs
    Subroutine References                      0.813 secs
    Subroutine References - One Time           0.001 secs
-----------------------------------------------------
     Total Time   40 secs
-----------------------------------------------------
 (AutoAnalysisManager)  
INFO  REPORT: Analysis succeeded for file: /qccdsp8380.mbn (HeadlessAnalyzer)  
INFO  REPORT: Execute script: ExtractCpzCallers.java '/home/geoca/Documents/SP11-PROJECT/06-camera/SP11X1ECamera/experiments/E004-front-ir-vd55g0/e004co-cdsp-cpz-protected-process-authority/ghidra/CDSP-CPZ-CALLERS.txt'  (HeadlessAnalyzer)  
INFO  SCRIPT: /home/geoca/Documents/SP11-PROJECT/06-camera/SP11X1ECamera/experiments/E004-front-ir-vd55g0/e004co-cdsp-cpz-protected-process-authority/ghidra/ExtractCpzCallers.java (HeadlessAnalyzer)  
INFO  ExtractCpzCallers.java> wrote /home/geoca/Documents/SP11-PROJECT/06-camera/SP11X1ECamera/experiments/E004-front-ir-vd55g0/e004co-cdsp-cpz-protected-process-authority/ghidra/CDSP-CPZ-CALLERS.txt functions=13 (GhidraScript)  
INFO  ANALYZING changes made by post scripts: /qccdsp8380.mbn (HeadlessAnalyzer)  
INFO  REPORT: Post-analysis succeeded for file: /qccdsp8380.mbn (HeadlessAnalyzer)  
ERROR /qccdsp8380.mbn Error during analysis: File error during save (HeadlessAnalyzer) java.io.IOException: File error during save
	at db.buffers.LocalManagedBufferFile.saveCompleted(LocalManagedBufferFile.java:719)
	at db.buffers.BufferMgr.save(BufferMgr.java:1891)
	at db.DBHandle.save(DBHandle.java:810)
	at ghidra.framework.data.DomainObjectAdapterDB.save(DomainObjectAdapterDB.java:537)
	at ghidra.framework.data.GhidraFile.save(GhidraFile.java:296)
	at ghidra.app.util.headless.HeadlessAnalyzer.processFileNoImport(HeadlessAnalyzer.java:1214)
	at ghidra.app.util.headless.HeadlessAnalyzer.processFolderNoImport(HeadlessAnalyzer.java:1356)
	at ghidra.app.util.headless.HeadlessAnalyzer.processNoImport(HeadlessAnalyzer.java:1385)
	at ghidra.app.util.headless.HeadlessAnalyzer.processLocal(HeadlessAnalyzer.java:459)
	at ghidra.app.util.headless.AnalyzeHeadless.launch(AnalyzeHeadless.java:199)
	at ghidra.GhidraLauncher.launch(GhidraLauncher.java:81)
	at ghidra.Ghidra.main(Ghidra.java:54)
 
