### 0001.patch
patching file drivers/media/platform/qcom/camss/camss-csiphy-3ph-1-0.c
Hunk #1 succeeded at 994 (offset -120 lines).
### 0002.patch
patching file drivers/media/platform/qcom/camss/camss-csiphy.h
Hunk #1 succeeded at 23 (offset -2 lines).
patching file drivers/media/platform/qcom/camss/camss.c
Hunk #1 succeeded at 4418 (offset -343 lines).
### 0003.patch
patching file drivers/media/platform/qcom/camss/camss-csiphy-3ph-1-0.c
Hunk #2 succeeded at 989 (offset -120 lines).
Hunk #3 succeeded at 1044 (offset -121 lines).
### 0004.patch (semantic Golden adaptation)
manual: csid phy_sel inserted; retained Golden one-argument csid_get_lane_assign()
### 0005.patch
patching file drivers/media/platform/qcom/camss/camss-csiphy-3ph-1-0.c
Hunk #1 succeeded at 1042 (offset -121 lines).
Hunk #2 FAILED at 1307.
1 out of 2 hunks FAILED -- saving rejects to file drivers/media/platform/qcom/camss/camss-csiphy-3ph-1-0.c.rej
rc=1
