### 0001.patch
patching file drivers/media/platform/qcom/camss/camss-csiphy-3ph-1-0.c
Hunk #1 succeeded at 994 (offset -120 lines).
rc=0
### 0002.patch
patching file drivers/media/platform/qcom/camss/camss-csiphy.h
Hunk #1 succeeded at 23 (offset -2 lines).
patching file drivers/media/platform/qcom/camss/camss.c
Hunk #1 succeeded at 4418 (offset -343 lines).
rc=0
### 0003.patch
patching file drivers/media/platform/qcom/camss/camss-csiphy-3ph-1-0.c
Hunk #2 succeeded at 989 (offset -120 lines).
Hunk #3 succeeded at 1044 (offset -121 lines).
rc=0
### 0004.patch
patching file drivers/media/platform/qcom/camss/camss-csid-gen2.c
patching file drivers/media/platform/qcom/camss/camss-csid.c
Hunk #1 FAILED at 1286.
1 out of 1 hunk FAILED -- saving rejects to file drivers/media/platform/qcom/camss/camss-csid.c.rej
patching file drivers/media/platform/qcom/camss/camss-csid.h
rc=1
