E004DH synchronized Windows trustlet differential oracle
time=2026-09-14T14:49:36.0714182+01:00
os=Microsoft Windows 11 Home build 26200
dll_sha256=55ebf254447b9ff8c0a5b20ae81e84f04355f84ce6fa6a09f6205562a5b0b606
swab_sha256=8443115a763d9f5e425cdf7415250f129bad6f028e1b1c18ade86c17a4f392aa
swasf_sha256=6cc727315a8d640ab40211f031efdfe28f12e8f2be90f8c8a3a785bb63ccfc0c
LOAD_OK base=0x7ffb7bc00000
SWABF_INIT=0x00000000
SWASF_INIT=0x00000000
SWASF_HANDLE=0x19af7f8fc20
SWABF_READY_PRE=1111
SWABF_READY_CLEARED=0000
SWABF_PROCESS=0x00000000 READY_POST=0000
SWABF_SHA256=d3cc53ef456f8d25d6b615336e7c4e13d22c986baceaa04fa12b035cc791bf80
SWASF0_READY_PRE=11111111
SWASF0_READY_CLEARED=00000000
SWASF0_PROCESS=0x00000000 READY_POST=00000000
SWASF0_SHA256=9ef2dc6179d6151910ff524e4821328ffddfdd151996463c08b904673688ccbf
SWASF1_READY_PRE=00000000
SWASF1_READY_CLEARED=00000000
SWASF1_PROCESS=0x00000000 READY_POST=00000000
SWASF1_SHA256=9ef2dc6179d6151910ff524e4821328ffddfdd151996463c08b904673688ccbf
SWASF2_READY_PRE=00000000
SWASF2_READY_CLEARED=00000000
SWASF2_PROCESS=0x00000000 READY_POST=00000000
SWASF2_SHA256=9ef2dc6179d6151910ff524e4821328ffddfdd151996463c08b904673688ccbf
SWASF3_READY_PRE=00000000
SWASF3_READY_CLEARED=00000000
SWASF3_PROCESS=0x00000000 READY_POST=00000000
SWASF3_SHA256=9ef2dc6179d6151910ff524e4821328ffddfdd151996463c08b904673688ccbf
SWASF4_READY_PRE=00000000
SWASF4_READY_CLEARED=00000000
SWASF4_PROCESS=0x00000000 READY_POST=00000000
SWASF4_SHA256=9ef2dc6179d6151910ff524e4821328ffddfdd151996463c08b904673688ccbf
SWASF5_READY_PRE=00000000
SWASF5_READY_CLEARED=00000000
SWASF5_PROCESS=0x00000000 READY_POST=00000000
SWASF5_SHA256=9ef2dc6179d6151910ff524e4821328ffddfdd151996463c08b904673688ccbf
