{
  "accepted": true,
  "corrections": {
    "mode2_exact_same_timing_as_mode0": true,
    "mode2_output_registers": "0x034c..0x034f = 0x0f000870",
    "mode2_sensor_output_geometry": "3840x2160",
    "prior_mode0_only_assumption_valid": false,
    "prior_timing_parity_proves_mode0_selected": false,
    "reason": "resolution index 2 is 3840x2160@30 and has the same line length 6752, frame length 3554 and pixel rate 548.57MHz as index 0 3840x2640@30"
  },
  "modes": [
    {
      "bit_width": 10,
      "data_type": 43,
      "digital_crop_size_regs": {
        "0x040c": 15,
        "0x040d": 0,
        "0x040e": 10,
        "0x040f": 80
      },
      "frame_length": 3554,
      "frame_rate": 30.0,
      "height": 2640,
      "index": 0,
      "line_length": 6752,
      "output_size_regs": {
        "0x034c": 15,
        "0x034d": 0,
        "0x034e": 10,
        "0x034f": 80
      },
      "pixel_rate_hz": 548570000,
      "regSetting_id": 38,
      "register_count": 68,
      "resSettings_id": 37,
      "vc": 0,
      "width": 3840,
      "x_start": 104,
      "y_start": 256
    },
    {
      "bit_width": 10,
      "data_type": 43,
      "digital_crop_size_regs": {
        "0x040c": 15,
        "0x040d": 0,
        "0x040e": 8,
        "0x040f": 112
      },
      "frame_length": 2218,
      "frame_rate": 60.0,
      "height": 2160,
      "index": 1,
      "line_length": 5408,
      "output_size_regs": {
        "0x034c": 15,
        "0x034d": 0,
        "0x034e": 8,
        "0x034f": 112
      },
      "pixel_rate_hz": 548570000,
      "regSetting_id": 270,
      "register_count": 68,
      "resSettings_id": 269,
      "vc": 0,
      "width": 3840,
      "x_start": 104,
      "y_start": 496
    },
    {
      "bit_width": 10,
      "data_type": 43,
      "digital_crop_size_regs": {
        "0x040c": 15,
        "0x040d": 0,
        "0x040e": 8,
        "0x040f": 112
      },
      "frame_length": 3554,
      "frame_rate": 30.0,
      "height": 2160,
      "index": 2,
      "line_length": 6752,
      "output_size_regs": {
        "0x034c": 15,
        "0x034d": 0,
        "0x034e": 8,
        "0x034f": 112
      },
      "pixel_rate_hz": 548570000,
      "regSetting_id": 502,
      "register_count": 68,
      "resSettings_id": 501,
      "vc": 0,
      "width": 3840,
      "x_start": 104,
      "y_start": 496
    },
    {
      "bit_width": 10,
      "data_type": 43,
      "digital_crop_size_regs": {
        "0x040c": 13,
        "0x040d": 192,
        "0x040e": 10,
        "0x040f": 80
      },
      "frame_length": 3554,
      "frame_rate": 30.0,
      "height": 2640,
      "index": 3,
      "line_length": 6752,
      "output_size_regs": {
        "0x034c": 13,
        "0x034d": 192,
        "0x034e": 10,
        "0x034f": 80
      },
      "pixel_rate_hz": 548570000,
      "regSetting_id": 734,
      "register_count": 68,
      "resSettings_id": 733,
      "vc": 0,
      "width": 3520,
      "x_start": 264,
      "y_start": 256
    },
    {
      "bit_width": 10,
      "data_type": 43,
      "digital_crop_size_regs": {
        "0x040c": 14,
        "0x040d": 76,
        "0x040e": 9,
        "0x040f": 136
      },
      "frame_length": 3554,
      "frame_rate": 30.0,
      "height": 2440,
      "index": 4,
      "line_length": 6752,
      "output_size_regs": {
        "0x034c": 14,
        "0x034d": 76,
        "0x034e": 9,
        "0x034f": 136
      },
      "pixel_rate_hz": 548570000,
      "regSetting_id": 966,
      "register_count": 68,
      "resSettings_id": 965,
      "vc": 0,
      "width": 3660,
      "x_start": 192,
      "y_start": 356
    },
    {
      "bit_width": 10,
      "data_type": 43,
      "digital_crop_size_regs": {
        "0x040c": 15,
        "0x040d": 192,
        "0x040e": 11,
        "0x040f": 208
      },
      "frame_length": 77518,
      "frame_rate": 3.0,
      "height": 378,
      "index": 5,
      "line_length": 3096,
      "output_size_regs": {
        "0x034c": 15,
        "0x034d": 192,
        "0x034e": 11,
        "0x034f": 208
      },
      "pixel_rate_hz": 655710000,
      "regSetting_id": 1198,
      "register_count": 204,
      "resSettings_id": 1197,
      "vc": 0,
      "width": 504,
      "x_start": 8,
      "y_start": 64
    }
  ],
  "next_gate": "Capture same-machine Windows SensorCrop packet/register pairs or live IMX681 output-size registers before any Linux sensor-mode change.",
  "resolution_count": 6,
  "runtime_authorized": false,
  "schema": "sp11-e003h-windows-imx681-six-mode-correction-v1",
  "selection_proof": {
    "mode2_selected_proven": false,
    "sensor_crop_packet_bytes_captured": false,
    "windows_selected_resolution_index": null
  },
  "sensor_blob_sha256": "f7dd81be64153fd3f0da8e6288ee1b9906b7bf51b773a98496934d76dc96a45c"
}
