openjdk version "21.0.12" 2026-07-21
OpenJDK Runtime Environment (build 21.0.12+8-1-26.04-Ubuntu)
OpenJDK 64-Bit Server VM (build 21.0.12+8-1-26.04-Ubuntu, mixed mode)
Module manifest file error on line 2 of file: /home/geoca/.config/ghidra/ghidra_12.0.4_PUBLIC/Extensions/GhidraMCP/Module.manifest
	-> Invalid line encountered: GHIDRA_MODULE_NAME=GhidraMCP
Module manifest file error on line 3 of file: /home/geoca/.config/ghidra/ghidra_12.0.4_PUBLIC/Extensions/GhidraMCP/Module.manifest
	-> Invalid line encountered: GHIDRA_MODULE_DESC=An HTTP server plugin for Ghidra
Module manifest file error on line 2 of file: /home/geoca/.config/ghidra/ghidra_12.0.4_PUBLIC/Extensions/GhidraMCP/Module.manifest
	-> Invalid line encountered: GHIDRA_MODULE_NAME=GhidraMCP
Module manifest file error on line 3 of file: /home/geoca/.config/ghidra/ghidra_12.0.4_PUBLIC/Extensions/GhidraMCP/Module.manifest
	-> Invalid line encountered: GHIDRA_MODULE_DESC=An HTTP server plugin for Ghidra
INFO  Using log config file: jar:file:/home/geoca/Desktop/Ghidra/Ghidra/Framework/Generic/lib/Generic.jar!/generic.log4j.xml (LoggingInitialization)  
INFO  Using log file: /home/geoca/.config/ghidra/ghidra_12.0.4_PUBLIC/application.log (LoggingInitialization)  
INFO  Loading user preferences: /home/geoca/.config/ghidra/ghidra_12.0.4_PUBLIC/preferences (Preferences)  
INFO  Loading previous preferences: /home/geoca/.config/ghidra/ghidra_12.1.2_PUBLIC/preferences (Preferences)  
INFO  Searching for classes... (ClassSearcher)  
INFO  Class search complete (778 ms) (ClassSearcher)  
INFO  Initializing SSL Context (DefaultSSLContextInitializer)  
INFO  Initializing Random Number Generator... (SecureRandomFactory)  
INFO  Random Number Generator initialization complete: NativePRNGNonBlocking (SecureRandomFactory)  
INFO  Trust manager disabled, cacerts have not been set (DefaultTrustManagerFactory)  
INFO  Headless startup complete (1885 ms) (AnalyzeHeadless)  
INFO  Class searcher loaded 59 extension points (18 false positives) (ClassSearcher)  
INFO  HEADLESS Script Paths:
    /home/geoca/Desktop/Ghidra/Ghidra/Features/MicrosoftCodeAnalyzer/ghidra_scripts
    /home/geoca/Desktop/Ghidra/Ghidra/Features/VersionTracking/ghidra_scripts
    /home/geoca/Desktop/Ghidra/Ghidra/Features/PyGhidra/ghidra_scripts
    /home/geoca/Desktop/Ghidra/Ghidra/Processors/Atmel/ghidra_scripts
    /home/geoca/Desktop/Ghidra/Ghidra/Features/BSim/ghidra_scripts
    /home/geoca/Desktop/Ghidra/Ghidra/Processors/PIC/ghidra_scripts
    /home/geoca/Desktop/Ghidra/Ghidra/Debug/Debugger/ghidra_scripts
    /home/geoca/Desktop/Ghidra/Ghidra/Features/Jython/ghidra_scripts
    /home/geoca/Desktop/Ghidra/Ghidra/Features/DecompilerDependent/ghidra_scripts
    /home/geoca/Desktop/Ghidra/Ghidra/Features/GnuDemangler/ghidra_scripts
    /home/geoca/Desktop/Ghidra/Ghidra/Features/SwiftDemangler/ghidra_scripts
    /home/geoca/Desktop/Ghidra/Ghidra/Features/WildcardAssembler/ghidra_scripts
    /home/geoca/Desktop/Ghidra/Ghidra/Features/SystemEmulation/ghidra_scripts
    /home/geoca/Desktop/Ghidra/Ghidra/Processors/JVM/ghidra_scripts
    /home/geoca/.config/ghidra/ghidra_12.0.4_PUBLIC/Extensions/Hexagon/ghidra_scripts
    /home/geoca/Desktop/Ghidra/Ghidra/Processors/8051/ghidra_scripts
    /home/geoca/Documents/SP11-PROJECT/06-camera/SP11X1ECamera/experiments/E004-front-ir-vd55g0/e004de-cpz-securepd-worker-trust-admission-feasibility/ghidra
    /home/geoca/Desktop/Ghidra/Ghidra/Features/PDB/ghidra_scripts
    /home/geoca/Desktop/Ghidra/Ghidra/Processors/DATA/ghidra_scripts
    /home/geoca/Desktop/Ghidra/Ghidra/Features/Base/ghidra_scripts
    /home/geoca/Desktop/Ghidra/Ghidra/Features/BytePatterns/ghidra_scripts
    /home/geoca/Desktop/Ghidra/Ghidra/Debug/Debugger-rmi-trace/ghidra_scripts
    /home/geoca/Desktop/Ghidra/Ghidra/Features/Decompiler/ghidra_scripts
    /home/geoca/Desktop/Ghidra/Ghidra/Features/FunctionID/ghidra_scripts
    /home/geoca/Desktop/Ghidra/Ghidra/Features/FileFormats/ghidra_scripts (HeadlessAnalyzer)  
INFO  HEADLESS: execution starts (HeadlessAnalyzer)  
INFO  Creating project: /home/geoca/.cache/e004de-root/E004DE (HeadlessAnalyzer)  
INFO  Creating project: /home/geoca/.cache/e004de-root/E004DE (DefaultProject)  
INFO  REPORT: Processing input files:  (HeadlessAnalyzer)  
INFO       project: /home/geoca/.cache/e004de-root/E004DE (HeadlessAnalyzer)  
INFO  IMPORTING: file:///usr/lib/firmware/qcom/x1e80100/microsoft/Denali/qccdsp8380.mbn (HeadlessAnalyzer)  
INFO  Using Loader: Executable and Linking Format (ELF) (ProgramLoader)  
INFO  Using Language/Compiler: QDSP6:LE:32:default:default (ProgramLoader)  
INFO  Using Library Search Path: [., /bin, /lib, /lib64, /lib/x86_64-linux-gnu, /lib/aarch64-linux-gnu, /usr/bin, /usr/lib, /usr/X11R6/bin, /usr/X11R6/lib, /usr/java/packages/lib, /usr/lib/aarch64-linux-gnu/jni, /usr/lib/aarch64-linux-gnu, /usr/lib/jni] (ProgramLoader)  
INFO  Additional info:
Loading file:///usr/lib/firmware/qcom/x1e80100/microsoft/Denali/qccdsp8380.mbn?MD5=1bdedb801f3f361acb970f1eefc0f828...
------------------------------------------------

 (ProgramLoader)  
INFO  IMPORTING: Loaded 0 additional files (HeadlessAnalyzer)  
INFO  ANALYZING all memory and code: file:///usr/lib/firmware/qcom/x1e80100/microsoft/Denali/qccdsp8380.mbn (HeadlessAnalyzer)  
ERROR Failed to create function at f00db6e0 since its body contains referring thunk at f00db81c (CreateFunctionCmd)  
ERROR Failed to create function at f0103140 since its body contains referring thunk at f010367c (CreateFunctionCmd)  
WARN  Decompiling fe1c67ac, pcode error at fe1c67bc: Unable to resolve constructor at fe1c67bc (DecompileCallback)  
WARN  Decompiling fe1c67ac, pcode error at fe1c6898: Unable to resolve constructor at fe1c6898 (DecompileCallback)  
WARN  Decompiling fe1c67ac, pcode error at fe1c67bc: Unable to resolve constructor at fe1c67bc (DecompileCallback)  
WARN  Decompiling fe1c67ac, pcode error at fe1c6898: Unable to resolve constructor at fe1c6898 (DecompileCallback)  
WARN  Decompiling fe1add60, pcode error at fe1ade80: Unable to resolve constructor at fe1ade80 (DecompileCallback)  
WARN  Decompiling fe1add60, pcode error at fe1ade80: Unable to resolve constructor at fe1ade80 (DecompileCallback)  
WARN  First use is null, possible spacebase/global range issue.There will be variable rename issues (MappedVarKey)  
WARN  Decompiling f00a90b4: Unable to read bytes at ram:67616964 (DecompileCallback)  
WARN  Decompiling fe1ca660, pcode error at fe1ca684: Unable to resolve constructor at fe1ca684 (DecompileCallback)  
WARN  Decompiling fe1ca660, pcode error at fe1ca714: Unable to resolve constructor at fe1ca714 (DecompileCallback)  
WARN  Decompiling fe1ca660, pcode error at fe1ca684: Unable to resolve constructor at fe1ca684 (DecompileCallback)  
WARN  Decompiling fe1ca660, pcode error at fe1ca714: Unable to resolve constructor at fe1ca714 (DecompileCallback)  
WARN  Decompiling f00a90b4: Unable to read bytes at ram:67616964 (DecompileCallback)  
WARN  Decompiling f0122190: Unable to read bytes at ram:74736164 (DecompileCallback)  
WARN  Decompiling f0122190: Unable to read bytes at ram:74736164 (DecompileCallback)  
WARN  Decompiling fe1b5bbc, pcode error at fe1ca684: Unable to resolve constructor at fe1ca684 (DecompileCallback)  
WARN  Decompiling fe1b5bbc, pcode error at fe1ca684: Unable to resolve constructor at fe1ca684 (DecompileCallback)  
ERROR Failed to create function at 01003a1c since its body contains referring thunk at 01003a6c (CreateFunctionCmd)  
ERROR Failed to create function at 0100502c since its body contains referring thunk at 01005060 (CreateFunctionCmd)  
ERROR Failed to create function at 0100507c since its body contains referring thunk at 010050a0 (CreateFunctionCmd)  
ERROR Failed to create function at 010050dc since its body contains referring thunk at 01005110 (CreateFunctionCmd)  
ERROR Failed to create function at 01005124 since its body contains referring thunk at 01005158 (CreateFunctionCmd)  
ERROR Failed to create function at 0100517c since its body contains referring thunk at 01005168 (CreateFunctionCmd)  
ERROR Failed to create function at 010051d0 since its body contains referring thunk at 010051ec (CreateFunctionCmd)  
ERROR Failed to create function at 010078fc since its body contains referring thunk at 01007910 (CreateFunctionCmd)  
ERROR Failed to create function at 0100c0c0 since its body contains referring thunk at 0100c0ec (CreateFunctionCmd)  
ERROR Failed to create function at 01014954 since its body contains referring thunk at 0101493c (CreateFunctionCmd)  
ERROR Failed to create function at 0101505c since its body contains referring thunk at 010150a0 (CreateFunctionCmd)  
ERROR Failed to create function at 01018960 since its body contains referring thunk at 010189d4 (CreateFunctionCmd)  
ERROR Failed to create function at 01019a50 since its body contains referring thunk at 01019a48 (CreateFunctionCmd)  
ERROR Failed to create function at 0101a108 since its body contains referring thunk at 0101a0cc (CreateFunctionCmd)  
ERROR Failed to create function at 0101a638 since its body contains referring thunk at 0101a4b4 (CreateFunctionCmd)  
ERROR Failed to create function at 0101a638 since its body contains referring thunk at 0101a614 (CreateFunctionCmd)  
ERROR Failed to create function at 0101a638 since its body contains referring thunk at 0101a62c (CreateFunctionCmd)  
ERROR Failed to create function at 0101ac48 since its body contains referring thunk at 0101ac64 (CreateFunctionCmd)  
ERROR Failed to create function at 010223ac since its body contains referring thunk at 010223a4 (CreateFunctionCmd)  
ERROR Failed to create function at 01023d3c since its body contains referring thunk at 01023d30 (CreateFunctionCmd)  
ERROR Failed to create function at 01023d5c since its body contains referring thunk at 01023d50 (CreateFunctionCmd)  
ERROR Failed to create function at 01029bf0 since its body contains referring thunk at 01029bb4 (CreateFunctionCmd)  
ERROR Failed to create function at 01029bf0 since its body contains referring thunk at 01029bdc (CreateFunctionCmd)  
ERROR Failed to create function at 0102b824 since its body contains referring thunk at 0102b7fc (CreateFunctionCmd)  
ERROR Failed to create function at 0102b93c since its body contains referring thunk at 0102b8c0 (CreateFunctionCmd)  
ERROR Failed to create function at 0102b970 since its body contains referring thunk at 0102b94c (CreateFunctionCmd)  
ERROR Failed to create function at 0102c164 since its body contains referring thunk at 0102bad4 (CreateFunctionCmd)  
ERROR Failed to create function at 0102be9c since its body contains referring thunk at 0102bad4 (CreateFunctionCmd)  
ERROR Failed to create function at 0102bc50 since its body contains referring thunk at 0102bbbc (CreateFunctionCmd)  
ERROR Failed to create function at 0102c1f0 since its body contains referring thunk at 0102bcb4 (CreateFunctionCmd)  
ERROR Failed to create function at 0102bed4 since its body contains referring thunk at 0102bcb4 (CreateFunctionCmd)  
ERROR Failed to create function at 0102c164 since its body contains referring thunk at 0102be80 (CreateFunctionCmd)  
ERROR Failed to create function at 0102c164 since its body contains referring thunk at 0102bf7c (CreateFunctionCmd)  
ERROR Failed to create function at 0102c23c since its body contains referring thunk at 0102c0c8 (CreateFunctionCmd)  
ERROR Failed to create function at 0102c1f0 since its body contains referring thunk at 0102c1cc (CreateFunctionCmd)  
ERROR Failed to create function at 0102c3d0 since its body contains referring thunk at 0102c2e4 (CreateFunctionCmd)  
ERROR Failed to create function at 0102c4c0 since its body contains referring thunk at 0102c3ac (CreateFunctionCmd)  
ERROR Failed to create function at 0102c4c0 since its body contains referring thunk at 0102c49c (CreateFunctionCmd)  
ERROR Failed to create function at 01031a00 since its body contains referring thunk at 01031d1c (CreateFunctionCmd)  
ERROR Failed to create function at 01040144 since its body contains referring thunk at 01040204 (CreateFunctionCmd)  
ERROR Failed to create function at 01040780 since its body contains referring thunk at 010407a8 (CreateFunctionCmd)  
ERROR Failed to create function at 0104dc38 since its body contains referring thunk at 0104dc28 (CreateFunctionCmd)  
ERROR Failed to create function at 01051880 since its body contains referring thunk at 0105185c (CreateFunctionCmd)  
ERROR Failed to create function at 0105d73c since its body contains referring thunk at 0105d7ac (CreateFunctionCmd)  
ERROR Failed to create function at 0105fd58 since its body contains referring thunk at 0105fb8c (CreateFunctionCmd)  
ERROR Failed to create function at 0105fd50 since its body contains referring thunk at 0105fcd0 (CreateFunctionCmd)  
ERROR Failed to create function at 01063ea0 since its body contains referring thunk at 01063e7c (CreateFunctionCmd)  
ERROR Failed to create function at 01067608 since its body contains referring thunk at 01067560 (CreateFunctionCmd)  
ERROR Failed to create function at 010683a4 since its body contains referring thunk at 01068384 (CreateFunctionCmd)  
ERROR Failed to create function at 01068468 since its body contains referring thunk at 0106844c (CreateFunctionCmd)  
ERROR Failed to create function at 010685a8 since its body contains referring thunk at 01068584 (CreateFunctionCmd)  
ERROR Failed to create function at 01068614 since its body contains referring thunk at 010685f4 (CreateFunctionCmd)  
ERROR Failed to create function at 01068864 since its body contains referring thunk at 01068704 (CreateFunctionCmd)  
ERROR Failed to create function at 01068908 since its body contains referring thunk at 01068800 (CreateFunctionCmd)  
ERROR Failed to create function at 01069710 since its body contains referring thunk at 01069720 (CreateFunctionCmd)  
ERROR Failed to create function at 740044dc since its body contains referring thunk at 740044c4 (CreateFunctionCmd)  
ERROR Failed to create function at 74004e0c since its body contains referring thunk at 74004e50 (CreateFunctionCmd)  
ERROR Failed to create function at 7400588c since its body contains referring thunk at 740058a4 (CreateFunctionCmd)  
ERROR Failed to create function at 74005f68 since its body contains referring thunk at 74005f9c (CreateFunctionCmd)  
ERROR Failed to create function at 74005fb8 since its body contains referring thunk at 74005fdc (CreateFunctionCmd)  
ERROR Failed to create function at 74006018 since its body contains referring thunk at 7400604c (CreateFunctionCmd)  
ERROR Failed to create function at 74006060 since its body contains referring thunk at 74006094 (CreateFunctionCmd)  
ERROR Failed to create function at 740060b8 since its body contains referring thunk at 740060a4 (CreateFunctionCmd)  
ERROR Failed to create function at 7400610c since its body contains referring thunk at 74006128 (CreateFunctionCmd)  
ERROR Failed to create function at 7400629c since its body contains referring thunk at 740062b0 (CreateFunctionCmd)  
ERROR Failed to create function at 74008ac0 since its body contains referring thunk at 74008b34 (CreateFunctionCmd)  
ERROR Failed to create function at 740098e0 since its body contains referring thunk at 740098d8 (CreateFunctionCmd)  
ERROR Failed to create function at 74009d08 since its body contains referring thunk at 74009ccc (CreateFunctionCmd)  
ERROR Failed to create function at 7400a158 since its body contains referring thunk at 74009fd4 (CreateFunctionCmd)  
ERROR Failed to create function at 7400a158 since its body contains referring thunk at 7400a134 (CreateFunctionCmd)  
ERROR Failed to create function at 7400a158 since its body contains referring thunk at 7400a14c (CreateFunctionCmd)  
ERROR Failed to create function at 7400dda0 since its body contains referring thunk at 7400ddcc (CreateFunctionCmd)  
ERROR Failed to create function at 7400fbc4 since its body contains referring thunk at 7400fbb8 (CreateFunctionCmd)  
ERROR Failed to create function at 7400fcd8 since its body contains referring thunk at 7400fcbc (CreateFunctionCmd)  
ERROR Failed to create function at 74014688 since its body contains referring thunk at 74014674 (CreateFunctionCmd)  
ERROR Failed to create function at 74014750 since its body contains referring thunk at 74014744 (CreateFunctionCmd)  
ERROR Failed to create function at 74019ab0 since its body contains referring thunk at 74019ac0 (CreateFunctionCmd)  
ERROR Failed to create function at f0001034 since its body contains referring thunk at f0001044 (CreateFunctionCmd)  
ERROR Failed to create function at f0007190 since its body contains referring thunk at f0007180 (CreateFunctionCmd)  
ERROR Failed to create function at f000bfbc since its body contains referring thunk at f000bf78 (CreateFunctionCmd)  
ERROR Failed to create function at f000e438 since its body contains referring thunk at f000e470 (CreateFunctionCmd)  
ERROR Failed to create function at f000ea40 since its body contains referring thunk at f000ea88 (CreateFunctionCmd)  
ERROR Failed to create function at f0011200 since its body contains referring thunk at f00111ec (CreateFunctionCmd)  
ERROR Failed to create function at f00143b4 since its body contains referring thunk at f00142bc (CreateFunctionCmd)  
ERROR Failed to create function at f001bcf4 since its body contains referring thunk at f001bce8 (CreateFunctionCmd)  
ERROR Failed to create function at f001be2c since its body contains referring thunk at f001bdfc (CreateFunctionCmd)  
ERROR Failed to create function at f001e340 since its body contains referring thunk at f001e378 (CreateFunctionCmd)  
ERROR Failed to create function at f001f840 since its body contains referring thunk at f001f88c (CreateFunctionCmd)  
ERROR Failed to create function at f001fe20 since its body contains referring thunk at f001fe68 (CreateFunctionCmd)  
ERROR Failed to create function at f003061c since its body contains referring thunk at f0030520 (CreateFunctionCmd)  
ERROR Failed to create function at f003061c since its body contains referring thunk at f003053c (CreateFunctionCmd)  
ERROR Failed to create function at f0030814 since its body contains referring thunk at f003080c (CreateFunctionCmd)  
ERROR Failed to create function at f0030a88 since its body contains referring thunk at f0030a44 (CreateFunctionCmd)  
ERROR Failed to create function at f0032554 since its body contains referring thunk at f00324d8 (CreateFunctionCmd)  
ERROR Failed to create function at f00336f8 since its body contains referring thunk at f00336f0 (CreateFunctionCmd)  
ERROR Failed to create function at f0033734 since its body contains referring thunk at f003371c (CreateFunctionCmd)  
ERROR Failed to create function at f0033774 since its body contains referring thunk at f0033758 (CreateFunctionCmd)  
ERROR Failed to create function at f00337cc since its body contains referring thunk at f00337ac (CreateFunctionCmd)  
ERROR Failed to create function at f0039278 since its body contains referring thunk at f00391f4 (CreateFunctionCmd)  
ERROR Failed to create function at f0040b4c since its body contains referring thunk at f00409d8 (CreateFunctionCmd)  
ERROR Failed to create function at f0040b4c since its body contains referring thunk at f0040b44 (CreateFunctionCmd)  
ERROR Failed to create function at f0040be8 since its body contains referring thunk at f0040fdc (CreateFunctionCmd)  
ERROR Failed to create function at f0042b08 since its body contains referring thunk at f0042afc (CreateFunctionCmd)  
ERROR Failed to create function at f00435d4 since its body contains referring thunk at f00436f8 (CreateFunctionCmd)  
ERROR Failed to create function at f00476c0 since its body contains referring thunk at f00476ec (CreateFunctionCmd)  
ERROR Failed to create function at f004c9c0 since its body contains referring thunk at f004ca34 (CreateFunctionCmd)  
ERROR Failed to create function at f004e598 since its body contains referring thunk at f004e414 (CreateFunctionCmd)  
ERROR Failed to create function at f004e598 since its body contains referring thunk at f004e574 (CreateFunctionCmd)  
ERROR Failed to create function at f004e598 since its body contains referring thunk at f004e58c (CreateFunctionCmd)  
ERROR Failed to create function at f004ef54 since its body contains referring thunk at f004ef6c (CreateFunctionCmd)  
ERROR Failed to create function at f0055298 since its body contains referring thunk at f00552f0 (CreateFunctionCmd)  
ERROR Failed to create function at f005a014 since its body contains referring thunk at f005a00c (CreateFunctionCmd)  
ERROR Failed to create function at f005bbd0 since its body contains referring thunk at f005b8f8 (CreateFunctionCmd)  
ERROR Failed to create function at f005bbd0 since its body contains referring thunk at f005bb7c (CreateFunctionCmd)  
ERROR Failed to create function at f0060c24 since its body contains referring thunk at f0060c14 (CreateFunctionCmd)  
ERROR Failed to create function at f0060d78 since its body contains referring thunk at f0060d64 (CreateFunctionCmd)  
ERROR Failed to create function at f006cf10 since its body contains referring thunk at f006cda8 (CreateFunctionCmd)  
ERROR Failed to create function at f006da1c since its body contains referring thunk at f006da04 (CreateFunctionCmd)  
ERROR Failed to create function at f006da1c since its body contains referring thunk at f006da10 (CreateFunctionCmd)  
ERROR Failed to create function at f006fa40 since its body contains referring thunk at f006f9f8 (CreateFunctionCmd)  
ERROR Failed to create function at f006fd98 since its body contains referring thunk at f006fb5c (CreateFunctionCmd)  
ERROR Failed to create function at f006fce8 since its body contains referring thunk at f006fc38 (CreateFunctionCmd)  
ERROR Failed to create function at f006fd0c since its body contains referring thunk at f006fce4 (CreateFunctionCmd)  
ERROR Failed to create function at f0085890 since its body contains referring thunk at f00858fc (CreateFunctionCmd)  
ERROR Failed to create function at f0087f88 since its body contains referring thunk at f0087f80 (CreateFunctionCmd)  
ERROR Failed to create function at f008b658 since its body contains referring thunk at f008b620 (CreateFunctionCmd)  
ERROR Failed to create function at f008d2a8 since its body contains referring thunk at f008d238 (CreateFunctionCmd)  
ERROR Failed to create function at f008d5b0 since its body contains referring thunk at f008d554 (CreateFunctionCmd)  
ERROR Failed to create function at f008f628 since its body contains referring thunk at f008f5c0 (CreateFunctionCmd)  
ERROR Failed to create function at f00919c8 since its body contains referring thunk at f00919a4 (CreateFunctionCmd)  
ERROR Failed to create function at f0094bf8 since its body contains referring thunk at f0094c24 (CreateFunctionCmd)  
ERROR Failed to create function at f0099b28 since its body contains referring thunk at f0099cac (CreateFunctionCmd)  
ERROR Failed to create function at f0099dd0 since its body contains referring thunk at f0099dc8 (CreateFunctionCmd)  
ERROR Failed to create function at f0099ebc since its body contains referring thunk at f0099e90 (CreateFunctionCmd)  
ERROR Failed to create function at f0099ebc since its body contains referring thunk at f0099e98 (CreateFunctionCmd)  
ERROR Failed to create function at f009a02c since its body contains referring thunk at f0099f84 (CreateFunctionCmd)  
ERROR Failed to create function at f009cfd8 since its body contains referring thunk at f009cfd4 (CreateFunctionCmd)  
ERROR Failed to create function at f00a0b40 since its body contains referring thunk at f00a0b88 (CreateFunctionCmd)  
ERROR Failed to create function at f00aaae4 since its body contains referring thunk at f00aaadc (CreateFunctionCmd)  
ERROR Failed to create function at f00ac020 since its body contains referring thunk at f00abeb4 (CreateFunctionCmd)  
ERROR Failed to create function at f00ad848 since its body contains referring thunk at f00abf60 (CreateFunctionCmd)  
ERROR Failed to create function at f00ad848 since its body contains referring thunk at f00ac02c (CreateFunctionCmd)  
ERROR Failed to create function at f00ad848 since its body contains referring thunk at f00ac07c (CreateFunctionCmd)  
ERROR Failed to create function at f00ad848 since its body contains referring thunk at f00ac0a4 (CreateFunctionCmd)  
ERROR Failed to create function at f00ad848 since its body contains referring thunk at f00ac0dc (CreateFunctionCmd)  
ERROR Failed to create function at f00ad848 since its body contains referring thunk at f00ac178 (CreateFunctionCmd)  
ERROR Failed to create function at f00ad848 since its body contains referring thunk at f00ac194 (CreateFunctionCmd)  
ERROR Failed to create function at f00ad848 since its body contains referring thunk at f00ac1b0 (CreateFunctionCmd)  
ERROR Failed to create function at f00ad848 since its body contains referring thunk at f00ac1d0 (CreateFunctionCmd)  
ERROR Failed to create function at f00ad848 since its body contains referring thunk at f00ac1f8 (CreateFunctionCmd)  
ERROR Failed to create function at f00ad848 since its body contains referring thunk at f00ac224 (CreateFunctionCmd)  
ERROR Failed to create function at f00ad848 since its body contains referring thunk at f00ac254 (CreateFunctionCmd)  
ERROR Failed to create function at f00ad848 since its body contains referring thunk at f00ac26c (CreateFunctionCmd)  
ERROR Failed to create function at f00ad848 since its body contains referring thunk at f00ac294 (CreateFunctionCmd)  
ERROR Failed to create function at f00ad848 since its body contains referring thunk at f00ac2b0 (CreateFunctionCmd)  
ERROR Failed to create function at f00ad848 since its body contains referring thunk at f00ac2ec (CreateFunctionCmd)  
ERROR Failed to create function at f00ad848 since its body contains referring thunk at f00ac338 (CreateFunctionCmd)  
ERROR Failed to create function at f00ad848 since its body contains referring thunk at f00ac378 (CreateFunctionCmd)  
ERROR Failed to create function at f00ad848 since its body contains referring thunk at f00ac3dc (CreateFunctionCmd)  
ERROR Failed to create function at f00ad848 since its body contains referring thunk at f00ac408 (CreateFunctionCmd)  
ERROR Failed to create function at f00ad848 since its body contains referring thunk at f00ac4d8 (CreateFunctionCmd)  
ERROR Failed to create function at f00ad848 since its body contains referring thunk at f00ac534 (CreateFunctionCmd)  
ERROR Failed to create function at f00ad848 since its body contains referring thunk at f00ac550 (CreateFunctionCmd)  
ERROR Failed to create function at f00ad848 since its body contains referring thunk at f00ac57c (CreateFunctionCmd)  
ERROR Failed to create function at f00ad848 since its body contains referring thunk at f00ac8a0 (CreateFunctionCmd)  
ERROR Failed to create function at f00ad848 since its body contains referring thunk at f00acb58 (CreateFunctionCmd)  
ERROR Failed to create function at f00ad848 since its body contains referring thunk at f00acb68 (CreateFunctionCmd)  
ERROR Failed to create function at f00ad848 since its body contains referring thunk at f00acb7c (CreateFunctionCmd)  
ERROR Failed to create function at f00ad848 since its body contains referring thunk at f00acb98 (CreateFunctionCmd)  
ERROR Failed to create function at f00ad848 since its body contains referring thunk at f00acbb8 (CreateFunctionCmd)  
ERROR Failed to create function at f00ad848 since its body contains referring thunk at f00acbdc (CreateFunctionCmd)  
ERROR Failed to create function at f00ad848 since its body contains referring thunk at f00acc18 (CreateFunctionCmd)  
ERROR Failed to create function at f00ad848 since its body contains referring thunk at f00acc24 (CreateFunctionCmd)  
ERROR Failed to create function at f00ad848 since its body contains referring thunk at f00acc44 (CreateFunctionCmd)  
ERROR Failed to create function at f00ad848 since its body contains referring thunk at f00acc58 (CreateFunctionCmd)  
ERROR Failed to create function at f00ad848 since its body contains referring thunk at f00acc6c (CreateFunctionCmd)  
ERROR Failed to create function at f00ad848 since its body contains referring thunk at f00acc84 (CreateFunctionCmd)  
ERROR Failed to create function at f00ad848 since its body contains referring thunk at f00acc9c (CreateFunctionCmd)  
ERROR Failed to create function at f00ad848 since its body contains referring thunk at f00accbc (CreateFunctionCmd)  
ERROR Failed to create function at f00ad848 since its body contains referring thunk at f00accf0 (CreateFunctionCmd)  
ERROR Failed to create function at f00ad848 since its body contains referring thunk at f00acd14 (CreateFunctionCmd)  
ERROR Failed to create function at f00ad848 since its body contains referring thunk at f00acd2c (CreateFunctionCmd)  
ERROR Failed to create function at f00ad848 since its body contains referring thunk at f00acd78 (CreateFunctionCmd)  
ERROR Failed to create function at f00ad848 since its body contains referring thunk at f00acdb8 (CreateFunctionCmd)  
ERROR Failed to create function at f00ad848 since its body contains referring thunk at f00ace00 (CreateFunctionCmd)  
ERROR Failed to create function at f00ad848 since its body contains referring thunk at f00ace50 (CreateFunctionCmd)  
ERROR Failed to create function at f00ad848 since its body contains referring thunk at f00ace64 (CreateFunctionCmd)  
ERROR Failed to create function at f00ad848 since its body contains referring thunk at f00ace88 (CreateFunctionCmd)  
ERROR Failed to create function at f00ad02c since its body contains referring thunk at f00ad01c (CreateFunctionCmd)  
ERROR Failed to create function at f00ad848 since its body contains referring thunk at f00ad048 (CreateFunctionCmd)  
ERROR Failed to create function at f00ad144 since its body contains referring thunk at f00ad134 (CreateFunctionCmd)  
ERROR Failed to create function at f00ad848 since its body contains referring thunk at f00ad160 (CreateFunctionCmd)  
ERROR Failed to create function at f00ad848 since its body contains referring thunk at f00ad1e8 (CreateFunctionCmd)  
ERROR Failed to create function at f00ad848 since its body contains referring thunk at f00ad24c (CreateFunctionCmd)  
ERROR Failed to create function at f00ad848 since its body contains referring thunk at f00ad2bc (CreateFunctionCmd)  
ERROR Failed to create function at f00ad848 since its body contains referring thunk at f00ad2e8 (CreateFunctionCmd)  
ERROR Failed to create function at f00ad848 since its body contains referring thunk at f00ad31c (CreateFunctionCmd)  
ERROR Failed to create function at f00ad848 since its body contains referring thunk at f00ad35c (CreateFunctionCmd)  
ERROR Failed to create function at f00ad848 since its body contains referring thunk at f00ad3e8 (CreateFunctionCmd)  
ERROR Failed to create function at f00ad840 since its body contains referring thunk at f00ad49c (CreateFunctionCmd)  
ERROR Failed to create function at f00ad848 since its body contains referring thunk at f00ad52c (CreateFunctionCmd)  
ERROR Failed to create function at f00ad848 since its body contains referring thunk at f00ad678 (CreateFunctionCmd)  
ERROR Failed to create function at f00ad848 since its body contains referring thunk at f00ad704 (CreateFunctionCmd)  
ERROR Failed to create function at f00ad848 since its body contains referring thunk at f00ad7c4 (CreateFunctionCmd)  
ERROR Failed to create function at f00ad848 since its body contains referring thunk at f00ad7d4 (CreateFunctionCmd)  
ERROR Failed to create function at f00befb0 since its body contains referring thunk at f00befa4 (CreateFunctionCmd)  
ERROR Failed to create function at f00bf020 since its body contains referring thunk at f00bf00c (CreateFunctionCmd)  
ERROR Failed to create function at f00c6af4 since its body contains referring thunk at f00c6aec (CreateFunctionCmd)  
ERROR Failed to create function at f00c76c8 since its body contains referring thunk at f00c7740 (CreateFunctionCmd)  
ERROR Failed to create function at f00ca22c since its body contains referring thunk at f00ca1b0 (CreateFunctionCmd)  
ERROR Failed to create function at f00d3ab0 since its body contains referring thunk at f00d3a9c (CreateFunctionCmd)  
ERROR Failed to create function at f00d4e30 since its body contains referring thunk at f00d4dd4 (CreateFunctionCmd)  
ERROR Failed to create function at f00d4e8c since its body contains referring thunk at f00d4df0 (CreateFunctionCmd)  
ERROR Failed to create function at f00d4e14 since its body contains referring thunk at f00d4e0c (CreateFunctionCmd)  
ERROR Failed to create function at f00d4e8c since its body contains referring thunk at f00d4e80 (CreateFunctionCmd)  
ERROR Failed to create function at f00e1874 since its body contains referring thunk at f00e1868 (CreateFunctionCmd)  
ERROR Failed to create function at f00e98ec since its body contains referring thunk at f00e9844 (CreateFunctionCmd)  
ERROR Failed to create function at f00e986c since its body contains referring thunk at f00e9858 (CreateFunctionCmd)  
ERROR Failed to create function at f00e9d08 since its body contains referring thunk at f00e9cfc (CreateFunctionCmd)  
ERROR Failed to create function at f00e9d7c since its body contains referring thunk at f00e9d50 (CreateFunctionCmd)  
ERROR Failed to create function at f00e9d7c since its body contains referring thunk at f00e9d6c (CreateFunctionCmd)  
ERROR Failed to create function at f00f0418 since its body contains referring thunk at f00f029c (CreateFunctionCmd)  
ERROR Failed to create function at f00f0418 since its body contains referring thunk at f00f03f8 (CreateFunctionCmd)  
ERROR Failed to create function at f00f0440 since its body contains referring thunk at f00f0438 (CreateFunctionCmd)  
ERROR Failed to create function at f00f0494 since its body contains referring thunk at f00f048c (CreateFunctionCmd)  
ERROR Failed to create function at f00f2ab8 since its body contains referring thunk at f00f2a24 (CreateFunctionCmd)  
ERROR Failed to create function at f00f3ae0 since its body contains referring thunk at f00f39ec (CreateFunctionCmd)  
ERROR Failed to create function at f00f3a60 since its body contains referring thunk at f00f3a28 (CreateFunctionCmd)  
ERROR Failed to create function at f00f3ae4 since its body contains referring thunk at f00f3a58 (CreateFunctionCmd)  
ERROR Failed to create function at f00fd8ec since its body contains referring thunk at f00fd8e4 (CreateFunctionCmd)  
ERROR Failed to create function at f00fdd28 since its body contains referring thunk at f00fdd04 (CreateFunctionCmd)  
ERROR Failed to create function at f00ff64c since its body contains referring thunk at f00ff6b8 (CreateFunctionCmd)  
ERROR Failed to create function at f00ffca8 since its body contains referring thunk at f00ff974 (CreateFunctionCmd)  
ERROR Failed to create function at f00ffca8 since its body contains referring thunk at f00ff9c0 (CreateFunctionCmd)  
ERROR Failed to create function at f00ffcac since its body contains referring thunk at f00ffbfc (CreateFunctionCmd)  
ERROR Failed to create function at f00ffc80 since its body contains referring thunk at f00ffc48 (CreateFunctionCmd)  
ERROR Failed to create function at f01005a4 since its body contains referring thunk at f0100504 (CreateFunctionCmd)  
ERROR Failed to create function at f010070c since its body contains referring thunk at f01005a0 (CreateFunctionCmd)  
ERROR Failed to create function at f0100c98 since its body contains referring thunk at f0100708 (CreateFunctionCmd)  
ERROR Failed to create function at f0100d98 since its body contains referring thunk at f0100728 (CreateFunctionCmd)  
ERROR Failed to create function at f0100764 since its body contains referring thunk at f0100754 (CreateFunctionCmd)  
ERROR Failed to create function at f0100d98 since its body contains referring thunk at f010075c (CreateFunctionCmd)  
ERROR Failed to create function at f0100a80 since its body contains referring thunk at f0100820 (CreateFunctionCmd)  
ERROR Failed to create function at f0100d98 since its body contains referring thunk at f01009f4 (CreateFunctionCmd)  
ERROR Failed to create function at f0100d34 since its body contains referring thunk at f0100c90 (CreateFunctionCmd)  
ERROR Failed to create function at f0101e74 since its body contains referring thunk at f0101d6c (CreateFunctionCmd)  
ERROR Failed to create function at f0101e74 since its body contains referring thunk at f0101e4c (CreateFunctionCmd)  
ERROR Failed to create function at f0105df0 since its body contains referring thunk at f0105dd8 (CreateFunctionCmd)  
ERROR Failed to create function at f0108260 since its body contains referring thunk at f0108240 (CreateFunctionCmd)  
ERROR Failed to create function at f01083c4 since its body contains referring thunk at f0108398 (CreateFunctionCmd)  
ERROR Failed to create function at f01084f0 since its body contains referring thunk at f01083d4 (CreateFunctionCmd)  
ERROR Failed to create function at f010846c since its body contains referring thunk at f0108448 (CreateFunctionCmd)  
ERROR Failed to create function at f01084c8 since its body contains referring thunk at f01084a8 (CreateFunctionCmd)  
ERROR Failed to create function at f01084f4 since its body contains referring thunk at f01084ec (CreateFunctionCmd)  
ERROR Failed to create function at f01136a8 since its body contains referring thunk at f01136a0 (CreateFunctionCmd)  
ERROR Failed to create function at f0115520 since its body contains referring thunk at f0115510 (CreateFunctionCmd)  
ERROR Failed to create function at f011687c since its body contains referring thunk at f0116920 (CreateFunctionCmd)  
ERROR Failed to create function at f011c75c since its body contains referring thunk at f011c628 (CreateFunctionCmd)  
ERROR Failed to create function at f011c710 since its body contains referring thunk at f011c684 (CreateFunctionCmd)  
ERROR Failed to create function at f011c748 since its body contains referring thunk at f011c6f4 (CreateFunctionCmd)  
ERROR Failed to create function at f011c758 since its body contains referring thunk at f011c720 (CreateFunctionCmd)  
ERROR Failed to create function at f011c758 since its body contains referring thunk at f011c72c (CreateFunctionCmd)  
ERROR Failed to create function at f0123bdc since its body contains referring thunk at f0123bc4 (CreateFunctionCmd)  
ERROR Failed to create function at f0124680 since its body contains referring thunk at f0124664 (CreateFunctionCmd)  
ERROR Failed to create function at f01246cc since its body contains referring thunk at f01246b4 (CreateFunctionCmd)  
ERROR Failed to create function at f0124808 since its body contains referring thunk at f01247f0 (CreateFunctionCmd)  
ERROR Failed to create function at f0125378 since its body contains referring thunk at f012532c (CreateFunctionCmd)  
ERROR Failed to create function at f012556c since its body contains referring thunk at f0125358 (CreateFunctionCmd)  
ERROR Failed to create function at f0125704 since its body contains referring thunk at f01253f8 (CreateFunctionCmd)  
ERROR Failed to create function at f0125678 since its body contains referring thunk at f012540c (CreateFunctionCmd)  
ERROR Failed to create function at f0125704 since its body contains referring thunk at f0125544 (CreateFunctionCmd)  
ERROR Failed to create function at f01256b4 since its body contains referring thunk at f012569c (CreateFunctionCmd)  
ERROR Failed to create function at f01256fc since its body contains referring thunk at f01256e8 (CreateFunctionCmd)  
ERROR Failed to create function at f01257b4 since its body contains referring thunk at f01257a0 (CreateFunctionCmd)  
ERROR Failed to create function at f0125990 since its body contains referring thunk at f0125938 (CreateFunctionCmd)  
ERROR Failed to create function at f012597c since its body contains referring thunk at f0125960 (CreateFunctionCmd)  
ERROR Failed to create function at f0125be0 since its body contains referring thunk at f0125bb8 (CreateFunctionCmd)  
ERROR Failed to create function at f0125d40 since its body contains referring thunk at f0125d1c (CreateFunctionCmd)  
ERROR Failed to create function at f0125e94 since its body contains referring thunk at f0125e70 (CreateFunctionCmd)  
ERROR Failed to create function at f0125ee4 since its body contains referring thunk at f0125ec0 (CreateFunctionCmd)  
ERROR Failed to create function at f0126144 since its body contains referring thunk at f0126128 (CreateFunctionCmd)  
ERROR Failed to create function at f012623c since its body contains referring thunk at f0126154 (CreateFunctionCmd)  
ERROR Failed to create function at f0126304 since its body contains referring thunk at f01262e8 (CreateFunctionCmd)  
ERROR Failed to create function at f01264ec since its body contains referring thunk at f01264c0 (CreateFunctionCmd)  
ERROR Failed to create function at f012c174 since its body contains referring thunk at f012c158 (CreateFunctionCmd)  
ERROR Failed to create function at f012eba0 since its body contains referring thunk at f012ead8 (CreateFunctionCmd)  
ERROR Failed to create function at f0149608 since its body contains referring thunk at f01495f4 (CreateFunctionCmd)  
ERROR Failed to create function at f0149890 since its body contains referring thunk at f0149878 (CreateFunctionCmd)  
ERROR Failed to create function at f014a828 since its body contains referring thunk at f014a818 (CreateFunctionCmd)  
ERROR Failed to create function at f014a828 since its body contains referring thunk at f014a820 (CreateFunctionCmd)  
ERROR Failed to create function at f014c690 since its body contains referring thunk at f014c9a0 (CreateFunctionCmd)  
ERROR Failed to create function at f014de84 since its body contains referring thunk at f014de3c (CreateFunctionCmd)  
ERROR Failed to create function at f014de84 since its body contains referring thunk at f014de50 (CreateFunctionCmd)  
ERROR Failed to create function at f014e97c since its body contains referring thunk at f014e9b0 (CreateFunctionCmd)  
ERROR Failed to create function at f014e9cc since its body contains referring thunk at f014e9f0 (CreateFunctionCmd)  
ERROR Failed to create function at f014ea2c since its body contains referring thunk at f014ea60 (CreateFunctionCmd)  
ERROR Failed to create function at f014eb20 since its body contains referring thunk at f014eb3c (CreateFunctionCmd)  
ERROR Failed to create function at f0154fe8 since its body contains referring thunk at f0155040 (CreateFunctionCmd)  
ERROR Failed to create function at f0155268 since its body contains referring thunk at f015519c (CreateFunctionCmd)  
ERROR Failed to create function at f0155ad4 since its body contains referring thunk at f0155acc (CreateFunctionCmd)  
ERROR Failed to create function at f015c1b0 since its body contains referring thunk at f015c1c0 (CreateFunctionCmd)  
ERROR Failed to create function at fe00319c since its body contains referring thunk at fe0031a8 (CreateFunctionCmd)  
ERROR Failed to create function at fe1b9338 since its body contains referring thunk at fe1b9330 (CreateFunctionCmd)  
ERROR Failed to create function at fe1c52c0 since its body contains referring thunk at fe1c52b8 (CreateFunctionCmd)  
ERROR Failed to create function at fe1c8d50 since its body contains referring thunk at fe1c8d60 (CreateFunctionCmd)  
ERROR Failed to create function at fe1ca4b0 since its body contains referring thunk at fe1ca4bc (CreateFunctionCmd)  
ERROR Failed to create function at fe1cc7b4 since its body contains referring thunk at fe1cc8b0 (CreateFunctionCmd)  
ERROR Failed to create function at fe1cc998 since its body contains referring thunk at fe1cc98c (CreateFunctionCmd)  
ERROR Failed to create function at fe1cd1c0 since its body contains referring thunk at fe1cd1a4 (CreateFunctionCmd)  
ERROR Failed to create function at fe1cd1e0 since its body contains referring thunk at fe1cd1bc (CreateFunctionCmd)  
ERROR Failed to create function at fe1cd8c0 since its body contains referring thunk at fe1cd8e0 (CreateFunctionCmd)  
ERROR Failed to create function at fe1cf2d0 since its body contains referring thunk at fe1cf2e8 (CreateFunctionCmd)  
ERROR Failed to create function at fe1cf2f4 since its body contains referring thunk at fe1cf30c (CreateFunctionCmd)  
ERROR Failed to create function at fe1cf504 since its body contains referring thunk at fe1cf524 (CreateFunctionCmd)  
INFO  Packed database cache: /var/tmp/geoca-ghidra/packed-db-cache (PackedDatabaseCache)  
INFO  Applied data type archive: generic_clib (ApplyDataArchiveAnalyzer)  
WARN  First use is null, possible spacebase/global range issue.There will be variable rename issues (MappedVarKey)  
WARN  First use is null, possible spacebase/global range issue.There will be variable rename issues (MappedVarKey)  
INFO  -----------------------------------------------------
    ASCII Strings                              4.793 secs
    Apply Data Archives                        0.402 secs
    Basic Constant Reference Analyzer         19.927 secs
    Call-Fixup Installer                       0.865 secs
    Create Address Tables                      0.205 secs
    Create Address Tables - One Time           3.851 secs
    Create Function                            1.122 secs
    Data Reference                             1.743 secs
    Decompiler Switch Analysis                60.144 secs
    Demangler GNU                              0.044 secs
    Disassemble                                8.829 secs
    Disassemble Entry Points                   0.001 secs
    Embedded Media                             0.158 secs
    External Entry References                  0.000 secs
    Function ID                                0.022 secs
    Function Start Search                      0.153 secs
    Function Start Search delayed - One Time   0.815 secs
    Non-Returning Functions - Known            0.000 secs
    Reference                                  2.935 secs
    Shared Return Calls                        1.151 secs
    Stack                                     13.193 secs
    Subroutine References                      2.205 secs
    Subroutine References - One Time           0.002 secs
-----------------------------------------------------
     Total Time   122 secs
-----------------------------------------------------
 (AutoAnalysisManager)  
INFO  REPORT: Analysis succeeded for file: file:///usr/lib/firmware/qcom/x1e80100/microsoft/Denali/qccdsp8380.mbn (HeadlessAnalyzer)  
INFO  REPORT: Execute script: ExtractStaticHashAuthority.java '/home/geoca/Documents/SP11-PROJECT/06-camera/SP11X1ECamera/experiments/E004-front-ir-vd55g0/e004de-cpz-securepd-worker-trust-admission-feasibility/ghidra/CDSP-STATIC-HASH-AUTHORITY.txt'  (HeadlessAnalyzer)  
INFO  SCRIPT: /home/geoca/Documents/SP11-PROJECT/06-camera/SP11X1ECamera/experiments/E004-front-ir-vd55g0/e004de-cpz-securepd-worker-trust-admission-feasibility/ghidra/ExtractStaticHashAuthority.java (HeadlessAnalyzer)  
INFO  ExtractStaticHashAuthority.java> wrote /home/geoca/Documents/SP11-PROJECT/06-camera/SP11X1ECamera/experiments/E004-front-ir-vd55g0/e004de-cpz-securepd-worker-trust-admission-feasibility/ghidra/CDSP-STATIC-HASH-AUTHORITY.txt roots=5 funcs=26 (GhidraScript)  
INFO  ANALYZING changes made by post scripts: file:///usr/lib/firmware/qcom/x1e80100/microsoft/Denali/qccdsp8380.mbn (HeadlessAnalyzer)  
INFO  REPORT: Post-analysis succeeded for file: file:///usr/lib/firmware/qcom/x1e80100/microsoft/Denali/qccdsp8380.mbn (HeadlessAnalyzer)  
INFO  /qccdsp8380.mbn.0: file created (geoca) (LocalFileSystem)  
INFO  REPORT: Save succeeded for: /qccdsp8380.mbn (E004DE:/qccdsp8380.mbn.0) (HeadlessAnalyzer)  
INFO  REPORT: Import succeeded (HeadlessAnalyzer)  
