openjdk version "21.0.12" 2026-07-21
OpenJDK Runtime Environment (build 21.0.12+8-1-26.04-Ubuntu)
OpenJDK 64-Bit Server VM (build 21.0.12+8-1-26.04-Ubuntu, mixed mode)
Module manifest file error on line 2 of file: /home/geoca/.config/ghidra/ghidra_12.0.4_PUBLIC/Extensions/GhidraMCP/Module.manifest
	-> Invalid line encountered: GHIDRA_MODULE_NAME=GhidraMCP
Module manifest file error on line 3 of file: /home/geoca/.config/ghidra/ghidra_12.0.4_PUBLIC/Extensions/GhidraMCP/Module.manifest
	-> Invalid line encountered: GHIDRA_MODULE_DESC=An HTTP server plugin for Ghidra
Module manifest file error on line 2 of file: /home/geoca/.config/ghidra/ghidra_12.0.4_PUBLIC/Extensions/GhidraMCP/Module.manifest
	-> Invalid line encountered: GHIDRA_MODULE_NAME=GhidraMCP
Module manifest file error on line 3 of file: /home/geoca/.config/ghidra/ghidra_12.0.4_PUBLIC/Extensions/GhidraMCP/Module.manifest
	-> Invalid line encountered: GHIDRA_MODULE_DESC=An HTTP server plugin for Ghidra
INFO  Using log config file: jar:file:/home/geoca/Desktop/Ghidra/Ghidra/Framework/Generic/lib/Generic.jar!/generic.log4j.xml (LoggingInitialization)  
INFO  Using log file: /home/geoca/.config/ghidra/ghidra_12.0.4_PUBLIC/application.log (LoggingInitialization)  
INFO  Loading user preferences: /home/geoca/.config/ghidra/ghidra_12.0.4_PUBLIC/preferences (Preferences)  
INFO  Loading previous preferences: /home/geoca/.config/ghidra/ghidra_12.1.2_PUBLIC/preferences (Preferences)  
INFO  Searching for classes... (ClassSearcher)  
INFO  Class search complete (696 ms) (ClassSearcher)  
INFO  Initializing SSL Context (DefaultSSLContextInitializer)  
INFO  Initializing Random Number Generator... (SecureRandomFactory)  
INFO  Random Number Generator initialization complete: NativePRNGNonBlocking (SecureRandomFactory)  
INFO  Trust manager disabled, cacerts have not been set (DefaultTrustManagerFactory)  
INFO  Headless startup complete (2164 ms) (AnalyzeHeadless)  
INFO  Class searcher loaded 59 extension points (18 false positives) (ClassSearcher)  
INFO  HEADLESS Script Paths:
    /home/geoca/Desktop/Ghidra/Ghidra/Features/MicrosoftCodeAnalyzer/ghidra_scripts
    /home/geoca/Desktop/Ghidra/Ghidra/Features/VersionTracking/ghidra_scripts
    /home/geoca/Desktop/Ghidra/Ghidra/Features/PyGhidra/ghidra_scripts
    /home/geoca/Desktop/Ghidra/Ghidra/Processors/Atmel/ghidra_scripts
    /home/geoca/Desktop/Ghidra/Ghidra/Features/BSim/ghidra_scripts
    /home/geoca/Desktop/Ghidra/Ghidra/Processors/PIC/ghidra_scripts
    /home/geoca/Desktop/Ghidra/Ghidra/Debug/Debugger/ghidra_scripts
    /home/geoca/Desktop/Ghidra/Ghidra/Features/Jython/ghidra_scripts
    /home/geoca/Desktop/Ghidra/Ghidra/Features/DecompilerDependent/ghidra_scripts
    /home/geoca/Desktop/Ghidra/Ghidra/Features/GnuDemangler/ghidra_scripts
    /home/geoca/Desktop/Ghidra/Ghidra/Features/SwiftDemangler/ghidra_scripts
    /home/geoca/Desktop/Ghidra/Ghidra/Features/WildcardAssembler/ghidra_scripts
    /home/geoca/Desktop/Ghidra/Ghidra/Features/SystemEmulation/ghidra_scripts
    /home/geoca/Desktop/Ghidra/Ghidra/Processors/JVM/ghidra_scripts
    /home/geoca/.config/ghidra/ghidra_12.0.4_PUBLIC/Extensions/Hexagon/ghidra_scripts
    /home/geoca/Desktop/Ghidra/Ghidra/Processors/8051/ghidra_scripts
    /home/geoca/Desktop/Ghidra/Ghidra/Features/PDB/ghidra_scripts
    /home/geoca/Desktop/Ghidra/Ghidra/Processors/DATA/ghidra_scripts
    /home/geoca/Desktop/Ghidra/Ghidra/Features/Base/ghidra_scripts
    /home/geoca/Desktop/Ghidra/Ghidra/Features/BytePatterns/ghidra_scripts
    /home/geoca/Desktop/Ghidra/Ghidra/Debug/Debugger-rmi-trace/ghidra_scripts
    /home/geoca/Documents/SP11-PROJECT/06-camera/SP11X1ECamera/experiments/E004-front-ir-vd55g0/e004dc-cpz-protected-frame-worker-image-and-invoke-abi/ghidra
    /home/geoca/Desktop/Ghidra/Ghidra/Features/Decompiler/ghidra_scripts
    /home/geoca/Desktop/Ghidra/Ghidra/Features/FunctionID/ghidra_scripts
    /home/geoca/Desktop/Ghidra/Ghidra/Features/FileFormats/ghidra_scripts (HeadlessAnalyzer)  
INFO  HEADLESS: execution starts (HeadlessAnalyzer)  
INFO  Creating project: /home/geoca/.cache/e004dc-loadalgo/E004DC_LOADALGO (HeadlessAnalyzer)  
INFO  Creating project: /home/geoca/.cache/e004dc-loadalgo/E004DC_LOADALGO (DefaultProject)  
INFO  REPORT: Processing input files:  (HeadlessAnalyzer)  
INFO       project: /home/geoca/.cache/e004dc-loadalgo/E004DC_LOADALGO (HeadlessAnalyzer)  
INFO  IMPORTING: file:///home/geoca/Documents/SP11-PROJECT/00-RE-archive/sp11-driverdump/qcnspmcdm_ext_cdsp8380.inf_arm64_4a8c3ebe3aad408a/CDSP/libloadalgo_skel.so (HeadlessAnalyzer)  
INFO  Using Loader: Executable and Linking Format (ELF) (ProgramLoader)  
INFO  Using Language/Compiler: QDSP6:LE:32:default:default (ProgramLoader)  
INFO  Using Library Search Path: [., /bin, /lib, /lib64, /lib/x86_64-linux-gnu, /lib/aarch64-linux-gnu, /usr/bin, /usr/lib, /usr/X11R6/bin, /usr/X11R6/lib, /usr/java/packages/lib, /usr/lib/aarch64-linux-gnu/jni, /usr/lib/aarch64-linux-gnu, /usr/lib/jni] (ProgramLoader)  
INFO  Additional info:
Loading file:///home/geoca/Documents/SP11-PROJECT/00-RE-archive/sp11-driverdump/qcnspmcdm_ext_cdsp8380.inf_arm64_4a8c3ebe3aad408a/CDSP/libloadalgo_skel.so?MD5=e2c9a5a37eaf8e978aa1ff460c0735f9...
ELF relocation handler extension not found!  Unable to process relocations.
Unable to process ELF relocations: relocation handler not found
------------------------------------------------

 (ProgramLoader)  
INFO  IMPORTING: Loaded 0 additional files (HeadlessAnalyzer)  
INFO  ANALYZING all memory and code: file:///home/geoca/Documents/SP11-PROJECT/00-RE-archive/sp11-driverdump/qcnspmcdm_ext_cdsp8380.inf_arm64_4a8c3ebe3aad408a/CDSP/libloadalgo_skel.so (HeadlessAnalyzer)  
ERROR Error when processing DWARF information for DIE 187 (DWARFFunctionImporter) java.lang.NullPointerException: Cannot invoke "ghidra.app.util.bin.format.dwarf.DWARFRegisterMappings.getStackFrameRegisterOffset()" because the return value of "ghidra.app.util.bin.format.dwarf.DWARFProgram.getRegisterMappings()" is null
	at ghidra.app.util.bin.format.dwarf.DWARFFunction.read(DWARFFunction.java:108)
	at ghidra.app.util.bin.format.dwarf.DWARFFunctionImporter.processSubprogram(DWARFFunctionImporter.java:161)
	at ghidra.app.util.bin.format.dwarf.DWARFFunctionImporter.importFunctions(DWARFFunctionImporter.java:111)
	at ghidra.app.util.bin.format.dwarf.DWARFImporter.performImport(DWARFImporter.java:409)
	at ghidra.app.plugin.core.analysis.DWARFAnalyzer.added(DWARFAnalyzer.java:113)
	at ghidra.app.plugin.core.analysis.AnalysisScheduler.runAnalyzer(AnalysisScheduler.java:186)
	at ghidra.app.plugin.core.analysis.AnalysisTask.applyTo(AnalysisTask.java:37)
	at ghidra.app.plugin.core.analysis.AnalysisTask.applyTo(AnalysisTask.java:24)
	at ghidra.app.plugin.core.analysis.AutoAnalysisManager$AnalysisTaskWrapper.run(AutoAnalysisManager.java:660)
	at ghidra.app.plugin.core.analysis.AutoAnalysisManager.startAnalysis(AutoAnalysisManager.java:760)
	at ghidra.app.plugin.core.analysis.AutoAnalysisManager.startAnalysis(AutoAnalysisManager.java:639)
	at ghidra.app.plugin.core.analysis.AutoAnalysisManager.startAnalysis(AutoAnalysisManager.java:604)
	at ghidra.app.util.headless.HeadlessAnalyzer.analyzeProgram(HeadlessAnalyzer.java:1053)
	at ghidra.app.util.headless.HeadlessAnalyzer.processFileWithImport(HeadlessAnalyzer.java:1584)
	at ghidra.app.util.headless.HeadlessAnalyzer.processWithLoader(HeadlessAnalyzer.java:1744)
	at ghidra.app.util.headless.HeadlessAnalyzer.processWithImport(HeadlessAnalyzer.java:1685)
	at ghidra.app.util.headless.HeadlessAnalyzer.processWithImport(HeadlessAnalyzer.java:1769)
	at ghidra.app.util.headless.HeadlessAnalyzer.processLocal(HeadlessAnalyzer.java:462)
	at ghidra.app.util.headless.AnalyzeHeadless.launch(AnalyzeHeadless.java:199)
	at ghidra.GhidraLauncher.launch(GhidraLauncher.java:81)
	at ghidra.Ghidra.main(Ghidra.java:54)
 
INFO  DIE info:
DIEAgregrate of: DIE [0x187], 
<1><187>: DW_TAG_subprogram [abbrev 17, tag 46, index 38, children 9]
		DW_AT_low_pc : DW_FORM_addr, addr v4 0xe80
		DW_AT_high_pc : DW_FORM_data4 = 504 [000001f8]
		DW_AT_frame_base : DW_FORM_exprloc = [1]6e
		DW_AT_???? 8471 (0x2117) : DW_FORM_flag_present = true
		DW_AT_name : DW_FORM_strp = "loadalgo_init" (offset 0x2f4)
		DW_AT_decl_file : DW_FORM_data1 = 3 [03]
		DW_AT_decl_line : DW_FORM_data1 = 28 [1c]
		DW_AT_prototyped : DW_FORM_flag_present = true
		DW_AT_type : DW_FORM_ref4 = 2025 [00000000000007e9]
		DW_AT_external : DW_FORM_flag_present = true
 (DWARFFunctionImporter)  
ERROR Error when processing DWARF information for DIE 22d (DWARFFunctionImporter) java.lang.NullPointerException: Cannot invoke "ghidra.app.util.bin.format.dwarf.DWARFRegisterMappings.getStackFrameRegisterOffset()" because the return value of "ghidra.app.util.bin.format.dwarf.DWARFProgram.getRegisterMappings()" is null
	at ghidra.app.util.bin.format.dwarf.DWARFFunction.read(DWARFFunction.java:108)
	at ghidra.app.util.bin.format.dwarf.DWARFFunctionImporter.processSubprogram(DWARFFunctionImporter.java:161)
	at ghidra.app.util.bin.format.dwarf.DWARFFunctionImporter.importFunctions(DWARFFunctionImporter.java:111)
	at ghidra.app.util.bin.format.dwarf.DWARFImporter.performImport(DWARFImporter.java:409)
	at ghidra.app.plugin.core.analysis.DWARFAnalyzer.added(DWARFAnalyzer.java:113)
	at ghidra.app.plugin.core.analysis.AnalysisScheduler.runAnalyzer(AnalysisScheduler.java:186)
	at ghidra.app.plugin.core.analysis.AnalysisTask.applyTo(AnalysisTask.java:37)
	at ghidra.app.plugin.core.analysis.AnalysisTask.applyTo(AnalysisTask.java:24)
	at ghidra.app.plugin.core.analysis.AutoAnalysisManager$AnalysisTaskWrapper.run(AutoAnalysisManager.java:660)
	at ghidra.app.plugin.core.analysis.AutoAnalysisManager.startAnalysis(AutoAnalysisManager.java:760)
	at ghidra.app.plugin.core.analysis.AutoAnalysisManager.startAnalysis(AutoAnalysisManager.java:639)
	at ghidra.app.plugin.core.analysis.AutoAnalysisManager.startAnalysis(AutoAnalysisManager.java:604)
	at ghidra.app.util.headless.HeadlessAnalyzer.analyzeProgram(HeadlessAnalyzer.java:1053)
	at ghidra.app.util.headless.HeadlessAnalyzer.processFileWithImport(HeadlessAnalyzer.java:1584)
	at ghidra.app.util.headless.HeadlessAnalyzer.processWithLoader(HeadlessAnalyzer.java:1744)
	at ghidra.app.util.headless.HeadlessAnalyzer.processWithImport(HeadlessAnalyzer.java:1685)
	at ghidra.app.util.headless.HeadlessAnalyzer.processWithImport(HeadlessAnalyzer.java:1769)
	at ghidra.app.util.headless.HeadlessAnalyzer.processLocal(HeadlessAnalyzer.java:462)
	at ghidra.app.util.headless.AnalyzeHeadless.launch(AnalyzeHeadless.java:199)
	at ghidra.GhidraLauncher.launch(GhidraLauncher.java:81)
	at ghidra.Ghidra.main(Ghidra.java:54)
 
INFO  DIE info:
DIEAgregrate of: DIE [0x22d], 
<1><22d>: DW_TAG_subprogram [abbrev 25, tag 46, index 56, children 8]
		DW_AT_low_pc : DW_FORM_addr, addr v4 0x1078
		DW_AT_high_pc : DW_FORM_data4 = 112 [00000070]
		DW_AT_frame_base : DW_FORM_exprloc = [1]6e
		DW_AT_???? 8471 (0x2117) : DW_FORM_flag_present = true
		DW_AT_name : DW_FORM_strp = "_HAP_debug_v2" (offset 0x30c)
		DW_AT_decl_file : DW_FORM_data1 = 8 [08]
		DW_AT_decl_line : DW_FORM_data1 = 60 [3c]
		DW_AT_prototyped : DW_FORM_flag_present = true
 (DWARFFunctionImporter)  
ERROR Error when processing DWARF information for DIE 2e5 (DWARFFunctionImporter) java.lang.NullPointerException: Cannot invoke "ghidra.app.util.bin.format.dwarf.DWARFRegisterMappings.getStackFrameRegisterOffset()" because the return value of "ghidra.app.util.bin.format.dwarf.DWARFProgram.getRegisterMappings()" is null
	at ghidra.app.util.bin.format.dwarf.DWARFFunction.read(DWARFFunction.java:108)
	at ghidra.app.util.bin.format.dwarf.DWARFFunctionImporter.processSubprogram(DWARFFunctionImporter.java:161)
	at ghidra.app.util.bin.format.dwarf.DWARFFunctionImporter.importFunctions(DWARFFunctionImporter.java:111)
	at ghidra.app.util.bin.format.dwarf.DWARFImporter.performImport(DWARFImporter.java:409)
	at ghidra.app.plugin.core.analysis.DWARFAnalyzer.added(DWARFAnalyzer.java:113)
	at ghidra.app.plugin.core.analysis.AnalysisScheduler.runAnalyzer(AnalysisScheduler.java:186)
	at ghidra.app.plugin.core.analysis.AnalysisTask.applyTo(AnalysisTask.java:37)
	at ghidra.app.plugin.core.analysis.AnalysisTask.applyTo(AnalysisTask.java:24)
	at ghidra.app.plugin.core.analysis.AutoAnalysisManager$AnalysisTaskWrapper.run(AutoAnalysisManager.java:660)
	at ghidra.app.plugin.core.analysis.AutoAnalysisManager.startAnalysis(AutoAnalysisManager.java:760)
	at ghidra.app.plugin.core.analysis.AutoAnalysisManager.startAnalysis(AutoAnalysisManager.java:639)
	at ghidra.app.plugin.core.analysis.AutoAnalysisManager.startAnalysis(AutoAnalysisManager.java:604)
	at ghidra.app.util.headless.HeadlessAnalyzer.analyzeProgram(HeadlessAnalyzer.java:1053)
	at ghidra.app.util.headless.HeadlessAnalyzer.processFileWithImport(HeadlessAnalyzer.java:1584)
	at ghidra.app.util.headless.HeadlessAnalyzer.processWithLoader(HeadlessAnalyzer.java:1744)
	at ghidra.app.util.headless.HeadlessAnalyzer.processWithImport(HeadlessAnalyzer.java:1685)
	at ghidra.app.util.headless.HeadlessAnalyzer.processWithImport(HeadlessAnalyzer.java:1769)
	at ghidra.app.util.headless.HeadlessAnalyzer.processLocal(HeadlessAnalyzer.java:462)
	at ghidra.app.util.headless.AnalyzeHeadless.launch(AnalyzeHeadless.java:199)
	at ghidra.GhidraLauncher.launch(GhidraLauncher.java:81)
	at ghidra.Ghidra.main(Ghidra.java:54)
 
INFO  DIE info:
DIEAgregrate of: DIE [0x2e5], 
<1><2e5>: DW_TAG_subprogram [abbrev 17, tag 46, index 78, children 19]
		DW_AT_low_pc : DW_FORM_addr, addr v4 0x10e8
		DW_AT_high_pc : DW_FORM_data4 = 752 [000002f0]
		DW_AT_frame_base : DW_FORM_exprloc = [1]6e
		DW_AT_???? 8471 (0x2117) : DW_FORM_flag_present = true
		DW_AT_name : DW_FORM_strp = "loadalgo_physbuffer" (offset 0x31a)
		DW_AT_decl_file : DW_FORM_data1 = 3 [03]
		DW_AT_decl_line : DW_FORM_data1 = 58 [3a]
		DW_AT_prototyped : DW_FORM_flag_present = true
		DW_AT_type : DW_FORM_ref4 = 540 [000000000000021c]
		DW_AT_external : DW_FORM_flag_present = true
 (DWARFFunctionImporter)  
ERROR Error when processing DWARF information for DIE 4df (DWARFFunctionImporter) java.lang.NullPointerException: Cannot invoke "ghidra.app.util.bin.format.dwarf.DWARFRegisterMappings.getStackFrameRegisterOffset()" because the return value of "ghidra.app.util.bin.format.dwarf.DWARFProgram.getRegisterMappings()" is null
	at ghidra.app.util.bin.format.dwarf.DWARFFunction.read(DWARFFunction.java:108)
	at ghidra.app.util.bin.format.dwarf.DWARFFunctionImporter.processSubprogram(DWARFFunctionImporter.java:161)
	at ghidra.app.util.bin.format.dwarf.DWARFFunctionImporter.importFunctions(DWARFFunctionImporter.java:111)
	at ghidra.app.util.bin.format.dwarf.DWARFImporter.performImport(DWARFImporter.java:409)
	at ghidra.app.plugin.core.analysis.DWARFAnalyzer.added(DWARFAnalyzer.java:113)
	at ghidra.app.plugin.core.analysis.AnalysisScheduler.runAnalyzer(AnalysisScheduler.java:186)
	at ghidra.app.plugin.core.analysis.AnalysisTask.applyTo(AnalysisTask.java:37)
	at ghidra.app.plugin.core.analysis.AnalysisTask.applyTo(AnalysisTask.java:24)
	at ghidra.app.plugin.core.analysis.AutoAnalysisManager$AnalysisTaskWrapper.run(AutoAnalysisManager.java:660)
	at ghidra.app.plugin.core.analysis.AutoAnalysisManager.startAnalysis(AutoAnalysisManager.java:760)
	at ghidra.app.plugin.core.analysis.AutoAnalysisManager.startAnalysis(AutoAnalysisManager.java:639)
	at ghidra.app.plugin.core.analysis.AutoAnalysisManager.startAnalysis(AutoAnalysisManager.java:604)
	at ghidra.app.util.headless.HeadlessAnalyzer.analyzeProgram(HeadlessAnalyzer.java:1053)
	at ghidra.app.util.headless.HeadlessAnalyzer.processFileWithImport(HeadlessAnalyzer.java:1584)
	at ghidra.app.util.headless.HeadlessAnalyzer.processWithLoader(HeadlessAnalyzer.java:1744)
	at ghidra.app.util.headless.HeadlessAnalyzer.processWithImport(HeadlessAnalyzer.java:1685)
	at ghidra.app.util.headless.HeadlessAnalyzer.processWithImport(HeadlessAnalyzer.java:1769)
	at ghidra.app.util.headless.HeadlessAnalyzer.processLocal(HeadlessAnalyzer.java:462)
	at ghidra.app.util.headless.AnalyzeHeadless.launch(AnalyzeHeadless.java:199)
	at ghidra.GhidraLauncher.launch(GhidraLauncher.java:81)
	at ghidra.Ghidra.main(Ghidra.java:54)
 
INFO  DIE info:
DIEAgregrate of: DIE [0x4df], 
<1><4df>: DW_TAG_subprogram [abbrev 17, tag 46, index 124, children 44]
		DW_AT_low_pc : DW_FORM_addr, addr v4 0x1614
		DW_AT_high_pc : DW_FORM_data4 = 1980 [000007bc]
		DW_AT_frame_base : DW_FORM_exprloc = [1]6e
		DW_AT_???? 8471 (0x2117) : DW_FORM_flag_present = true
		DW_AT_name : DW_FORM_strp = "loadalgo_Gaussian7x7u8" (offset 0x341)
		DW_AT_decl_file : DW_FORM_data1 = 3 [03]
		DW_AT_decl_line : DW_FORM_data1 = -109 or 147 [93]
		DW_AT_prototyped : DW_FORM_flag_present = true
		DW_AT_type : DW_FORM_ref4 = 2025 [00000000000007e9]
		DW_AT_external : DW_FORM_flag_present = true
 (DWARFFunctionImporter)  
ERROR Error when processing DWARF information for DIE 423 (DWARFFunctionImporter) java.lang.NullPointerException: Cannot invoke "ghidra.app.util.bin.format.dwarf.DWARFRegisterMappings.getStackFrameRegisterOffset()" because the return value of "ghidra.app.util.bin.format.dwarf.DWARFProgram.getRegisterMappings()" is null
	at ghidra.app.util.bin.format.dwarf.DWARFFunction.read(DWARFFunction.java:108)
	at ghidra.app.util.bin.format.dwarf.DWARFFunctionImporter.processSubprogram(DWARFFunctionImporter.java:161)
	at ghidra.app.util.bin.format.dwarf.DWARFFunctionImporter.importFunctions(DWARFFunctionImporter.java:111)
	at ghidra.app.util.bin.format.dwarf.DWARFImporter.performImport(DWARFImporter.java:409)
	at ghidra.app.plugin.core.analysis.DWARFAnalyzer.added(DWARFAnalyzer.java:113)
	at ghidra.app.plugin.core.analysis.AnalysisScheduler.runAnalyzer(AnalysisScheduler.java:186)
	at ghidra.app.plugin.core.analysis.AnalysisTask.applyTo(AnalysisTask.java:37)
	at ghidra.app.plugin.core.analysis.AnalysisTask.applyTo(AnalysisTask.java:24)
	at ghidra.app.plugin.core.analysis.AutoAnalysisManager$AnalysisTaskWrapper.run(AutoAnalysisManager.java:660)
	at ghidra.app.plugin.core.analysis.AutoAnalysisManager.startAnalysis(AutoAnalysisManager.java:760)
	at ghidra.app.plugin.core.analysis.AutoAnalysisManager.startAnalysis(AutoAnalysisManager.java:639)
	at ghidra.app.plugin.core.analysis.AutoAnalysisManager.startAnalysis(AutoAnalysisManager.java:604)
	at ghidra.app.util.headless.HeadlessAnalyzer.analyzeProgram(HeadlessAnalyzer.java:1053)
	at ghidra.app.util.headless.HeadlessAnalyzer.processFileWithImport(HeadlessAnalyzer.java:1584)
	at ghidra.app.util.headless.HeadlessAnalyzer.processWithLoader(HeadlessAnalyzer.java:1744)
	at ghidra.app.util.headless.HeadlessAnalyzer.processWithImport(HeadlessAnalyzer.java:1685)
	at ghidra.app.util.headless.HeadlessAnalyzer.processWithImport(HeadlessAnalyzer.java:1769)
	at ghidra.app.util.headless.HeadlessAnalyzer.processLocal(HeadlessAnalyzer.java:462)
	at ghidra.app.util.headless.AnalyzeHeadless.launch(AnalyzeHeadless.java:199)
	at ghidra.GhidraLauncher.launch(GhidraLauncher.java:81)
	at ghidra.Ghidra.main(Ghidra.java:54)
 
INFO  DIE info:
DIEAgregrate of: DIE [0x423], 
<1><423>: DW_TAG_subprogram [abbrev 30, tag 46, index 108, children 13]
		DW_AT_low_pc : DW_FORM_addr, addr v4 0x13e4
		DW_AT_high_pc : DW_FORM_data4 = 560 [00000230]
		DW_AT_frame_base : DW_FORM_exprloc = [1]6e
		DW_AT_???? 8471 (0x2117) : DW_FORM_flag_present = true
		DW_AT_name : DW_FORM_strp = "initStaticGaussian" (offset 0x32e)
		DW_AT_decl_file : DW_FORM_data1 = 3 [03]
		DW_AT_decl_line : DW_FORM_data1 = 109 [6d]
		DW_AT_type : DW_FORM_ref4 = 540 [000000000000021c]
		DW_AT_external : DW_FORM_flag_present = true
 (DWARFFunctionImporter)  
ERROR Error when processing DWARF information for DIE 73e (DWARFFunctionImporter) java.lang.NullPointerException: Cannot invoke "ghidra.app.util.bin.format.dwarf.DWARFRegisterMappings.getStackFrameRegisterOffset()" because the return value of "ghidra.app.util.bin.format.dwarf.DWARFProgram.getRegisterMappings()" is null
	at ghidra.app.util.bin.format.dwarf.DWARFFunction.read(DWARFFunction.java:108)
	at ghidra.app.util.bin.format.dwarf.DWARFFunctionImporter.processSubprogram(DWARFFunctionImporter.java:161)
	at ghidra.app.util.bin.format.dwarf.DWARFFunctionImporter.importFunctions(DWARFFunctionImporter.java:111)
	at ghidra.app.util.bin.format.dwarf.DWARFImporter.performImport(DWARFImporter.java:409)
	at ghidra.app.plugin.core.analysis.DWARFAnalyzer.added(DWARFAnalyzer.java:113)
	at ghidra.app.plugin.core.analysis.AnalysisScheduler.runAnalyzer(AnalysisScheduler.java:186)
	at ghidra.app.plugin.core.analysis.AnalysisTask.applyTo(AnalysisTask.java:37)
	at ghidra.app.plugin.core.analysis.AnalysisTask.applyTo(AnalysisTask.java:24)
	at ghidra.app.plugin.core.analysis.AutoAnalysisManager$AnalysisTaskWrapper.run(AutoAnalysisManager.java:660)
	at ghidra.app.plugin.core.analysis.AutoAnalysisManager.startAnalysis(AutoAnalysisManager.java:760)
	at ghidra.app.plugin.core.analysis.AutoAnalysisManager.startAnalysis(AutoAnalysisManager.java:639)
	at ghidra.app.plugin.core.analysis.AutoAnalysisManager.startAnalysis(AutoAnalysisManager.java:604)
	at ghidra.app.util.headless.HeadlessAnalyzer.analyzeProgram(HeadlessAnalyzer.java:1053)
	at ghidra.app.util.headless.HeadlessAnalyzer.processFileWithImport(HeadlessAnalyzer.java:1584)
	at ghidra.app.util.headless.HeadlessAnalyzer.processWithLoader(HeadlessAnalyzer.java:1744)
	at ghidra.app.util.headless.HeadlessAnalyzer.processWithImport(HeadlessAnalyzer.java:1685)
	at ghidra.app.util.headless.HeadlessAnalyzer.processWithImport(HeadlessAnalyzer.java:1769)
	at ghidra.app.util.headless.HeadlessAnalyzer.processLocal(HeadlessAnalyzer.java:462)
	at ghidra.app.util.headless.AnalyzeHeadless.launch(AnalyzeHeadless.java:199)
	at ghidra.GhidraLauncher.launch(GhidraLauncher.java:81)
	at ghidra.Ghidra.main(Ghidra.java:54)
 
INFO  DIE info:
DIEAgregrate of: DIE [0x73e], 
<1><73e>: DW_TAG_subprogram [abbrev 37, tag 46, index 172, children 5]
		DW_AT_low_pc : DW_FORM_addr, addr v4 0x1dd0
		DW_AT_high_pc : DW_FORM_data4 = 176 [000000b0]
		DW_AT_frame_base : DW_FORM_exprloc = [1]6e
		DW_AT_???? 8471 (0x2117) : DW_FORM_flag_present = true
		DW_AT_name : DW_FORM_strp = "loadalgo_deinit" (offset 0x358)
		DW_AT_decl_file : DW_FORM_data1 = 3 [03]
		DW_AT_decl_line : DW_FORM_data2 = 262 [0106]
		DW_AT_prototyped : DW_FORM_flag_present = true
		DW_AT_type : DW_FORM_ref4 = 2025 [00000000000007e9]
		DW_AT_external : DW_FORM_flag_present = true
 (DWARFFunctionImporter)  
ERROR Error when processing DWARF information for DIE 790 (DWARFFunctionImporter) java.lang.NullPointerException: Cannot invoke "ghidra.app.util.bin.format.dwarf.DWARFRegisterMappings.getStackFrameRegisterOffset()" because the return value of "ghidra.app.util.bin.format.dwarf.DWARFProgram.getRegisterMappings()" is null
	at ghidra.app.util.bin.format.dwarf.DWARFFunction.read(DWARFFunction.java:108)
	at ghidra.app.util.bin.format.dwarf.DWARFFunctionImporter.processSubprogram(DWARFFunctionImporter.java:161)
	at ghidra.app.util.bin.format.dwarf.DWARFFunctionImporter.importFunctions(DWARFFunctionImporter.java:111)
	at ghidra.app.util.bin.format.dwarf.DWARFImporter.performImport(DWARFImporter.java:409)
	at ghidra.app.plugin.core.analysis.DWARFAnalyzer.added(DWARFAnalyzer.java:113)
	at ghidra.app.plugin.core.analysis.AnalysisScheduler.runAnalyzer(AnalysisScheduler.java:186)
	at ghidra.app.plugin.core.analysis.AnalysisTask.applyTo(AnalysisTask.java:37)
	at ghidra.app.plugin.core.analysis.AnalysisTask.applyTo(AnalysisTask.java:24)
	at ghidra.app.plugin.core.analysis.AutoAnalysisManager$AnalysisTaskWrapper.run(AutoAnalysisManager.java:660)
	at ghidra.app.plugin.core.analysis.AutoAnalysisManager.startAnalysis(AutoAnalysisManager.java:760)
	at ghidra.app.plugin.core.analysis.AutoAnalysisManager.startAnalysis(AutoAnalysisManager.java:639)
	at ghidra.app.plugin.core.analysis.AutoAnalysisManager.startAnalysis(AutoAnalysisManager.java:604)
	at ghidra.app.util.headless.HeadlessAnalyzer.analyzeProgram(HeadlessAnalyzer.java:1053)
	at ghidra.app.util.headless.HeadlessAnalyzer.processFileWithImport(HeadlessAnalyzer.java:1584)
	at ghidra.app.util.headless.HeadlessAnalyzer.processWithLoader(HeadlessAnalyzer.java:1744)
	at ghidra.app.util.headless.HeadlessAnalyzer.processWithImport(HeadlessAnalyzer.java:1685)
	at ghidra.app.util.headless.HeadlessAnalyzer.processWithImport(HeadlessAnalyzer.java:1769)
	at ghidra.app.util.headless.HeadlessAnalyzer.processLocal(HeadlessAnalyzer.java:462)
	at ghidra.app.util.headless.AnalyzeHeadless.launch(AnalyzeHeadless.java:199)
	at ghidra.GhidraLauncher.launch(GhidraLauncher.java:81)
	at ghidra.Ghidra.main(Ghidra.java:54)
 
INFO  DIE info:
DIEAgregrate of: DIE [0x790], 
<1><790>: DW_TAG_subprogram [abbrev 37, tag 46, index 178, children 2]
		DW_AT_low_pc : DW_FORM_addr, addr v4 0x1e80
		DW_AT_high_pc : DW_FORM_data4 = 4 [00000004]
		DW_AT_frame_base : DW_FORM_exprloc = [1]6d
		DW_AT_???? 8471 (0x2117) : DW_FORM_flag_present = true
		DW_AT_name : DW_FORM_strp = "loadalgo_open" (offset 0x368)
		DW_AT_decl_file : DW_FORM_data1 = 3 [03]
		DW_AT_decl_line : DW_FORM_data2 = 279 [0117]
		DW_AT_prototyped : DW_FORM_flag_present = true
		DW_AT_type : DW_FORM_ref4 = 540 [000000000000021c]
		DW_AT_external : DW_FORM_flag_present = true
 (DWARFFunctionImporter)  
ERROR Error when processing DWARF information for DIE 7c3 (DWARFFunctionImporter) java.lang.NullPointerException: Cannot invoke "ghidra.app.util.bin.format.dwarf.DWARFRegisterMappings.getStackFrameRegisterOffset()" because the return value of "ghidra.app.util.bin.format.dwarf.DWARFProgram.getRegisterMappings()" is null
	at ghidra.app.util.bin.format.dwarf.DWARFFunction.read(DWARFFunction.java:108)
	at ghidra.app.util.bin.format.dwarf.DWARFFunctionImporter.processSubprogram(DWARFFunctionImporter.java:161)
	at ghidra.app.util.bin.format.dwarf.DWARFFunctionImporter.importFunctions(DWARFFunctionImporter.java:111)
	at ghidra.app.util.bin.format.dwarf.DWARFImporter.performImport(DWARFImporter.java:409)
	at ghidra.app.plugin.core.analysis.DWARFAnalyzer.added(DWARFAnalyzer.java:113)
	at ghidra.app.plugin.core.analysis.AnalysisScheduler.runAnalyzer(AnalysisScheduler.java:186)
	at ghidra.app.plugin.core.analysis.AnalysisTask.applyTo(AnalysisTask.java:37)
	at ghidra.app.plugin.core.analysis.AnalysisTask.applyTo(AnalysisTask.java:24)
	at ghidra.app.plugin.core.analysis.AutoAnalysisManager$AnalysisTaskWrapper.run(AutoAnalysisManager.java:660)
	at ghidra.app.plugin.core.analysis.AutoAnalysisManager.startAnalysis(AutoAnalysisManager.java:760)
	at ghidra.app.plugin.core.analysis.AutoAnalysisManager.startAnalysis(AutoAnalysisManager.java:639)
	at ghidra.app.plugin.core.analysis.AutoAnalysisManager.startAnalysis(AutoAnalysisManager.java:604)
	at ghidra.app.util.headless.HeadlessAnalyzer.analyzeProgram(HeadlessAnalyzer.java:1053)
	at ghidra.app.util.headless.HeadlessAnalyzer.processFileWithImport(HeadlessAnalyzer.java:1584)
	at ghidra.app.util.headless.HeadlessAnalyzer.processWithLoader(HeadlessAnalyzer.java:1744)
	at ghidra.app.util.headless.HeadlessAnalyzer.processWithImport(HeadlessAnalyzer.java:1685)
	at ghidra.app.util.headless.HeadlessAnalyzer.processWithImport(HeadlessAnalyzer.java:1769)
	at ghidra.app.util.headless.HeadlessAnalyzer.processLocal(HeadlessAnalyzer.java:462)
	at ghidra.app.util.headless.AnalyzeHeadless.launch(AnalyzeHeadless.java:199)
	at ghidra.GhidraLauncher.launch(GhidraLauncher.java:81)
	at ghidra.Ghidra.main(Ghidra.java:54)
 
INFO  DIE info:
DIEAgregrate of: DIE [0x7c3], 
<1><7c3>: DW_TAG_subprogram [abbrev 37, tag 46, index 181, children 1]
		DW_AT_low_pc : DW_FORM_addr, addr v4 0x1e84
		DW_AT_high_pc : DW_FORM_data4 = 4 [00000004]
		DW_AT_frame_base : DW_FORM_exprloc = [1]6d
		DW_AT_???? 8471 (0x2117) : DW_FORM_flag_present = true
		DW_AT_name : DW_FORM_strp = "loadalgo_close" (offset 0x376)
		DW_AT_decl_file : DW_FORM_data1 = 3 [03]
		DW_AT_decl_line : DW_FORM_data2 = 284 [011c]
		DW_AT_prototyped : DW_FORM_flag_present = true
		DW_AT_type : DW_FORM_ref4 = 540 [000000000000021c]
		DW_AT_external : DW_FORM_flag_present = true
 (DWARFFunctionImporter)  
ERROR Error when processing DWARF information for DIE 9b1 (DWARFFunctionImporter) java.lang.NullPointerException: Cannot invoke "ghidra.app.util.bin.format.dwarf.DWARFRegisterMappings.getStackFrameRegisterOffset()" because the return value of "ghidra.app.util.bin.format.dwarf.DWARFProgram.getRegisterMappings()" is null
	at ghidra.app.util.bin.format.dwarf.DWARFFunction.read(DWARFFunction.java:108)
	at ghidra.app.util.bin.format.dwarf.DWARFFunctionImporter.processSubprogram(DWARFFunctionImporter.java:161)
	at ghidra.app.util.bin.format.dwarf.DWARFFunctionImporter.importFunctions(DWARFFunctionImporter.java:111)
	at ghidra.app.util.bin.format.dwarf.DWARFImporter.performImport(DWARFImporter.java:409)
	at ghidra.app.plugin.core.analysis.DWARFAnalyzer.added(DWARFAnalyzer.java:113)
	at ghidra.app.plugin.core.analysis.AnalysisScheduler.runAnalyzer(AnalysisScheduler.java:186)
	at ghidra.app.plugin.core.analysis.AnalysisTask.applyTo(AnalysisTask.java:37)
	at ghidra.app.plugin.core.analysis.AnalysisTask.applyTo(AnalysisTask.java:24)
	at ghidra.app.plugin.core.analysis.AutoAnalysisManager$AnalysisTaskWrapper.run(AutoAnalysisManager.java:660)
	at ghidra.app.plugin.core.analysis.AutoAnalysisManager.startAnalysis(AutoAnalysisManager.java:760)
	at ghidra.app.plugin.core.analysis.AutoAnalysisManager.startAnalysis(AutoAnalysisManager.java:639)
	at ghidra.app.plugin.core.analysis.AutoAnalysisManager.startAnalysis(AutoAnalysisManager.java:604)
	at ghidra.app.util.headless.HeadlessAnalyzer.analyzeProgram(HeadlessAnalyzer.java:1053)
	at ghidra.app.util.headless.HeadlessAnalyzer.processFileWithImport(HeadlessAnalyzer.java:1584)
	at ghidra.app.util.headless.HeadlessAnalyzer.processWithLoader(HeadlessAnalyzer.java:1744)
	at ghidra.app.util.headless.HeadlessAnalyzer.processWithImport(HeadlessAnalyzer.java:1685)
	at ghidra.app.util.headless.HeadlessAnalyzer.processWithImport(HeadlessAnalyzer.java:1769)
	at ghidra.app.util.headless.HeadlessAnalyzer.processLocal(HeadlessAnalyzer.java:462)
	at ghidra.app.util.headless.AnalyzeHeadless.launch(AnalyzeHeadless.java:199)
	at ghidra.GhidraLauncher.launch(GhidraLauncher.java:81)
	at ghidra.Ghidra.main(Ghidra.java:54)
 
INFO  DIE info:
DIEAgregrate of: DIE [0x9b1], 
<1><9b1>: DW_TAG_subprogram [abbrev 6, tag 46, index 228, children 12]
		DW_AT_low_pc : DW_FORM_addr, addr v4 0x1e88
		DW_AT_high_pc : DW_FORM_data4 = 380 [0000017c]
		DW_AT_frame_base : DW_FORM_exprloc = [1]6e
		DW_AT_???? 8471 (0x2117) : DW_FORM_flag_present = true
		DW_AT_name : DW_FORM_strp = "secure_pd_mb_get" (offset 0x26e)
		DW_AT_decl_file : DW_FORM_data1 = 2 [02]
		DW_AT_decl_line : DW_FORM_data1 = 46 [2e]
		DW_AT_prototyped : DW_FORM_flag_present = true
		DW_AT_type : DW_FORM_ref4 = 2934 [0000000000000b76]
		DW_AT_external : DW_FORM_flag_present = true
 (DWARFFunctionImporter)  
ERROR Error when processing DWARF information for DIE ae4 (DWARFFunctionImporter) java.lang.NullPointerException: Cannot invoke "ghidra.app.util.bin.format.dwarf.DWARFRegisterMappings.getStackFrameRegisterOffset()" because the return value of "ghidra.app.util.bin.format.dwarf.DWARFProgram.getRegisterMappings()" is null
	at ghidra.app.util.bin.format.dwarf.DWARFFunction.read(DWARFFunction.java:108)
	at ghidra.app.util.bin.format.dwarf.DWARFFunctionImporter.processSubprogram(DWARFFunctionImporter.java:161)
	at ghidra.app.util.bin.format.dwarf.DWARFFunctionImporter.importFunctions(DWARFFunctionImporter.java:111)
	at ghidra.app.util.bin.format.dwarf.DWARFImporter.performImport(DWARFImporter.java:409)
	at ghidra.app.plugin.core.analysis.DWARFAnalyzer.added(DWARFAnalyzer.java:113)
	at ghidra.app.plugin.core.analysis.AnalysisScheduler.runAnalyzer(AnalysisScheduler.java:186)
	at ghidra.app.plugin.core.analysis.AnalysisTask.applyTo(AnalysisTask.java:37)
	at ghidra.app.plugin.core.analysis.AnalysisTask.applyTo(AnalysisTask.java:24)
	at ghidra.app.plugin.core.analysis.AutoAnalysisManager$AnalysisTaskWrapper.run(AutoAnalysisManager.java:660)
	at ghidra.app.plugin.core.analysis.AutoAnalysisManager.startAnalysis(AutoAnalysisManager.java:760)
	at ghidra.app.plugin.core.analysis.AutoAnalysisManager.startAnalysis(AutoAnalysisManager.java:639)
	at ghidra.app.plugin.core.analysis.AutoAnalysisManager.startAnalysis(AutoAnalysisManager.java:604)
	at ghidra.app.util.headless.HeadlessAnalyzer.analyzeProgram(HeadlessAnalyzer.java:1053)
	at ghidra.app.util.headless.HeadlessAnalyzer.processFileWithImport(HeadlessAnalyzer.java:1584)
	at ghidra.app.util.headless.HeadlessAnalyzer.processWithLoader(HeadlessAnalyzer.java:1744)
	at ghidra.app.util.headless.HeadlessAnalyzer.processWithImport(HeadlessAnalyzer.java:1685)
	at ghidra.app.util.headless.HeadlessAnalyzer.processWithImport(HeadlessAnalyzer.java:1769)
	at ghidra.app.util.headless.HeadlessAnalyzer.processLocal(HeadlessAnalyzer.java:462)
	at ghidra.app.util.headless.AnalyzeHeadless.launch(AnalyzeHeadless.java:199)
	at ghidra.GhidraLauncher.launch(GhidraLauncher.java:81)
	at ghidra.Ghidra.main(Ghidra.java:54)
 
INFO  DIE info:
DIEAgregrate of: DIE [0xae4], 
<1><ae4>: DW_TAG_subprogram [abbrev 18, tag 46, index 257, children 8]
		DW_AT_low_pc : DW_FORM_addr, addr v4 0x2004
		DW_AT_high_pc : DW_FORM_data4 = 112 [00000070]
		DW_AT_frame_base : DW_FORM_exprloc = [1]6e
		DW_AT_???? 8471 (0x2117) : DW_FORM_flag_present = true
		DW_AT_name : DW_FORM_strp = "_HAP_debug_v2" (offset 0x30c)
		DW_AT_decl_file : DW_FORM_data1 = 5 [05]
		DW_AT_decl_line : DW_FORM_data1 = 60 [3c]
		DW_AT_prototyped : DW_FORM_flag_present = true
 (DWARFFunctionImporter)  
ERROR Error when processing DWARF information for DIE ba3 (DWARFFunctionImporter) java.lang.NullPointerException: Cannot invoke "ghidra.app.util.bin.format.dwarf.DWARFRegisterMappings.getStackFrameRegisterOffset()" because the return value of "ghidra.app.util.bin.format.dwarf.DWARFProgram.getRegisterMappings()" is null
	at ghidra.app.util.bin.format.dwarf.DWARFFunction.read(DWARFFunction.java:108)
	at ghidra.app.util.bin.format.dwarf.DWARFFunctionImporter.processSubprogram(DWARFFunctionImporter.java:161)
	at ghidra.app.util.bin.format.dwarf.DWARFFunctionImporter.importFunctions(DWARFFunctionImporter.java:111)
	at ghidra.app.util.bin.format.dwarf.DWARFImporter.performImport(DWARFImporter.java:409)
	at ghidra.app.plugin.core.analysis.DWARFAnalyzer.added(DWARFAnalyzer.java:113)
	at ghidra.app.plugin.core.analysis.AnalysisScheduler.runAnalyzer(AnalysisScheduler.java:186)
	at ghidra.app.plugin.core.analysis.AnalysisTask.applyTo(AnalysisTask.java:37)
	at ghidra.app.plugin.core.analysis.AnalysisTask.applyTo(AnalysisTask.java:24)
	at ghidra.app.plugin.core.analysis.AutoAnalysisManager$AnalysisTaskWrapper.run(AutoAnalysisManager.java:660)
	at ghidra.app.plugin.core.analysis.AutoAnalysisManager.startAnalysis(AutoAnalysisManager.java:760)
	at ghidra.app.plugin.core.analysis.AutoAnalysisManager.startAnalysis(AutoAnalysisManager.java:639)
	at ghidra.app.plugin.core.analysis.AutoAnalysisManager.startAnalysis(AutoAnalysisManager.java:604)
	at ghidra.app.util.headless.HeadlessAnalyzer.analyzeProgram(HeadlessAnalyzer.java:1053)
	at ghidra.app.util.headless.HeadlessAnalyzer.processFileWithImport(HeadlessAnalyzer.java:1584)
	at ghidra.app.util.headless.HeadlessAnalyzer.processWithLoader(HeadlessAnalyzer.java:1744)
	at ghidra.app.util.headless.HeadlessAnalyzer.processWithImport(HeadlessAnalyzer.java:1685)
	at ghidra.app.util.headless.HeadlessAnalyzer.processWithImport(HeadlessAnalyzer.java:1769)
	at ghidra.app.util.headless.HeadlessAnalyzer.processLocal(HeadlessAnalyzer.java:462)
	at ghidra.app.util.headless.AnalyzeHeadless.launch(AnalyzeHeadless.java:199)
	at ghidra.GhidraLauncher.launch(GhidraLauncher.java:81)
	at ghidra.Ghidra.main(Ghidra.java:54)
 
INFO  DIE info:
DIEAgregrate of: DIE [0xba3], 
<1><ba3>: DW_TAG_subprogram [abbrev 6, tag 46, index 280, children 11]
		DW_AT_low_pc : DW_FORM_addr, addr v4 0x2074
		DW_AT_high_pc : DW_FORM_data4 = 320 [00000140]
		DW_AT_frame_base : DW_FORM_exprloc = [1]6e
		DW_AT_???? 8471 (0x2117) : DW_FORM_flag_present = true
		DW_AT_name : DW_FORM_strp = "secure_pd_mb_delete" (offset 0x2e0)
		DW_AT_decl_file : DW_FORM_data1 = 2 [02]
		DW_AT_decl_line : DW_FORM_data1 = 76 [4c]
		DW_AT_prototyped : DW_FORM_flag_present = true
		DW_AT_type : DW_FORM_ref4 = 2934 [0000000000000b76]
		DW_AT_external : DW_FORM_flag_present = true
 (DWARFFunctionImporter)  
ERROR Error when processing DWARF information for DIE c62 (DWARFFunctionImporter) java.lang.NullPointerException: Cannot invoke "ghidra.app.util.bin.format.dwarf.DWARFRegisterMappings.getStackFrameRegisterOffset()" because the return value of "ghidra.app.util.bin.format.dwarf.DWARFProgram.getRegisterMappings()" is null
	at ghidra.app.util.bin.format.dwarf.DWARFFunction.read(DWARFFunction.java:108)
	at ghidra.app.util.bin.format.dwarf.DWARFFunctionImporter.processSubprogram(DWARFFunctionImporter.java:161)
	at ghidra.app.util.bin.format.dwarf.DWARFFunctionImporter.importFunctions(DWARFFunctionImporter.java:111)
	at ghidra.app.util.bin.format.dwarf.DWARFImporter.performImport(DWARFImporter.java:409)
	at ghidra.app.plugin.core.analysis.DWARFAnalyzer.added(DWARFAnalyzer.java:113)
	at ghidra.app.plugin.core.analysis.AnalysisScheduler.runAnalyzer(AnalysisScheduler.java:186)
	at ghidra.app.plugin.core.analysis.AnalysisTask.applyTo(AnalysisTask.java:37)
	at ghidra.app.plugin.core.analysis.AnalysisTask.applyTo(AnalysisTask.java:24)
	at ghidra.app.plugin.core.analysis.AutoAnalysisManager$AnalysisTaskWrapper.run(AutoAnalysisManager.java:660)
	at ghidra.app.plugin.core.analysis.AutoAnalysisManager.startAnalysis(AutoAnalysisManager.java:760)
	at ghidra.app.plugin.core.analysis.AutoAnalysisManager.startAnalysis(AutoAnalysisManager.java:639)
	at ghidra.app.plugin.core.analysis.AutoAnalysisManager.startAnalysis(AutoAnalysisManager.java:604)
	at ghidra.app.util.headless.HeadlessAnalyzer.analyzeProgram(HeadlessAnalyzer.java:1053)
	at ghidra.app.util.headless.HeadlessAnalyzer.processFileWithImport(HeadlessAnalyzer.java:1584)
	at ghidra.app.util.headless.HeadlessAnalyzer.processWithLoader(HeadlessAnalyzer.java:1744)
	at ghidra.app.util.headless.HeadlessAnalyzer.processWithImport(HeadlessAnalyzer.java:1685)
	at ghidra.app.util.headless.HeadlessAnalyzer.processWithImport(HeadlessAnalyzer.java:1769)
	at ghidra.app.util.headless.HeadlessAnalyzer.processLocal(HeadlessAnalyzer.java:462)
	at ghidra.app.util.headless.AnalyzeHeadless.launch(AnalyzeHeadless.java:199)
	at ghidra.GhidraLauncher.launch(GhidraLauncher.java:81)
	at ghidra.Ghidra.main(Ghidra.java:54)
 
INFO  DIE info:
DIEAgregrate of: DIE [0xc62], 
<1><c62>: DW_TAG_subprogram [abbrev 6, tag 46, index 300, children 14]
		DW_AT_low_pc : DW_FORM_addr, addr v4 0x21b4
		DW_AT_high_pc : DW_FORM_data4 = 264 [00000108]
		DW_AT_frame_base : DW_FORM_exprloc = [1]6e
		DW_AT_???? 8471 (0x2117) : DW_FORM_flag_present = true
		DW_AT_name : DW_FORM_strp = "secure_pd_mb_send" (offset 0x29a)
		DW_AT_decl_file : DW_FORM_data1 = 2 [02]
		DW_AT_decl_line : DW_FORM_data1 = 112 [70]
		DW_AT_prototyped : DW_FORM_flag_present = true
		DW_AT_type : DW_FORM_ref4 = 2934 [0000000000000b76]
		DW_AT_external : DW_FORM_flag_present = true
 (DWARFFunctionImporter)  
ERROR Error when processing DWARF information for DIE d2d (DWARFFunctionImporter) java.lang.NullPointerException: Cannot invoke "ghidra.app.util.bin.format.dwarf.DWARFRegisterMappings.getStackFrameRegisterOffset()" because the return value of "ghidra.app.util.bin.format.dwarf.DWARFProgram.getRegisterMappings()" is null
	at ghidra.app.util.bin.format.dwarf.DWARFFunction.read(DWARFFunction.java:108)
	at ghidra.app.util.bin.format.dwarf.DWARFFunctionImporter.processSubprogram(DWARFFunctionImporter.java:161)
	at ghidra.app.util.bin.format.dwarf.DWARFFunctionImporter.importFunctions(DWARFFunctionImporter.java:111)
	at ghidra.app.util.bin.format.dwarf.DWARFImporter.performImport(DWARFImporter.java:409)
	at ghidra.app.plugin.core.analysis.DWARFAnalyzer.added(DWARFAnalyzer.java:113)
	at ghidra.app.plugin.core.analysis.AnalysisScheduler.runAnalyzer(AnalysisScheduler.java:186)
	at ghidra.app.plugin.core.analysis.AnalysisTask.applyTo(AnalysisTask.java:37)
	at ghidra.app.plugin.core.analysis.AnalysisTask.applyTo(AnalysisTask.java:24)
	at ghidra.app.plugin.core.analysis.AutoAnalysisManager$AnalysisTaskWrapper.run(AutoAnalysisManager.java:660)
	at ghidra.app.plugin.core.analysis.AutoAnalysisManager.startAnalysis(AutoAnalysisManager.java:760)
	at ghidra.app.plugin.core.analysis.AutoAnalysisManager.startAnalysis(AutoAnalysisManager.java:639)
	at ghidra.app.plugin.core.analysis.AutoAnalysisManager.startAnalysis(AutoAnalysisManager.java:604)
	at ghidra.app.util.headless.HeadlessAnalyzer.analyzeProgram(HeadlessAnalyzer.java:1053)
	at ghidra.app.util.headless.HeadlessAnalyzer.processFileWithImport(HeadlessAnalyzer.java:1584)
	at ghidra.app.util.headless.HeadlessAnalyzer.processWithLoader(HeadlessAnalyzer.java:1744)
	at ghidra.app.util.headless.HeadlessAnalyzer.processWithImport(HeadlessAnalyzer.java:1685)
	at ghidra.app.util.headless.HeadlessAnalyzer.processWithImport(HeadlessAnalyzer.java:1769)
	at ghidra.app.util.headless.HeadlessAnalyzer.processLocal(HeadlessAnalyzer.java:462)
	at ghidra.app.util.headless.AnalyzeHeadless.launch(AnalyzeHeadless.java:199)
	at ghidra.GhidraLauncher.launch(GhidraLauncher.java:81)
	at ghidra.Ghidra.main(Ghidra.java:54)
 
INFO  DIE info:
DIEAgregrate of: DIE [0xd2d], 
<1><d2d>: DW_TAG_subprogram [abbrev 23, tag 46, index 315, children 9]
		DW_AT_low_pc : DW_FORM_addr, addr v4 0x22bc
		DW_AT_high_pc : DW_FORM_data4 = 192 [000000c0]
		DW_AT_frame_base : DW_FORM_exprloc = [1]6e
		DW_AT_???? 8471 (0x2117) : DW_FORM_flag_present = true
		DW_AT_name : DW_FORM_strp = "secure_pd_mailbox_send_internal" (offset 0x794)
		DW_AT_decl_file : DW_FORM_data1 = 2 [02]
		DW_AT_decl_line : DW_FORM_data1 = 21 [15]
		DW_AT_prototyped : DW_FORM_flag_present = true
		DW_AT_type : DW_FORM_ref4 = 2934 [0000000000000b76]
 (DWARFFunctionImporter)  
ERROR Error when processing DWARF information for DIE ddc (DWARFFunctionImporter) java.lang.NullPointerException: Cannot invoke "ghidra.app.util.bin.format.dwarf.DWARFRegisterMappings.getStackFrameRegisterOffset()" because the return value of "ghidra.app.util.bin.format.dwarf.DWARFProgram.getRegisterMappings()" is null
	at ghidra.app.util.bin.format.dwarf.DWARFFunction.read(DWARFFunction.java:108)
	at ghidra.app.util.bin.format.dwarf.DWARFFunctionImporter.processSubprogram(DWARFFunctionImporter.java:161)
	at ghidra.app.util.bin.format.dwarf.DWARFFunctionImporter.importFunctions(DWARFFunctionImporter.java:111)
	at ghidra.app.util.bin.format.dwarf.DWARFImporter.performImport(DWARFImporter.java:409)
	at ghidra.app.plugin.core.analysis.DWARFAnalyzer.added(DWARFAnalyzer.java:113)
	at ghidra.app.plugin.core.analysis.AnalysisScheduler.runAnalyzer(AnalysisScheduler.java:186)
	at ghidra.app.plugin.core.analysis.AnalysisTask.applyTo(AnalysisTask.java:37)
	at ghidra.app.plugin.core.analysis.AnalysisTask.applyTo(AnalysisTask.java:24)
	at ghidra.app.plugin.core.analysis.AutoAnalysisManager$AnalysisTaskWrapper.run(AutoAnalysisManager.java:660)
	at ghidra.app.plugin.core.analysis.AutoAnalysisManager.startAnalysis(AutoAnalysisManager.java:760)
	at ghidra.app.plugin.core.analysis.AutoAnalysisManager.startAnalysis(AutoAnalysisManager.java:639)
	at ghidra.app.plugin.core.analysis.AutoAnalysisManager.startAnalysis(AutoAnalysisManager.java:604)
	at ghidra.app.util.headless.HeadlessAnalyzer.analyzeProgram(HeadlessAnalyzer.java:1053)
	at ghidra.app.util.headless.HeadlessAnalyzer.processFileWithImport(HeadlessAnalyzer.java:1584)
	at ghidra.app.util.headless.HeadlessAnalyzer.processWithLoader(HeadlessAnalyzer.java:1744)
	at ghidra.app.util.headless.HeadlessAnalyzer.processWithImport(HeadlessAnalyzer.java:1685)
	at ghidra.app.util.headless.HeadlessAnalyzer.processWithImport(HeadlessAnalyzer.java:1769)
	at ghidra.app.util.headless.HeadlessAnalyzer.processLocal(HeadlessAnalyzer.java:462)
	at ghidra.app.util.headless.AnalyzeHeadless.launch(AnalyzeHeadless.java:199)
	at ghidra.GhidraLauncher.launch(GhidraLauncher.java:81)
	at ghidra.Ghidra.main(Ghidra.java:54)
 
INFO  DIE info:
DIEAgregrate of: DIE [0xddc], 
<1><ddc>: DW_TAG_subprogram [abbrev 6, tag 46, index 331, children 19]
		DW_AT_low_pc : DW_FORM_addr, addr v4 0x237c
		DW_AT_high_pc : DW_FORM_data4 = 576 [00000240]
		DW_AT_frame_base : DW_FORM_exprloc = [1]6e
		DW_AT_???? 8471 (0x2117) : DW_FORM_flag_present = true
		DW_AT_name : DW_FORM_strp = "secure_pd_mb_receive" (offset 0x2ac)
		DW_AT_decl_file : DW_FORM_data1 = 2 [02]
		DW_AT_decl_line : DW_FORM_data1 = -95 or 161 [a1]
		DW_AT_prototyped : DW_FORM_flag_present = true
		DW_AT_type : DW_FORM_ref4 = 2934 [0000000000000b76]
		DW_AT_external : DW_FORM_flag_present = true
 (DWARFFunctionImporter)  
ERROR Error when processing DWARF information for DIE fd3 (DWARFFunctionImporter) java.lang.NullPointerException: Cannot invoke "ghidra.app.util.bin.format.dwarf.DWARFRegisterMappings.getStackFrameRegisterOffset()" because the return value of "ghidra.app.util.bin.format.dwarf.DWARFProgram.getRegisterMappings()" is null
	at ghidra.app.util.bin.format.dwarf.DWARFFunction.read(DWARFFunction.java:108)
	at ghidra.app.util.bin.format.dwarf.DWARFFunctionImporter.processSubprogram(DWARFFunctionImporter.java:161)
	at ghidra.app.util.bin.format.dwarf.DWARFFunctionImporter.importFunctions(DWARFFunctionImporter.java:111)
	at ghidra.app.util.bin.format.dwarf.DWARFImporter.performImport(DWARFImporter.java:409)
	at ghidra.app.plugin.core.analysis.DWARFAnalyzer.added(DWARFAnalyzer.java:113)
	at ghidra.app.plugin.core.analysis.AnalysisScheduler.runAnalyzer(AnalysisScheduler.java:186)
	at ghidra.app.plugin.core.analysis.AnalysisTask.applyTo(AnalysisTask.java:37)
	at ghidra.app.plugin.core.analysis.AnalysisTask.applyTo(AnalysisTask.java:24)
	at ghidra.app.plugin.core.analysis.AutoAnalysisManager$AnalysisTaskWrapper.run(AutoAnalysisManager.java:660)
	at ghidra.app.plugin.core.analysis.AutoAnalysisManager.startAnalysis(AutoAnalysisManager.java:760)
	at ghidra.app.plugin.core.analysis.AutoAnalysisManager.startAnalysis(AutoAnalysisManager.java:639)
	at ghidra.app.plugin.core.analysis.AutoAnalysisManager.startAnalysis(AutoAnalysisManager.java:604)
	at ghidra.app.util.headless.HeadlessAnalyzer.analyzeProgram(HeadlessAnalyzer.java:1053)
	at ghidra.app.util.headless.HeadlessAnalyzer.processFileWithImport(HeadlessAnalyzer.java:1584)
	at ghidra.app.util.headless.HeadlessAnalyzer.processWithLoader(HeadlessAnalyzer.java:1744)
	at ghidra.app.util.headless.HeadlessAnalyzer.processWithImport(HeadlessAnalyzer.java:1685)
	at ghidra.app.util.headless.HeadlessAnalyzer.processWithImport(HeadlessAnalyzer.java:1769)
	at ghidra.app.util.headless.HeadlessAnalyzer.processLocal(HeadlessAnalyzer.java:462)
	at ghidra.app.util.headless.AnalyzeHeadless.launch(AnalyzeHeadless.java:199)
	at ghidra.GhidraLauncher.launch(GhidraLauncher.java:81)
	at ghidra.Ghidra.main(Ghidra.java:54)
 
INFO  DIE info:
DIEAgregrate of: DIE [0xfd3], 
<1><fd3>: DW_TAG_subprogram [abbrev 6, tag 46, index 375, children 14]
		DW_AT_low_pc : DW_FORM_addr, addr v4 0x25c4
		DW_AT_high_pc : DW_FORM_data4 = 248 [000000f8]
		DW_AT_frame_base : DW_FORM_exprloc = [1]6e
		DW_AT_???? 8471 (0x2117) : DW_FORM_flag_present = true
		DW_AT_name : DW_FORM_strp = "secure_pd_thread_create" (offset 0x7b4)
		DW_AT_decl_file : DW_FORM_data1 = 2 [02]
		DW_AT_decl_line : DW_FORM_data1 = -34 or 222 [de]
		DW_AT_prototyped : DW_FORM_flag_present = true
		DW_AT_type : DW_FORM_ref4 = 2934 [0000000000000b76]
		DW_AT_external : DW_FORM_flag_present = true
 (DWARFFunctionImporter)  
ERROR Error when processing DWARF information for DIE 2038 (DWARFFunctionImporter) java.lang.NullPointerException: Cannot invoke "ghidra.app.util.bin.format.dwarf.DWARFRegisterMappings.getStackFrameRegisterOffset()" because the return value of "ghidra.app.util.bin.format.dwarf.DWARFProgram.getRegisterMappings()" is null
	at ghidra.app.util.bin.format.dwarf.DWARFFunction.read(DWARFFunction.java:108)
	at ghidra.app.util.bin.format.dwarf.DWARFFunctionImporter.processSubprogram(DWARFFunctionImporter.java:161)
	at ghidra.app.util.bin.format.dwarf.DWARFFunctionImporter.importFunctions(DWARFFunctionImporter.java:111)
	at ghidra.app.util.bin.format.dwarf.DWARFImporter.performImport(DWARFImporter.java:409)
	at ghidra.app.plugin.core.analysis.DWARFAnalyzer.added(DWARFAnalyzer.java:113)
	at ghidra.app.plugin.core.analysis.AnalysisScheduler.runAnalyzer(AnalysisScheduler.java:186)
	at ghidra.app.plugin.core.analysis.AnalysisTask.applyTo(AnalysisTask.java:37)
	at ghidra.app.plugin.core.analysis.AnalysisTask.applyTo(AnalysisTask.java:24)
	at ghidra.app.plugin.core.analysis.AutoAnalysisManager$AnalysisTaskWrapper.run(AutoAnalysisManager.java:660)
	at ghidra.app.plugin.core.analysis.AutoAnalysisManager.startAnalysis(AutoAnalysisManager.java:760)
	at ghidra.app.plugin.core.analysis.AutoAnalysisManager.startAnalysis(AutoAnalysisManager.java:639)
	at ghidra.app.plugin.core.analysis.AutoAnalysisManager.startAnalysis(AutoAnalysisManager.java:604)
	at ghidra.app.util.headless.HeadlessAnalyzer.analyzeProgram(HeadlessAnalyzer.java:1053)
	at ghidra.app.util.headless.HeadlessAnalyzer.processFileWithImport(HeadlessAnalyzer.java:1584)
	at ghidra.app.util.headless.HeadlessAnalyzer.processWithLoader(HeadlessAnalyzer.java:1744)
	at ghidra.app.util.headless.HeadlessAnalyzer.processWithImport(HeadlessAnalyzer.java:1685)
	at ghidra.app.util.headless.HeadlessAnalyzer.processWithImport(HeadlessAnalyzer.java:1769)
	at ghidra.app.util.headless.HeadlessAnalyzer.processLocal(HeadlessAnalyzer.java:462)
	at ghidra.app.util.headless.AnalyzeHeadless.launch(AnalyzeHeadless.java:199)
	at ghidra.GhidraLauncher.launch(GhidraLauncher.java:81)
	at ghidra.Ghidra.main(Ghidra.java:54)
 
INFO  DIE info:
DIEAgregrate of: DIE [0x2038], 
<1><2038>: DW_TAG_subprogram [abbrev 27, tag 46, index 809, children 12]
		DW_AT_low_pc : DW_FORM_addr, addr v4 0x26bc
		DW_AT_high_pc : DW_FORM_data4 = 1224 [000004c8]
		DW_AT_frame_base : DW_FORM_exprloc = [1]6e
		DW_AT_???? 8471 (0x2117) : DW_FORM_flag_present = true
		DW_AT_name : DW_FORM_strp = "loadalgo_skel_handle_invoke" (offset 0xe79)
		DW_AT_decl_file : DW_FORM_data1 = 1 [01]
		DW_AT_decl_line : DW_FORM_data2 = 422 [01a6]
		DW_AT_prototyped : DW_FORM_flag_present = true
		DW_AT_type : DW_FORM_ref4 = 4653 [000000000000122d]
		DW_AT_external : DW_FORM_flag_present = true
 (DWARFFunctionImporter)  
INFO  Added 448 source map entries (DWARFImporter)  
INFO  DWARF ver[4], 3 compUnits, 878 DIES, import - total elapsed: 106ms (DWARFImportSummary)  
INFO  DWARF data type import - elapsed: 47ms (DWARFImportSummary)  
INFO  DWARF func & symbol import - elapsed: 28ms (DWARFImportSummary)  
INFO  DWARF types imported: 123 (DWARFImportSummary)  
INFO  DWARF enums from macros - elapsed: 1ms (DWARFImportSummary)  
INFO  DWARF compile dirs: [/local/mnt/workspace/CRMBuilds/CDSP.HT.2.9.c1-00078-HAMOA-1_20251101_183151/b/cdsp_proc/build/ms] (DWARFImportSummary)  
INFO  DWARF producers: [QuIC LLVM Hexagon Clang version 8.6.06] (DWARFImportSummary)  
INFO  DWARF source languages: [DW_LANG_C99] (DWARFImportSummary)  
INFO  DWARF compUnit: /local/mnt/workspace/CRMBuilds/CDSP.HT.2.9.c1-00078-HAMOA-1_20251101_183151/b/cdsp_proc/platform/securepd/example/proxy/src/loadalgo_imp.c (DWARFImportSummary)  
INFO  DWARF compUnit: /local/mnt/workspace/CRMBuilds/CDSP.HT.2.9.c1-00078-HAMOA-1_20251101_183151/b/cdsp_proc/platform/securepd/utils/src/shared_utils.c (DWARFImportSummary)  
INFO  DWARF compUnit: /local/mnt/workspace/CRMBuilds/CDSP.HT.2.9.c1-00078-HAMOA-1_20251101_183151/b/cdsp_proc/platform/securepd/example/proxy/build/shared_libs/qdsp6/hamoa.cdsp.prod/loadalgo_skel.c (DWARFImportSummary)  
ERROR DWARF un-recoverable expressions: (DWARFImportSummary)  
ERROR   DW_OP_addr; DW_OP_deref_size; DW_OP_lit1; DW_OP_mul; DW_OP_lit0; DW_OP_plus; DW_OP_stack_value -> 1 (DWARFImportSummary)  
INFO  Packed database cache: /var/tmp/geoca-ghidra/packed-db-cache (PackedDatabaseCache)  
INFO  Applied data type archive: generic_clib (ApplyDataArchiveAnalyzer)  
INFO  -----------------------------------------------------
    ASCII Strings                              0.281 secs
    Apply Data Archives                        0.586 secs
    Basic Constant Reference Analyzer          0.269 secs
    Call Convention ID                         0.041 secs
    Call-Fixup Installer                       0.003 secs
    Create Address Tables                      0.004 secs
    Create Function                            0.008 secs
    DWARF                                      0.149 secs
    Data Reference                             0.011 secs
    Decompiler Switch Analysis                 4.722 secs
    Demangler GNU                              0.036 secs
    Disassemble Entry Points                   0.133 secs
    Embedded Media                             0.006 secs
    External Entry References                  0.001 secs
    Function ID                                0.025 secs
    Function Start Search                      0.030 secs
    GCC Exception Handlers                     0.022 secs
    Non-Returning Functions - Known            0.004 secs
    Reference                                  0.021 secs
    Shared Return Calls                        0.014 secs
    Stack                                      0.093 secs
    Subroutine References                      0.007 secs
-----------------------------------------------------
     Total Time   6 secs
-----------------------------------------------------
 (AutoAnalysisManager)  
INFO  REPORT: Analysis succeeded for file: file:///home/geoca/Documents/SP11-PROJECT/00-RE-archive/sp11-driverdump/qcnspmcdm_ext_cdsp8380.inf_arm64_4a8c3ebe3aad408a/CDSP/libloadalgo_skel.so (HeadlessAnalyzer)  
INFO  REPORT: Execute script: DecompileNamed.java '/home/geoca/Documents/SP11-PROJECT/06-camera/SP11X1ECamera/experiments/E004-front-ir-vd55g0/e004dc-cpz-protected-frame-worker-image-and-invoke-abi/ghidra/LOADALGO-DECOMP.txt' 'loadalgo_init' 'loadalgo_physbuffer' 'initStaticGaussian' 'loadalgo_Gaussian7x7u8' 'loadalgo_deinit' 'loadalgo_skel_handle_invoke'  (HeadlessAnalyzer)  
INFO  SCRIPT: /home/geoca/Documents/SP11-PROJECT/06-camera/SP11X1ECamera/experiments/E004-front-ir-vd55g0/e004dc-cpz-protected-frame-worker-image-and-invoke-abi/ghidra/DecompileNamed.java (HeadlessAnalyzer)  
INFO  ANALYZING changes made by post scripts: file:///home/geoca/Documents/SP11-PROJECT/00-RE-archive/sp11-driverdump/qcnspmcdm_ext_cdsp8380.inf_arm64_4a8c3ebe3aad408a/CDSP/libloadalgo_skel.so (HeadlessAnalyzer)  
INFO  REPORT: Post-analysis succeeded for file: file:///home/geoca/Documents/SP11-PROJECT/00-RE-archive/sp11-driverdump/qcnspmcdm_ext_cdsp8380.inf_arm64_4a8c3ebe3aad408a/CDSP/libloadalgo_skel.so (HeadlessAnalyzer)  
INFO  /libloadalgo_skel.so: file created (geoca) (LocalFileSystem)  
INFO  REPORT: Save succeeded for: /libloadalgo_skel.so (E004DC_LOADALGO:/libloadalgo_skel.so) (HeadlessAnalyzer)  
INFO  REPORT: Import succeeded (HeadlessAnalyzer)  
