Opened log file 'C:\Users\Geoca\Documents\E004EG-STATIC-BANK4-ALL.log'
E004EG_BANK4_ALL_ATTACHED
E004EG_B4ALL hit=0 idx=1 bits=4220eb2d
E004EG_B4ALL hit=1 idx=2 bits=4220eec9
E004EG_B4ALL hit=2 idx=3 bits=3e67a6be
E004EG_B4ALL hit=3 idx=4 bits=3c2f86a3
E004EG_B4ALL hit=4 idx=5 bits=00000000
E004EG_B4ALL hit=5 idx=6 bits=00000000
E004EG_B4ALL hit=6 idx=7 bits=4314e9a1
E004EG_B4ALL hit=7 idx=8 bits=40a7bc7e
E004EG_B4ALL hit=8 idx=11 bits=43255e3a
E004EG_B4ALL hit=9 idx=12 bits=41f548ae
E004EG_B4ALL hit=10 idx=19 bits=436de2e5
E004EG_B4ALL hit=11 idx=20 bits=409271a5
E004EG_B4ALL hit=12 idx=50 bits=3e4ff991
E004EG_B4ALL hit=13 idx=51 bits=3e65e0a7
E004EG_B4ALL hit=14 idx=52 bits=bf800000
E004EG_B4ALL hit=15 idx=53 bits=bf800000
E004EG_B4ALL hit=16 idx=54 bits=3a807358
E004EG_B4ALL hit=17 idx=55 bits=3bcaf788
E004EG_B4ALL hit=18 idx=56 bits=402c4064
E004EG_B4ALL hit=19 idx=57 bits=3d58153d
E004EG_B4ALL hit=20 idx=59 bits=bf800000
onecoreuap\drivers\mobilepc\sensors\convergence\api\native\v2\simpledeviceorientationsensor.cpp(650)\SensorsNativeApi.V2.dll!00007FF991CA45F0: (caller: 00007FF991CA2E48) Exception(118) tid(3bb8) 80070057 The parameter is incorrect.
(3b5c.3bb8): C++ EH exception - code e06d7363 (first chance)
E004EG_B4ALL hit=21 idx=60 bits=bf800000
E004EG_B4ALL hit=22 idx=81 bits=40ba9dd0
E004EG_B4ALL hit=23 idx=82 bits=3e0f7a80
(3b5c.3bb8): C++ EH exception - code e06d7363 (first chance)
E004EG_B4ALL hit=24 idx=83 bits=4202ea6d
E004EG_B4ALL hit=25 idx=84 bits=3f738acf
E004EG_B4ALL hit=26 idx=85 bits=4209ebe4
E004EG_B4ALL hit=27 idx=86 bits=3f784870
E004EG_B4ALL hit=28 idx=61 bits=4376f9ff
E004EG_B4ALL hit=29 idx=62 bits=42c4e06e
E004EG_B4ALL hit=30 idx=63 bits=409271a5
E004EG_B4ALL hit=31 idx=64 bits=419008b9
E004EG_B4ALL hit=32 idx=65 bits=42958040
[mep::vcam::AugmentedMediaStream::_ProcessSample(465)] [stream:2, inputSample:000001FD069C9540, sampleTime:1574842156] PC scenario: 65536 | EnableAiEffects=1 | IsOccluded=0 | isAwaitingPreBake=0 | isPerfMitigated=0 
[mep::vcam::AugmentedMediaStream::_ExtractAndAttachMetadata(921)] PC ActiveDirector Metadata: L=0.000000 | top=0.000000 | width=2560.000000 | height=1440.000000 
[mep::vcam::AugmentedMediaStream::_ExtractAndAttachMetadata(935)] Adjusting face detection ROIs in metadata while active director is engaged 
[mep::vcam::AugmentedMediaStream::_ProcessSample(465)] [stream:2, inputSample:000001FC89D95200, sampleTime:1575175442] PC scenario: 65536 | EnableAiEffects=1 | IsOccluded=0 | isAwaitingPreBake=0 | isPerfMitigated=0 
[mep::vcam::HighResBackedAugmentedMediaStream::_PostprocessSample::<lambda_d3c53fdc90ecdbc251416b59c76eccd6>::operator ()(1951)] [Offloaded _PostprocessSample() outputSample:000001FCF81BE120] 
E004EG_B4ALL hit=33 idx=1 bits=4220d7bd
E004EG_B4ALL hit=34 idx=2 bits=4220db9c
E004EG_B4ALL hit=35 idx=3 bits=3e6feff1
E004EG_B4ALL hit=36 idx=4 bits=3c2fe3af
E004EG_B4ALL hit=37 idx=5 bits=00000000
E004EG_B4ALL hit=38 idx=6 bits=00000000
E004EG_B4ALL hit=39 idx=7 bits=4314dcc6
E004EG_B4ALL hit=40 idx=8 bits=40a77cbd
E004EG_B4ALL hit=41 idx=11 bits=4325523b
E004EG_B4ALL hit=42 idx=12 bits=41f50494
E004EG_B4ALL hit=43 idx=19 bits=436dde4e
E004EG_B4ALL hit=44 idx=20 bits=409232a2
E004EG_B4ALL hit=45 idx=50 bits=3e4fd6db
E004EG_B4ALL hit=46 idx=51 bits=3e758d10
E004EG_B4ALL hit=47 idx=52 bits=bf800000
E004EG_B4ALL hit=48 idx=53 bits=bf800000
E004EG_B4ALL hit=49 idx=54 bits=3a807358
E004EG_B4ALL hit=50 idx=55 bits=3bc78195
E004EG_B4ALL hit=51 idx=56 bits=402c09be
E004EG_B4ALL hit=52 idx=57 bits=3d586c37
E004EG_B4ALL hit=53 idx=59 bits=bf800000
E004EG_B4ALL hit=54 idx=60 bits=bf800000
E004EG_B4ALL hit=55 idx=81 bits=40ba7875
E004EG_B4ALL hit=56 idx=82 bits=3e0f9e67
E004EG_B4ALL hit=57 idx=83 bits=4202da18
E004EG_B4ALL hit=58 idx=84 bits=3f738e21
E004EG_B4ALL hit=59 idx=85 bits=4209dffb
E004EG_B4ALL hit=60 idx=86 bits=3f784d97
E004EG_B4ALL hit=61 idx=61 bits=4376fd8b
E004EG_B4ALL hit=62 idx=62 bits=42c4cdbc
E004EG_B4ALL hit=63 idx=63 bits=409232a2
E004EG_B4ALL hit=64 idx=64 bits=41900333
E004EG_B4ALL hit=65 idx=65 bits=42958040
[mep::vcam::AugmentedMediaStream::_ExtractAndAttachMetadata(921)] PC ActiveDirector Metadata: L=0.000000 | top=0.000000 | width=2560.000000 | height=1440.000000 
[mep::vcam::AugmentedMediaStream::_ExtractAndAttachMetadata(935)] Adjusting face detection ROIs in metadata while active director is engaged 
[mep::vcam::AugmentedMediaStream::_ProcessSample(465)] [stream:2, inputSample:000001FD069C9540, sampleTime:1575508729] PC scenario: 65536 | EnableAiEffects=1 | IsOccluded=0 | isAwaitingPreBake=0 | isPerfMitigated=0 
[mep::vcam::HighResBackedAugmentedMediaStream::_PostprocessSample::<lambda_d3c53fdc90ecdbc251416b59c76eccd6>::operator ()(1951)] [Offloaded _PostprocessSample() outputSample:000001FD069C8DF0] 
[mep::vcam::AugmentedMediaStream::_ExtractAndAttachMetadata(921)] PC ActiveDirector Metadata: L=0.000000 | top=0.000000 | width=2560.000000 | height=1440.000000 
[mep::vcam::AugmentedMediaStream::_ExtractAndAttachMetadata(935)] Adjusting face detection ROIs in metadata while active director is engaged 
[mep::vcam::AugmentedMediaStream::_ProcessSample(465)] [stream:2, inputSample:000001FC89D95200, sampleTime:1578841588] PC scenario: 65536 | EnableAiEffects=1 | IsOccluded=0 | isAwaitingPreBake=0 | isPerfMitigated=0 
[mep::vcam::HighResBackedAugmentedMediaStream::_PostprocessSample::<lambda_d3c53fdc90ecdbc251416b59c76eccd6>::operator ()(1951)] [Offloaded _PostprocessSample() outputSample:000001FCF81BE120] 
[mep::vcam::AugmentedMediaStream::_ExtractAndAttachMetadata(921)] PC ActiveDirector Metadata: L=0.000000 | top=0.000000 | width=2560.000000 | height=1440.000000 
[mep::vcam::AugmentedMediaStream::_ExtractAndAttachMetadata(935)] Adjusting face detection ROIs in metadata while active director is engaged 
[mep::vcam::HighResBackedAugmentedMediaStream::_PostprocessSample::<lambda_d3c53fdc90ecdbc251416b59c76eccd6>::operator ()(1951)] [Offloaded _PostprocessSample() outputSample:000001FC89D8DB60] 
[mep::vcam::AugmentedMediaStream::_ProcessSample(465)] [stream:2, inputSample:000001FD069C9540, sampleTime:1588506890] PC scenario: 65536 | EnableAiEffects=1 | IsOccluded=0 | isAwaitingPreBake=0 | isPerfMitigated=0 
[mep::vcam::AugmentedMediaStream::_ExtractAndAttachMetadata(921)] PC ActiveDirector Metadata: L=0.000000 | top=0.000000 | width=2560.000000 | height=1440.000000 
[mep::vcam::AugmentedMediaStream::_ExtractAndAttachMetadata(935)] Adjusting face detection ROIs in metadata while active director is engaged 
[mep::vcam::HighResBackedAugmentedMediaStream::_PostprocessSample::<lambda_d3c53fdc90ecdbc251416b59c76eccd6>::operator ()(1951)] [Offloaded _PostprocessSample() outputSample:000001FD069C8DF0] 
E004EG_B4ALL hit=66 idx=1 bits=4220a9fb
E004EG_B4ALL hit=67 idx=2 bits=4220ad93
E004EG_B4ALL hit=68 idx=3 bits=3e6b52cf
E004EG_B4ALL hit=69 idx=4 bits=3c31316e
E004EG_B4ALL hit=70 idx=5 bits=00000000
E004EG_B4ALL hit=71 idx=6 bits=00000000
E004EG_B4ALL hit=72 idx=7 bits=4314bb9b
E004EG_B4ALL hit=73 idx=8 bits=40a7998b
E004EG_B4ALL hit=74 idx=11 bits=43253e5f
E004EG_B4ALL hit=75 idx=12 bits=41f4e017
E004EG_B4ALL hit=76 idx=19 bits=436dd944
E004EG_B4ALL hit=77 idx=20 bits=4092513b
E004EG_B4ALL hit=78 idx=50 bits=3e4f9798
E004EG_B4ALL hit=79 idx=51 bits=3e7ac688
E004EG_B4ALL hit=80 idx=52 bits=bf800000
E004EG_B4ALL hit=81 idx=53 bits=bf800000
E004EG_B4ALL hit=82 idx=54 bits=3a807358
E004EG_B4ALL hit=83 idx=55 bits=3bcb4465
E004EG_B4ALL hit=84 idx=56 bits=402b7872
E004EG_B4ALL hit=85 idx=57 bits=3d57d78c
E004EG_B4ALL hit=86 idx=59 bits=bf800000
E004EG_B4ALL hit=87 idx=60 bits=bf800000
E004EG_B4ALL hit=88 idx=81 bits=40ba8f6c
E004EG_B4ALL hit=89 idx=82 bits=3e0f9265
E004EG_B4ALL hit=90 idx=83 bits=4202c217
E004EG_B4ALL hit=91 idx=84 bits=3f739c11
E004EG_B4ALL hit=92 idx=85 bits=4209b3a8
E004EG_B4ALL hit=93 idx=86 bits=3f784cdd
E004EG_B4ALL hit=94 idx=61 bits=4376fd56
E004EG_B4ALL hit=95 idx=62 bits=42c487db
E004EG_B4ALL hit=96 idx=63 bits=4092513b
E004EG_B4ALL hit=97 idx=64 bits=418fc945
E004EG_B4ALL hit=98 idx=65 bits=42958040
[mep::vcam::AugmentedMediaStream::_ProcessSample(465)] [stream:2, inputSample:000001FC89D95200, sampleTime:1588840174] PC scenario: 65536 | EnableAiEffects=1 | IsOccluded=0 | isAwaitingPreBake=0 | isPerfMitigated=0 
[mep::vcam::AugmentedMediaStream::_ExtractAndAttachMetadata(921)] PC ActiveDirector Metadata: L=0.000000 | top=0.000000 | width=2560.000000 | height=1440.000000 
[mep::vcam::AugmentedMediaStream::_ExtractAndAttachMetadata(935)] Adjusting face detection ROIs in metadata while active director is engaged 
[mep::vcam::HighResBackedAugmentedMediaStream::_PostprocessSample::<lambda_d3c53fdc90ecdbc251416b59c76eccd6>::operator ()(1951)] [Offloaded _PostprocessSample() outputSample:000001FCF81BE120] 
[mep::vcam::AugmentedMediaStream::_ProcessSample(465)] [stream:2, inputSample:000001FD069C9540, sampleTime:1589173463] PC scenario: 65536 | EnableAiEffects=1 | IsOccluded=0 | isAwaitingPreBake=0 | isPerfMitigated=0 
[mep::vcam::AugmentedMediaStream::_ExtractAndAttachMetadata(921)] PC ActiveDirector Metadata: L=0.000000 | top=0.000000 | width=2560.000000 | height=1440.000000 
[mep::vcam::AugmentedMediaStream::_ExtractAndAttachMetadata(935)] Adjusting face detection ROIs in metadata while active director is engaged 
[mep::vcam::HighResBackedAugmentedMediaStream::_PostprocessSample::<lambda_d3c53fdc90ecdbc251416b59c76eccd6>::operator ()(1951)] [Offloaded _PostprocessSample() outputSample:000001FC89D8DB60] 
E004EG_B4ALL hit=99 idx=1 bits=42203e3d
E004EG_B4ALL hit=100 idx=2 bits=4220420d
E004EG_B4ALL hit=101 idx=3 bits=3e70c756
E004EG_B4ALL hit=102 idx=4 bits=3c314bba
E004EG_B4ALL hit=103 idx=5 bits=00000000
E004EG_B4ALL hit=104 idx=6 bits=00000000
E004EG_B4ALL hit=105 idx=7 bits=43146f8b
E004EG_B4ALL hit=106 idx=8 bits=40a71f60
E004EG_B4ALL hit=107 idx=11 bits=432507ca
E004EG_B4ALL hit=108 idx=12 bits=41f41d68
E004EG_B4ALL hit=109 idx=19 bits=436dc8a2
E004EG_B4ALL hit=110 idx=20 bits=4091e7ad
E004EG_B4ALL hit=111 idx=50 bits=3e4f8a3c
E004EG_B4ALL hit=112 idx=51 bits=3e758d10
E004EG_B4ALL hit=113 idx=52 bits=bf800000
E004EG_B4ALL hit=114 idx=53 bits=bf800000
E004EG_B4ALL hit=115 idx=54 bits=3a807358
E004EG_B4ALL hit=116 idx=55 bits=3bc9264e
E004EG_B4ALL hit=117 idx=56 bits=402b88aa
E004EG_B4ALL hit=118 idx=57 bits=3d58b200
E004EG_B4ALL hit=119 idx=59 bits=bf800000
E004EG_B4ALL hit=120 idx=60 bits=bf800000
E004EG_B4ALL hit=121 idx=81 bits=40bab356
E004EG_B4ALL hit=122 idx=82 bits=3e10520c
E004EG_B4ALL hit=123 idx=83 bits=42027952
E004EG_B4ALL hit=124 idx=84 bits=3f73af28
E004EG_B4ALL hit=125 idx=85 bits=42095cf5
E004EG_B4ALL hit=126 idx=86 bits=3f785712
E004EG_B4ALL hit=127 idx=61 bits=4376f514
E004EG_B4ALL hit=128 idx=62 bits=42c41639
E004EG_B4ALL hit=129 idx=63 bits=4091e7ad
E004EG_B4ALL hit=130 idx=64 bits=418f6055
E004EG_B4ALL hit=131 idx=65 bits=42948040
[mep::vcam::AugmentedMediaStream::_ProcessSample(465)] [stream:2, inputSample:000001FC89D95200, sampleTime:1589506749] PC scenario: 65536 | EnableAiEffects=1 | IsOccluded=0 | isAwaitingPreBake=0 | isPerfMitigated=0 
[mep::vcam::AugmentedMediaStream::_ExtractAndAttachMetadata(921)] PC ActiveDirector Metadata: L=0.000000 | top=0.000000 | width=2560.000000 | height=1440.000000 
[mep::vcam::AugmentedMediaStream::_ExtractAndAttachMetadata(935)] Adjusting face detection ROIs in metadata while active director is engaged 
[mep::vcam::HighResBackedAugmentedMediaStream::_PostprocessSample::<lambda_d3c53fdc90ecdbc251416b59c76eccd6>::operator ()(1951)] [Offloaded _PostprocessSample() outputSample:000001FD069C8DF0] 
[mep::vcam::AugmentedMediaStream::_ProcessSample(465)] [stream:2, inputSample:000001FD069C9540, sampleTime:1589840034] PC scenario: 65536 | EnableAiEffects=1 | IsOccluded=0 | isAwaitingPreBake=0 | isPerfMitigated=0 
[mep::vcam::AugmentedMediaStream::_ExtractAndAttachMetadata(921)] PC ActiveDirector Metadata: L=0.000000 | top=0.000000 | width=2560.000000 | height=1440.000000 
[mep::vcam::AugmentedMediaStream::_ExtractAndAttachMetadata(935)] Adjusting face detection ROIs in metadata while active director is engaged 
[mep::vcam::HighResBackedAugmentedMediaStream::_PostprocessSample::<lambda_d3c53fdc90ecdbc251416b59c76eccd6>::operator ()(1951)] [Offloaded _PostprocessSample() outputSample:000001FCF81BE120] 
E004EG_B4ALL hit=132 idx=1 bits=42206c04
E004EG_B4ALL hit=133 idx=2 bits=42206f6f
E004EG_B4ALL hit=134 idx=3 bits=3e6c08f5
E004EG_B4ALL hit=135 idx=4 bits=3c2e5f52
E004EG_B4ALL hit=136 idx=5 bits=00000000
E004EG_B4ALL hit=137 idx=6 bits=00000000
E004EG_B4ALL hit=138 idx=7 bits=4314974e
E004EG_B4ALL hit=139 idx=8 bits=40a76bb5
E004EG_B4ALL hit=140 idx=11 bits=4325281b
E004EG_B4ALL hit=141 idx=12 bits=41f47b17
E004EG_B4ALL hit=142 idx=19 bits=436dd663
E004EG_B4ALL hit=143 idx=20 bits=409232da
E004EG_B4ALL hit=144 idx=50 bits=3e4fe5bb
E004EG_B4ALL hit=145 idx=51 bits=3e7ac688
E004EG_B4ALL hit=146 idx=52 bits=bf800000
E004EG_B4ALL hit=147 idx=53 bits=bf800000
E004EG_B4ALL hit=148 idx=54 bits=3a807358
E004EG_B4ALL hit=149 idx=55 bits=3bc7e2ac
E004EG_B4ALL hit=150 idx=56 bits=402c4437
E004EG_B4ALL hit=151 idx=57 bits=3d583924
E004EG_B4ALL hit=152 idx=59 bits=bf800000
E004EG_B4ALL hit=153 idx=60 bits=bf800000
E004EG_B4ALL hit=154 idx=81 bits=40baba6d
E004EG_B4ALL hit=155 idx=82 bits=3e100570
E004EG_B4ALL hit=156 idx=83 bits=4202a4f5
E004EG_B4ALL hit=157 idx=84 bits=3f73aa92
E004EG_B4ALL hit=158 idx=85 bits=420989d2
E004EG_B4ALL hit=159 idx=86 bits=3f7852f6
E004EG_B4ALL hit=160 idx=61 bits=4376fb21
E004EG_B4ALL hit=161 idx=62 bits=42c454f4
E004EG_B4ALL hit=162 idx=63 bits=409232da
E004EG_B4ALL hit=163 idx=64 bits=418f894d
E004EG_B4ALL hit=164 idx=65 bits=4295803f
[mep::vcam::AugmentedMediaStream::_ProcessSample(465)] [stream:2, inputSample:000001FC89D95200, sampleTime:1590173322] PC scenario: 65536 | EnableAiEffects=1 | IsOccluded=0 | isAwaitingPreBake=0 | isPerfMitigated=0 
[mep::vcam::AugmentedMediaStream::_ExtractAndAttachMetadata(921)] PC ActiveDirector Metadata: L=0.000000 | top=0.000000 | width=2560.000000 | height=1440.000000 
[mep::vcam::AugmentedMediaStream::_ExtractAndAttachMetadata(935)] Adjusting face detection ROIs in metadata while active director is engaged 
[mep::vcam::HighResBackedAugmentedMediaStream::_PostprocessSample::<lambda_d3c53fdc90ecdbc251416b59c76eccd6>::operator ()(1951)] [Offloaded _PostprocessSample() outputSample:000001FC89D8DB60] 
[mep::vcam::AugmentedMediaStream::_ProcessSample(465)] [stream:2, inputSample:000001FD069C9540, sampleTime:1590506605] PC scenario: 65536 | EnableAiEffects=1 | IsOccluded=0 | isAwaitingPreBake=0 | isPerfMitigated=0 
[mep::vcam::AugmentedMediaStream::_ExtractAndAttachMetadata(921)] PC ActiveDirector Metadata: L=0.000000 | top=0.000000 | width=2560.000000 | height=1440.000000 
[mep::vcam::AugmentedMediaStream::_ExtractAndAttachMetadata(935)] Adjusting face detection ROIs in metadata while active director is engaged 
[mep::vcam::HighResBackedAugmentedMediaStream::_PostprocessSample::<lambda_d3c53fdc90ecdbc251416b59c76eccd6>::operator ()(1951)] [Offloaded _PostprocessSample() outputSample:000001FD069C8DF0] 
E004EG_B4ALL hit=165 idx=1 bits=4220e7da
E004EG_B4ALL hit=166 idx=2 bits=4220eb55
E004EG_B4ALL hit=167 idx=3 bits=3e6c7edc
E004EG_B4ALL hit=168 idx=4 bits=3c305d0b
E004EG_B4ALL hit=169 idx=5 bits=00000000
E004EG_B4ALL hit=170 idx=6 bits=00000000
E004EG_B4ALL hit=171 idx=7 bits=4314e5dc
E004EG_B4ALL hit=172 idx=8 bits=40a832df
E004EG_B4ALL hit=173 idx=11 bits=432559cd
E004EG_B4ALL hit=174 idx=12 bits=41f54f8e
E004EG_B4ALL hit=175 idx=19 bits=436de785
E004EG_B4ALL hit=176 idx=20 bits=4092e15e
E004EG_B4ALL hit=177 idx=50 bits=3e4fba2a
E004EG_B4ALL hit=178 idx=51 bits=3e705398
E004EG_B4ALL hit=179 idx=52 bits=bf800000
E004EG_B4ALL hit=180 idx=53 bits=bf800000
E004EG_B4ALL hit=181 idx=54 bits=3a807358
E004EG_B4ALL hit=182 idx=55 bits=3bca9e88
E004EG_B4ALL hit=183 idx=56 bits=402bea58
E004EG_B4ALL hit=184 idx=57 bits=3d56da33
E004EG_B4ALL hit=185 idx=59 bits=bf800000
E004EG_B4ALL hit=186 idx=60 bits=bf800000
E004EG_B4ALL hit=187 idx=81 bits=40babfa4
E004EG_B4ALL hit=188 idx=82 bits=3e0f1f7a
E004EG_B4ALL hit=189 idx=83 bits=4202eddf
E004EG_B4ALL hit=190 idx=84 bits=3f738d5e
E004EG_B4ALL hit=191 idx=85 bits=4209ea75
E004EG_B4ALL hit=192 idx=86 bits=3f7847ae
E004EG_B4ALL hit=193 idx=61 bits=4376fe88
E004EG_B4ALL hit=194 idx=62 bits=42c4d953
E004EG_B4ALL hit=195 idx=63 bits=4092e15e
E004EG_B4ALL hit=196 idx=64 bits=41900422
E004EG_B4ALL hit=197 idx=65 bits=42958040
[mep::vcam::AugmentedMediaStream::_ProcessSample(465)] [stream:2, inputSample:000001FC89D95200, sampleTime:1590839893] PC scenario: 65536 | EnableAiEffects=1 | IsOccluded=0 | isAwaitingPreBake=0 | isPerfMitigated=0 
[mep::vcam::AugmentedMediaStream::_ExtractAndAttachMetadata(921)] PC ActiveDirector Metadata: L=0.000000 | top=0.000000 | width=2560.000000 | height=1440.000000 
[mep::vcam::AugmentedMediaStream::_ExtractAndAttachMetadata(935)] Adjusting face detection ROIs in metadata while active director is engaged 
[mep::vcam::HighResBackedAugmentedMediaStream::_PostprocessSample::<lambda_d3c53fdc90ecdbc251416b59c76eccd6>::operator ()(1951)] [Offloaded _PostprocessSample() outputSample:000001FCF81BE120] 
[mep::vcam::AugmentedMediaStream::_ProcessSample(465)] [stream:2, inputSample:000001FD069C9540, sampleTime:1591173180] PC scenario: 65536 | EnableAiEffects=1 | IsOccluded=0 | isAwaitingPreBake=0 | isPerfMitigated=0 
[mep::vcam::AugmentedMediaStream::_ExtractAndAttachMetadata(921)] PC ActiveDirector Metadata: L=0.000000 | top=0.000000 | width=2560.000000 | height=1440.000000 
[mep::vcam::AugmentedMediaStream::_ExtractAndAttachMetadata(935)] Adjusting face detection ROIs in metadata while active director is engaged 
[mep::vcam::HighResBackedAugmentedMediaStream::_PostprocessSample::<lambda_d3c53fdc90ecdbc251416b59c76eccd6>::operator ()(1951)] [Offloaded _PostprocessSample() outputSample:000001FC89D8DB60] 
E004EG_B4ALL hit=198 idx=1 bits=42211698
E004EG_B4ALL hit=199 idx=2 bits=42211a32
E004EG_B4ALL hit=200 idx=3 bits=3e6d77fa
E004EG_B4ALL hit=201 idx=4 bits=3c2f155d
E004EG_B4ALL hit=202 idx=5 bits=00000000
E004EG_B4ALL hit=203 idx=6 bits=00000000
E004EG_B4ALL hit=204 idx=7 bits=431509e2
E004EG_B4ALL hit=205 idx=8 bits=40a7f1ed
E004EG_B4ALL hit=206 idx=11 bits=43256fa6
E004EG_B4ALL hit=207 idx=12 bits=41f5a54b
E004EG_B4ALL hit=208 idx=19 bits=436deb18
E004EG_B4ALL hit=209 idx=20 bits=4092ad2c
E004EG_B4ALL hit=210 idx=50 bits=3e4f55f4
E004EG_B4ALL hit=211 idx=51 bits=3e705398
E004EG_B4ALL hit=212 idx=52 bits=bf800000
E004EG_B4ALL hit=213 idx=53 bits=bf800000
E004EG_B4ALL hit=214 idx=54 bits=3a807358
E004EG_B4ALL hit=215 idx=55 bits=3bc7dea0
E004EG_B4ALL hit=216 idx=56 bits=402bff8e
E004EG_B4ALL hit=217 idx=57 bits=3d5704ad
E004EG_B4ALL hit=218 idx=59 bits=bf800000
E004EG_B4ALL hit=219 idx=60 bits=bf800000
E004EG_B4ALL hit=220 idx=81 bits=40badced
E004EG_B4ALL hit=221 idx=82 bits=3e0f94ab
E004EG_B4ALL hit=222 idx=83 bits=42030b0b
E004EG_B4ALL hit=223 idx=84 bits=3f7382a8
E004EG_B4ALL hit=224 idx=85 bits=420a1575
E004EG_B4ALL hit=225 idx=86 bits=3f784527
E004EG_B4ALL hit=226 idx=61 bits=4376fc9d
E004EG_B4ALL hit=227 idx=62 bits=42c51244
E004EG_B4ALL hit=228 idx=63 bits=4092ad2c
E004EG_B4ALL hit=229 idx=64 bits=41902b52
E004EG_B4ALL hit=230 idx=65 bits=4295803f
[mep::vcam::AugmentedMediaStream::_ProcessSample(465)] [stream:2, inputSample:000001FC89D95200, sampleTime:1591506465] PC scenario: 65536 | EnableAiEffects=1 | IsOccluded=0 | isAwaitingPreBake=0 | isPerfMitigated=0 
[mep::vcam::AugmentedMediaStream::_ExtractAndAttachMetadata(921)] PC ActiveDirector Metadata: L=0.000000 | top=0.000000 | width=2560.000000 | height=1440.000000 
[mep::vcam::AugmentedMediaStream::_ExtractAndAttachMetadata(935)] Adjusting face detection ROIs in metadata while active director is engaged 
[mep::vcam::HighResBackedAugmentedMediaStream::_PostprocessSample::<lambda_d3c53fdc90ecdbc251416b59c76eccd6>::operator ()(1951)] [Offloaded _PostprocessSample() outputSample:000001FD069C8DF0] 
onecoreuap\drivers\mobilepc\sensors\convergence\api\native\v2\simpledeviceorientationsensor.cpp(650)\SensorsNativeApi.V2.dll!00007FF991CA45F0: (caller: 00007FF991CA2E48) Exception(119) tid(3718) 80070057 The parameter is incorrect.
(3b5c.3718): C++ EH exception - code e06d7363 (first chance)
(3b5c.3718): C++ EH exception - code e06d7363 (first chance)
[mep::vcam::AugmentedMediaStream::_ProcessSample(465)] [stream:2, inputSample:000001FD069C9540, sampleTime:1591839752] PC scenario: 65536 | EnableAiEffects=1 | IsOccluded=0 | isAwaitingPreBake=0 | isPerfMitigated=0 
[mep::vcam::AugmentedMediaStream::_ExtractAndAttachMetadata(921)] PC ActiveDirector Metadata: L=0.000000 | top=0.000000 | width=2560.000000 | height=1440.000000 
[mep::vcam::AugmentedMediaStream::_ExtractAndAttachMetadata(935)] Adjusting face detection ROIs in metadata while active director is engaged 
[mep::vcam::HighResBackedAugmentedMediaStream::_PostprocessSample::<lambda_d3c53fdc90ecdbc251416b59c76eccd6>::operator ()(1951)] [Offloaded _PostprocessSample() outputSample:000001FCF81BE120] 
E004EG_B4ALL hit=231 idx=1 bits=4220d71f
E004EG_B4ALL hit=232 idx=2 bits=4220dab9
E004EG_B4ALL hit=233 idx=3 bits=3e6d5296
E004EG_B4ALL hit=234 idx=4 bits=3c2e738c
E004EG_B4ALL hit=235 idx=5 bits=00000000
E004EG_B4ALL hit=236 idx=6 bits=00000000
E004EG_B4ALL hit=237 idx=7 bits=4314db98
E004EG_B4ALL hit=238 idx=8 bits=40a7baab
E004EG_B4ALL hit=239 idx=11 bits=432552d7
E004EG_B4ALL hit=240 idx=12 bits=41f50aa8
E004EG_B4ALL hit=241 idx=19 bits=436de335
E004EG_B4ALL hit=242 idx=20 bits=40927896
E004EG_B4ALL hit=243 idx=50 bits=3e4fa45e
E004EG_B4ALL hit=244 idx=51 bits=3e7ac688
E004EG_B4ALL hit=245 idx=52 bits=bf800000
E004EG_B4ALL hit=246 idx=53 bits=bf800000
E004EG_B4ALL hit=247 idx=54 bits=3a807358
E004EG_B4ALL hit=248 idx=55 bits=3bc7da94
E004EG_B4ALL hit=249 idx=56 bits=402bf0d9
E004EG_B4ALL hit=250 idx=57 bits=3d577d89
E004EG_B4ALL hit=251 idx=59 bits=bf800000
E004EG_B4ALL hit=252 idx=60 bits=bf800000
E004EG_B4ALL hit=253 idx=81 bits=40baaaaf
E004EG_B4ALL hit=254 idx=82 bits=3e0f8cf5
E004EG_B4ALL hit=255 idx=83 bits=4202dea5
E004EG_B4ALL hit=256 idx=84 bits=3f7391c3
E004EG_B4ALL hit=257 idx=85 bits=4209da2b
E004EG_B4ALL hit=258 idx=86 bits=3f784a3d
E004EG_B4ALL hit=259 idx=61 bits=4376ffe7
E004EG_B4ALL hit=260 idx=62 bits=42c4ca23
E004EG_B4ALL hit=261 idx=63 bits=40927896
E004EG_B4ALL hit=262 idx=64 bits=419000f5
E004EG_B4ALL hit=263 idx=65 bits=42958040
[mep::vcam::AugmentedMediaStream::_ProcessSample(465)] [stream:2, inputSample:000001FC89D95200, sampleTime:1592173039] PC scenario: 65536 | EnableAiEffects=1 | IsOccluded=0 | isAwaitingPreBake=0 | isPerfMitigated=0 
[mep::vcam::AugmentedMediaStream::_ExtractAndAttachMetadata(921)] PC ActiveDirector Metadata: L=0.000000 | top=0.000000 | width=2560.000000 | height=1440.000000 
[mep::vcam::AugmentedMediaStream::_ExtractAndAttachMetadata(935)] Adjusting face detection ROIs in metadata while active director is engaged 
[mep::vcam::HighResBackedAugmentedMediaStream::_PostprocessSample::<lambda_d3c53fdc90ecdbc251416b59c76eccd6>::operator ()(1951)] [Offloaded _PostprocessSample() outputSample:000001FC89D8DB60] 
[mep::vcam::AugmentedMediaStream::_ProcessSample(465)] [stream:2, inputSample:000001FD069C9540, sampleTime:1592506324] PC scenario: 65536 | EnableAiEffects=1 | IsOccluded=0 | isAwaitingPreBake=0 | isPerfMitigated=0 
[mep::vcam::AugmentedMediaStream::_ExtractAndAttachMetadata(921)] PC ActiveDirector Metadata: L=0.000000 | top=0.000000 | width=2560.000000 | height=1440.000000 
[mep::vcam::AugmentedMediaStream::_ExtractAndAttachMetadata(935)] Adjusting face detection ROIs in metadata while active director is engaged 
[mep::vcam::HighResBackedAugmentedMediaStream::_PostprocessSample::<lambda_d3c53fdc90ecdbc251416b59c76eccd6>::operator ()(1951)] [Offloaded _PostprocessSample() outputSample:000001FD069C8DF0] 
E004EG_B4ALL hit=264 idx=1 bits=4220cde7
E004EG_B4ALL hit=265 idx=2 bits=4220d191
E004EG_B4ALL hit=266 idx=3 bits=3e6a3778
E004EG_B4ALL hit=267 idx=4 bits=3c319691
E004EG_B4ALL hit=268 idx=5 bits=00000000
E004EG_B4ALL hit=269 idx=6 bits=00000000
E004EG_B4ALL hit=270 idx=7 bits=4314d21d
E004EG_B4ALL hit=271 idx=8 bits=40a79cc7
E004EG_B4ALL hit=272 idx=11 bits=43254979
E004EG_B4ALL hit=273 idx=12 bits=41f51d60
E004EG_B4ALL hit=274 idx=19 bits=436ddf25
E004EG_B4ALL hit=275 idx=20 bits=40924cfc
E004EG_B4ALL hit=276 idx=50 bits=3e501a74
E004EG_B4ALL hit=277 idx=51 bits=3e705398
E004EG_B4ALL hit=278 idx=52 bits=bf800000
E004EG_B4ALL hit=279 idx=53 bits=bf800000
E004EG_B4ALL hit=280 idx=54 bits=3a807358
E004EG_B4ALL hit=281 idx=55 bits=3bcb4059
E004EG_B4ALL hit=282 idx=56 bits=402b79cc
E004EG_B4ALL hit=283 idx=57 bits=3d5815be
E004EG_B4ALL hit=284 idx=59 bits=bf800000
E004EG_B4ALL hit=285 idx=60 bits=bf800000
E004EG_B4ALL hit=286 idx=81 bits=40ba96a7
E004EG_B4ALL hit=287 idx=82 bits=3e0f92c6
E004EG_B4ALL hit=288 idx=83 bits=4202d833
E004EG_B4ALL hit=289 idx=84 bits=3f738b08
E004EG_B4ALL hit=290 idx=85 bits=4209df57
E004EG_B4ALL hit=291 idx=86 bits=3f784d66
E004EG_B4ALL hit=292 idx=61 bits=4376fc41
E004EG_B4ALL hit=293 idx=62 bits=42c4c44f
E004EG_B4ALL hit=294 idx=63 bits=40924cfc
E004EG_B4ALL hit=295 idx=64 bits=418ffade
E004EG_B4ALL hit=296 idx=65 bits=42958040
[mep::vcam::AugmentedMediaStream::_ProcessSample(465)] [stream:2, inputSample:000001FC89D95200, sampleTime:1592839610] PC scenario: 65536 | EnableAiEffects=1 | IsOccluded=0 | isAwaitingPreBake=0 | isPerfMitigated=0 
[mep::vcam::AugmentedMediaStream::_ExtractAndAttachMetadata(921)] PC ActiveDirector Metadata: L=0.000000 | top=0.000000 | width=2560.000000 | height=1440.000000 
[mep::vcam::AugmentedMediaStream::_ExtractAndAttachMetadata(935)] Adjusting face detection ROIs in metadata while active director is engaged 
[mep::vcam::HighResBackedAugmentedMediaStream::_PostprocessSample::<lambda_d3c53fdc90ecdbc251416b59c76eccd6>::operator ()(1951)] [Offloaded _PostprocessSample() outputSample:000001FCF81BE120] 
[mep::vcam::AugmentedMediaStream::_ProcessSample(465)] [stream:2, inputSample:000001FD069C9540, sampleTime:1593172897] PC scenario: 65536 | EnableAiEffects=1 | IsOccluded=0 | isAwaitingPreBake=0 | isPerfMitigated=0 
[mep::vcam::AugmentedMediaStream::_ExtractAndAttachMetadata(921)] PC ActiveDirector Metadata: L=0.000000 | top=0.000000 | width=2560.000000 | height=1440.000000 
[mep::vcam::AugmentedMediaStream::_ExtractAndAttachMetadata(935)] Adjusting face detection ROIs in metadata while active director is engaged 
[mep::vcam::HighResBackedAugmentedMediaStream::_PostprocessSample::<lambda_d3c53fdc90ecdbc251416b59c76eccd6>::operator ()(1951)] [Offloaded _PostprocessSample() outputSample:000001FC89D8DB60] 
E004EG_B4ALL hit=297 idx=1 bits=42211241
E004EG_B4ALL hit=298 idx=2 bits=4221159e
E004EG_B4ALL hit=299 idx=3 bits=3e6c5774
E004EG_BANK4_ALL_COMPLETE
Closing open log file C:\Users\Geoca\Documents\E004EG-STATIC-BANK4-ALL.log
