Opened log file 'C:\Users\Geoca\Documents\E004EG-STATIC-FULLLIGHT-DM-oracle.log'
DM_BREAKPOINTS_ARMED
[mep::vcam::HighResBackedAugmentedMediaStream::_PostprocessSample::<lambda_d3c53fdc90ecdbc251416b59c76eccd6>::operator ()(1951)] [Offloaded _PostprocessSample() outputSample:0000012C3DD93D20] 
DM_PRE n=0 conv=0000012c271f34a0 out=0000012c30ee4cf8 bounds=0000012c2bdb4518 pred=3f800000 flag=00000000
DM_COMPACT_PRE
0000012c`30ee4cf8  00000000`38dfa10e 00000000`4fe60012
0000012c`30ee4d08  00000000`4fe60012 00000000`38dfa10e
0000012c`30ee4d18  00000000`38dfa10e 00000000`38dfa10e
0000012c`30ee4d28  00000000`38dfa10e
DM_POST n=0 conv=0000012c271f34a0 out=0000012c30ee4cf8 pred=3f800000
DM_COMPACT_POST
0000012c`30ee4cf8  00000000`38dfa10e 00000000`4fe60012
0000012c`30ee4d08  00000000`4fe60012 00000000`38dfa10e
0000012c`30ee4d18  00000000`38dfa10e 00000000`38dfa10e
0000012c`30ee4d28  00000000`38dfa10e
DM_REQUEST n=1 frame=16414 out=0000012c30ee4cf8 capflag=0
onecoreuap\drivers\mobilepc\sensors\convergence\api\native\v2\simpledeviceorientationsensor.cpp(650)\SensorsNativeApi.V2.dll!00007FF8CCFD45F0: (caller: 00007FF8CCFD2E48) Exception(550) tid(3518) 80070057 The parameter is incorrect.
(1138.3518): C++ EH exception - code e06d7363 (first chance)
(1138.3518): C++ EH exception - code e06d7363 (first chance)
[mep::vcam::AugmentedMediaStream::_ProcessSample(465)] [stream:2, inputSample:0000012C3DD92CE0, sampleTime:7523021003] PC scenario: 65536 | EnableAiEffects=1 | IsOccluded=0 | isAwaitingPreBake=0 | isPerfMitigated=0 
[mep::vcam::AugmentedMediaStream::_ExtractAndAttachMetadata(921)] PC ActiveDirector Metadata: L=0.000000 | top=0.000000 | width=2560.000000 | height=1440.000000 
[mep::vcam::AugmentedMediaStream::_ExtractAndAttachMetadata(935)] Adjusting face detection ROIs in metadata while active director is engaged 
[mep::vcam::AugmentedMediaStream::_ProcessSample(465)] [stream:2, inputSample:0000012C348EE290, sampleTime:7523354288] PC scenario: 65536 | EnableAiEffects=1 | IsOccluded=0 | isAwaitingPreBake=0 | isPerfMitigated=0 
[mep::vcam::HighResBackedAugmentedMediaStream::_PostprocessSample::<lambda_d3c53fdc90ecdbc251416b59c76eccd6>::operator ()(1951)] [Offloaded _PostprocessSample() outputSample:0000012C2793D470] 
[mep::vcam::AugmentedMediaStream::_ExtractAndAttachMetadata(921)] PC ActiveDirector Metadata: L=0.000000 | top=0.000000 | width=2560.000000 | height=1440.000000 
[mep::vcam::AugmentedMediaStream::_ExtractAndAttachMetadata(935)] Adjusting face detection ROIs in metadata while active director is engaged 
[mep::vcam::HighResBackedAugmentedMediaStream::_PostprocessSample::<lambda_d3c53fdc90ecdbc251416b59c76eccd6>::operator ()(1951)] [Offloaded _PostprocessSample() outputSample:0000012C3DD93D20] 
DM_PRE n=1 conv=0000012c271f34a0 out=0000012c30ee4cf8 bounds=0000012c2bdb4518 pred=3f800000 flag=00000000
DM_COMPACT_PRE
0000012c`30ee4cf8  00000000`38dfa10e 00000000`4fe60012
0000012c`30ee4d08  00000000`4fe60012 00000000`38dfa10e
0000012c`30ee4d18  00000000`38dfa10e 00000000`38dfa10e
0000012c`30ee4d28  00000000`38dfa10e
DM_POST n=1 conv=0000012c271f34a0 out=0000012c30ee4cf8 pred=3f800000
DM_COMPACT_POST
0000012c`30ee4cf8  00000000`38dfa10e 00000000`4fe60012
0000012c`30ee4d08  00000000`4fe60012 00000000`38dfa10e
0000012c`30ee4d18  00000000`38dfa10e 00000000`38dfa10e
0000012c`30ee4d28  00000000`38dfa10e
DM_REQUEST n=2 frame=16416 out=0000012c30ee4cf8 capflag=0
[mep::vcam::AugmentedMediaStream::_ProcessSample(465)] [stream:2, inputSample:0000012C3DD92CE0, sampleTime:7523687573] PC scenario: 65536 | EnableAiEffects=1 | IsOccluded=0 | isAwaitingPreBake=0 | isPerfMitigated=0 
[mep::vcam::AugmentedMediaStream::_ExtractAndAttachMetadata(921)] PC ActiveDirector Metadata: L=0.000000 | top=0.000000 | width=2560.000000 | height=1440.000000 
[mep::vcam::AugmentedMediaStream::_ExtractAndAttachMetadata(935)] Adjusting face detection ROIs in metadata while active director is engaged 
[mep::vcam::AugmentedMediaStream::_ProcessSample(465)] [stream:2, inputSample:0000012C3DD943A0, sampleTime:7525354006] PC scenario: 65536 | EnableAiEffects=1 | IsOccluded=0 | isAwaitingPreBake=0 | isPerfMitigated=0 
[mep::vcam::HighResBackedAugmentedMediaStream::_PostprocessSample::<lambda_d3c53fdc90ecdbc251416b59c76eccd6>::operator ()(1951)] [Offloaded _PostprocessSample() outputSample:0000012C2793D470] 
[mep::vcam::AugmentedMediaStream::_ExtractAndAttachMetadata(921)] PC ActiveDirector Metadata: L=0.000000 | top=0.000000 | width=2560.000000 | height=1440.000000 
[mep::vcam::AugmentedMediaStream::_ExtractAndAttachMetadata(935)] Adjusting face detection ROIs in metadata while active director is engaged 
[mep::vcam::HighResBackedAugmentedMediaStream::_PostprocessSample::<lambda_d3c53fdc90ecdbc251416b59c76eccd6>::operator ()(1951)] [Offloaded _PostprocessSample() outputSample:0000012C3DD93D20] 
[mep::vcam::AugmentedMediaStream::_ProcessSample(465)] [stream:2, inputSample:0000012C3DD92CE0, sampleTime:7531019872] PC scenario: 65536 | EnableAiEffects=1 | IsOccluded=0 | isAwaitingPreBake=0 | isPerfMitigated=0 
[mep::vcam::AugmentedMediaStream::_ExtractAndAttachMetadata(921)] PC ActiveDirector Metadata: L=0.000000 | top=0.000000 | width=2560.000000 | height=1440.000000 
[mep::vcam::AugmentedMediaStream::_ExtractAndAttachMetadata(935)] Adjusting face detection ROIs in metadata while active director is engaged 
[mep::vcam::HighResBackedAugmentedMediaStream::_PostprocessSample::<lambda_d3c53fdc90ecdbc251416b59c76eccd6>::operator ()(1951)] [Offloaded _PostprocessSample() outputSample:0000012C2793D470] 
DM_PRE n=2 conv=0000012c271f34a0 out=0000012c30ee4cf8 bounds=0000012c2bdb4518 pred=3f800000 flag=00000000
DM_COMPACT_PRE
0000012c`30ee4cf8  00000000`38dfa10e 00000000`4fe60012
0000012c`30ee4d08  00000000`4fe60012 00000000`38dfa10e
0000012c`30ee4d18  00000000`38dfa10e 00000000`38dfa10e
0000012c`30ee4d28  00000000`38dfa10e
DM_POST n=2 conv=0000012c271f34a0 out=0000012c30ee4cf8 pred=3f800000
DM_COMPACT_POST
0000012c`30ee4cf8  00000000`38dfa10e 00000000`4fe60012
0000012c`30ee4d08  00000000`4fe60012 00000000`38dfa10e
0000012c`30ee4d18  00000000`38dfa10e 00000000`38dfa10e
0000012c`30ee4d28  00000000`38dfa10e
DM_REQUEST n=3 frame=16418 out=0000012c30ee4cf8 capflag=0
[mep::vcam::AugmentedMediaStream::_ProcessSample(465)] [stream:2, inputSample:0000012C3DD943A0, sampleTime:7531353157] PC scenario: 65536 | EnableAiEffects=1 | IsOccluded=0 | isAwaitingPreBake=0 | isPerfMitigated=0 
[mep::vcam::AugmentedMediaStream::_ExtractAndAttachMetadata(921)] PC ActiveDirector Metadata: L=0.000000 | top=0.000000 | width=2560.000000 | height=1440.000000 
[mep::vcam::AugmentedMediaStream::_ExtractAndAttachMetadata(935)] Adjusting face detection ROIs in metadata while active director is engaged 
[mep::vcam::HighResBackedAugmentedMediaStream::_PostprocessSample::<lambda_d3c53fdc90ecdbc251416b59c76eccd6>::operator ()(1951)] [Offloaded _PostprocessSample() outputSample:0000012C3DD93D20] 
[mep::vcam::AugmentedMediaStream::_ProcessSample(465)] [stream:2, inputSample:0000012C3DD92CE0, sampleTime:7531686443] PC scenario: 65536 | EnableAiEffects=1 | IsOccluded=0 | isAwaitingPreBake=0 | isPerfMitigated=0 
[mep::vcam::AugmentedMediaStream::_ExtractAndAttachMetadata(921)] PC ActiveDirector Metadata: L=0.000000 | top=0.000000 | width=2560.000000 | height=1440.000000 
[mep::vcam::AugmentedMediaStream::_ExtractAndAttachMetadata(935)] Adjusting face detection ROIs in metadata while active director is engaged 
[mep::vcam::HighResBackedAugmentedMediaStream::_PostprocessSample::<lambda_d3c53fdc90ecdbc251416b59c76eccd6>::operator ()(1951)] [Offloaded _PostprocessSample() outputSample:0000012C2793D470] 
DM_PRE n=3 conv=0000012c271f34a0 out=0000012c30ee4cf8 bounds=0000012c2bdb4518 pred=3f800000 flag=00000000
DM_COMPACT_PRE
0000012c`30ee4cf8  00000000`38dfa10e 00000000`4fe60012
0000012c`30ee4d08  00000000`4fe60012 00000000`38dfa10e
0000012c`30ee4d18  00000000`38dfa10e 00000000`38dfa10e
0000012c`30ee4d28  00000000`38dfa10e
DM_POST n=3 conv=0000012c271f34a0 out=0000012c30ee4cf8 pred=3f800000
DM_COMPACT_POST
0000012c`30ee4cf8  00000000`38dfa10e 00000000`4fe60012
0000012c`30ee4d08  00000000`4fe60012 00000000`38dfa10e
0000012c`30ee4d18  00000000`38dfa10e 00000000`38dfa10e
0000012c`30ee4d28  00000000`38dfa10e
DM_REQUEST n=4 frame=16420 out=0000012c30ee4cf8 capflag=0
[mep::vcam::AugmentedMediaStream::_ProcessSample(465)] [stream:2, inputSample:0000012C3DD943A0, sampleTime:7532019731] PC scenario: 65536 | EnableAiEffects=1 | IsOccluded=0 | isAwaitingPreBake=0 | isPerfMitigated=0 
[mep::vcam::AugmentedMediaStream::_ExtractAndAttachMetadata(921)] PC ActiveDirector Metadata: L=0.000000 | top=0.000000 | width=2560.000000 | height=1440.000000 
[mep::vcam::AugmentedMediaStream::_ExtractAndAttachMetadata(935)] Adjusting face detection ROIs in metadata while active director is engaged 
[mep::vcam::HighResBackedAugmentedMediaStream::_PostprocessSample::<lambda_d3c53fdc90ecdbc251416b59c76eccd6>::operator ()(1951)] [Offloaded _PostprocessSample() outputSample:0000012C3DD93D20] 
[mep::vcam::AugmentedMediaStream::_ProcessSample(465)] [stream:2, inputSample:0000012C3DD92CE0, sampleTime:7532353017] PC scenario: 65536 | EnableAiEffects=1 | IsOccluded=0 | isAwaitingPreBake=0 | isPerfMitigated=0 
[mep::vcam::AugmentedMediaStream::_ExtractAndAttachMetadata(921)] PC ActiveDirector Metadata: L=0.000000 | top=0.000000 | width=2560.000000 | height=1440.000000 
[mep::vcam::AugmentedMediaStream::_ExtractAndAttachMetadata(935)] Adjusting face detection ROIs in metadata while active director is engaged 
[mep::vcam::HighResBackedAugmentedMediaStream::_PostprocessSample::<lambda_d3c53fdc90ecdbc251416b59c76eccd6>::operator ()(1951)] [Offloaded _PostprocessSample() outputSample:0000012C2793D470] 
DM_PRE n=4 conv=0000012c271f34a0 out=0000012c30ee4cf8 bounds=0000012c2bdb4518 pred=3f800000 flag=00000000
DM_COMPACT_PRE
0000012c`30ee4cf8  00000000`38dfa10e 00000000`4fe60012
0000012c`30ee4d08  00000000`4fe60012 00000000`38dfa10e
0000012c`30ee4d18  00000000`38dfa10e 00000000`38dfa10e
0000012c`30ee4d28  00000000`38dfa10e
DM_POST n=4 conv=0000012c271f34a0 out=0000012c30ee4cf8 pred=3f800000
DM_COMPACT_POST
0000012c`30ee4cf8  00000000`38dfa10e 00000000`4fe60012
0000012c`30ee4d08  00000000`4fe60012 00000000`38dfa10e
0000012c`30ee4d18  00000000`38dfa10e 00000000`38dfa10e
0000012c`30ee4d28  00000000`38dfa10e
DM_REQUEST n=5 frame=16422 out=0000012c30ee4cf8 capflag=0
[mep::vcam::AugmentedMediaStream::_ProcessSample(465)] [stream:2, inputSample:0000012C3DD943A0, sampleTime:7532686303] PC scenario: 65536 | EnableAiEffects=1 | IsOccluded=0 | isAwaitingPreBake=0 | isPerfMitigated=0 
[mep::vcam::AugmentedMediaStream::_ExtractAndAttachMetadata(921)] PC ActiveDirector Metadata: L=0.000000 | top=0.000000 | width=2560.000000 | height=1440.000000 
[mep::vcam::AugmentedMediaStream::_ExtractAndAttachMetadata(935)] Adjusting face detection ROIs in metadata while active director is engaged 
[mep::vcam::HighResBackedAugmentedMediaStream::_PostprocessSample::<lambda_d3c53fdc90ecdbc251416b59c76eccd6>::operator ()(1951)] [Offloaded _PostprocessSample() outputSample:0000012C3DD93D20] 
[mep::vcam::AugmentedMediaStream::_ProcessSample(465)] [stream:2, inputSample:0000012C3DD92CE0, sampleTime:7533019590] PC scenario: 65536 | EnableAiEffects=1 | IsOccluded=0 | isAwaitingPreBake=0 | isPerfMitigated=0 
[mep::vcam::AugmentedMediaStream::_ExtractAndAttachMetadata(921)] PC ActiveDirector Metadata: L=0.000000 | top=0.000000 | width=2560.000000 | height=1440.000000 
[mep::vcam::AugmentedMediaStream::_ExtractAndAttachMetadata(935)] Adjusting face detection ROIs in metadata while active director is engaged 
[mep::vcam::HighResBackedAugmentedMediaStream::_PostprocessSample::<lambda_d3c53fdc90ecdbc251416b59c76eccd6>::operator ()(1951)] [Offloaded _PostprocessSample() outputSample:0000012C2793D470] 
DM_PRE n=5 conv=0000012c271f34a0 out=0000012c30ee4cf8 bounds=0000012c2bdb4518 pred=3f800000 flag=00000000
DM_COMPACT_PRE
0000012c`30ee4cf8  00000000`38dfa10e 00000000`4fe60012
0000012c`30ee4d08  00000000`4fe60012 00000000`38dfa10e
0000012c`30ee4d18  00000000`38dfa10e 00000000`38dfa10e
0000012c`30ee4d28  00000000`38dfa10e
DM_POST n=5 conv=0000012c271f34a0 out=0000012c30ee4cf8 pred=3f800000
DM_COMPACT_POST
0000012c`30ee4cf8  00000000`38dfa10e 00000000`4fe60012
0000012c`30ee4d08  00000000`4fe60012 00000000`38dfa10e
0000012c`30ee4d18  00000000`38dfa10e 00000000`38dfa10e
0000012c`30ee4d28  00000000`38dfa10e
DM_REQUEST n=6 frame=16424 out=0000012c30ee4cf8 capflag=0
[mep::vcam::AugmentedMediaStream::_ProcessSample(465)] [stream:2, inputSample:0000012C3DD943A0, sampleTime:7533352875] PC scenario: 65536 | EnableAiEffects=1 | IsOccluded=0 | isAwaitingPreBake=0 | isPerfMitigated=0 
[mep::vcam::AugmentedMediaStream::_ExtractAndAttachMetadata(921)] PC ActiveDirector Metadata: L=0.000000 | top=0.000000 | width=2560.000000 | height=1440.000000 
[mep::vcam::AugmentedMediaStream::_ExtractAndAttachMetadata(935)] Adjusting face detection ROIs in metadata while active director is engaged 
[mep::vcam::HighResBackedAugmentedMediaStream::_PostprocessSample::<lambda_d3c53fdc90ecdbc251416b59c76eccd6>::operator ()(1951)] [Offloaded _PostprocessSample() outputSample:0000012C3DD93D20] 
[mep::vcam::AugmentedMediaStream::_ProcessSample(465)] [stream:2, inputSample:0000012C3DD92CE0, sampleTime:7533686162] PC scenario: 65536 | EnableAiEffects=1 | IsOccluded=0 | isAwaitingPreBake=0 | isPerfMitigated=0 
[mep::vcam::AugmentedMediaStream::_ExtractAndAttachMetadata(921)] PC ActiveDirector Metadata: L=0.000000 | top=0.000000 | width=2560.000000 | height=1440.000000 
[mep::vcam::AugmentedMediaStream::_ExtractAndAttachMetadata(935)] Adjusting face detection ROIs in metadata while active director is engaged 
[mep::vcam::HighResBackedAugmentedMediaStream::_PostprocessSample::<lambda_d3c53fdc90ecdbc251416b59c76eccd6>::operator ()(1951)] [Offloaded _PostprocessSample() outputSample:0000012C2793D470] 
DM_PRE n=6 conv=0000012c271f34a0 out=0000012c30ee4cf8 bounds=0000012c2bdb4518 pred=3f800000 flag=00000000
DM_COMPACT_PRE
0000012c`30ee4cf8  00000000`38dfa10e 00000000`4fe60012
0000012c`30ee4d08  00000000`4fe60012 00000000`38dfa10e
0000012c`30ee4d18  00000000`38dfa10e 00000000`38dfa10e
0000012c`30ee4d28  00000000`38dfa10e
DM_POST n=6 conv=0000012c271f34a0 out=0000012c30ee4cf8 pred=3f800000
DM_COMPACT_POST
0000012c`30ee4cf8  00000000`38dfa10e 00000000`4fe60012
0000012c`30ee4d08  00000000`4fe60012 00000000`38dfa10e
0000012c`30ee4d18  00000000`38dfa10e 00000000`38dfa10e
0000012c`30ee4d28  00000000`38dfa10e
DM_REQUEST n=7 frame=16426 out=0000012c30ee4cf8 capflag=0
[mep::vcam::AugmentedMediaStream::_ProcessSample(465)] [stream:2, inputSample:0000012C3DD943A0, sampleTime:7534019446] PC scenario: 65536 | EnableAiEffects=1 | IsOccluded=0 | isAwaitingPreBake=0 | isPerfMitigated=0 
[mep::vcam::AugmentedMediaStream::_ExtractAndAttachMetadata(921)] PC ActiveDirector Metadata: L=0.000000 | top=0.000000 | width=2560.000000 | height=1440.000000 
[mep::vcam::AugmentedMediaStream::_ExtractAndAttachMetadata(935)] Adjusting face detection ROIs in metadata while active director is engaged 
[mep::vcam::HighResBackedAugmentedMediaStream::_PostprocessSample::<lambda_d3c53fdc90ecdbc251416b59c76eccd6>::operator ()(1951)] [Offloaded _PostprocessSample() outputSample:0000012C3DD93D20] 
[mep::vcam::AugmentedMediaStream::_ProcessSample(465)] [stream:2, inputSample:0000012C3DD92CE0, sampleTime:7534352735] PC scenario: 65536 | EnableAiEffects=1 | IsOccluded=0 | isAwaitingPreBake=0 | isPerfMitigated=0 
[mep::vcam::AugmentedMediaStream::_ExtractAndAttachMetadata(921)] PC ActiveDirector Metadata: L=0.000000 | top=0.000000 | width=2560.000000 | height=1440.000000 
[mep::vcam::AugmentedMediaStream::_ExtractAndAttachMetadata(935)] Adjusting face detection ROIs in metadata while active director is engaged 
[mep::vcam::HighResBackedAugmentedMediaStream::_PostprocessSample::<lambda_d3c53fdc90ecdbc251416b59c76eccd6>::operator ()(1951)] [Offloaded _PostprocessSample() outputSample:0000012C2793D470] 
DM_PRE n=7 conv=0000012c271f34a0 out=0000012c30ee4cf8 bounds=0000012c2bdb4518 pred=3f800000 flag=00000000
DM_COMPACT_PRE
0000012c`30ee4cf8  00000000`38dfa10e 00000000`4fe60012
0000012c`30ee4d08  00000000`4fe60012 00000000`38dfa10e
0000012c`30ee4d18  00000000`38dfa10e 00000000`38dfa10e
0000012c`30ee4d28  00000000`38dfa10e
DM_POST n=7 conv=0000012c271f34a0 out=0000012c30ee4cf8 pred=3f800000
DM_COMPACT_POST
0000012c`30ee4cf8  00000000`38dfa10e 00000000`4fe60012
0000012c`30ee4d08  00000000`4fe60012 00000000`38dfa10e
0000012c`30ee4d18  00000000`38dfa10e 00000000`38dfa10e
0000012c`30ee4d28  00000000`38dfa10e
DM_REQUEST n=8 frame=16428 out=0000012c30ee4cf8 capflag=0
[mep::vcam::AugmentedMediaStream::_ProcessSample(465)] [stream:2, inputSample:0000012C3DD943A0, sampleTime:7534686020] PC scenario: 65536 | EnableAiEffects=1 | IsOccluded=0 | isAwaitingPreBake=0 | isPerfMitigated=0 
[mep::vcam::AugmentedMediaStream::_ExtractAndAttachMetadata(921)] PC ActiveDirector Metadata: L=0.000000 | top=0.000000 | width=2560.000000 | height=1440.000000 
[mep::vcam::AugmentedMediaStream::_ExtractAndAttachMetadata(935)] Adjusting face detection ROIs in metadata while active director is engaged 
[mep::vcam::HighResBackedAugmentedMediaStream::_PostprocessSample::<lambda_d3c53fdc90ecdbc251416b59c76eccd6>::operator ()(1951)] [Offloaded _PostprocessSample() outputSample:0000012C3DD93D20] 
[mep::vcam::AugmentedMediaStream::_ProcessSample(465)] [stream:2, inputSample:0000012C3DD92CE0, sampleTime:7535019307] PC scenario: 65536 | EnableAiEffects=1 | IsOccluded=0 | isAwaitingPreBake=0 | isPerfMitigated=0 
[mep::vcam::AugmentedMediaStream::_ExtractAndAttachMetadata(921)] PC ActiveDirector Metadata: L=0.000000 | top=0.000000 | width=2560.000000 | height=1440.000000 
[mep::vcam::AugmentedMediaStream::_ExtractAndAttachMetadata(935)] Adjusting face detection ROIs in metadata while active director is engaged 
[mep::vcam::HighResBackedAugmentedMediaStream::_PostprocessSample::<lambda_d3c53fdc90ecdbc251416b59c76eccd6>::operator ()(1951)] [Offloaded _PostprocessSample() outputSample:0000012C2793D470] 
DM_PRE n=8 conv=0000012c271f34a0 out=0000012c30ee4cf8 bounds=0000012c2bdb4518 pred=3f800000 flag=00000000
DM_COMPACT_PRE
0000012c`30ee4cf8  00000000`38dfa10e 00000000`4fe60012
0000012c`30ee4d08  00000000`4fe60012 00000000`38dfa10e
0000012c`30ee4d18  00000000`38dfa10e 00000000`38dfa10e
0000012c`30ee4d28  00000000`38dfa10e
DM_POST n=8 conv=0000012c271f34a0 out=0000012c30ee4cf8 pred=3f800000
DM_COMPACT_POST
0000012c`30ee4cf8  00000000`38dfa10e 00000000`4fe60012
0000012c`30ee4d08  00000000`4fe60012 00000000`38dfa10e
0000012c`30ee4d18  00000000`38dfa10e 00000000`38dfa10e
0000012c`30ee4d28  00000000`38dfa10e
DM_REQUEST n=9 frame=16430 out=0000012c30ee4cf8 capflag=0
[mep::vcam::AugmentedMediaStream::_ProcessSample(465)] [stream:2, inputSample:0000012C3DD943A0, sampleTime:7535352592] PC scenario: 65536 | EnableAiEffects=1 | IsOccluded=0 | isAwaitingPreBake=0 | isPerfMitigated=0 
[mep::vcam::AugmentedMediaStream::_ExtractAndAttachMetadata(921)] PC ActiveDirector Metadata: L=0.000000 | top=0.000000 | width=2560.000000 | height=1440.000000 
[mep::vcam::AugmentedMediaStream::_ExtractAndAttachMetadata(935)] Adjusting face detection ROIs in metadata while active director is engaged 
[mep::vcam::HighResBackedAugmentedMediaStream::_PostprocessSample::<lambda_d3c53fdc90ecdbc251416b59c76eccd6>::operator ()(1951)] [Offloaded _PostprocessSample() outputSample:0000012C3DD93D20] 
[mep::vcam::AugmentedMediaStream::_ProcessSample(465)] [stream:2, inputSample:0000012C3DD92CE0, sampleTime:7535685878] PC scenario: 65536 | EnableAiEffects=1 | IsOccluded=0 | isAwaitingPreBake=0 | isPerfMitigated=0 
[mep::vcam::AugmentedMediaStream::_ExtractAndAttachMetadata(921)] PC ActiveDirector Metadata: L=0.000000 | top=0.000000 | width=2560.000000 | height=1440.000000 
[mep::vcam::AugmentedMediaStream::_ExtractAndAttachMetadata(935)] Adjusting face detection ROIs in metadata while active director is engaged 
onecoreuap\drivers\mobilepc\sensors\convergence\api\native\v2\simpledeviceorientationsensor.cpp(650)\SensorsNativeApi.V2.dll!00007FF8CCFD45F0: (caller: 00007FF8CCFD2E48) Exception(551) tid(2a44) 80070057 The parameter is incorrect.
(1138.2a44): C++ EH exception - code e06d7363 (first chance)
(1138.2a44): C++ EH exception - code e06d7363 (first chance)
[mep::vcam::HighResBackedAugmentedMediaStream::_PostprocessSample::<lambda_d3c53fdc90ecdbc251416b59c76eccd6>::operator ()(1951)] [Offloaded _PostprocessSample() outputSample:0000012C2793D470] 
DM_PRE n=9 conv=0000012c271f34a0 out=0000012c30ee4cf8 bounds=0000012c2bdb4518 pred=3f800000 flag=00000000
DM_COMPACT_PRE
0000012c`30ee4cf8  00000000`38dfa10e 00000000`4fe60012
0000012c`30ee4d08  00000000`4fe60012 00000000`38dfa10e
0000012c`30ee4d18  00000000`38dfa10e 00000000`38dfa10e
0000012c`30ee4d28  00000000`38dfa10e
DM_POST n=9 conv=0000012c271f34a0 out=0000012c30ee4cf8 pred=3f800000
DM_COMPACT_POST
0000012c`30ee4cf8  00000000`38dfa10e 00000000`4fe60012
0000012c`30ee4d08  00000000`4fe60012 00000000`38dfa10e
0000012c`30ee4d18  00000000`38dfa10e 00000000`38dfa10e
0000012c`30ee4d28  00000000`38dfa10e
DM_REQUEST n=10 frame=16432 out=0000012c30ee4cf8 capflag=0
[mep::vcam::AugmentedMediaStream::_ProcessSample(465)] [stream:2, inputSample:0000012C3DD943A0, sampleTime:7536019164] PC scenario: 65536 | EnableAiEffects=1 | IsOccluded=0 | isAwaitingPreBake=0 | isPerfMitigated=0 
[mep::vcam::AugmentedMediaStream::_ExtractAndAttachMetadata(921)] PC ActiveDirector Metadata: L=0.000000 | top=0.000000 | width=2560.000000 | height=1440.000000 
[mep::vcam::AugmentedMediaStream::_ExtractAndAttachMetadata(935)] Adjusting face detection ROIs in metadata while active director is engaged 
[mep::vcam::HighResBackedAugmentedMediaStream::_PostprocessSample::<lambda_d3c53fdc90ecdbc251416b59c76eccd6>::operator ()(1951)] [Offloaded _PostprocessSample() outputSample:0000012C3DD93D20] 
[mep::vcam::AugmentedMediaStream::_ProcessSample(465)] [stream:2, inputSample:0000012C3DD92CE0, sampleTime:7536352451] PC scenario: 65536 | EnableAiEffects=1 | IsOccluded=0 | isAwaitingPreBake=0 | isPerfMitigated=0 
[mep::vcam::AugmentedMediaStream::_ExtractAndAttachMetadata(921)] PC ActiveDirector Metadata: L=0.000000 | top=0.000000 | width=2560.000000 | height=1440.000000 
[mep::vcam::AugmentedMediaStream::_ExtractAndAttachMetadata(935)] Adjusting face detection ROIs in metadata while active director is engaged 
[mep::vcam::HighResBackedAugmentedMediaStream::_PostprocessSample::<lambda_d3c53fdc90ecdbc251416b59c76eccd6>::operator ()(1951)] [Offloaded _PostprocessSample() outputSample:0000012C2793D470] 
DM_PRE n=10 conv=0000012c271f34a0 out=0000012c30ee4cf8 bounds=0000012c2bdb4518 pred=3f800000 flag=00000000
DM_COMPACT_PRE
0000012c`30ee4cf8  00000000`38dfa10e 00000000`4fe60012
0000012c`30ee4d08  00000000`4fe60012 00000000`38dfa10e
0000012c`30ee4d18  00000000`38dfa10e 00000000`38dfa10e
0000012c`30ee4d28  00000000`38dfa10e
DM_POST n=10 conv=0000012c271f34a0 out=0000012c30ee4cf8 pred=3f800000
DM_COMPACT_POST
0000012c`30ee4cf8  00000000`38dfa10e 00000000`4fe60012
0000012c`30ee4d08  00000000`4fe60012 00000000`38dfa10e
0000012c`30ee4d18  00000000`38dfa10e 00000000`38dfa10e
0000012c`30ee4d28  00000000`38dfa10e
DM_REQUEST n=11 frame=16434 out=0000012c30ee4cf8 capflag=0
[mep::vcam::AugmentedMediaStream::_ProcessSample(465)] [stream:2, inputSample:0000012C3DD943A0, sampleTime:7536685735] PC scenario: 65536 | EnableAiEffects=1 | IsOccluded=0 | isAwaitingPreBake=0 | isPerfMitigated=0 
[mep::vcam::AugmentedMediaStream::_ExtractAndAttachMetadata(921)] PC ActiveDirector Metadata: L=0.000000 | top=0.000000 | width=2560.000000 | height=1440.000000 
[mep::vcam::AugmentedMediaStream::_ExtractAndAttachMetadata(935)] Adjusting face detection ROIs in metadata while active director is engaged 
[mep::vcam::HighResBackedAugmentedMediaStream::_PostprocessSample::<lambda_d3c53fdc90ecdbc251416b59c76eccd6>::operator ()(1951)] [Offloaded _PostprocessSample() outputSample:0000012C3DD93D20] 
[mep::vcam::AugmentedMediaStream::_ProcessSample(465)] [stream:2, inputSample:0000012C3DD92CE0, sampleTime:7537019023] PC scenario: 65536 | EnableAiEffects=1 | IsOccluded=0 | isAwaitingPreBake=0 | isPerfMitigated=0 
[mep::vcam::AugmentedMediaStream::_ExtractAndAttachMetadata(921)] PC ActiveDirector Metadata: L=0.000000 | top=0.000000 | width=2560.000000 | height=1440.000000 
[mep::vcam::AugmentedMediaStream::_ExtractAndAttachMetadata(935)] Adjusting face detection ROIs in metadata while active director is engaged 
[mep::vcam::HighResBackedAugmentedMediaStream::_PostprocessSample::<lambda_d3c53fdc90ecdbc251416b59c76eccd6>::operator ()(1951)] [Offloaded _PostprocessSample() outputSample:0000012C2793D470] 
DM_PRE n=11 conv=0000012c271f34a0 out=0000012c30ee4cf8 bounds=0000012c2bdb4518 pred=3f800000 flag=00000000
DM_COMPACT_PRE
0000012c`30ee4cf8  00000000`38dfa10e 00000000`4fe60012
0000012c`30ee4d08  00000000`4fe60012 00000000`38dfa10e
0000012c`30ee4d18  00000000`38dfa10e 00000000`38dfa10e
0000012c`30ee4d28  00000000`38dfa10e
DM_POST n=11 conv=0000012c271f34a0 out=0000012c30ee4cf8 pred=3f800000
DM_COMPACT_POST
0000012c`30ee4cf8  00000000`38dfa10e 00000000`4fe60012
0000012c`30ee4d08  00000000`4fe60012 00000000`38dfa10e
0000012c`30ee4d18  00000000`38dfa10e 00000000`38dfa10e
0000012c`30ee4d28  00000000`38dfa10e
DM_REQUEST n=12 frame=16436 out=0000012c30ee4cf8 capflag=0
DM_CAPTURE_COMPLETE caps=12 requests=12
Closing open log file C:\Users\Geoca\Documents\E004EG-STATIC-FULLLIGHT-DM-oracle.log
