Opened log file 'C:\Users\Geoca\Documents\E004EG-STATIC-SCENEANALYZER-SETTER.log'
E004EG_SCENEANALYZER_SETTER_ATTACHED
E004EG_SET hit=0 id=200 bits0=00000000 bits1=00000000 lr=7c08fff92cc55adc
E004EG_SET hit=1 id=203 bits0=00000000 bits1=00000000 lr=7c08fff92cc55adc
E004EG_SET hit=2 id=6 bits0=00000000 bits1=00000000 lr=f456fff92cc564d8
E004EG_SET hit=3 id=16 bits0=00000000 bits1=00000000 lr=f456fff92cc564d8
E004EG_SET hit=4 id=21 bits0=00000000 bits1=00000000 lr=f456fff92cc564d8
E004EG_SET hit=5 id=27 bits0=00000000 bits1=00000000 lr=f456fff92cc564d8
E004EG_SET hit=6 id=36 bits0=00000000 bits1=00000000 lr=f456fff92cc564d8
E004EG_SET hit=7 id=47 bits0=00000000 bits1=00000000 lr=f456fff92cc564d8
E004EG_SET hit=8 id=58 bits0=00000000 bits1=00000000 lr=f456fff92cc564d8
E004EG_SET hit=9 id=63 bits0=00000000 bits1=00000000 lr=f456fff92cc564d8
E004EG_SET hit=10 id=217 bits0=00000000 bits1=00000000 lr=f456fff92cc564d8
E004EG_SET hit=11 id=92 bits0=00000000 bits1=00000000 lr=f456fff92cc564d8
E004EG_SET hit=12 id=100 bits0=00000000 bits1=00000000 lr=f456fff92cc564d8
E004EG_SET hit=13 id=105 bits0=00000000 bits1=00000000 lr=f456fff92cc564d8
E004EG_SET hit=14 id=137 bits0=00000000 bits1=00000000 lr=f456fff92cc564d8
E004EG_SET hit=15 id=148 bits0=00000000 bits1=00000000 lr=f456fff92cc564d8
E004EG_SET hit=16 id=182 bits0=00000000 bits1=00000000 lr=f456fff92cc564d8
E004EG_SET hit=17 id=188 bits0=00000000 bits1=00000000 lr=f456fff92cc564d8
E004EG_SET hit=18 id=227 bits0=00000000 bits1=00000000 lr=f456fff92cc564d8
E004EG_SET hit=19 id=1 bits0=42358f27 bits1=42358f27 lr=28517ff92cc6fe2c
E004EG_SET hit=20 id=2 bits0=42480000 bits1=42480000 lr=13287ff92cc71508
E004EG_SET hit=21 id=3 bits0=3f8d0038 bits1=3f8d0038 lr=a23dfff92cc564d8
E004EG_SET hit=22 id=4 bits0=42358f27 bits1=42358f27 lr=ca75fff92cc6fe2c
E004EG_SET hit=23 id=5 bits0=423c644e bits1=423c644e lr=d4437ff92cc71508
E004EG_SET hit=24 id=6 bits0=3a83126f bits1=3a83126f lr=ca75fff92cc6fe2c
E004EG_SET hit=25 id=7 bits0=3f84d129 bits1=3f84d129 lr=3d7cfff92cc564d8
E004EG_SET hit=26 id=14 bits0=42c5da18 bits1=42c5da18 lr=ca75fff92cc6fe2c
E004EG_SET hit=27 id=15 bits0=00000000 bits1=4325bc13 lr=d4437ff92cc71508
E004EG_SET hit=28 id=16 bits0=3ecccccd bits1=3ecccccd lr=ca75fff92cc6fe2c
E004EG_SET hit=29 id=17 bits0=3fceaa85 bits1=3fceaa85 lr=3d7cfff92cc564d8
E004EG_SET hit=30 id=18 bits0=00000000 bits1=3fd6ecce lr=3d7cfff92cc564d8
E004EG_SET hit=31 id=18 bits0=00000000 bits1=3fd671ca lr=3d7cfff92cc564d8
E004EG_SET hit=32 id=19 bits0=41653a66 bits1=41653a66 lr=ca75fff92cc6fe2c
E004EG_SET hit=33 id=20 bits0=40832273 bits1=43800000 lr=d4437ff92cc71508
E004EG_SET hit=34 id=21 bits0=3f4ccccd bits1=3f4ccccd lr=ca75fff92cc6fe2c
E004EG_SET hit=35 id=22 bits0=3e8d2374 bits1=3e8d2374 lr=3d7cfff92cc564d8
E004EG_SET hit=36 id=23 bits0=4189c3c9 bits1=4189c3c9 lr=3d7cfff92cc564d8
E004EG_SET hit=37 id=24 bits0=3e92732e bits1=418fa728 lr=3d7cfff92cc564d8
E004EG_SET hit=38 id=24 bits0=3e92732e bits1=418ef304 lr=3d7cfff92cc564d8
E004EG_SET hit=39 id=25 bits0=4227350a bits1=4227350a lr=ca75fff92cc6fe2c
E004EG_SET hit=40 id=26 bits0=426cb6d6 bits1=426cb6d6 lr=d4437ff92cc71508
E004EG_SET hit=41 id=27 bits0=3a83126f bits1=3a83126f lr=ca75fff92cc6fe2c
E004EG_SET hit=42 id=30 bits0=3fb53576 bits1=3fb53576 lr=3d7cfff92cc564d8
E004EG_SET hit=43 id=31 bits0=3fecc0a1 bits1=3fecc0a1 lr=3d7cfff92cc564d8
E004EG_SET hit=44 id=32 bits0=3fb53576 bits1=3fb53576 lr=3d7cfff92cc564d8
E004EG_SET hit=45 id=33 bits0=3faea300 bits1=3faea300 lr=3d7cfff92cc564d8
E004EG_SET hit=46 id=199 bits0=3eba8c00 bits1=3eba8c00 lr=3d7cfff92cc564d8
E004EG_SET hit=47 id=199 bits0=3eba8c00 bits1=3eba8c00 lr=3d7cfff92cc564d8
E004EG_SET hit=48 id=29 bits0=00000000 bits1=00000000 lr=3d7cfff92cc564d8
E004EG_SET hit=49 id=199 bits0=3f800000 bits1=3f800000 lr=3d7cfff92cc564d8
E004EG_SET hit=50 id=33 bits0=3f800000 bits1=3f800000 lr=3d7cfff92cc564d8
E004EG_SET hit=51 id=28 bits0=3f81ea1c bits1=43800000 lr=3d7cfff92cc564d8
E004EG_SET hit=52 id=28 bits0=3f81ea1c bits1=43800000 lr=3d7cfff92cc564d8
E004EG_SET hit=53 id=198 bits0=3c36ffad bits1=3c36ffad lr=3d7cfff92cc564d8
E004EG_SET hit=54 id=198 bits0=3c36ffad bits1=3c36ffad lr=3d7cfff92cc564d8
E004EG_SET hit=55 id=181 bits0=3c36ffad bits1=3c36ffad lr=3d7cfff92cc564d8
E004EG_SET hit=56 id=176 bits0=3f800000 bits1=3f800000 lr=3d7cfff92cc564d8
E004EG_SET hit=57 id=177 bits0=3f800000 bits1=3f800000 lr=3d7cfff92cc564d8
E004EG_SET hit=58 id=178 bits0=3f800000 bits1=3f800000 lr=3d7cfff92cc564d8
E004EG_SET hit=59 id=179 bits0=3f800000 bits1=3f800000 lr=3d7cfff92cc564d8
E004EG_SET hit=60 id=180 bits0=423c644e bits1=423c644e lr=3d7cfff92cc564d8
E004EG_SET hit=61 id=184 bits0=42358f27 bits1=42358f27 lr=ca75fff92cc6fe2c
E004EG_SET hit=62 id=183 bits0=423c644e bits1=423c644e lr=d4437ff92cc71508
E004EG_SET hit=63 id=182 bits0=00000000 bits1=00000000 lr=ca75fff92cc6fe2c
E004EG_SET hit=64 id=185 bits0=3f84d129 bits1=3f84d129 lr=3d7cfff92cc564d8
E004EG_SET hit=65 id=56 bits0=42d33561 bits1=42d33561 lr=ca75fff92cc6fe2c
E004EG_SET hit=66 id=57 bits0=00000000 bits1=4313de09 lr=d4437ff92cc71508
E004EG_SET hit=67 id=58 bits0=3f4ccccd bits1=3f4ccccd lr=ca75fff92cc6fe2c
E004EG_SET hit=68 id=60 bits0=3facb9c8 bits1=3facb9c8 lr=3d7cfff92cc564d8
E004EG_SET hit=69 id=71 bits0=4f0fd423 bits1=4f0fd423 lr=3d7cfff92cc564d8
E004EG_SET hit=70 id=59 bits0=00000000 bits1=3fb4120f lr=3d7cfff92cc564d8
E004EG_SET hit=71 id=59 bits0=00000000 bits1=3fb33a0f lr=3d7cfff92cc564d8
E004EG_SET hit=72 id=61 bits0=414c5966 bits1=414c5966 lr=ca75fff92cc6fe2c
E004EG_SET hit=73 id=62 bits0=40e00000 bits1=43800000 lr=d4437ff92cc71508
E004EG_SET hit=74 id=63 bits0=00000000 bits1=00000000 lr=ca75fff92cc6fe2c
E004EG_SET hit=75 id=64 bits0=3f073858 bits1=3f073858 lr=3d7cfff92cc564d8
E004EG_SET hit=76 id=72 bits0=4e61320b bits1=4e61320b lr=3d7cfff92cc564d8
E004EG_SET hit=77 id=73 bits0=3ec86988 bits1=3ec86988 lr=3d7cfff92cc564d8
E004EG_SET hit=78 id=65 bits0=3f0c4eb5 bits1=43800000 lr=3d7cfff92cc564d8
E004EG_SET hit=79 id=65 bits0=3f0c4eb5 bits1=43800000 lr=3d7cfff92cc564d8
E004EG_SET hit=80 id=200 bits0=c0400000 bits1=c0400000 lr=3d7cfff92cc564d8
E004EG_SET hit=81 id=200 bits0=00000000 bits1=00000000 lr=3d7cfff92cc564d8
E004EG_SET hit=82 id=200 bits0=00000000 bits1=00000000 lr=3d7cfff92cc564d8
E004EG_SET hit=83 id=201 bits0=43660000 bits1=43660000 lr=3d7cfff92cc564d8
E004EG_SET hit=84 id=202 bits0=bf800000 bits1=bf800000 lr=3d7cfff92cc564d8
E004EG_SET hit=85 id=203 bits0=4f091737 bits1=4f091737 lr=3d7cfff92cc564d8
E004EG_SET hit=86 id=203 bits0=3fa00000 bits1=3fa00000 lr=3d7cfff92cc564d8
E004EG_SET hit=87 id=225 bits0=42702aa8 bits1=42702aa8 lr=3d7cfff92cc564d8
E004EG_SET hit=88 id=226 bits0=423c644e bits1=423c644e lr=d4437ff92cc71508
E004EG_SET hit=89 id=227 bits0=00000000 bits1=00000000 lr=ca75fff92cc6fe2c
E004EG_SET hit=90 id=228 bits0=3f41875d bits1=3f41875d lr=3d7cfff92cc564d8
E004EG_SET hit=91 id=229 bits0=00000000 bits1=3f70f1e8 lr=3d7cfff92cc564d8
E004EG_SET hit=92 id=229 bits0=00000000 bits1=3f70f967 lr=3d7cfff92cc564d8
E004EG_SET hit=93 id=281 bits0=00000000 bits1=00000000 lr=3d7cfff92cc564d8
E004EG_SET hit=94 id=282 bits0=00000000 bits1=00000000 lr=3d7cfff92cc564d8
E004EG_SET hit=95 id=283 bits0=3f800000 bits1=3f800000 lr=3d7cfff92cc564d8
E004EG_SET hit=96 id=284 bits0=00000000 bits1=00000000 lr=3d7cfff92cc564d8
E004EG_SET hit=97 id=281 bits0=3f800000 bits1=3f800000 lr=3d7cfff92cc564d8
E004EG_SET hit=98 id=282 bits0=3f800000 bits1=3f800000 lr=3d7cfff92cc564d8
E004EG_SET hit=99 id=283 bits0=3f800000 bits1=3f800000 lr=3d7cfff92cc564d8
E004EG_SET hit=100 id=285 bits0=3f800000 bits1=3f800000 lr=3d7cfff92cc564d8
E004EG_SET hit=101 id=281 bits0=00000000 bits1=00000000 lr=3d7cfff92cc564d8
E004EG_SET hit=102 id=282 bits0=00000000 bits1=00000000 lr=3d7cfff92cc564d8
E004EG_SET hit=103 id=283 bits0=3f800000 bits1=3f800000 lr=3d7cfff92cc564d8
E004EG_SET hit=104 id=286 bits0=00000000 bits1=00000000 lr=3d7cfff92cc564d8
E004EG_SET hit=105 id=281 bits0=00000000 bits1=00000000 lr=3d7cfff92cc564d8
E004EG_SET hit=106 id=282 bits0=00000000 bits1=00000000 lr=3d7cfff92cc564d8
E004EG_SET hit=107 id=283 bits0=00000000 bits1=00000000 lr=3d7cfff92cc564d8
E004EG_SET hit=108 id=287 bits0=00000000 bits1=00000000 lr=3d7cfff92cc564d8
E004EG_SET hit=109 id=288 bits0=40800000 bits1=40800000 lr=3d7cfff92cc564d8
E004EG_SET hit=110 id=289 bits0=404ccccd bits1=00000000 lr=3d7cfff92cc564d8
E004EG_SET hit=111 id=8 bits0=3f84d129 bits1=3f84d129 lr=d4437ff92cc71508
E004EG_SET hit=112 id=70 bits0=4ed52bd0 bits1=4ed52bd0 lr=3d7cfff92cc564d8
E004EG_SET hit=113 id=123 bits0=3f800000 bits1=3f800000 lr=3d7cfff92cc564d8
E004EG_SET hit=114 id=9 bits0=3f84d129 bits1=3f84d129 lr=3d7cfff92cc564d8
E004EG_SET hit=115 id=10 bits0=3f84d129 bits1=3f84d129 lr=d4437ff92cc71508
E004EG_SET hit=116 id=66 bits0=3f800000 bits1=3f800000 lr=3d7cfff92cc564d8
E004EG_SET hit=117 id=67 bits0=3f800000 bits1=3f800000 lr=3d7cfff92cc564d8
E004EG_SET hit=118 id=124 bits0=3f800000 bits1=3f800000 lr=3d7cfff92cc564d8
E004EG_SET hit=119 id=11 bits0=3f84d129 bits1=3f84d129 lr=3d7cfff92cc564d8
E004EG_SET hit=120 id=157 bits0=41000000 bits1=41000000 lr=3d7cfff92cc564d8
E004EG_SET hit=121 id=12 bits0=3f84d129 bits1=3f84d129 lr=d4437ff92cc71508
E004EG_SET hit=122 id=68 bits0=3f800000 bits1=3f800000 lr=3d7cfff92cc564d8
E004EG_SET hit=123 id=69 bits0=3f800000 bits1=3f800000 lr=3d7cfff92cc564d8
E004EG_SET hit=124 id=125 bits0=3f800000 bits1=3f800000 lr=3d7cfff92cc564d8
E004EG_SET hit=125 id=13 bits0=3f84d129 bits1=3f84d129 lr=3d7cfff92cc564d8
E004EG_SET hit=126 id=200 bits0=00000000 bits1=00000000 lr=d358fff92cc55adc
E004EG_SET hit=127 id=203 bits0=00000000 bits1=00000000 lr=d358fff92cc55adc
E004EG_SET hit=128 id=6 bits0=00000000 bits1=00000000 lr=8a78fff92cc564d8
E004EG_SET hit=129 id=16 bits0=00000000 bits1=00000000 lr=8a78fff92cc564d8
E004EG_SET hit=130 id=21 bits0=00000000 bits1=00000000 lr=8a78fff92cc564d8
E004EG_SET hit=131 id=27 bits0=00000000 bits1=00000000 lr=8a78fff92cc564d8
E004EG_SET hit=132 id=36 bits0=00000000 bits1=00000000 lr=8a78fff92cc564d8
E004EG_SET hit=133 id=47 bits0=00000000 bits1=00000000 lr=8a78fff92cc564d8
E004EG_SET hit=134 id=58 bits0=00000000 bits1=00000000 lr=8a78fff92cc564d8
E004EG_SET hit=135 id=63 bits0=00000000 bits1=00000000 lr=8a78fff92cc564d8
E004EG_SET hit=136 id=217 bits0=00000000 bits1=00000000 lr=8a78fff92cc564d8
E004EG_SET hit=137 id=92 bits0=00000000 bits1=00000000 lr=8a78fff92cc564d8
E004EG_SET hit=138 id=100 bits0=00000000 bits1=00000000 lr=8a78fff92cc564d8
E004EG_SET hit=139 id=105 bits0=00000000 bits1=00000000 lr=8a78fff92cc564d8
E004EG_SET hit=140 id=137 bits0=00000000 bits1=00000000 lr=8a78fff92cc564d8
E004EG_SET hit=141 id=148 bits0=00000000 bits1=00000000 lr=8a78fff92cc564d8
E004EG_SET hit=142 id=182 bits0=00000000 bits1=00000000 lr=8a78fff92cc564d8
E004EG_SET hit=143 id=188 bits0=00000000 bits1=00000000 lr=8a78fff92cc564d8
E004EG_SET hit=144 id=227 bits0=00000000 bits1=00000000 lr=8a78fff92cc564d8
E004EG_SET hit=145 id=1 bits0=42355a3d bits1=42355a3d lr=b5387ff92cc6fe2c
E004EG_SET hit=146 id=2 bits0=42480000 bits1=42480000 lr=1c14fff92cc71508
E004EG_SET hit=147 id=3 bits0=3f8d295c bits1=3f8d295c lr=b83cfff92cc564d8
E004EG_SET hit=148 id=4 bits0=42355a3d bits1=42355a3d lr=d62f7ff92cc6fe2c
E004EG_SET hit=149 id=5 bits0=423c605c bits1=423c605c lr=4543fff92cc71508
E004EG_SET hit=150 id=6 bits0=3a83126f bits1=3a83126f lr=d62f7ff92cc6fe2c
E004EG_SET hit=151 id=7 bits0=3f84f521 bits1=3f84f521 lr=0a42fff92cc564d8
E004EG_SET hit=152 id=14 bits0=42c5915e bits1=42c5915e lr=d62f7ff92cc6fe2c
E004EG_SET hit=153 id=15 bits0=00000000 bits1=4325b4ad lr=4543fff92cc71508
E004EG_SET hit=154 id=16 bits0=3eccccce bits1=3eccccce lr=d62f7ff92cc6fe2c
E004EG_SET hit=155 id=17 bits0=3fceb561 bits1=3fceb561 lr=0a42fff92cc564d8
E004EG_SET hit=156 id=18 bits0=00000000 bits1=3fd671ca lr=0a42fff92cc564d8
E004EG_SET hit=157 id=18 bits0=00000000 bits1=3fd6b6bd lr=0a42fff92cc564d8
E004EG_SET hit=158 id=19 bits0=41652382 bits1=41652382 lr=d62f7ff92cc6fe2c
E004EG_SET hit=159 id=20 bits0=408302e0 bits1=43800000 lr=4543fff92cc71508
E004EG_SET hit=160 id=21 bits0=3f4ccccd bits1=3f4ccccd lr=d62f7ff92cc6fe2c
E004EG_SET hit=161 id=22 bits0=3e8ce965 bits1=3e8ce965 lr=0a42fff92cc564d8
E004EG_SET hit=162 id=23 bits0=4189ac44 bits1=4189ac44 lr=0a42fff92cc564d8
E004EG_SET hit=163 id=24 bits0=3e925e8b bits1=418ef304 lr=0a42fff92cc564d8
E004EG_SET hit=164 id=24 bits0=3e925e8b bits1=418f0149 lr=0a42fff92cc564d8
E004EG_SET hit=165 id=25 bits0=42270a7d bits1=42270a7d lr=d62f7ff92cc6fe2c
E004EG_SET hit=166 id=26 bits0=426ca592 bits1=426ca592 lr=4543fff92cc71508
E004EG_SET hit=167 id=27 bits0=3a83126f bits1=3a83126f lr=d62f7ff92cc6fe2c
E004EG_SET hit=168 id=30 bits0=3fb55664 bits1=3fb55664 lr=0a42fff92cc564d8
E004EG_SET hit=169 id=31 bits0=3fed21c2 bits1=3fed21c2 lr=0a42fff92cc564d8
E004EG_SET hit=170 id=32 bits0=3fb55664 bits1=3fb55664 lr=0a42fff92cc564d8
E004EG_SET hit=171 id=33 bits0=3fae9375 bits1=3fae9375 lr=0a42fff92cc564d8
E004EG_SET hit=172 id=199 bits0=3eba4dd4 bits1=3eba4dd4 lr=0a42fff92cc564d8
E004EG_SET hit=173 id=199 bits0=3eba4dd4 bits1=3eba4dd4 lr=0a42fff92cc564d8
E004EG_SET hit=174 id=29 bits0=00000000 bits1=00000000 lr=0a42fff92cc564d8
E004EG_SET hit=175 id=199 bits0=3f800000 bits1=3f800000 lr=0a42fff92cc564d8
E004EG_SET hit=176 id=33 bits0=3f800000 bits1=3f800000 lr=0a42fff92cc564d8
E004EG_SET hit=177 id=28 bits0=3f820ea9 bits1=43800000 lr=0a42fff92cc564d8
E004EG_SET hit=178 id=28 bits0=3f820ea9 bits1=43800000 lr=0a42fff92cc564d8
E004EG_SET hit=179 id=198 bits0=3c539935 bits1=3c539935 lr=0a42fff92cc564d8
E004EG_SET hit=180 id=198 bits0=3c539935 bits1=3c539935 lr=0a42fff92cc564d8
E004EG_SET hit=181 id=181 bits0=3c539935 bits1=3c539935 lr=0a42fff92cc564d8
E004EG_SET hit=182 id=176 bits0=3f800000 bits1=3f800000 lr=0a42fff92cc564d8
E004EG_SET hit=183 id=177 bits0=3f800000 bits1=3f800000 lr=0a42fff92cc564d8
E004EG_SET hit=184 id=178 bits0=3f800000 bits1=3f800000 lr=0a42fff92cc564d8
E004EG_SET hit=185 id=179 bits0=3f800000 bits1=3f800000 lr=0a42fff92cc564d8
E004EG_SET hit=186 id=180 bits0=423c605c bits1=423c605c lr=0a42fff92cc564d8
E004EG_SET hit=187 id=184 bits0=42355a3d bits1=42355a3d lr=d62f7ff92cc6fe2c
E004EG_SET hit=188 id=183 bits0=423c605c bits1=423c605c lr=4543fff92cc71508
E004EG_SET hit=189 id=182 bits0=00000000 bits1=00000000 lr=d62f7ff92cc6fe2c
E004EG_SET hit=190 id=185 bits0=3f84f521 bits1=3f84f521 lr=0a42fff92cc564d8
E004EG_SET hit=191 id=56 bits0=42d2e02f bits1=42d2e02f lr=d62f7ff92cc6fe2c
E004EG_SET hit=192 id=57 bits0=00000000 bits1=4313da56 lr=4543fff92cc71508
E004EG_SET hit=193 id=58 bits0=3f4cccce bits1=3f4cccce lr=d62f7ff92cc6fe2c
E004EG_SET hit=194 id=60 bits0=3faccc71 bits1=3faccc71 lr=0a42fff92cc564d8
E004EG_SET hit=195 id=71 bits0=4f100aa4 bits1=4f100aa4 lr=0a42fff92cc564d8
E004EG_SET hit=196 id=59 bits0=00000000 bits1=3fb33a0f lr=0a42fff92cc564d8
E004EG_SET hit=197 id=59 bits0=00000000 bits1=3fb37dd0 lr=0a42fff92cc564d8
E004EG_SET hit=198 id=61 bits0=414c471c bits1=414c471c lr=d62f7ff92cc6fe2c
E004EG_SET hit=199 id=62 bits0=40e00000 bits1=43800000 lr=4543fff92cc71508
E004EG_SET hit=200 id=63 bits0=00000000 bits1=00000000 lr=d62f7ff92cc6fe2c
E004EG_SET hit=201 id=64 bits0=3f071fdb bits1=3f071fdb lr=0a42fff92cc564d8
E004EG_SET hit=202 id=72 bits0=4e614635 bits1=4e614635 lr=0a42fff92cc564d8
E004EG_SET hit=203 id=73 bits0=3ec82f9d bits1=3ec82f9d lr=0a42fff92cc564d8
E004EG_SET hit=204 id=65 bits0=3f0c5bc6 bits1=43800000 lr=0a42fff92cc564d8
E004EG_SET hit=205 id=65 bits0=3f0c5bc6 bits1=43800000 lr=0a42fff92cc564d8
E004EG_SET hit=206 id=200 bits0=c0400000 bits1=c0400000 lr=0a42fff92cc564d8
E004EG_SET hit=207 id=200 bits0=00000000 bits1=00000000 lr=0a42fff92cc564d8
E004EG_SET hit=208 id=200 bits0=00000000 bits1=00000000 lr=0a42fff92cc564d8
E004EG_SET hit=209 id=201 bits0=43660000 bits1=43660000 lr=0a42fff92cc564d8
E004EG_SET hit=210 id=202 bits0=bf800000 bits1=bf800000 lr=0a42fff92cc564d8
E004EG_SET hit=211 id=203 bits0=4f091737 bits1=4f091737 lr=0a42fff92cc564d8
E004EG_SET hit=212 id=203 bits0=3fa00000 bits1=3fa00000 lr=0a42fff92cc564d8
E004EG_SET hit=213 id=225 bits0=42702aa8 bits1=42702aa8 lr=0a42fff92cc564d8
E004EG_SET hit=214 id=226 bits0=423c605c bits1=423c605c lr=4543fff92cc71508
E004EG_SET hit=215 id=227 bits0=00000000 bits1=00000000 lr=d62f7ff92cc6fe2c
E004EG_SET hit=216 id=228 bits0=3f414ef6 bits1=3f414ef6 lr=0a42fff92cc564d8
E004EG_SET hit=217 id=229 bits0=00000000 bits1=3f70f967 lr=0a42fff92cc564d8
E004EG_SET hit=218 id=229 bits0=00000000 bits1=3f70f45b lr=0a42fff92cc564d8
E004EG_SET hit=219 id=281 bits0=00000000 bits1=00000000 lr=0a42fff92cc564d8
E004EG_SET hit=220 id=282 bits0=00000000 bits1=00000000 lr=0a42fff92cc564d8
E004EG_SET hit=221 id=283 bits0=3f800000 bits1=3f800000 lr=0a42fff92cc564d8
E004EG_SET hit=222 id=284 bits0=00000000 bits1=00000000 lr=0a42fff92cc564d8
E004EG_SET hit=223 id=281 bits0=3f800000 bits1=3f800000 lr=0a42fff92cc564d8
E004EG_SET hit=224 id=282 bits0=3f800000 bits1=3f800000 lr=0a42fff92cc564d8
E004EG_SET hit=225 id=283 bits0=3f800000 bits1=3f800000 lr=0a42fff92cc564d8
E004EG_SET hit=226 id=285 bits0=3f800000 bits1=3f800000 lr=0a42fff92cc564d8
E004EG_SET hit=227 id=281 bits0=00000000 bits1=00000000 lr=0a42fff92cc564d8
E004EG_SET hit=228 id=282 bits0=00000000 bits1=00000000 lr=0a42fff92cc564d8
E004EG_SET hit=229 id=283 bits0=3f800000 bits1=3f800000 lr=0a42fff92cc564d8
E004EG_SET hit=230 id=286 bits0=00000000 bits1=00000000 lr=0a42fff92cc564d8
E004EG_SET hit=231 id=281 bits0=00000000 bits1=00000000 lr=0a42fff92cc564d8
E004EG_SET hit=232 id=282 bits0=00000000 bits1=00000000 lr=0a42fff92cc564d8
E004EG_SET hit=233 id=283 bits0=00000000 bits1=00000000 lr=0a42fff92cc564d8
E004EG_SET hit=234 id=287 bits0=00000000 bits1=00000000 lr=0a42fff92cc564d8
E004EG_SET hit=235 id=288 bits0=40800000 bits1=40800000 lr=0a42fff92cc564d8
E004EG_SET hit=236 id=289 bits0=404ccccd bits1=00000000 lr=0a42fff92cc564d8
E004EG_SET hit=237 id=8 bits0=3f84f521 bits1=3f84f521 lr=4543fff92cc71508
E004EG_SET hit=238 id=70 bits0=4ed5658b bits1=4ed5658b lr=0a42fff92cc564d8
E004EG_SET hit=239 id=123 bits0=3f800000 bits1=3f800000 lr=0a42fff92cc564d8
E004EG_SET hit=240 id=9 bits0=3f84f521 bits1=3f84f521 lr=0a42fff92cc564d8
E004EG_SET hit=241 id=10 bits0=3f84f521 bits1=3f84f521 lr=4543fff92cc71508
E004EG_SET hit=242 id=66 bits0=3f800000 bits1=3f800000 lr=0a42fff92cc564d8
E004EG_SET hit=243 id=67 bits0=3f800000 bits1=3f800000 lr=0a42fff92cc564d8
E004EG_SET hit=244 id=124 bits0=3f800000 bits1=3f800000 lr=0a42fff92cc564d8
E004EG_SET hit=245 id=11 bits0=3f84f521 bits1=3f84f521 lr=0a42fff92cc564d8
E004EG_SET hit=246 id=157 bits0=41000000 bits1=41000000 lr=0a42fff92cc564d8
E004EG_SET hit=247 id=12 bits0=3f84f521 bits1=3f84f521 lr=4543fff92cc71508
E004EG_SET hit=248 id=68 bits0=3f800000 bits1=3f800000 lr=0a42fff92cc564d8
E004EG_SET hit=249 id=69 bits0=3f800000 bits1=3f800000 lr=0a42fff92cc564d8
E004EG_SET hit=250 id=125 bits0=3f800000 bits1=3f800000 lr=0a42fff92cc564d8
E004EG_SET hit=251 id=13 bits0=3f84f521 bits1=3f84f521 lr=0a42fff92cc564d8
E004EG_SET hit=252 id=200 bits0=00000000 bits1=00000000 lr=0816fff92cc55adc
E004EG_SET hit=253 id=203 bits0=00000000 bits1=00000000 lr=0816fff92cc55adc
E004EG_SET hit=254 id=6 bits0=00000000 bits1=00000000 lr=80637ff92cc564d8
E004EG_SET hit=255 id=16 bits0=00000000 bits1=00000000 lr=80637ff92cc564d8
E004EG_SET hit=256 id=21 bits0=00000000 bits1=00000000 lr=80637ff92cc564d8
E004EG_SET hit=257 id=27 bits0=00000000 bits1=00000000 lr=80637ff92cc564d8
E004EG_SET hit=258 id=36 bits0=00000000 bits1=00000000 lr=80637ff92cc564d8
E004EG_SET hit=259 id=47 bits0=00000000 bits1=00000000 lr=80637ff92cc564d8
E004EG_SET hit=260 id=58 bits0=00000000 bits1=00000000 lr=80637ff92cc564d8
E004EG_SET hit=261 id=63 bits0=00000000 bits1=00000000 lr=80637ff92cc564d8
E004EG_SET hit=262 id=217 bits0=00000000 bits1=00000000 lr=80637ff92cc564d8
E004EG_SET hit=263 id=92 bits0=00000000 bits1=00000000 lr=80637ff92cc564d8
E004EG_SET hit=264 id=100 bits0=00000000 bits1=00000000 lr=80637ff92cc564d8
E004EG_SET hit=265 id=105 bits0=00000000 bits1=00000000 lr=80637ff92cc564d8
E004EG_SET hit=266 id=137 bits0=00000000 bits1=00000000 lr=80637ff92cc564d8
E004EG_SET hit=267 id=148 bits0=00000000 bits1=00000000 lr=80637ff92cc564d8
E004EG_SET hit=268 id=182 bits0=00000000 bits1=00000000 lr=80637ff92cc564d8
E004EG_SET hit=269 id=188 bits0=00000000 bits1=00000000 lr=80637ff92cc564d8
E004EG_SET hit=270 id=227 bits0=00000000 bits1=00000000 lr=80637ff92cc564d8
E004EG_SET hit=271 id=1 bits0=423535e6 bits1=423535e6 lr=66627ff92cc6fe2c
E004EG_SET hit=272 id=2 bits0=42480000 bits1=42480000 lr=c6007ff92cc71508
E004EG_SET hit=273 id=3 bits0=3f8d45ab bits1=3f8d45ab lr=02257ff92cc564d8
E004EG_SET hit=274 id=4 bits0=423535e6 bits1=423535e6 lr=b146fff92cc6fe2c
E004EG_SET hit=275 id=5 bits0=423c5da6 bits1=423c5da6 lr=cf67fff92cc71508
E004EG_SET hit=276 id=6 bits0=3a83126f bits1=3a83126f lr=b146fff92cc6fe2c
E004EG_SET hit=277 id=7 bits0=3f850de0 bits1=3f850de0 lr=5205fff92cc564d8
E004EG_SET hit=278 id=14 bits0=42c4b441 bits1=42c4b441 lr=b146fff92cc6fe2c
E004EG_SET hit=279 id=15 bits0=00000000 bits1=4325af96 lr=cf67fff92cc71508
E004EG_SET hit=280 id=16 bits0=3eccccce bits1=3eccccce lr=b146fff92cc6fe2c
E004EG_SET hit=281 id=17 bits0=3fcf70c0 bits1=3fcf70c0 lr=5205fff92cc564d8
E004EG_SET hit=282 id=18 bits0=00000000 bits1=3fd6b6bd lr=5205fff92cc564d8
E004EG_SET hit=283 id=18 bits0=00000000 bits1=3fd7a19d lr=5205fff92cc564d8
E004EG_SET hit=284 id=19 bits0=4164f4ad bits1=4164f4ad lr=b146fff92cc6fe2c
E004EG_SET hit=285 id=20 bits0=4082ed2d bits1=43800000 lr=cf67fff92cc71508
E004EG_SET hit=286 id=21 bits0=3f4cccce bits1=3f4cccce lr=b146fff92cc6fe2c
E004EG_SET hit=287 id=22 bits0=3e8cd4a6 bits1=3e8cd4a6 lr=5205fff92cc564d8
E004EG_SET hit=288 id=23 bits0=4189aecd bits1=4189aecd lr=5205fff92cc564d8
E004EG_SET hit=289 id=24 bits0=3e926439 bits1=418f0149 lr=5205fff92cc564d8
E004EG_SET hit=290 id=24 bits0=3e926439 bits1=418f1e91 lr=5205fff92cc564d8
E004EG_SET hit=291 id=25 bits0=4226f553 bits1=4226f553 lr=b146fff92cc6fe2c
E004EG_SET hit=292 id=26 bits0=426c99b5 bits1=426c99b5 lr=cf67fff92cc71508
E004EG_SET hit=293 id=27 bits0=3a83126f bits1=3a83126f lr=b146fff92cc6fe2c
E004EG_SET hit=294 id=30 bits0=3fb56448 bits1=3fb56448 lr=5205fff92cc564d8
E004EG_SET hit=295 id=31 bits0=3fee5c23 bits1=3fee5c23 lr=5205fff92cc564d8
E004EG_SET hit=296 id=32 bits0=3fb56448 bits1=3fb56448 lr=5205fff92cc564d8
E004EG_SET hit=297 id=33 bits0=3fae805a bits1=3fae805a lr=5205fff92cc564d8
E004EG_SET hit=298 id=199 bits0=3eba0168 bits1=3eba0168 lr=5205fff92cc564d8
E004EG_SET hit=299 id=199 bits0=3eba0168 bits1=3eba0168 lr=5205fff92cc564d8
E004EG_SET hit=300 id=29 bits0=00000000 bits1=00000000 lr=5205fff92cc564d8
E004EG_SET hit=301 id=199 bits0=3f800000 bits1=3f800000 lr=5205fff92cc564d8
E004EG_SET hit=302 id=33 bits0=3f800000 bits1=3f800000 lr=5205fff92cc564d8
E004EG_SET hit=303 id=28 bits0=3f8227ce bits1=43800000 lr=5205fff92cc564d8
E004EG_SET hit=304 id=28 bits0=3f8227ce bits1=43800000 lr=5205fff92cc564d8
E004EG_SET hit=305 id=198 bits0=3c300e5c bits1=3c300e5c lr=5205fff92cc564d8
E004EG_SET hit=306 id=198 bits0=3c300e5c bits1=3c300e5c lr=5205fff92cc564d8
E004EG_SET hit=307 id=181 bits0=3c300e5c bits1=3c300e5c lr=5205fff92cc564d8
E004EG_SET hit=308 id=176 bits0=3f800000 bits1=3f800000 lr=5205fff92cc564d8
E004EG_SET hit=309 id=177 bits0=3f800000 bits1=3f800000 lr=5205fff92cc564d8
E004EG_SET hit=310 id=178 bits0=3f800000 bits1=3f800000 lr=5205fff92cc564d8
E004EG_SET hit=311 id=179 bits0=3f800000 bits1=3f800000 lr=5205fff92cc564d8
E004EG_SET hit=312 id=180 bits0=423c5da6 bits1=423c5da6 lr=5205fff92cc564d8
E004EG_SET hit=313 id=184 bits0=423535e6 bits1=423535e6 lr=b146fff92cc6fe2c
E004EG_SET hit=314 id=183 bits0=423c5da6 bits1=423c5da6 lr=cf67fff92cc71508
E004EG_SET hit=315 id=182 bits0=00000000 bits1=00000000 lr=b146fff92cc6fe2c
E004EG_SET hit=316 id=185 bits0=3f850de0 bits1=3f850de0 lr=5205fff92cc564d8
E004EG_SET hit=317 id=56 bits0=42d1b31e bits1=42d1b31e lr=b146fff92cc6fe2c
E004EG_SET hit=318 id=57 bits0=00000000 bits1=4313d7cc lr=cf67fff92cc71508
E004EG_SET hit=319 id=58 bits0=3f4cccce bits1=3f4cccce lr=b146fff92cc6fe2c
E004EG_SET hit=320 id=60 bits0=3fada139 bits1=3fada139 lr=5205fff92cc564d8
E004EG_SET hit=321 id=71 bits0=4f10d6f4 bits1=4f10d6f4 lr=5205fff92cc564d8
E004EG_SET hit=322 id=59 bits0=00000000 bits1=3fb37dd0 lr=5205fff92cc564d8
E004EG_SET hit=323 id=59 bits0=00000000 bits1=3fb47c1d lr=5205fff92cc564d8
E004EG_SET hit=324 id=61 bits0=414c0302 bits1=414c0302 lr=b146fff92cc6fe2c
E004EG_SET hit=325 id=62 bits0=40e00000 bits1=43800000 lr=cf67fff92cc71508
E004EG_SET hit=326 id=63 bits0=00000000 bits1=00000000 lr=b146fff92cc6fe2c
E004EG_SET hit=327 id=64 bits0=3f0733cc bits1=3f0733cc lr=5205fff92cc564d8
E004EG_SET hit=328 id=72 bits0=4e619168 bits1=4e619168 lr=5205fff92cc564d8
E004EG_SET hit=329 id=73 bits0=3ec757af bits1=3ec757af lr=5205fff92cc564d8
E004EG_SET hit=330 id=65 bits0=3f0c8ab0 bits1=43800000 lr=5205fff92cc564d8
E004EG_SET hit=331 id=65 bits0=3f0c8ab0 bits1=43800000 lr=5205fff92cc564d8
E004EG_SET hit=332 id=200 bits0=c0400000 bits1=c0400000 lr=5205fff92cc564d8
E004EG_SET hit=333 id=200 bits0=00000000 bits1=00000000 lr=5205fff92cc564d8
E004EG_SET hit=334 id=200 bits0=00000000 bits1=00000000 lr=5205fff92cc564d8
E004EG_SET hit=335 id=201 bits0=43660000 bits1=43660000 lr=5205fff92cc564d8
E004EG_SET hit=336 id=202 bits0=bf800000 bits1=bf800000 lr=5205fff92cc564d8
E004EG_SET hit=337 id=203 bits0=4f091737 bits1=4f091737 lr=5205fff92cc564d8
E004EG_SET hit=338 id=203 bits0=3fa00000 bits1=3fa00000 lr=5205fff92cc564d8
E004EG_SET hit=339 id=225 bits0=42702aa8 bits1=42702aa8 lr=5205fff92cc564d8
E004EG_SET hit=340 id=226 bits0=423c5da6 bits1=423c5da6 lr=cf67fff92cc71508
E004EG_SET hit=341 id=227 bits0=00000000 bits1=00000000 lr=b146fff92cc6fe2c
E004EG_SET hit=342 id=228 bits0=3f41283b bits1=3f41283b lr=5205fff92cc564d8
E004EG_SET hit=343 id=229 bits0=00000000 bits1=3f70f45b lr=5205fff92cc564d8
E004EG_SET hit=344 id=229 bits0=00000000 bits1=3f70f0e4 lr=5205fff92cc564d8
E004EG_SET hit=345 id=281 bits0=00000000 bits1=00000000 lr=5205fff92cc564d8
E004EG_SET hit=346 id=282 bits0=00000000 bits1=00000000 lr=5205fff92cc564d8
E004EG_SET hit=347 id=283 bits0=3f800000 bits1=3f800000 lr=5205fff92cc564d8
E004EG_SET hit=348 id=284 bits0=00000000 bits1=00000000 lr=5205fff92cc564d8
E004EG_SET hit=349 id=281 bits0=3f800000 bits1=3f800000 lr=5205fff92cc564d8
E004EG_SET hit=350 id=282 bits0=3f800000 bits1=3f800000 lr=5205fff92cc564d8
E004EG_SET hit=351 id=283 bits0=3f800000 bits1=3f800000 lr=5205fff92cc564d8
E004EG_SET hit=352 id=285 bits0=3f800000 bits1=3f800000 lr=5205fff92cc564d8
E004EG_SET hit=353 id=281 bits0=00000000 bits1=00000000 lr=5205fff92cc564d8
E004EG_SET hit=354 id=282 bits0=00000000 bits1=00000000 lr=5205fff92cc564d8
E004EG_SET hit=355 id=283 bits0=3f800000 bits1=3f800000 lr=5205fff92cc564d8
E004EG_SET hit=356 id=286 bits0=00000000 bits1=00000000 lr=5205fff92cc564d8
E004EG_SET hit=357 id=281 bits0=00000000 bits1=00000000 lr=5205fff92cc564d8
E004EG_SET hit=358 id=282 bits0=00000000 bits1=00000000 lr=5205fff92cc564d8
E004EG_SET hit=359 id=283 bits0=00000000 bits1=00000000 lr=5205fff92cc564d8
E004EG_SET hit=360 id=287 bits0=00000000 bits1=00000000 lr=5205fff92cc564d8
E004EG_SET hit=361 id=288 bits0=40800000 bits1=40800000 lr=5205fff92cc564d8
E004EG_SET hit=362 id=289 bits0=404ccccd bits1=00000000 lr=5205fff92cc564d8
E004EG_SET hit=363 id=8 bits0=3f850de0 bits1=3f850de0 lr=cf67fff92cc71508
E004EG_SET hit=364 id=70 bits0=4ed58d43 bits1=4ed58d43 lr=5205fff92cc564d8
E004EG_SET hit=365 id=123 bits0=3f800000 bits1=3f800000 lr=5205fff92cc564d8
E004EG_SET hit=366 id=9 bits0=3f850de0 bits1=3f850de0 lr=5205fff92cc564d8
E004EG_SET hit=367 id=10 bits0=3f850de0 bits1=3f850de0 lr=cf67fff92cc71508
E004EG_SET hit=368 id=66 bits0=3f800000 bits1=3f800000 lr=5205fff92cc564d8
E004EG_SET hit=369 id=67 bits0=3f800000 bits1=3f800000 lr=5205fff92cc564d8
E004EG_SET hit=370 id=124 bits0=3f800000 bits1=3f800000 lr=5205fff92cc564d8
E004EG_SET hit=371 id=11 bits0=3f850de0 bits1=3f850de0 lr=5205fff92cc564d8
E004EG_SET hit=372 id=157 bits0=41000000 bits1=41000000 lr=5205fff92cc564d8
E004EG_SET hit=373 id=12 bits0=3f850de0 bits1=3f850de0 lr=cf67fff92cc71508
E004EG_SET hit=374 id=68 bits0=3f800000 bits1=3f800000 lr=5205fff92cc564d8
E004EG_SET hit=375 id=69 bits0=3f800000 bits1=3f800000 lr=5205fff92cc564d8
E004EG_SET hit=376 id=125 bits0=3f800000 bits1=3f800000 lr=5205fff92cc564d8
E004EG_SET hit=377 id=13 bits0=3f850de0 bits1=3f850de0 lr=5205fff92cc564d8
E004EG_SET hit=378 id=200 bits0=00000000 bits1=00000000 lr=0816fff92cc55adc
E004EG_SET hit=379 id=203 bits0=00000000 bits1=00000000 lr=0816fff92cc55adc
E004EG_SET hit=380 id=6 bits0=00000000 bits1=00000000 lr=80637ff92cc564d8
E004EG_SET hit=381 id=16 bits0=00000000 bits1=00000000 lr=80637ff92cc564d8
E004EG_SET hit=382 id=21 bits0=00000000 bits1=00000000 lr=80637ff92cc564d8
E004EG_SET hit=383 id=27 bits0=00000000 bits1=00000000 lr=80637ff92cc564d8
E004EG_SET hit=384 id=36 bits0=00000000 bits1=00000000 lr=80637ff92cc564d8
E004EG_SET hit=385 id=47 bits0=00000000 bits1=00000000 lr=80637ff92cc564d8
E004EG_SET hit=386 id=58 bits0=00000000 bits1=00000000 lr=80637ff92cc564d8
E004EG_SET hit=387 id=63 bits0=00000000 bits1=00000000 lr=80637ff92cc564d8
E004EG_SET hit=388 id=217 bits0=00000000 bits1=00000000 lr=80637ff92cc564d8
E004EG_SET hit=389 id=92 bits0=00000000 bits1=00000000 lr=80637ff92cc564d8
E004EG_SET hit=390 id=100 bits0=00000000 bits1=00000000 lr=80637ff92cc564d8
E004EG_SET hit=391 id=105 bits0=00000000 bits1=00000000 lr=80637ff92cc564d8
E004EG_SET hit=392 id=137 bits0=00000000 bits1=00000000 lr=80637ff92cc564d8
E004EG_SET hit=393 id=148 bits0=00000000 bits1=00000000 lr=80637ff92cc564d8
E004EG_SET hit=394 id=182 bits0=00000000 bits1=00000000 lr=80637ff92cc564d8
E004EG_SET hit=395 id=188 bits0=00000000 bits1=00000000 lr=80637ff92cc564d8
E004EG_SET hit=396 id=227 bits0=00000000 bits1=00000000 lr=80637ff92cc564d8
E004EG_SET hit=397 id=1 bits0=42358695 bits1=42358695 lr=66627ff92cc6fe2c
E004EG_SET hit=398 id=2 bits0=42480000 bits1=42480000 lr=c6007ff92cc71508
E004EG_SET hit=399 id=3 bits0=3f8d06e0 bits1=3f8d06e0 lr=02257ff92cc564d8
E004EG_SET hit=400 id=4 bits0=42358695 bits1=42358695 lr=b146fff92cc6fe2c
E004EG_SET hit=401 id=5 bits0=423c63aa bits1=423c63aa lr=cf67fff92cc71508
E004EG_SET hit=402 id=6 bits0=3a83126f bits1=3a83126f lr=b146fff92cc6fe2c
E004EG_SET hit=403 id=7 bits0=3f84d6fb bits1=3f84d6fb lr=5205fff92cc564d8
E004EG_SET hit=404 id=14 bits0=42c599c6 bits1=42c599c6 lr=b146fff92cc6fe2c
E004EG_SET hit=405 id=15 bits0=00000000 bits1=4325bae0 lr=cf67fff92cc71508
E004EG_SET hit=406 id=16 bits0=3ecccccd bits1=3ecccccd lr=b146fff92cc6fe2c
E004EG_SET hit=407 id=17 bits0=3fcee33b bits1=3fcee33b lr=5205fff92cc564d8
E004EG_SET hit=408 id=18 bits0=00000000 bits1=3fd7a19d lr=5205fff92cc564d8
E004EG_SET hit=409 id=18 bits0=00000000 bits1=3fd6b5ab lr=5205fff92cc564d8
E004EG_SET hit=410 id=19 bits0=41647073 bits1=41647073 lr=b146fff92cc6fe2c
E004EG_SET hit=411 id=20 bits0=40831d54 bits1=43800000 lr=cf67fff92cc71508
E004EG_SET hit=412 id=21 bits0=3f4cccce bits1=3f4cccce lr=b146fff92cc6fe2c
E004EG_SET hit=413 id=22 bits0=3e8d947d bits1=3e8d947d lr=5205fff92cc564d8
E004EG_SET hit=414 id=23 bits0=418a3785 bits1=418a3785 lr=5205fff92cc564d8
E004EG_SET hit=415 id=24 bits0=3e92eee9 bits1=418f1e91 lr=5205fff92cc564d8
E004EG_SET hit=416 id=24 bits0=3e92eee9 bits1=418f7167 lr=5205fff92cc564d8
E004EG_SET hit=417 id=25 bits0=42273547 bits1=42273547 lr=b146fff92cc6fe2c
E004EG_SET hit=418 id=26 bits0=426cb409 bits1=426cb409 lr=cf67fff92cc71508
E004EG_SET hit=419 id=27 bits0=3a83126f bits1=3a83126f lr=b146fff92cc6fe2c
E004EG_SET hit=420 id=30 bits0=3fb5330f bits1=3fb5330f lr=5205fff92cc564d8
E004EG_SET hit=421 id=31 bits0=3fed6a21 bits1=3fed6a21 lr=5205fff92cc564d8
E004EG_SET hit=422 id=32 bits0=3fb5330f bits1=3fb5330f lr=5205fff92cc564d8
E004EG_SET hit=423 id=33 bits0=3fae9909 bits1=3fae9909 lr=5205fff92cc564d8
E004EG_SET hit=424 id=199 bits0=3eba6424 bits1=3eba6424 lr=5205fff92cc564d8
E004EG_SET hit=425 id=199 bits0=3eba6424 bits1=3eba6424 lr=5205fff92cc564d8
E004EG_SET hit=426 id=29 bits0=00000000 bits1=00000000 lr=5205fff92cc564d8
E004EG_SET hit=427 id=199 bits0=3f800000 bits1=3f800000 lr=5205fff92cc564d8
E004EG_SET hit=428 id=33 bits0=3f800000 bits1=3f800000 lr=5205fff92cc564d8
E004EG_SET hit=429 id=28 bits0=3f81f005 bits1=43800000 lr=5205fff92cc564d8
E004EG_SET hit=430 id=28 bits0=3f81f005 bits1=43800000 lr=5205fff92cc564d8
E004EG_SET hit=431 id=198 bits0=3c27b789 bits1=3c27b789 lr=5205fff92cc564d8
E004EG_SET hit=432 id=198 bits0=3c27b789 bits1=3c27b789 lr=5205fff92cc564d8
E004EG_SET hit=433 id=181 bits0=3c27b789 bits1=3c27b789 lr=5205fff92cc564d8
E004EG_SET hit=434 id=176 bits0=3f800000 bits1=3f800000 lr=5205fff92cc564d8
E004EG_SET hit=435 id=177 bits0=3f800000 bits1=3f800000 lr=5205fff92cc564d8
E004EG_SET hit=436 id=178 bits0=3f800000 bits1=3f800000 lr=5205fff92cc564d8
E004EG_SET hit=437 id=179 bits0=3f800000 bits1=3f800000 lr=5205fff92cc564d8
E004EG_SET hit=438 id=180 bits0=423c63aa bits1=423c63aa lr=5205fff92cc564d8
E004EG_SET hit=439 id=184 bits0=42358695 bits1=42358695 lr=b146fff92cc6fe2c
E004EG_SET hit=440 id=183 bits0=423c63aa bits1=423c63aa lr=cf67fff92cc71508
E004EG_SET hit=441 id=182 bits0=00000000 bits1=00000000 lr=b146fff92cc6fe2c
E004EG_SET hit=442 id=185 bits0=3f84d6fb bits1=3f84d6fb lr=5205fff92cc564d8
E004EG_SET hit=443 id=56 bits0=42d257f5 bits1=42d257f5 lr=b146fff92cc6fe2c
E004EG_SET hit=444 id=57 bits0=00000000 bits1=4313dd70 lr=cf67fff92cc71508
E004EG_SET hit=445 id=58 bits0=3f4ccccd bits1=3f4ccccd lr=b146fff92cc6fe2c
E004EG_SET hit=446 id=60 bits0=3fad674d bits1=3fad674d lr=5205fff92cc564d8
E004EG_SET hit=447 id=71 bits0=4f106af5 bits1=4f106af5 lr=5205fff92cc564d8
E004EG_SET hit=448 id=59 bits0=00000000 bits1=3fb47c1d lr=5205fff92cc564d8
E004EG_SET hit=449 id=59 bits0=00000000 bits1=3fb3f5f8 lr=5205fff92cc564d8
E004EG_SET hit=450 id=61 bits0=414b8a8a bits1=414b8a8a lr=b146fff92cc6fe2c
E004EG_SET hit=451 id=62 bits0=40e00000 bits1=43800000 lr=cf67fff92cc71508
E004EG_SET hit=452 id=63 bits0=00000000 bits1=00000000 lr=b146fff92cc6fe2c
E004EG_SET hit=453 id=64 bits0=3f07bbd2 bits1=3f07bbd2 lr=5205fff92cc564d8
E004EG_SET hit=454 id=72 bits0=4e6216e9 bits1=4e6216e9 lr=5205fff92cc564d8
E004EG_SET hit=455 id=73 bits0=3ec86315 bits1=3ec86315 lr=5205fff92cc564d8
E004EG_SET hit=456 id=65 bits0=3f0cddd8 bits1=43800000 lr=5205fff92cc564d8
E004EG_SET hit=457 id=65 bits0=3f0cddd8 bits1=43800000 lr=5205fff92cc564d8
E004EG_SET hit=458 id=200 bits0=c0400000 bits1=c0400000 lr=5205fff92cc564d8
E004EG_SET hit=459 id=200 bits0=00000000 bits1=00000000 lr=5205fff92cc564d8
E004EG_SET hit=460 id=200 bits0=00000000 bits1=00000000 lr=5205fff92cc564d8
E004EG_SET hit=461 id=201 bits0=43660000 bits1=43660000 lr=5205fff92cc564d8
E004EG_SET hit=462 id=202 bits0=bf800000 bits1=bf800000 lr=5205fff92cc564d8
E004EG_SET hit=463 id=203 bits0=4f091737 bits1=4f091737 lr=5205fff92cc564d8
E004EG_SET hit=464 id=203 bits0=3fa00000 bits1=3fa00000 lr=5205fff92cc564d8
E004EG_SET hit=465 id=225 bits0=42702aa8 bits1=42702aa8 lr=5205fff92cc564d8
E004EG_SET hit=466 id=226 bits0=423c63aa bits1=423c63aa lr=cf67fff92cc71508
E004EG_SET hit=467 id=227 bits0=00000000 bits1=00000000 lr=b146fff92cc6fe2c
E004EG_SET hit=468 id=228 bits0=3f417e3a bits1=3f417e3a lr=5205fff92cc564d8
E004EG_SET hit=469 id=229 bits0=00000000 bits1=3f70f0e4 lr=5205fff92cc564d8
E004EG_SET hit=470 id=229 bits0=00000000 bits1=3f70f895 lr=5205fff92cc564d8
E004EG_SET hit=471 id=281 bits0=00000000 bits1=00000000 lr=5205fff92cc564d8
E004EG_SET hit=472 id=282 bits0=00000000 bits1=00000000 lr=5205fff92cc564d8
E004EG_SET hit=473 id=283 bits0=3f800000 bits1=3f800000 lr=5205fff92cc564d8
E004EG_SET hit=474 id=284 bits0=00000000 bits1=00000000 lr=5205fff92cc564d8
E004EG_SET hit=475 id=281 bits0=3f800000 bits1=3f800000 lr=5205fff92cc564d8
E004EG_SET hit=476 id=282 bits0=3f800000 bits1=3f800000 lr=5205fff92cc564d8
E004EG_SET hit=477 id=283 bits0=3f800000 bits1=3f800000 lr=5205fff92cc564d8
E004EG_SET hit=478 id=285 bits0=3f800000 bits1=3f800000 lr=5205fff92cc564d8
E004EG_SET hit=479 id=281 bits0=00000000 bits1=00000000 lr=5205fff92cc564d8
E004EG_SET hit=480 id=282 bits0=00000000 bits1=00000000 lr=5205fff92cc564d8
E004EG_SET hit=481 id=283 bits0=3f800000 bits1=3f800000 lr=5205fff92cc564d8
E004EG_SET hit=482 id=286 bits0=00000000 bits1=00000000 lr=5205fff92cc564d8
E004EG_SET hit=483 id=281 bits0=00000000 bits1=00000000 lr=5205fff92cc564d8
E004EG_SET hit=484 id=282 bits0=00000000 bits1=00000000 lr=5205fff92cc564d8
E004EG_SET hit=485 id=283 bits0=00000000 bits1=00000000 lr=5205fff92cc564d8
E004EG_SET hit=486 id=287 bits0=00000000 bits1=00000000 lr=5205fff92cc564d8
E004EG_SET hit=487 id=288 bits0=40800000 bits1=40800000 lr=5205fff92cc564d8
E004EG_SET hit=488 id=289 bits0=404ccccd bits1=00000000 lr=5205fff92cc564d8
E004EG_SET hit=489 id=8 bits0=3f84d6fb bits1=3f84d6fb lr=cf67fff92cc71508
E004EG_SET hit=490 id=70 bits0=4ed53528 bits1=4ed53528 lr=5205fff92cc564d8
E004EG_SET hit=491 id=123 bits0=3f800000 bits1=3f800000 lr=5205fff92cc564d8
E004EG_SET hit=492 id=9 bits0=3f84d6fb bits1=3f84d6fb lr=5205fff92cc564d8
E004EG_SET hit=493 id=10 bits0=3f84d6fb bits1=3f84d6fb lr=cf67fff92cc71508
E004EG_SET hit=494 id=66 bits0=3f800000 bits1=3f800000 lr=5205fff92cc564d8
E004EG_SET hit=495 id=67 bits0=3f800000 bits1=3f800000 lr=5205fff92cc564d8
E004EG_SET hit=496 id=124 bits0=3f800000 bits1=3f800000 lr=5205fff92cc564d8
E004EG_SET hit=497 id=11 bits0=3f84d6fb bits1=3f84d6fb lr=5205fff92cc564d8
E004EG_SET hit=498 id=157 bits0=41000000 bits1=41000000 lr=5205fff92cc564d8
E004EG_SET hit=499 id=12 bits0=3f84d6fb bits1=3f84d6fb lr=cf67fff92cc71508
E004EG_SCENEANALYZER_SETTER_COMPLETE
Closing open log file C:\Users\Geoca\Documents\E004EG-STATIC-SCENEANALYZER-SETTER.log
