{
  "accepted": true,
  "asset_manifest_sha256": "01407c28a0792062dba7b78a8010efd8eb9a9ef8dc6bb02e54c2c2e638d57ff2",
  "camera_register_changes": 0,
  "camnoc_observer_read_only": true,
  "camnoc_rate_hz": 300000000,
  "camss_sha256": "072aae4359a77e3eb41847cda2f34a9355bc1a9e68e8c0fd2a0a422bf4e18f05",
  "candidate_boot_armed": false,
  "candidate_boot_installed": true,
  "dtb_sha256": "019c062a718e58d0e303afbb7d454ed6674cf39a287ed453fb2cd4dd0dfdf77f",
  "head": "f2cef8e585aeb2fd5d53b4e7273eac02044e1130",
  "immediate_golden_reboot": true,
  "new_clock_rate_requests": 1,
  "runtime_authorized": false,
  "same_boot_retry_refused": true,
  "schema": "sp11-e003h-camnoc-rate-parity-0056-package-inspection-v1",
  "sensor_sha256": "a12693a18bf2e4108dd309af68da189a2ea394a734a0c6a3c1d624ac44dea3dc",
  "single_helper_enforced": true,
  "static_commit": "1f83a00ced3087cf35f8e6269026b164a07ed986"
}
