{
  "accepted": true,
  "asset_manifest_sha256": "81a9e173cc668801dcdd8282362384a2a9d330b69a60e3e705527c9daa6db70b",
  "authorization_present": false,
  "boot_id": "sp11-camera-e003h-vfecgc-0062-one-shot",
  "camera_modules_loaded": false,
  "camera_programming_delta_only_cgc_release": true,
  "candidate_boot_armed": false,
  "candidate_boot_installed": true,
  "cmdline_marker": "sp11_camera_e003h_vfecgc_0062=1",
  "consumed_0061_analysis_sha256": "71fc27098a722bd4cab785eb706af5b9a643e42bbdc1f408d3c7ef3c3825b436",
  "golden_saved_default": true,
  "mandatory_golden_reboot": true,
  "new_direct_mmio_reads": 0,
  "new_mmio_writes": 0,
  "persistent_rtcdm_observer_required": true,
  "prior_run_present": false,
  "removed_mmio_writes": 1,
  "removed_offset": "0x0c08",
  "removed_value": "0x000001ff",
  "replacement_zero_write": false,
  "retains_0060_0061_bus_telemetry": true,
  "retains_ubwc_static_0x1046": true,
  "runtime_authorized": false,
  "runtime_preflight_before_module_load": true,
  "same_boot_retry_refused": true,
  "schema": "sp11-e003h-vfe1-cgc-release-0062-package-inspection-v1",
  "single_helper_invocation_enforced": true,
  "static_commit": "322f5ac27ef05e1ead377aa3f0bdf0adbf34ca35",
  "static_inspection_sha256": "1f60a5b0f250d6eabf8b9afd80334f690a19f5369fd859129be65f41412fb310"
}
PASS: 0062 installed, Golden-safe, unarmed, CGC-release-only delta
