{
  "accepted": true,
  "asset_manifest_sha256": "dfe91e78a3b0ec8fba66ff31be77ccec10309e6a184333c32bf07f34434cb49c",
  "authorization_present": false,
  "camera_modules_byte_identical_to_0057": true,
  "camera_programming_delta": "none_vs_0057",
  "candidate_boot_armed": false,
  "candidate_boot_installed": true,
  "consumed_0057_analysis_sha256": "dadecae0345c921c9152a4d9c7451c30e6f3d71096d6cd75f3d960990948c55f",
  "external_vfe_aperture_read_only": true,
  "golden_saved_default": true,
  "mandatory_golden_reboot": true,
  "persistent_rtcdm_observer_required": true,
  "persistent_vfe_aperture_observer_required": true,
  "prior_run_present": false,
  "runtime_authorized": false,
  "same_boot_retry_refused": true,
  "schema": "sp11-e003h-vfe1-aperture-0058-package-inspection-v1",
  "single_helper_invocation_enforced": true,
  "static_commit": "d7fe3bc4b98fab0b39c6f2681459f4acf28f3a72",
  "static_inspection_sha256": "e8fda40b8f560e577c3fcbba5ef55df8c826991a1380298405956c5551732224"
}
PASS: 0058 installed, Golden-safe, unarmed, telemetry-only
