{
  "accepted": true,
  "asset_manifest_sha256": "f8022985f9c4785b32143d005ba7f11b55e6777b8453756aedbd16be446d007c",
  "base_0062r1_analysis_sha256": "e1fc64c2baa82047e4844be1af6254798f7097e22441a84e2c1b4e3615740be3",
  "camera_modules_loaded": false,
  "candidate_boot_armed": false,
  "candidate_boot_installed": true,
  "delta": {
    "bus_slot1_retarget_retained": true,
    "new_hardware_programming": false,
    "new_irq_mask_programming": false,
    "new_mmio_reads": 0,
    "new_mmio_writes": 0,
    "new_register_values": 0,
    "new_state_fields": 0,
    "poll_sleep_us": 10,
    "prime2_retained": true,
    "runner_epoch_source": "CSID1_IPP_ISR_latched_bit21",
    "timeout_us": 500000,
    "vfe_epoch_mmio_poll_removed_from_runner": true,
    "vfe_video_poll_retained": true
  },
  "dtb_unchanged_from_0062r1": true,
  "firmware_unchanged_from_0062r1": true,
  "golden_saved_default": true,
  "head": "aad8c331d78c0b994473f435c9f3f01e88ff0112",
  "helper_unchanged_from_0062r1": true,
  "mandatory_golden_reboot": true,
  "module_sha256": "686be619437c5dd476c8733daca2150bed8ba84e8729f3d85e22cae0776f2209",
  "package_commit": "aad8c331d78c0b994473f435c9f3f01e88ff0112",
  "prior_run_present": false,
  "runtime_authorized": false,
  "same_boot_retry_refused": true,
  "schema": "sp11-e003h-csid-epoch-lifecycle-bridge-0063-package-inspection-v1",
  "sensor_unchanged_from_0062r1": true,
  "single_helper_invocation_enforced": true,
  "static_inspection_sha256": "eb4efeaffb091e381c45c0945a4bcd01d3b565b0a465f8f18478c707ccf6b584"
}
